12-23 13:26:57.810   495   949 V AlarmManager: waitForAlarm result :8
12-23 13:26:57.931   495   949 V AlarmManager: waitForAlarm result :8
12-23 13:26:58.051   495   949 V AlarmManager: waitForAlarm result :8
12-23 13:26:58.171   495   949 V AlarmManager: waitForAlarm result :8
12-23 13:26:58.291   495   949 V AlarmManager: waitForAlarm result :8
12-23 13:26:58.291   495  2603 D SSRMv2:SIOP: SIOP:: AP = 420, Delta = -10
12-23 13:26:58.411   495   949 V AlarmManager: waitForAlarm result :8
12-23 13:26:58.531   495   949 V AlarmManager: waitForAlarm result :8
12-23 13:26:58.651   495   949 V AlarmManager: waitForAlarm result :8
12-23 13:26:58.772   495   949 V AlarmManager: waitForAlarm result :8
12-23 13:26:58.842  1015  1015 D STATUSBAR-NetworkController: onSignalStrengthsChanged signalStrength=SignalStrength: 99 99 -89 -60 -120 -1 -1 18 -107 -15 -8 -1 2147483647 gsm|lte 0x2030 level=2
12-23 13:26:58.842  1015  1015 D STATUSBAR-NetworkController: updateRomaingNotification DataRoaming:false mDataRoamingTypeForVZW : 0
12-23 13:26:58.892   495   949 V AlarmManager: waitForAlarm result :8
12-23 13:26:59.012   495   949 V AlarmManager: waitForAlarm result :8
12-23 13:26:59.132   495   949 V AlarmManager: waitForAlarm result :8
12-23 13:26:59.252   495   949 V AlarmManager: waitForAlarm result :8
12-23 13:26:59.372   495   949 V AlarmManager: waitForAlarm result :8
12-23 13:26:59.492   495   949 V AlarmManager: waitForAlarm result :8
12-23 13:26:59.492  1015  1015 D STATUSBAR-NetworkController: updateRomaingNotification DataRoaming:false mDataRoamingTypeForVZW : 0
12-23 13:26:59.492  1015  1015 D STATUSBAR-NetworkController: refreshSignalCluster - setNWBoosterIndicators(false)
12-23 13:26:59.492  1015  1015 D STATUSBAR-NetworkController: refreshSignalCluster: data=0 bt=false
12-23 13:26:59.512  1015  1015 D STATUSBAR-IconMerger: checkOverflow(240), More:false, Req:false Child:2
12-23 13:26:59.612   495   949 V AlarmManager: waitForAlarm result :8
12-23 13:26:59.733   495   949 V AlarmManager: waitForAlarm result :8
12-23 13:26:59.853   495   949 V AlarmManager: waitForAlarm result :8
12-23 13:26:59.973   495   949 V AlarmManager: waitForAlarm result :8
12-23 13:26:59.993   495   949 V AlarmManager: waitForAlarm result :8
12-23 13:27:00.033  1622  1622 D KeyguardClockWidgetService: onReceive action=android.intent.action.TIME_TICK
12-23 13:27:00.033   495   495 V AlarmManager: ClockReceiver onReceive() ACTION_TIME_TICK
12-23 13:27:00.053  1015  1015 D STATUSBAR-IconMerger: checkOverflow(240), More:false, Req:false Child:2
12-23 13:27:00.093   495   949 V AlarmManager: waitForAlarm result :8
12-23 13:27:00.093   495   495 D WifiNotificationController: showOngoingWifiNotification show : true, id : 17303674
12-23 13:27:00.213   495   949 V AlarmManager: waitForAlarm result :8
12-23 13:27:00.263   495  1099 E Watchdog: !@Sync 186
12-23 13:27:00.333   495   949 V AlarmManager: waitForAlarm result :8
12-23 13:27:00.453   495   949 V AlarmManager: waitForAlarm result :8
12-23 13:27:00.493  1015  1015 D STATUSBAR-NetworkController: updateRomaingNotification DataRoaming:false mDataRoamingTypeForVZW : 0
12-23 13:27:00.493  1015  1015 D STATUSBAR-NetworkController: refreshSignalCluster - setNWBoosterIndicators(false)
12-23 13:27:00.493  1015  1015 D STATUSBAR-NetworkController: refreshSignalCluster: data=0 bt=false
12-23 13:27:00.513  1015  1015 D STATUSBAR-IconMerger: checkOverflow(240), More:false, Req:false Child:2
12-23 13:27:00.573   495   949 V AlarmManager: waitForAlarm result :8
12-23 13:27:00.694   495   949 V AlarmManager: waitForAlarm result :8
12-23 13:27:00.814   495   949 V AlarmManager: waitForAlarm result :8
12-23 13:27:00.934   495   949 V AlarmManager: waitForAlarm result :8
12-23 13:27:01.054   495   949 V AlarmManager: waitForAlarm result :8
12-23 13:27:01.174   495   949 V AlarmManager: waitForAlarm result :8
12-23 13:27:01.294   495   949 V AlarmManager: waitForAlarm result :8
12-23 13:27:01.414   495   949 V AlarmManager: waitForAlarm result :8
12-23 13:27:01.504  1015  1015 D STATUSBAR-NetworkController: updateRomaingNotification DataRoaming:false mDataRoamingTypeForVZW : 0
12-23 13:27:01.504  1015  1015 D STATUSBAR-NetworkController: refreshSignalCluster - setNWBoosterIndicators(false)
12-23 13:27:01.504  1015  1015 D STATUSBAR-NetworkController: refreshSignalCluster: data=0 bt=false
12-23 13:27:01.524  1015  1015 D STATUSBAR-IconMerger: checkOverflow(240), More:false, Req:false Child:2
12-23 13:27:01.534   495   949 V AlarmManager: waitForAlarm result :8
12-23 13:27:01.655   495   949 V AlarmManager: waitForAlarm result :8
12-23 13:27:01.775   495   949 V AlarmManager: waitForAlarm result :8
12-23 13:27:01.895   495   949 V AlarmManager: waitForAlarm result :8
12-23 13:27:02.015   495   949 V AlarmManager: waitForAlarm result :8
12-23 13:27:02.135   495   949 V AlarmManager: waitForAlarm result :8
12-23 13:27:02.255   495   949 V AlarmManager: waitForAlarm result :8
12-23 13:27:02.375   495   949 V AlarmManager: waitForAlarm result :8
12-23 13:27:02.495   495   949 V AlarmManager: waitForAlarm result :8
12-23 13:27:02.526  1015  1015 D STATUSBAR-NetworkController: updateRomaingNotification DataRoaming:false mDataRoamingTypeForVZW : 0
12-23 13:27:02.526  1015  1015 D STATUSBAR-NetworkController: refreshSignalCluster - setNWBoosterIndicators(false)
12-23 13:27:02.526  1015  1015 D STATUSBAR-NetworkController: refreshSignalCluster: data=0 bt=false
12-23 13:27:02.536  1015  1015 D STATUSBAR-IconMerger: checkOverflow(240), More:false, Req:false Child:2
12-23 13:27:02.616   495   949 V AlarmManager: waitForAlarm result :8
12-23 13:27:02.736   495   949 V AlarmManager: waitForAlarm result :8
12-23 13:27:02.846   495   945 D PowerManagerService: [s] UserActivityState : 1 -> 2
12-23 13:27:02.846   495   945 D DisplayPowerController: animation target = 20 (PSM:true, AB limit:(-1 ~ -1) MB Limit:(-1 ~ -1) MAdj:(0, (0, 255)))
12-23 13:27:02.846   495   945 D PowerManagerService: [s] mDisplayPowerControllerCallbacks : onStateChanged()
12-23 13:27:02.856   495   949 V AlarmManager: waitForAlarm result :8
12-23 13:27:02.906   495   945 D RampAnimator: Light Animator Finished currentValue=20
12-23 13:27:02.976   495   949 V AlarmManager: waitForAlarm result :8
12-23 13:27:03.096   495   949 V AlarmManager: waitForAlarm result :8
12-23 13:27:03.216   495   949 V AlarmManager: waitForAlarm result :8
12-23 13:27:03.336   495   949 V AlarmManager: waitForAlarm result :8
12-23 13:27:03.457   495   949 V AlarmManager: waitForAlarm result :8
12-23 13:27:03.577   495   949 V AlarmManager: waitForAlarm result :8
12-23 13:27:03.687   495   949 V AlarmManager: waitForAlarm result :8
12-23 13:27:03.817   495   949 V AlarmManager: waitForAlarm result :8
12-23 13:27:03.927   495   949 V AlarmManager: waitForAlarm result :8
12-23 13:27:04.047   495   949 V AlarmManager: waitForAlarm result :8
12-23 13:27:04.177   495   949 V AlarmManager: waitForAlarm result :8
12-23 13:27:04.287   495   949 V AlarmManager: waitForAlarm result :8
12-23 13:27:04.418   495   949 V AlarmManager: waitForAlarm result :8
12-23 13:27:04.528   495   949 V AlarmManager: waitForAlarm result :8
12-23 13:27:04.548  1015  1015 D STATUSBAR-NetworkController: updateRomaingNotification DataRoaming:false mDataRoamingTypeForVZW : 0
12-23 13:27:04.548  1015  1015 D STATUSBAR-NetworkController: refreshSignalCluster - setNWBoosterIndicators(false)
12-23 13:27:04.548  1015  1015 D STATUSBAR-NetworkController: refreshSignalCluster: data=0 bt=false
12-23 13:27:04.578  1015  1015 D STATUSBAR-IconMerger: checkOverflow(240), More:false, Req:false Child:2
12-23 13:27:04.648   495   949 V AlarmManager: waitForAlarm result :8
12-23 13:27:04.768   495   949 V AlarmManager: waitForAlarm result :8
12-23 13:27:04.888   495   949 V AlarmManager: waitForAlarm result :8
12-23 13:27:05.008   495   949 V AlarmManager: waitForAlarm result :8
12-23 13:27:05.128   495   949 V AlarmManager: waitForAlarm result :8
12-23 13:27:05.248   495   949 V AlarmManager: waitForAlarm result :8
12-23 13:27:05.369   495   949 V AlarmManager: waitForAlarm result :8
12-23 13:27:05.489   495   949 V AlarmManager: waitForAlarm result :8
12-23 13:27:05.559  1015  1015 D STATUSBAR-NetworkController: updateRomaingNotification DataRoaming:false mDataRoamingTypeForVZW : 0
12-23 13:27:05.559  1015  1015 D STATUSBAR-NetworkController: refreshSignalCluster - setNWBoosterIndicators(false)
12-23 13:27:05.559  1015  1015 D STATUSBAR-NetworkController: refreshSignalCluster: data=0 bt=false
12-23 13:27:05.579  1015  1015 D STATUSBAR-IconMerger: checkOverflow(240), More:false, Req:false Child:2
12-23 13:27:05.609   495   949 V AlarmManager: waitForAlarm result :8
12-23 13:27:05.729   495   949 V AlarmManager: waitForAlarm result :8
12-23 13:27:05.849   495   949 V AlarmManager: waitForAlarm result :8
12-23 13:27:05.969   495   949 V AlarmManager: waitForAlarm result :8
12-23 13:27:06.089   495   949 V AlarmManager: waitForAlarm result :8
12-23 13:27:06.209   495   949 V AlarmManager: waitForAlarm result :8
12-23 13:27:06.330   495   949 V AlarmManager: waitForAlarm result :8
12-23 13:27:06.450   495   949 V AlarmManager: waitForAlarm result :8
12-23 13:27:06.570   495   949 V AlarmManager: waitForAlarm result :8
12-23 13:27:06.580  1015  1015 D STATUSBAR-NetworkController: updateRomaingNotification DataRoaming:false mDataRoamingTypeForVZW : 0
12-23 13:27:06.580  1015  1015 D STATUSBAR-NetworkController: refreshSignalCluster - setNWBoosterIndicators(false)
12-23 13:27:06.580  1015  1015 D STATUSBAR-NetworkController: refreshSignalCluster: data=0 bt=false
12-23 13:27:06.590  1015  1015 D STATUSBAR-IconMerger: checkOverflow(240), More:false, Req:false Child:2
12-23 13:27:06.690   495   949 V AlarmManager: waitForAlarm result :8
12-23 13:27:06.810   495   949 V AlarmManager: waitForAlarm result :8
12-23 13:27:06.930   495   949 V AlarmManager: waitForAlarm result :8
12-23 13:27:07.050   495   949 V AlarmManager: waitForAlarm result :8
12-23 13:27:07.170   495   949 V AlarmManager: waitForAlarm result :8
--------- beginning of /dev/log/main
12-23 13:27:07.180   495   927 I ServiceKeeper: In getseinfo pid = 495 uid = 1000 seinfo= system
12-23 13:27:07.191   495   927 I ServiceKeeper: In getseinfo pid = 495 uid = 1000 seinfo= system
12-23 13:27:07.291   495   949 V AlarmManager: waitForAlarm result :8
12-23 13:27:07.301   495   927 I ServiceKeeper: In getseinfo pid = 495 uid = 1000 seinfo= system
12-23 13:27:07.311   495   927 I ServiceKeeper: In getseinfo pid = 495 uid = 1000 seinfo= system
12-23 13:27:07.351 25629 26347 I MIT_DBG : deviceNotifyReceived()
12-23 13:27:07.371 25629 26347 I MIT_DBG : deviceNotifyReceived()
12-23 13:27:07.381 25629 26347 I MIT_DBG : deviceNotifyReceived()
12-23 13:27:07.391 25629 26347 I MIT_DBG : deviceNotifyReceived()
12-23 13:27:07.401 25629 26347 I MIT_DBG : deviceNotifyReceived()
12-23 13:27:07.401 25629 26347 I MIT_DBG : deviceNotifyReceived()
12-23 13:27:07.411   495   949 V AlarmManager: waitForAlarm result :8
12-23 13:27:07.431   495   927 I ServiceKeeper: In getseinfo pid = 495 uid = 1000 seinfo= system
12-23 13:27:07.431   495   927 I ServiceKeeper: In getseinfo pid = 495 uid = 1000 seinfo= system
12-23 13:27:07.431 25629 26347 I MIT_DBG : deviceNotifyReceived()
12-23 13:27:07.431 25629 26347 I MIT_DBG : deviceNotifyReceived()
12-23 13:27:07.441 25629 26347 I MIT_DBG : deviceNotifyReceived()
12-23 13:27:07.441 25629 26347 I MIT_DBG : deviceNotifyReceived()
12-23 13:27:07.451 25629 26347 I MIT_DBG : deviceNotifyReceived()
12-23 13:27:07.451 25629 26347 I MIT_DBG : deviceNotifyReceived()
12-23 13:27:07.461 25629 26347 I MIT_DBG : deviceNotifyReceived()
12-23 13:27:07.491   495   813 I Sensors : **** No Motion ****
12-23 13:27:07.531   495   949 V AlarmManager: waitForAlarm result :8
12-23 13:27:07.541   495   927 I ServiceKeeper: In getseinfo pid = 495 uid = 1000 seinfo= system
12-23 13:27:07.541   495   927 I ServiceKeeper: In getseinfo pid = 495 uid = 1000 seinfo= system
12-23 13:27:07.591  1015  1015 W Settings: Setting data_roaming has moved from android.provider.Settings.Secure to android.provider.Settings.Global.
12-23 13:27:07.591  1015  1015 D STATUSBAR-NetworkController: updateRomaingNotification DataRoaming:false mDataRoamingTypeForVZW : 0
12-23 13:27:07.591  1015  1015 D STATUSBAR-NetworkController: refreshSignalCluster - setNWBoosterIndicators(false)
12-23 13:27:07.591  1015  1015 D STATUSBAR-NetworkController: refreshSignalCluster: data=0 bt=false
12-23 13:27:07.611  1015  1015 D STATUSBAR-IconMerger: checkOverflow(240), More:false, Req:false Child:2
12-23 13:27:07.651   495   927 I ServiceKeeper: In getseinfo pid = 495 uid = 1000 seinfo= system
12-23 13:27:07.651   495   949 V AlarmManager: waitForAlarm result :8
12-23 13:27:07.671   495   927 I ServiceKeeper: In getseinfo pid = 495 uid = 1000 seinfo= system
12-23 13:27:07.771   495   949 V AlarmManager: waitForAlarm result :8
12-23 13:27:07.801   495   927 I ServiceKeeper: In getseinfo pid = 495 uid = 1000 seinfo= system
12-23 13:27:07.801   495   927 I ServiceKeeper: In getseinfo pid = 495 uid = 1000 seinfo= system
12-23 13:27:07.891   495   949 V AlarmManager: waitForAlarm result :8
12-23 13:27:07.901   495   927 I ServiceKeeper: In getseinfo pid = 495 uid = 1000 seinfo= system
12-23 13:27:07.921   495   927 I ServiceKeeper: In getseinfo pid = 495 uid = 1000 seinfo= system
12-23 13:27:08.011   495   949 V AlarmManager: waitForAlarm result :8
12-23 13:27:08.021   495   927 I ServiceKeeper: In getseinfo pid = 495 uid = 1000 seinfo= system
12-23 13:27:08.041   495   927 I ServiceKeeper: In getseinfo pid = 495 uid = 1000 seinfo= system
12-23 13:27:08.132   495   949 V AlarmManager: waitForAlarm result :8
12-23 13:27:08.142   495   927 I ServiceKeeper: In getseinfo pid = 495 uid = 1000 seinfo= system
12-23 13:27:08.162   495   927 I ServiceKeeper: In getseinfo pid = 495 uid = 1000 seinfo= system
12-23 13:27:08.252   495   949 V AlarmManager: waitForAlarm result :8
12-23 13:27:08.282   495   927 I ServiceKeeper: In getseinfo pid = 495 uid = 1000 seinfo= system
12-23 13:27:08.282   495   927 I ServiceKeeper: In getseinfo pid = 495 uid = 1000 seinfo= system
12-23 13:27:08.352   495  2603 D SSRMv2:SIOP: SIOP:: AP = 410, Delta = -10
12-23 13:27:08.372   495   949 V AlarmManager: waitForAlarm result :8
12-23 13:27:08.382   495   927 I ServiceKeeper: In getseinfo pid = 495 uid = 1000 seinfo= system
12-23 13:27:08.402   495   927 I ServiceKeeper: In getseinfo pid = 495 uid = 1000 seinfo= system
12-23 13:27:08.452 25629 26351 I MIT_DBG : PPcontrolPoint start()->run()
12-23 13:27:08.452 25629 26351 I MIT_DBG : inside PPCP search
12-23 13:27:08.462 25629 26347 I MIT_DBG : deviceNotifyReceived()
12-23 13:27:08.492   495   949 V AlarmManager: waitForAlarm result :8
12-23 13:27:08.512 25629 26348 I MIT_DBG : deviceSearchResponseReceived() SSDPPacket = HTTP/1.1 200 OK
12-23 13:27:08.512 25629 26348 I MIT_DBG : CACHE-CONTROL:max-age=120
12-23 13:27:08.512 25629 26348 I MIT_DBG : DATE: Mon, 01 Apr 2002 08:00:56 GMT
12-23 13:27:08.512 25629 26348 I MIT_DBG : EXT:
12-23 13:27:08.512 25629 26348 I MIT_DBG : LOCATION:http://192.168.0.1:5678/igd.xml
12-23 13:27:08.512 25629 26348 I MIT_DBG : SERVER:Embedded UPnP/1.0
12-23 13:27:08.512 25629 26348 I MIT_DBG : ST:upnp:rootdevice
12-23 13:27:08.512 25629 26348 I MIT_DBG : USN:uuid:upnp-InternetGatewayDevice-1_0-12345678900001::upnp:rootdevice
12-23 13:27:08.512 25629 26348 I MIT_DBG : 
12-23 13:27:08.512   495   927 I ServiceKeeper: In getseinfo pid = 495 uid = 1000 seinfo= system
12-23 13:27:08.522   495   927 I ServiceKeeper: In getseinfo pid = 495 uid = 1000 seinfo= system
12-23 13:27:08.612  1015  1015 W Settings: Setting data_roaming has moved from android.provider.Settings.Secure to android.provider.Settings.Global.
12-23 13:27:08.612   495   949 V AlarmManager: waitForAlarm result :8
12-23 13:27:08.622  1015  1015 D STATUSBAR-NetworkController: updateRomaingNotification DataRoaming:false mDataRoamingTypeForVZW : 0
12-23 13:27:08.622  1015  1015 D STATUSBAR-NetworkController: refreshSignalCluster - setNWBoosterIndicators(false)
12-23 13:27:08.622  1015  1015 D STATUSBAR-NetworkController: refreshSignalCluster: data=0 bt=false
12-23 13:27:08.632  1015  1015 D STATUSBAR-IconMerger: checkOverflow(240), More:false, Req:false Child:2
12-23 13:27:08.672   495   927 I ServiceKeeper: In getseinfo pid = 495 uid = 1000 seinfo= system
12-23 13:27:08.672   495   927 I ServiceKeeper: In getseinfo pid = 495 uid = 1000 seinfo= system
12-23 13:27:08.732   495   949 V AlarmManager: waitForAlarm result :8
12-23 13:27:08.752   173   173 E SMD     : DCD ON
12-23 13:27:08.772   495   927 I ServiceKeeper: In getseinfo pid = 495 uid = 1000 seinfo= system
12-23 13:27:08.772   495   927 I ServiceKeeper: In getseinfo pid = 495 uid = 1000 seinfo= system
12-23 13:27:08.842   495   945 D PowerManagerService: [s] UserActivityState : 2 -> 0
12-23 13:27:08.842   495   945 I PowerManagerService: !@[ps] Screen__Off(2) : timeout (0x4)
12-23 13:27:08.842   495   945 I PowerManagerService: Going to sleep due to screen timeout...
12-23 13:27:08.842   495   945 D PowerManagerService: [s] WAKEFULNESS_ASLEEP
12-23 13:27:08.852   495   945 D DisplayPowerController: [DAB] setLightSensorEnabled : unregisterListener mLightSensor
12-23 13:27:08.852   495   949 V AlarmManager: waitForAlarm result :8
12-23 13:27:08.862   495   945 D SensorManager: unregisterListener ::   
12-23 13:27:08.862   495   945 V Sensors : enable - sensor Accelerometer (handle 4) en -> dis
12-23 13:27:08.872   495   945 E Sensors : mEnabled = 0
12-23 13:27:08.892   495   813 E Sensors : activatePendingSensors : mEnabled = 0
12-23 13:27:08.892   495   813 E Sensors : requested_sensors(70) from kernel
12-23 13:27:08.892   495   813 I Sensors : Disabled 9 axis sensor fusion
12-23 13:27:08.892   495   813 I MPL-mldl_cfg_mpu:: inv_mpu_suspend(,,,,7fff) -> 0000
12-23 13:27:08.902   495   813 V Sensors : calling inv_set_mpu_sensors(000000)
12-23 13:27:08.902   495   945 D SensorManager: unregisterListener ::   
12-23 13:27:08.912   495   813 V Sensors : Starting DMP
12-23 13:27:08.912   495   813 W MPL-9_sup: 9 axis sensor fusion not available - No compass detected.
12-23 13:27:08.912   495   813 I Sensors : Enabled 9 axis sensor fusion
12-23 13:27:08.912   495   813 I MPL-mldl_cfg_mpu:: inv_mpu_resume(,,,,0000) -> 0000
12-23 13:27:08.912   495   813 V Sensors : Stopping DMP
12-23 13:27:08.912   495   813 I Sensors : Disabled 9 axis sensor fusion
12-23 13:27:08.912   495   813 I MPL-mldl_cfg_mpu:: inv_mpu_suspend(,,,,7fff) -> 0000
12-23 13:27:08.912   495   927 I ServiceKeeper: In getseinfo pid = 495 uid = 1000 seinfo= system
12-23 13:27:08.912   176   176 I SurfaceFlinger: id=333 createSurf (720x1280),-1 flag=20004, FlectronBea
12-23 13:27:08.912   495   945 I DisplayPowerController: [DAB] fileWriteInt : /sys/class/backlight/panel/auto_brightness  value : 0
12-23 13:27:08.922   495   927 I ServiceKeeper: In getseinfo pid = 495 uid = 1000 seinfo= system
12-23 13:27:08.932   495   945 D DisplayPowerController: !@ElectronBeam entry
12-23 13:27:08.972   495   949 V AlarmManager: waitForAlarm result :8
12-23 13:27:08.982   495   927 I ServiceKeeper: In getseinfo pid = 495 uid = 1000 seinfo= system
12-23 13:27:08.982   495   927 I ServiceKeeper: In getseinfo pid = 495 uid = 1000 seinfo= system
12-23 13:27:09.083  1015  1015 D STATUSBAR-NetworkController: onSignalStrengthsChanged signalStrength=SignalStrength: 99 99 -89 -60 -120 -1 -1 18 -107 -14 4 -1 2147483647 gsm|lte 0x2030 level=2
12-23 13:27:09.093  1015  1015 W Settings: Setting data_roaming has moved from android.provider.Settings.Secure to android.provider.Settings.Global.
12-23 13:27:09.093   495   949 V AlarmManager: waitForAlarm result :8
12-23 13:27:09.093  1015  1015 D STATUSBAR-NetworkController: updateRomaingNotification DataRoaming:false mDataRoamingTypeForVZW : 0
12-23 13:27:09.123   495   927 I ServiceKeeper: In getseinfo pid = 495 uid = 1000 seinfo= system
12-23 13:27:09.123   495   927 I ServiceKeeper: In getseinfo pid = 495 uid = 1000 seinfo= system
12-23 13:27:09.163   495   495 D InputDispatcher: setInputDispatchMode: enabled=0, frozen=0
12-23 13:27:09.163  1015  9499 D KeyguardViewMediator: onScreenTurnedOff(3)
12-23 13:27:09.163  1015  9499 D EnterpriseDeviceManager: ContainerId: 0
12-23 13:27:09.163   495   945 D PowerManagerService: [s] mDisplayPowerControllerCallbacks : onStateChanged()
12-23 13:27:09.163   495   945 D PowerManagerService: [PWL] sb acquire: PowerManagerService.Broadcasts
12-23 13:27:09.183  1149  1149 D Launcher.HomeFragment: onPause
12-23 13:27:09.183  1149  1149 D Launcher.Workspace: exitWidgetResizeMode State: NORMAL, newDragStarted: false
12-23 13:27:09.193  1015  9499 D KeyguardViewMediator: setting alarm to turn off keyguard, seq = 59
12-23 13:27:09.193   495  1029 D lights  : lcd : 0 +
12-23 13:27:09.193   495   945 D PowerManagerService: [PWL] sb release: PowerManagerService.Display
12-23 13:27:09.193   495  1029 D PowerManagerService: Excessive delay in LCD_Task is start: 36ms
12-23 13:27:09.203   495  1029 D lights  : lcd : 0 -
12-23 13:27:09.203   495   946 D MISC PowerHAL: miscpower_set_interactive: /sys/class/input/input4/enabled
12-23 13:27:09.203   495   946 E MISC PowerHAL: sysfs_write : Error opening /sys/class/input/input4/enabled: No such file or directory
12-23 13:27:09.203   495   927 I ServiceKeeper: In getseinfo pid = 495 uid = 1000 seinfo= system
12-23 13:27:09.203   495   946 D MISC PowerHAL: miscpower_set_interactive: /sys/class/input/input12/enabled
12-23 13:27:09.203   495   946 E MISC PowerHAL: sysfs_write : Error opening /sys/class/input/input12/enabled: No such file or directory
12-23 13:27:09.203  1149  1149 D Launcher.HomeFragment: onStop
12-23 13:27:09.203   176   176 D SurfaceFlinger: Screen released, type=0 flinger=0xb8a91598
12-23 13:27:09.203   176   176 D qdhwcomposer: hwc_blank: Blanking display: 0
12-23 13:27:09.203   495   946 D PowerManagerService: !@[s] blankAllDisplays() : blankAllDisplaysFromPowerManage
12-23 13:27:09.213   495   949 V AlarmManager: waitForAlarm result :8
12-23 13:27:09.223   495   927 I ServiceKeeper: In getseinfo pid = 495 uid = 1000 seinfo= system
12-23 13:27:09.233   495   927 I ServiceKeeper: In getseinfo pid = 495 uid = 1000 seinfo= system
12-23 13:27:09.233   495   927 I ServiceKeeper: In getseinfo pid = 495 uid = 1000 seinfo= system
12-23 13:27:09.233   495   949 V AlarmManager: waitForAlarm result :4
12-23 13:27:09.243   495   949 V AlarmManager: trigger ELAPSED_REALTIME_WAKEUP or RTC_WAKEUP
12-23 13:27:09.243   495   949 V AlarmManager: waitForAlarm result :4
12-23 13:27:09.253   495   495 I SensorManagerA: getReportingMode :: sensor.mType = 5
12-23 13:27:09.253   495   495 D SensorManager: registerListener :: 8, CM36651 Light Sensor, 200000, 0,  
12-23 13:27:09.253   495   927 I ServiceKeeper: In getseinfo pid = 495 uid = 1000 seinfo= system
12-23 13:27:09.253   495   495 D LightsService: [api] [SvcLED] setFlashing :: id = 3, color = 0, mode = 10, onMS = 0, offMS = 0,  (uid: 1000 pid: 495) 
12-23 13:27:09.253   495   495 D LightsService: [SvcLED] setSvcLedStateLocked:: SvcLEDState : 0x0 -> 0x10 | SvcLED(id=3) set On
12-23 13:27:09.253   495   495 D BatteryService: turn on LED for charging
12-23 13:27:09.253   495   495 D VibratorService: ImmVibe vibratorOff()
12-23 13:27:09.263   495   949 V AlarmManager: trigger ELAPSED_REALTIME_WAKEUP or RTC_WAKEUP
12-23 13:27:09.273   495   927 I ServiceKeeper: In getseinfo pid = 495 uid = 1000 seinfo= system
12-23 13:27:09.273   495   495 D STATUSBAR-NotificationService: ACTION_SCREEN_OFF
12-23 13:27:09.273   495   495 D LightsService: [api] [SvcLED] turnOff:: id = 4 (uid: 1000 pid: 495) 
12-23 13:27:09.273   495   495 D LightsService: [SvcLED] setSvcLedStateLocked:: SvcLEDState : 0x10 -> 0x10 | SvcLED(id=4) set Off
12-23 13:27:09.283   495   927 I ServiceKeeper: In getseinfo pid = 495 uid = 1000 seinfo= system
12-23 13:27:09.293   179   480 D AudioHardwareALSA: setParameters() screen_state=off
12-23 13:27:09.293   495   495 I SecExternalDisplayIntents_Java: Intent Recieved ..  -android.intent.action.SCREEN_OFFBroadCast Map value - 18
12-23 13:27:09.303   495   911 D IpRemoteDisplayController: intent received android.intent.action.SCREEN_OFF
12-23 13:27:09.303   495   911 D IpRemoteDisplayController: Bridge Server is not available
12-23 13:27:09.313   495   495 D PersonaManagerService: ACTION_SCREEN_OFF onReceive
12-23 13:27:09.313  1015  1015 D STATUSBAR-PhoneStatusBar:      ACTION_SCREEN_OFF is received!!!! 
12-23 13:27:09.313  1015  1015 D STATUSBAR-PhoneStatusBar: makeExpandedInvisible
12-23 13:27:09.313  1015  1015 D PhoneStatusBarView: marqueeStatusBar:120, mClearCover:0
12-23 13:27:09.313  1015  1015 D STATUSBAR-PhoneStatusBar:      ACTION_SCREEN_OFF is finished!!!! 
12-23 13:27:09.323   495   927 I ServiceKeeper: In getseinfo pid = 495 uid = 1000 seinfo= system
12-23 13:27:09.323   495   927 I ServiceKeeper: In getseinfo pid = 495 uid = 1000 seinfo= system
12-23 13:27:09.323   495   927 I ServiceKeeper: In getseinfo pid = 495 uid = 1000 seinfo= system
12-23 13:27:09.323   495   927 I ServiceKeeper: In getseinfo pid = 495 uid = 1000 seinfo= system
12-23 13:27:09.323   495   927 D PersonaManagerServiceHandler: MSG_ACTION_SCREEN_OFF called
12-23 13:27:09.323   495   927 I ServiceKeeper: In getseinfo pid = 495 uid = 1000 seinfo= system
12-23 13:27:09.333   495   927 I ServiceKeeper: In getseinfo pid = 495 uid = 1000 seinfo= system
12-23 13:27:09.333  1135  2816 I NfcService: applyRouting return - 2 
12-23 13:27:09.333   495   927 I ServiceKeeper: In getseinfo pid = 495 uid = 1000 seinfo= system
12-23 13:27:09.333   495   949 V AlarmManager: waitForAlarm result :8
12-23 13:27:09.333  1015  1015 D STATUSBAR-IconMerger: checkOverflow(240), More:false, Req:false Child:2
12-23 13:27:09.343  1135  1135 E NfcService: callback == null
12-23 13:27:09.343   495   927 I ServiceKeeper: In getseinfo pid = 495 uid = 1000 seinfo= system
12-23 13:27:09.343  1015  1015 D STATUSBAR-NetworkController: onSignalStrengthsChanged signalStrength=SignalStrength: 99 99 -89 -60 -120 -1 -1 18 -107 -14 4 -1 2147483647 gsm|lte 0x2030 level=2
12-23 13:27:09.353  1015  1015 W Settings: Setting data_roaming has moved from android.provider.Settings.Secure to android.provider.Settings.Global.
12-23 13:27:09.353  1149  1149 D Launcher.Workspace: exitWidgetResizeMode State: NORMAL, newDragStarted: false
12-23 13:27:09.353   495   927 I ServiceKeeper: In getseinfo pid = 495 uid = 1000 seinfo= system
12-23 13:27:09.353   495   927 I ServiceKeeper: In getseinfo pid = 495 uid = 1000 seinfo= system
12-23 13:27:09.353  1015  1015 D STATUSBAR-NetworkController: updateRomaingNotification DataRoaming:false mDataRoamingTypeForVZW : 0
12-23 13:27:09.363   495   927 I ServiceKeeper: In getseinfo pid = 495 uid = 1000 seinfo= system
12-23 13:27:09.363   495   927 I ServiceKeeper: In getseinfo pid = 495 uid = 1000 seinfo= system
12-23 13:27:09.373   495   927 I ServiceKeeper: In getseinfo pid = 495 uid = 1000 seinfo= system
12-23 13:27:09.373   495   927 I ServiceKeeper: In getseinfo pid = 495 uid = 1000 seinfo= system
12-23 13:27:09.403   495  2603 D SSRMv2:SIOP: SIOP:: AP = 410, Delta = 0
12-23 13:27:09.443 23720 23720 E videowall-TranscodeReceiver: broadcastMSG : android.intent.action.SCREEN_OFF
12-23 13:27:09.453   176   176 D qdhwcomposer: hwc_blank: Done blanking display: 0
12-23 13:27:09.453   495   946 D SurfaceControl: Excessive delay in blankDisplay() while turning screen off: 252ms
12-23 13:27:09.453   495   949 V AlarmManager: waitForAlarm result :8
12-23 13:27:09.453   495   942 D LightsService: [SvcLED]  onSensorChanged::light value = 299
12-23 13:27:09.453   495   946 D PowerManagerService: Excessive delay in mDisplayManagerService.blankAllDisplaysFromPowerManager(): 254ms
12-23 13:27:09.463   495   946 I libsuspend: !@[s] autosuspend_earlysuspend_enable : 55
12-23 13:27:09.463  1015  9551 D KeyguardUpdateMonitor: sendKeyguardVisibilityChanged(true)
12-23 13:27:09.463  1015  1015 D KeyguardUpdateMonitor: handleKeyguardVisibilityChanged(1)
12-23 13:27:09.463   495   942 D SensorManager: unregisterListener ::   
12-23 13:27:09.463   495   942 D lights  : led_pattern : 1 +
12-23 13:27:09.463   495   942 D lights  : led_pattern : 1 -
12-23 13:27:09.463   495   927 I ServiceKeeper: In getseinfo pid = 495 uid = 1000 seinfo= system
12-23 13:27:09.463   495   927 I ServiceKeeper: In getseinfo pid = 495 uid = 1000 seinfo= system
12-23 13:27:09.463   495   942 D LightsService: [SvcLED]  setSvcLedLightLocked :: priority changed! SvcLED(id=4) OUT; SvcLED(id=3) IN
12-23 13:27:09.523   495   948 I libsuspend: !@[s] wait_for_fb_sleep : 55 (1, 0) -
12-23 13:27:09.523   495   948 I libsuspend: !@[s] wait_for_fb_wake : 55 (0, 0) +
12-23 13:27:09.523   495   946 I libsuspend: !@[s] autosuspend_earlysuspend_enable done : 55
12-23 13:27:09.523   495   946 W System.err: java.io.FileNotFoundException: /sys/class/power_supply/battery/lcd: open failed: ENOENT (No such file or directory)
12-23 13:27:09.523   495   946 W System.err: 	at libcore.io.IoBridge.open(IoBridge.java:409)
12-23 13:27:09.523   495   946 D PowerManagerService: Excessive delay in nativeSetAutoSuspend(true): 70ms
12-23 13:27:09.523   495   946 D PowerManagerService: SecHardwareInterface.setBatteryADC : false
12-23 13:27:09.523   495   945 I PowerManagerService: [PWL] Off : 0s ago
12-23 13:27:09.523   495   945 I PowerManagerService: [PWL]   PowerManagerService.Broadcasts: ref count=1
12-23 13:27:09.533   495   946 W System.err: 	at java.io.FileOutputStream.<init>(FileOutputStream.java:88)
12-23 13:27:09.533   495   813 E Sensors : Sleep Event : mEnabled = 0
12-23 13:27:09.533   495   946 W System.err: 	at java.io.FileOutputStream.<init>(FileOutputStream.java:73)
12-23 13:27:09.533   495   946 W System.err: 	at com.sec.android.hardware.SecHardwareInterface.setBatteryADC(SecHardwareInterface.java:392)
12-23 13:27:09.533   495   946 W System.err: 	at com.android.server.power.PowerManagerService$DisplayBlankerImpl$1.run(PowerManagerService.java:5278)
12-23 13:27:09.533   495   946 W System.err: 	at android.os.Handler.handleCallback(Handler.java:733)
12-23 13:27:09.533   495   946 W System.err: 	at android.os.Handler.dispatchMessage(Handler.java:95)
12-23 13:27:09.533   495   946 W System.err: 	at android.os.Looper.loop(Looper.java:146)
12-23 13:27:09.533   495   946 W System.err: 	at android.os.HandlerThread.run(HandlerThread.java:61)
12-23 13:27:09.533   495   946 W System.err: Caused by: libcore.io.ErrnoException: open failed: ENOENT (No such file or directory)
12-23 13:27:09.533   495   946 W System.err: 	at libcore.io.Posix.open(Native Method)
12-23 13:27:09.533   495   946 W System.err: 	at libcore.io.BlockGuardOs.open(BlockGuardOs.java:110)
12-23 13:27:09.533   495   946 W System.err: 	at libcore.io.IoBridge.open(IoBridge.java:393)
12-23 13:27:09.533   495   946 W System.err: 	... 8 more
12-23 13:27:09.573   495   927 I ServiceKeeper: In getseinfo pid = 495 uid = 1000 seinfo= system
12-23 13:27:09.573   495   949 V AlarmManager: waitForAlarm result :8
12-23 13:27:09.583   495   927 I ServiceKeeper: In getseinfo pid = 495 uid = 1000 seinfo= system
12-23 13:27:09.703   495   949 V AlarmManager: waitForAlarm result :8
12-23 13:27:09.713   495   927 I ServiceKeeper: In getseinfo pid = 495 uid = 1000 seinfo= system
12-23 13:27:09.733   495   997 D dalvikvm: GC_EXPLICIT freed 3380K, 39% free 33463K/54240K, paused 8ms+30ms, total 308ms
12-23 13:27:09.743  1451 26465 I SensorManagerA: getReportingMode :: sensor.mType = 1
12-23 13:27:09.743 23720 23720 D videowall-TranscodeService: power? : true / screen off : true
12-23 13:27:09.743   495  1324 E         : ../../accel.c|inv_get_accel_offset|211 returning 19
12-23 13:27:09.743   495  1324 D Sensors : enable accel bias check
12-23 13:27:09.743   495  1324 V Sensors : enable - sensor Accelerometer (handle 4) dis -> en
12-23 13:27:09.743   495  1324 E Sensors : mEnabled = 10
12-23 13:27:09.743   495  1324 V Sensors : setDelay - sensor Accelerometer (handle 4), rate 10 ms (100.00 Hz)
12-23 13:27:09.743  1451 26465 D SensorManager: registerListener :: 4, MPL accel, 0, 0,  
12-23 13:27:09.753 23720 23720 D videowall-TranscodeService: Music is = false
12-23 13:27:09.753   495   927 I ServiceKeeper: In getseinfo pid = 495 uid = 1000 seinfo= system
12-23 13:27:09.753   495   813 E Sensors : activatePendingSensors : mEnabled = 10
12-23 13:27:09.753   495   813 E Sensors : requested_sensors(0) from kernel
12-23 13:27:09.753   495   813 V Sensors : calling inv_set_mpu_sensors(000070)
12-23 13:27:09.753   495   813 I MPL-fifo: Actual ODR: 5000 mHz
12-23 13:27:09.753   495   813 E Sensors : set fifo rate - divider : 1, delay : 10 ms (100.00 Hz)
12-23 13:27:09.753 23720 23720 D videowall-TranscodeService: runvideoplayer is false
12-23 13:27:09.753   495   813 I MPL-fifo: Actual ODR: 100000 mHz
12-23 13:27:09.753   495   813 V Sensors : Starting DMP
12-23 13:27:09.753   495   813 W MPL-9_sup: 9 axis sensor fusion not available - No compass detected.
12-23 13:27:09.753   495   813 I Sensors : Enabled 9 axis sensor fusion
12-23 13:27:09.763   495   813 I MPL-mldl_cfg_mpu:: inv_mpu_resume(,,,,0070) -> 0070
12-23 13:27:09.763   495   495 D PowerManagerService: [PWL] sb release: PowerManagerService.Broadcasts
12-23 13:27:09.773 23720 26466 D videowall-TranscodeService: Thread start
12-23 13:27:09.773 23720 26466 D videowall-TranscodeService: wl.acquire();
12-23 13:27:09.773 23720 26466 D videowall-FileMgr: thumbnailDBSync -1
12-23 13:27:09.783 23720 26466 D videowall-FileMgr: dbUpdate_isexist : dbid[ 1084 ] --> 0
12-23 13:27:09.783   495   927 I ServiceKeeper: In getseinfo pid = 495 uid = 1000 seinfo= system
12-23 13:27:09.793   495   927 I ServiceKeeper: In getseinfo pid = 495 uid = 1000 seinfo= system
12-23 13:27:09.793   495   927 I ServiceKeeper: In getseinfo pid = 495 uid = 1000 seinfo= system
12-23 13:27:09.803   495   927 I ServiceKeeper: In getseinfo pid = 495 uid = 1000 seinfo= system
12-23 13:27:09.803 23720 26466 D videowall-FileMgr: dbUpdate_isexist : dbid[ 1085 ] --> 0
12-23 13:27:09.813 23720 26466 D videowall-FileMgr: dbUpdate_isexist : dbid[ 1086 ] --> 0
12-23 13:27:09.813   495   949 V AlarmManager: waitForAlarm result :8
12-23 13:27:09.823 25629 26348 I MIT_DBG : creating Device = 
12-23 13:27:09.823   495   927 I ServiceKeeper: In getseinfo pid = 495 uid = 1000 seinfo= system
12-23 13:27:09.823   495   927 I ServiceKeeper: In getseinfo pid = 495 uid = 1000 seinfo= system
12-23 13:27:09.823 25629 26348 I MIT_DBG : creating Device1 = 
12-23 13:27:09.823 25629 26348 I MIT_DBG : inside addDevice(dev), device == null
12-23 13:27:09.833 25629 26348 I MIT_DBG : inside addDevice(dev), device has ServerDevice
12-23 13:27:09.833 23720 26466 D videowall-FileMgr: dbUpdate_isexist : dbid[ 1087 ] --> 0
12-23 13:27:09.833   495   927 I ServiceKeeper: In getseinfo pid = 495 uid = 1000 seinfo= system
12-23 13:27:09.843 23720 26466 D videowall-FileMgr: dbUpdate_isexist : dbid[ 1088 ] --> 0
12-23 13:27:09.843 23720 26466 D videowall-FileMgr: dbUpdate_isexist : dbid[ 1089 ] --> 0
12-23 13:27:09.853   495   927 I ServiceKeeper: In getseinfo pid = 495 uid = 1000 seinfo= system
12-23 13:27:09.853 23720 26466 D videowall-FileMgr: dbUpdate_isexist : dbid[ 1090 ] --> 0
12-23 13:27:09.863 23720 26466 D videowall-FileMgr: dbUpdate_isexist : dbid[ 1091 ] --> 0
12-23 13:27:09.883 23720 26466 D videowall-FileMgr: dbUpdate_isexist : dbid[ 1092 ] --> 0
12-23 13:27:09.883 23720 26466 D videowall-FileMgr: dbUpdate_isexist : dbid[ 1093 ] --> 0
12-23 13:27:09.903 23720 26466 D videowall-FileMgr: dbUpdate_isexist : dbid[ 1094 ] --> 0
12-23 13:27:09.913   495   927 I ServiceKeeper: In getseinfo pid = 495 uid = 1000 seinfo= system
12-23 13:27:09.913 23720 26466 D videowall-FileMgr: dbUpdate_isexist : dbid[ 1095 ] --> 0
12-23 13:27:09.933   495   949 V AlarmManager: waitForAlarm result :8
12-23 13:27:09.943   495   927 I ServiceKeeper: In getseinfo pid = 495 uid = 1000 seinfo= system
12-23 13:27:09.943   495   927 I ServiceKeeper: In getseinfo pid = 495 uid = 1000 seinfo= system
12-23 13:27:09.953 23720 26466 D videowall-FileMgr: dbUpdate_isexist : dbid[ 1084 ] --> 1
12-23 13:27:09.963 23720 26466 D videowall-FileMgr: dbUpdate_isexist : dbid[ 1085 ] --> 1
12-23 13:27:09.973 23720 26466 D videowall-FileMgr: dbUpdate_isexist : dbid[ 1086 ] --> 1
12-23 13:27:09.983 25629 26348 I MIT_DBG : deviceAdded() PPCP
12-23 13:27:09.983 25629 26348 I MIT_DBG : deviceAdded() DeviceDiscovery is true so call addDevice():PPCP
12-23 13:27:09.983 25629 26348 I MIT_DBG : creating Device = 591
12-23 13:27:09.983 25629 26348 I MIT_DBG : creating Device1 = 591
12-23 13:27:09.994 23720 26466 D videowall-FileMgr: dbUpdate_isexist : dbid[ 1087 ] --> 1
12-23 13:27:10.004 23720 26466 D videowall-FileMgr: dbUpdate_isexist : dbid[ 1088 ] --> 1
12-23 13:27:10.024 23720 26466 D videowall-FileMgr: dbUpdate_isexist : dbid[ 1089 ] --> 1
12-23 13:27:10.044 23720 26466 D videowall-FileMgr: dbUpdate_isexist : dbid[ 1090 ] --> 1
12-23 13:27:10.054   495   949 V AlarmManager: waitForAlarm result :8
12-23 13:27:10.064   495   927 I ServiceKeeper: In getseinfo pid = 495 uid = 1000 seinfo= system
12-23 13:27:10.064 23720 26466 D videowall-FileMgr: dbUpdate_isexist : dbid[ 1091 ] --> 1
12-23 13:27:10.064   495   927 I ServiceKeeper: In getseinfo pid = 495 uid = 1000 seinfo= system
12-23 13:27:10.074 23720 26466 D videowall-FileMgr: dbUpdate_isexist : dbid[ 1092 ] --> 1
12-23 13:27:10.084 23720 26466 D videowall-FileMgr: dbUpdate_isexist : dbid[ 1093 ] --> 1
12-23 13:27:10.094 23720 26466 D videowall-FileMgr: dbUpdate_isexist : dbid[ 1094 ] --> 1
12-23 13:27:10.104 23720 26466 D videowall-FileMgr: dbUpdate_isexist : dbid[ 1095 ] --> 1
12-23 13:27:10.114   495   813 E Sensors : accelHandler -0.107776 0.158071 9.722582
12-23 13:27:10.174   495   949 V AlarmManager: waitForAlarm result :8
12-23 13:27:10.184   495   927 I ServiceKeeper: In getseinfo pid = 495 uid = 1000 seinfo= system
12-23 13:27:10.184   495   927 I ServiceKeeper: In getseinfo pid = 495 uid = 1000 seinfo= system
12-23 13:27:10.274   178   178 D WVMDrmPlugIn: WVMDrmPlugin::onInitialize : 1551
12-23 13:27:10.274   178   178 D WVMDrmPlugIn: WVMDrmPlugin::onSetOnInfoListener : add 1551
12-23 13:27:10.294   495   949 V AlarmManager: waitForAlarm result :8
12-23 13:27:10.304   495   927 I ServiceKeeper: In getseinfo pid = 495 uid = 1000 seinfo= system
12-23 13:27:10.304   495   927 I ServiceKeeper: In getseinfo pid = 495 uid = 1000 seinfo= system
12-23 13:27:10.344   178 25975 W SEC_DRM_PLUGIN_Playready: PlayreadyPlugIn: Function[DRM_ASFVerify_Context_Initialize]; Line[4082]; File type[7]
12-23 13:27:10.344   178 25975 W SEC_DRM_PLUGIN_Playready: trak reached...not a drm file
12-23 13:27:10.344   178 25975 W SEC_DRM_PLUGIN_Playready: Mflag is FALSE... NOT a DRM file
12-23 13:27:10.344   178 25975 W SEC_DRM_PLUGIN_Playready: PlayreadyPlugIn::onCanHandle   This is not normal PR content [0x80004005]
12-23 13:27:10.344   178 25975 E TZPrPlugIn: This file is Not ASF.
12-23 13:27:10.344   178 25975 E TZPrPlugIn: This is non tz contents!!!
12-23 13:27:10.344 23720 26466 D VideoDRMUtil: isDrmFile. isDrmSupported = false
12-23 13:27:10.344 23720 26466 D VideoDRMUtil: isDrmFile. canHandle returned false. Not a drm file by extension
12-23 13:27:10.344 23720 26466 D VideoDRMUtil: isDrmFile. drmType = -1
12-23 13:27:10.344 23720 26466 D videowall-TranscodeService: VIDEO_NON_DRM
12-23 13:27:10.364 23720 26466 D vwengine: -> ~moviefilestream( 0 )
12-23 13:27:10.364 23720 26466 D videowall-TranscodeService: duration time : 31
12-23 13:27:10.364 23720 26466 E videowall-TranscodeService: duration time is 31 ==> not Live but Static thumbnail
12-23 13:27:10.394   178   335 W SEC_DRM_PLUGIN_Playready: PlayreadyPlugIn: Function[DRM_ASFVerify_Context_Initialize]; Line[4082]; File type[7]
12-23 13:27:10.394   178   335 W SEC_DRM_PLUGIN_Playready: PSSH/UUID/MOOV NOT identified...not a drm file
12-23 13:27:10.394   178   335 W SEC_DRM_PLUGIN_Playready: Mflag is FALSE... NOT a DRM file
12-23 13:27:10.394   178   335 W SEC_DRM_PLUGIN_Playready: PlayreadyPlugIn::onCanHandle   This is not normal PR content [0x80004005]
12-23 13:27:10.394   178   335 E TZPrPlugIn: This file is Not ASF.
12-23 13:27:10.394   178   335 E TZPrPlugIn: This is non tz contents!!!
12-23 13:27:10.394 23720 26466 D VideoDRMUtil: isDrmFile. isDrmSupported = false
12-23 13:27:10.394 23720 26466 D VideoDRMUtil: isDrmFile. canHandle returned false. Not a drm file by extension
12-23 13:27:10.404 23720 26466 D VideoDRMUtil: isDrmFile. drmType = -1
12-23 13:27:10.404 23720 26466 D videowall-TranscodeService: VIDEO_NON_DRM
12-23 13:27:10.404 23720 26466 D vwengine: -> ~moviefilestream( 0 )
12-23 13:27:10.404 23720 26466 D videowall-TranscodeService: duration time : 26
12-23 13:27:10.404 23720 26466 E videowall-TranscodeService: duration time is 26 ==> not Live but Static thumbnail
12-23 13:27:10.414   495   949 V AlarmManager: waitForAlarm result :8
12-23 13:27:10.424   495   927 I ServiceKeeper: In getseinfo pid = 495 uid = 1000 seinfo= system
12-23 13:27:10.424   495   927 I ServiceKeeper: In getseinfo pid = 495 uid = 1000 seinfo= system
12-23 13:27:10.424   178   178 W SEC_DRM_PLUGIN_Playready: PlayreadyPlugIn: Function[DRM_ASFVerify_Context_Initialize]; Line[4082]; File type[7]
12-23 13:27:10.424   178   178 W SEC_DRM_PLUGIN_Playready: trak reached...not a drm file
12-23 13:27:10.424   178   178 W SEC_DRM_PLUGIN_Playready: Mflag is FALSE... NOT a DRM file
12-23 13:27:10.424   178   178 W SEC_DRM_PLUGIN_Playready: PlayreadyPlugIn::onCanHandle   This is not normal PR content [0x80004005]
12-23 13:27:10.424   178   178 E TZPrPlugIn: This file is Not ASF.
12-23 13:27:10.424   178   178 E TZPrPlugIn: This is non tz contents!!!
12-23 13:27:10.424 23720 26466 D VideoDRMUtil: isDrmFile. isDrmSupported = false
12-23 13:27:10.424 23720 26466 D VideoDRMUtil: isDrmFile. canHandle returned false. Not a drm file by extension
12-23 13:27:10.424 23720 26466 D VideoDRMUtil: isDrmFile. drmType = -1
12-23 13:27:10.424 23720 26466 D videowall-TranscodeService: VIDEO_NON_DRM
12-23 13:27:10.434 23720 26466 D vwengine: -> ~moviefilestream( 0 )
12-23 13:27:10.434 23720 26466 D videowall-TranscodeService: duration time : 19
12-23 13:27:10.434 23720 26466 E videowall-TranscodeService: duration time is 19 ==> not Live but Static thumbnail
12-23 13:27:10.444 23720 26466 D videowall-TranscodeService: Thread end
12-23 13:27:10.444 23720 26466 D videowall-TranscodeService: wl.release();
12-23 13:27:10.454   495   927 I ServiceKeeper: In getseinfo pid = 495 uid = 1000 seinfo= system
12-23 13:27:10.454 23720 23720 D videowall-TranscodeService: -> onDestroy()
12-23 13:27:10.454 23720 23720 D videowall-TranscodeService: releaseTransThread.
12-23 13:27:10.454 23720 23720 D videowall-TranscodeService: Thread isAlive
12-23 13:27:10.454 23720 23720 D vwengine: stopTranscoding
12-23 13:27:10.454 23720 23720 D videowall-TranscodeService: transThread.join();
12-23 13:27:10.454   495   506 V ApplicationPolicy: isApplicationStateBlocked userId 0 pkgname com.sec.android.app.videoplayer
12-23 13:27:10.534   495   949 V AlarmManager: waitForAlarm result :8
12-23 13:27:10.544   495   927 I ServiceKeeper: In getseinfo pid = 495 uid = 1000 seinfo= system
12-23 13:27:10.544   495   927 I ServiceKeeper: In getseinfo pid = 495 uid = 1000 seinfo= system
12-23 13:27:10.594   199   199 D AT_Distributor: Send Msg [UART > ATD] 1 bytes <>
12-23 13:27:10.624   495   813 E Sensors : accelHandler -0.102986 0.158071 9.661509
12-23 13:27:10.654   495   949 V AlarmManager: waitForAlarm result :8
12-23 13:27:10.664   495   927 I ServiceKeeper: In getseinfo pid = 495 uid = 1000 seinfo= system
12-23 13:27:10.664   495   927 I ServiceKeeper: In getseinfo pid = 495 uid = 1000 seinfo= system
12-23 13:27:10.774   495   949 V AlarmManager: waitForAlarm result :8
12-23 13:27:10.784   495   927 I ServiceKeeper: In getseinfo pid = 495 uid = 1000 seinfo= system
12-23 13:27:10.784   495   927 I ServiceKeeper: In getseinfo pid = 495 uid = 1000 seinfo= system
12-23 13:27:10.894   495   949 V AlarmManager: waitForAlarm result :8
12-23 13:27:10.904   495   927 I ServiceKeeper: In getseinfo pid = 495 uid = 1000 seinfo= system
12-23 13:27:10.904   495   927 I ServiceKeeper: In getseinfo pid = 495 uid = 1000 seinfo= system
12-23 13:27:10.995 25629 26348 I MIT_DBG : inside addDevice(dev), created MediaDevice=com.plugplayer.plugplayer.upnp.RecivaRenderer@42ab82f8
12-23 13:27:11.015   495   949 V AlarmManager: waitForAlarm result :8
12-23 13:27:11.025   495   927 I ServiceKeeper: In getseinfo pid = 495 uid = 1000 seinfo= system
12-23 13:27:11.025   495   927 I ServiceKeeper: In getseinfo pid = 495 uid = 1000 seinfo= system
12-23 13:27:11.035 25629 26348 I MIT_DBG : inside addRendererdev,added to rendererList (size =3 )=[com.plugplayer.plugplayer.upnp.RecivaRenderer@4226be10, com.plugplayer.plugplayer.upnp.RecivaRenderer@4226eae8, com.plugplayer.plugplayer.upnp.RecivaRenderer@42ab82f8]
12-23 13:27:11.035 25629 26348 I MIT_DBG : calling mediaRendererChanged()from addRenderer : PPControlPoint: PP
12-23 13:27:11.035 25629 26348 I MIT_DBG : inside mediaRendererListChanged, no implementation:MainActivity
12-23 13:27:11.035 25629 26348 I MIT_DBG : calling mediaRendererChanged()from addRenderer : PPControlPoint: PP
12-23 13:27:11.035 25629 26348 I MIT_DBG : inside mediaRendererListChanged, no implementation:NowPlayingActivity
12-23 13:27:11.035 25629 26348 I MIT_DBG : calling mediaRendererChanged()from setCurrentRenderer (old = curr) of PPControlPoint: PP
12-23 13:27:11.035 25629 26348 I System.out: Got renderer change to com.plugplayer.plugplayer.upnp.RecivaRenderer@42ab82f8
12-23 13:27:11.035 25629 26348 I MIT_DBG : inside mediaRendererChanged() : MainActivity recivaremote
12-23 13:27:11.045 25629 26348 I MIT_DBG : calling mediaRendererChanged()from setCurrentRenderer (old = curr) of PPControlPoint: PP
12-23 13:27:11.045 25629 26348 I MIT_DBG : inside mediaRendererChanged(), NowPlayingActivity: RecivaRemoteBase
12-23 13:27:11.045   495  4439 W ActivityManager: Bad activity token: android.os.BinderProxy@433d03c8
12-23 13:27:11.045   495  4439 W ActivityManager: java.lang.ClassCastException: android.os.BinderProxy cannot be cast to com.android.server.am.ActivityRecord$Token
12-23 13:27:11.045   495  4439 W ActivityManager: 	at com.android.server.am.ActivityRecord.forToken(ActivityRecord.java:378)
12-23 13:27:11.045   495  4439 W ActivityManager: 	at com.android.server.am.ActivityRecord.isInStackLocked(ActivityRecord.java:1185)
12-23 13:27:11.045   495  4439 W ActivityManager: 	at com.android.server.am.MultiWindowFacadeService.getMultiWindowStyle(MultiWindowFacadeService.java:102)
12-23 13:27:11.045   495  4439 W ActivityManager: 	at com.samsung.android.multiwindow.IMultiWindowFacade$Stub.onTransact(IMultiWindowFacade.java:107)
12-23 13:27:11.045   495  4439 W ActivityManager: 	at android.os.Binder.execTransact(Binder.java:404)
12-23 13:27:11.045   495  4439 W ActivityManager: 	at dalvik.system.NativeStart.run(Native Method)
12-23 13:27:11.055  1015  1015 D PhoneStatusBar: setTransGradationMode=false, mTransparentMode=false, mSemiTransparentMode=false, mMultiWindowMode=false
12-23 13:27:11.055   495  1535 D StatusBarManagerService: tr p:25629,o:f
12-23 13:27:11.105 25629 25629 I MIT_DBG : onCreate() of NowPlayingActivit: RecivaRemoteBase
12-23 13:27:11.105 25629 25629 I MIT_DBG : calling mediaRendererChanged()from onCreate (old = null)of NowPlayingActivity: RecivaRemoteBase
12-23 13:27:11.105 25629 25629 I MIT_DBG : inside mediaRendererChanged(), NowPlayingActivity: RecivaRemoteBase
12-23 13:27:11.115 25629 25629 I MIT_DBG : onTabChanged(tabID=nowplaying):receivaremote.MainActivity
12-23 13:27:11.115 25629 25629 I MIT_DBG : mediaRendererChanged() newOne!=null, NowPlayingActivity: RecivaRemoteBase
12-23 13:27:11.115 25629 25629 I MIT_DBG : updatePowerButton() of NowPlayingActivity: RecivaRemoteBase
12-23 13:27:11.115 25629 25629 I MIT_DBG : updatePowerButton() PowerOff, NowPlayingActivity: RecivaRemoteBase
12-23 13:27:11.125 25629 25629 I MIT_DBG : updateStationInfo(), return of NowPlayingActivity: RecivaRemoteBase
12-23 13:27:11.125 25629 25629 I MIT_DBG : mediaRendererChanged() newOne!=null, NowPlayingActivity: RecivaRemoteBase
12-23 13:27:11.125 25629 25629 I MIT_DBG : updatePowerButton() of NowPlayingActivity: RecivaRemoteBase
12-23 13:27:11.125 25629 25629 I MIT_DBG : updatePowerButton() PowerOff, NowPlayingActivity: RecivaRemoteBase
12-23 13:27:11.125 25629 25629 I MIT_DBG : updateStationInfo(), return of NowPlayingActivity: RecivaRemoteBase
12-23 13:27:11.135   495   949 V AlarmManager: waitForAlarm result :8
12-23 13:27:11.145   495   927 I ServiceKeeper: In getseinfo pid = 495 uid = 1000 seinfo= system
12-23 13:27:11.145   495   927 I ServiceKeeper: In getseinfo pid = 495 uid = 1000 seinfo= system
12-23 13:27:11.165   495   813 E Sensors : accelHandler -0.108973 0.168849 9.680669
12-23 13:27:11.255 25555 25605 W IdleConnectionHandler: Removing a connection that never existed!
12-23 13:27:11.255 25555 25605 W IdleConnectionHandler: Removing a connection that never existed!
12-23 13:27:11.255   495   949 V AlarmManager: waitForAlarm result :8
