12-23 13:44:00.017   495   495 V AlarmManager: (AppSync) com.sec.spp.push : 960(380)
12-23 13:44:00.017   495   495 V AlarmManager: (AppSync) com.sec.spp.push : 3600(3540)
12-23 13:44:00.017   495   495 V AlarmManager: (AppSync) android : 3780(3660)
12-23 13:44:00.017   495   495 V AlarmManager: (AppSync) com.google.android.gms : 480(1100)
12-23 13:44:00.017   495   495 V AlarmManager: (AppSync) com.facebook.katana : 900(120)
12-23 13:44:00.017   495   495 V AlarmManager: (AppSync) ### 8 added ###
12-23 13:44:00.027  1015  1015 D KeyguardUpdateMonitor: received broadcast android.intent.action.TIME_TICK
12-23 13:44:00.027  1015  1015 D KeyguardUpdateMonitor: handleTimeUpdate
12-23 13:44:00.047   495   927 I ServiceKeeper: In getseinfo pid = 495 uid = 1000 seinfo= system
12-23 13:44:00.067  1015  1015 D STATUSBAR-IconMerger: checkOverflow(240), More:false, Req:false Child:1
12-23 13:44:00.107  2406  2406 D accuweather: [MSC_Accu_Daemon]>>> WCS:95 [0:0] checkDay:true, UtilgetIsDay():true
12-23 13:44:00.107   495   949 V AlarmManager: waitForAlarm result :8
12-23 13:44:00.167   495   927 I ServiceKeeper: In getseinfo pid = 495 uid = 1000 seinfo= system
12-23 13:44:00.417   495   949 V AlarmManager: waitForAlarm result :8
12-23 13:44:00.417   495   945 D DisplayPowerController: applyLightSensorMeasurementSEC : mIsLockZone = true
12-23 13:44:00.437   495   927 I ServiceKeeper: In getseinfo pid = 495 uid = 1000 seinfo= system
12-23 13:44:00.447   495   927 I ServiceKeeper: In getseinfo pid = 495 uid = 1000 seinfo= system
12-23 13:44:00.707   495   949 V AlarmManager: waitForAlarm result :8
12-23 13:44:00.727   495   927 I ServiceKeeper: In getseinfo pid = 495 uid = 1000 seinfo= system
12-23 13:44:00.737   495   927 I ServiceKeeper: In getseinfo pid = 495 uid = 1000 seinfo= system
12-23 13:44:00.998   495   949 V AlarmManager: waitForAlarm result :4
12-23 13:44:01.018   495   949 V AlarmManager: trigger ELAPSED_REALTIME_WAKEUP or RTC_WAKEUP
12-23 13:44:01.028   495   949 V AlarmManager: waitForAlarm result :8
12-23 13:44:01.058 28250 29593 I MIT_DBG : deviceNotifyReceived()
12-23 13:44:01.058 28250 29593 I MIT_DBG : deviceNotifyReceived()
12-23 13:44:01.068   495   927 I ServiceKeeper: In getseinfo pid = 495 uid = 1000 seinfo= system
12-23 13:44:01.068   495   927 I ServiceKeeper: In getseinfo pid = 495 uid = 1000 seinfo= system
12-23 13:44:01.068   495   927 I ServiceKeeper: In getseinfo pid = 495 uid = 1000 seinfo= system
12-23 13:44:01.068   495   927 I ServiceKeeper: In getseinfo pid = 495 uid = 1000 seinfo= system
12-23 13:44:01.068   495   927 I ServiceKeeper: In getseinfo pid = 495 uid = 1000 seinfo= system
12-23 13:44:01.068   495   927 I ServiceKeeper: In getseinfo pid = 495 uid = 1000 seinfo= system
12-23 13:44:01.068  1451 30453 I SensorManagerA: getReportingMode :: sensor.mType = 1
12-23 13:44:01.068   495  6177 V Sensors : setDelay - sensor Accelerometer (handle 4), rate 10 ms (100.00 Hz)
12-23 13:44:01.078  1451 30453 D SensorManager: registerListener :: 4, MPL accel, 0, 0,  
12-23 13:44:01.078   495   927 I ServiceKeeper: In getseinfo pid = 495 uid = 1000 seinfo= system
12-23 13:44:01.078   495   927 I ServiceKeeper: In getseinfo pid = 495 uid = 1000 seinfo= system
12-23 13:44:01.078   495   927 I ServiceKeeper: In getseinfo pid = 495 uid = 1000 seinfo= system
12-23 13:44:01.088   495   813 E Sensors : activatePendingSensors : mEnabled = 10
12-23 13:44:01.088   495   813 E Sensors : requested_sensors(70) from kernel
12-23 13:44:01.088   495   813 I Sensors : Disabled 9 axis sensor fusion
12-23 13:44:01.088   495   813 I MPL-mldl_cfg_mpu:: inv_mpu_suspend(,,,,7fff) -> 0000
12-23 13:44:01.088   495   813 E Sensors : set fifo rate - divider : 1, delay : 10 ms (100.00 Hz)
12-23 13:44:01.088   495   813 I MPL-fifo: Actual ODR: 100000 mHz
12-23 13:44:01.098   495   813 V Sensors : Starting DMP
12-23 13:44:01.098   495   813 W MPL-9_sup: 9 axis sensor fusion not available - No compass detected.
12-23 13:44:01.098   495   813 I Sensors : Enabled 9 axis sensor fusion
12-23 13:44:01.108   495   813 I MPL-mldl_cfg_mpu:: inv_mpu_resume(,,,,0070) -> 0070
12-23 13:44:01.168   199   199 D AT_Distributor: Send Msg [UART > ATD] 1 bytes <>
12-23 13:44:01.308   495   949 V AlarmManager: waitForAlarm result :8
12-23 13:44:01.328   495   927 I ServiceKeeper: In getseinfo pid = 495 uid = 1000 seinfo= system
12-23 13:44:01.348   495   927 I ServiceKeeper: In getseinfo pid = 495 uid = 1000 seinfo= system
12-23 13:44:01.378  1015  1015 W Settings: Setting data_roaming has moved from android.provider.Settings.Secure to android.provider.Settings.Global.
12-23 13:44:01.388  1015  1015 D STATUSBAR-NetworkController: updateRomaingNotification DataRoaming:false mDataRoamingTypeForVZW : 0
12-23 13:44:01.388  1015  1015 D STATUSBAR-NetworkController: refreshSignalCluster - setNWBoosterIndicators(false)
12-23 13:44:01.388  1015  1015 D STATUSBAR-NetworkController: refreshSignalCluster: data=0 bt=false
12-23 13:44:01.418   495   813 E Sensors : accelHandler 0.649050 3.424878 9.278306
12-23 13:44:01.418  1015  1015 D STATUSBAR-IconMerger: checkOverflow(240), More:false, Req:false Child:1
12-23 13:44:01.608   495   949 V AlarmManager: waitForAlarm result :8
12-23 13:44:01.628   495   927 I ServiceKeeper: In getseinfo pid = 495 uid = 1000 seinfo= system
12-23 13:44:01.648   495   927 I ServiceKeeper: In getseinfo pid = 495 uid = 1000 seinfo= system
12-23 13:44:01.909   495   949 V AlarmManager: waitForAlarm result :8
12-23 13:44:01.919   495   813 E Sensors : accelHandler 0.626298 3.584147 9.213640
12-23 13:44:01.939   495   927 I ServiceKeeper: In getseinfo pid = 495 uid = 1000 seinfo= system
12-23 13:44:01.939   495   927 I ServiceKeeper: In getseinfo pid = 495 uid = 1000 seinfo= system
12-23 13:44:01.949 28250 29593 I MIT_DBG : deviceNotifyReceived()
12-23 13:44:01.989 28250 29593 I MIT_DBG : deviceNotifyReceived()
12-23 13:44:02.209   495   949 V AlarmManager: waitForAlarm result :8
12-23 13:44:02.229   495   927 I ServiceKeeper: In getseinfo pid = 495 uid = 1000 seinfo= system
12-23 13:44:02.239   495   927 I ServiceKeeper: In getseinfo pid = 495 uid = 1000 seinfo= system
12-23 13:44:02.429   495   813 E Sensors : accelHandler 0.781974 3.755391 9.104667
12-23 13:44:02.509   495   949 V AlarmManager: waitForAlarm result :8
12-23 13:44:02.549   495   927 I ServiceKeeper: In getseinfo pid = 495 uid = 1000 seinfo= system
12-23 13:44:02.549   495   927 I ServiceKeeper: In getseinfo pid = 495 uid = 1000 seinfo= system
12-23 13:44:02.810   495   949 V AlarmManager: waitForAlarm result :8
12-23 13:44:02.830   495   927 I ServiceKeeper: In getseinfo pid = 495 uid = 1000 seinfo= system
12-23 13:44:02.840   495   927 I ServiceKeeper: In getseinfo pid = 495 uid = 1000 seinfo= system
12-23 13:44:02.930   495   813 E Sensors : accelHandler 0.631088 3.610492 9.255553
12-23 13:44:03.110   495   949 V AlarmManager: waitForAlarm result :8
12-23 13:44:03.150   495   927 I ServiceKeeper: In getseinfo pid = 495 uid = 1000 seinfo= system
12-23 13:44:03.150   495   927 I ServiceKeeper: In getseinfo pid = 495 uid = 1000 seinfo= system
12-23 13:44:03.390  1015  1015 W Settings: Setting data_roaming has moved from android.provider.Settings.Secure to android.provider.Settings.Global.
12-23 13:44:03.390  1015  1015 D STATUSBAR-NetworkController: updateRomaingNotification DataRoaming:false mDataRoamingTypeForVZW : 0
12-23 13:44:03.390  1015  1015 D STATUSBAR-NetworkController: refreshSignalCluster - setNWBoosterIndicators(false)
12-23 13:44:03.390  1015  1015 D STATUSBAR-NetworkController: refreshSignalCluster: data=0 bt=false
12-23 13:44:03.400   495   949 V AlarmManager: waitForAlarm result :8
12-23 13:44:03.430   495   813 E Sensors : accelHandler 0.880170 3.768563 9.338181
12-23 13:44:03.430  1015  1015 D STATUSBAR-IconMerger: checkOverflow(240), More:false, Req:false Child:1
12-23 13:44:03.460   495   927 I ServiceKeeper: In getseinfo pid = 495 uid = 1000 seinfo= system
12-23 13:44:03.460   495   927 I ServiceKeeper: In getseinfo pid = 495 uid = 1000 seinfo= system
12-23 13:44:03.711   495   949 V AlarmManager: waitForAlarm result :8
12-23 13:44:03.721   495   927 I ServiceKeeper: In getseinfo pid = 495 uid = 1000 seinfo= system
12-23 13:44:03.741   495   927 I ServiceKeeper: In getseinfo pid = 495 uid = 1000 seinfo= system
12-23 13:44:03.931   495   813 E Sensors : accelHandler 1.144819 3.941005 9.314231
12-23 13:44:04.011   495   949 V AlarmManager: waitForAlarm result :8
12-23 13:44:04.021   495   927 I ServiceKeeper: In getseinfo pid = 495 uid = 1000 seinfo= system
12-23 13:44:04.031   495   927 I ServiceKeeper: In getseinfo pid = 495 uid = 1000 seinfo= system
12-23 13:44:04.131   495  2603 D SSRMv2:SIOP: SIOP:: AP = 340, Delta = 10
12-23 13:44:04.311   495   949 V AlarmManager: waitForAlarm result :8
12-23 13:44:04.321   495   927 I ServiceKeeper: In getseinfo pid = 495 uid = 1000 seinfo= system
12-23 13:44:04.331  1015  1015 D STATUSBAR-NetworkController: onSignalStrengthsChanged signalStrength=SignalStrength: 99 99 -96 -45 -120 -1 -1 19 -111 -16 -48 -1 2147483647 gsm|lte 0x1020 level=1
12-23 13:44:04.341  1015  1015 W Settings: Setting data_roaming has moved from android.provider.Settings.Secure to android.provider.Settings.Global.
12-23 13:44:04.351  1015  1015 D STATUSBAR-NetworkController: updateRomaingNotification DataRoaming:false mDataRoamingTypeForVZW : 0
12-23 13:44:04.361   495   927 I ServiceKeeper: In getseinfo pid = 495 uid = 1000 seinfo= system
12-23 13:44:04.411   495  1232 V Sensors : setDelay - sensor Accelerometer (handle 4), rate 200 ms (5.00 Hz)
12-23 13:44:04.411  1451 30453 D SensorManager: unregisterListener ::   
12-23 13:44:04.421   495   813 E Sensors : activatePendingSensors : mEnabled = 10
12-23 13:44:04.421   495   813 E Sensors : requested_sensors(70) from kernel
12-23 13:44:04.421   495   813 I Sensors : Disabled 9 axis sensor fusion
12-23 13:44:04.421   495   813 I MPL-mldl_cfg_mpu:: inv_mpu_suspend(,,,,7fff) -> 0000
12-23 13:44:04.421   495   813 E Sensors : set fifo rate - divider : 39, delay : 200 ms (5.00 Hz)
12-23 13:44:04.421   495   813 I MPL-fifo: Actual ODR: 5000 mHz
12-23 13:44:04.431  1015  1015 W Settings: Setting data_roaming has moved from android.provider.Settings.Secure to android.provider.Settings.Global.
12-23 13:44:04.431   495   813 V Sensors : Starting DMP
12-23 13:44:04.431   495   813 W MPL-9_sup: 9 axis sensor fusion not available - No compass detected.
12-23 13:44:04.431   495   813 I Sensors : Enabled 9 axis sensor fusion
12-23 13:44:04.431  1015  1015 D STATUSBAR-NetworkController: updateRomaingNotification DataRoaming:false mDataRoamingTypeForVZW : 0
12-23 13:44:04.431  1015  1015 D STATUSBAR-NetworkController: refreshSignalCluster - setNWBoosterIndicators(false)
12-23 13:44:04.431  1015  1015 D STATUSBAR-NetworkController: refreshSignalCluster: data=0 bt=false
12-23 13:44:04.441   495   813 I MPL-mldl_cfg_mpu:: inv_mpu_resume(,,,,0070) -> 0070
12-23 13:44:04.441   495   813 E Sensors : accelHandler 1.177152 4.067941 8.405321
12-23 13:44:04.451  1015  1015 D STATUSBAR-IconMerger: checkOverflow(240), More:false, Req:false Child:1
12-23 13:44:04.461   495   927 I ServiceKeeper: In getseinfo pid = 495 uid = 1000 seinfo= system
12-23 13:44:04.461   495   927 I ServiceKeeper: In getseinfo pid = 495 uid = 1000 seinfo= system
12-23 13:44:04.461   495   927 I ServiceKeeper: In getseinfo pid = 495 uid = 1000 seinfo= system
12-23 13:44:04.461   495   927 I ServiceKeeper: In getseinfo pid = 495 uid = 1000 seinfo= system
12-23 13:44:04.471   495   927 I ServiceKeeper: In getseinfo pid = 495 uid = 1000 seinfo= system
12-23 13:44:04.612   495   949 V AlarmManager: waitForAlarm result :8
12-23 13:44:04.622   495   927 I ServiceKeeper: In getseinfo pid = 495 uid = 1000 seinfo= system
12-23 13:44:04.642   495   927 I ServiceKeeper: In getseinfo pid = 495 uid = 1000 seinfo= system
12-23 13:44:04.912   495   949 V AlarmManager: waitForAlarm result :8
12-23 13:44:04.922   495   927 I ServiceKeeper: In getseinfo pid = 495 uid = 1000 seinfo= system
12-23 13:44:04.942   495   927 I ServiceKeeper: In getseinfo pid = 495 uid = 1000 seinfo= system
12-23 13:44:05.202   495   949 V AlarmManager: waitForAlarm result :8
12-23 13:44:05.222   495   927 I ServiceKeeper: In getseinfo pid = 495 uid = 1000 seinfo= system
12-23 13:44:05.242   495   927 I ServiceKeeper: In getseinfo pid = 495 uid = 1000 seinfo= system
12-23 13:44:05.463  1015  1015 W Settings: Setting data_roaming has moved from android.provider.Settings.Secure to android.provider.Settings.Global.
12-23 13:44:05.463  1015  1015 D STATUSBAR-NetworkController: updateRomaingNotification DataRoaming:false mDataRoamingTypeForVZW : 0
12-23 13:44:05.463  1015  1015 D STATUSBAR-NetworkController: refreshSignalCluster - setNWBoosterIndicators(false)
12-23 13:44:05.463  1015  1015 D STATUSBAR-NetworkController: refreshSignalCluster: data=0 bt=false
12-23 13:44:05.483  1015  1015 D STATUSBAR-IconMerger: checkOverflow(240), More:false, Req:false Child:1
12-23 13:44:05.503   495   949 V AlarmManager: waitForAlarm result :8
12-23 13:44:05.523   495   927 I ServiceKeeper: In getseinfo pid = 495 uid = 1000 seinfo= system
12-23 13:44:05.543   495   927 I ServiceKeeper: In getseinfo pid = 495 uid = 1000 seinfo= system
12-23 13:44:05.613  1015  1015 W Settings: Setting data_roaming has moved from android.provider.Settings.Secure to android.provider.Settings.Global.
12-23 13:44:05.613  1015  1015 D STATUSBAR-NetworkController: onSignalStrengthsChanged signalStrength=SignalStrength: 99 99 -96 -45 -120 -1 -1 19 -111 -16 -38 -1 2147483647 gsm|lte 0x1020 level=1
12-23 13:44:05.613  1015  1015 D STATUSBAR-NetworkController: updateRomaingNotification DataRoaming:false mDataRoamingTypeForVZW : 0
12-23 13:44:05.813   495   949 V AlarmManager: waitForAlarm result :8
12-23 13:44:05.853   495   927 I ServiceKeeper: In getseinfo pid = 495 uid = 1000 seinfo= system
12-23 13:44:05.853   495   927 I ServiceKeeper: In getseinfo pid = 495 uid = 1000 seinfo= system
12-23 13:44:06.113   495   949 V AlarmManager: waitForAlarm result :8
12-23 13:44:06.123   495   927 I ServiceKeeper: In getseinfo pid = 495 uid = 1000 seinfo= system
12-23 13:44:06.133   495   927 I ServiceKeeper: In getseinfo pid = 495 uid = 1000 seinfo= system
12-23 13:44:06.414   495   949 V AlarmManager: waitForAlarm result :8
12-23 13:44:06.424   495   927 I ServiceKeeper: In getseinfo pid = 495 uid = 1000 seinfo= system
12-23 13:44:06.444   495   927 I ServiceKeeper: In getseinfo pid = 495 uid = 1000 seinfo= system
12-23 13:44:06.484  1015  1015 W Settings: Setting data_roaming has moved from android.provider.Settings.Secure to android.provider.Settings.Global.
12-23 13:44:06.484  1015  1015 D STATUSBAR-NetworkController: updateRomaingNotification DataRoaming:false mDataRoamingTypeForVZW : 0
12-23 13:44:06.484  1015  1015 D STATUSBAR-NetworkController: refreshSignalCluster - setNWBoosterIndicators(false)
12-23 13:44:06.484  1015  1015 D STATUSBAR-NetworkController: refreshSignalCluster: data=0 bt=false
12-23 13:44:06.504  1015  1015 D STATUSBAR-IconMerger: checkOverflow(240), More:false, Req:false Child:1
12-23 13:44:06.714   495   949 V AlarmManager: waitForAlarm result :8
12-23 13:44:06.724   495   927 I ServiceKeeper: In getseinfo pid = 495 uid = 1000 seinfo= system
12-23 13:44:06.744   495   927 I ServiceKeeper: In getseinfo pid = 495 uid = 1000 seinfo= system
12-23 13:44:06.914  1015  1015 W Settings: Setting data_roaming has moved from android.provider.Settings.Secure to android.provider.Settings.Global.
12-23 13:44:06.914  1015  1015 D STATUSBAR-NetworkController: onSignalStrengthsChanged signalStrength=SignalStrength: 99 99 -96 -45 -120 -1 -1 18 -111 -15 -38 -1 2147483647 gsm|lte 0x1020 level=1
12-23 13:44:06.914  1015  1015 D STATUSBAR-NetworkController: updateRomaingNotification DataRoaming:false mDataRoamingTypeForVZW : 0
12-23 13:44:07.014   495   949 V AlarmManager: waitForAlarm result :8
12-23 13:44:07.064   495   927 I ServiceKeeper: In getseinfo pid = 495 uid = 1000 seinfo= system
12-23 13:44:07.064   495   927 I ServiceKeeper: In getseinfo pid = 495 uid = 1000 seinfo= system
12-23 13:44:07.304 28250 29605 I MIT_DBG : PPcontrolPoint start()->run()
12-23 13:44:07.304 28250 29605 I MIT_DBG : inside PPCP search
12-23 13:44:07.304   495   949 V AlarmManager: waitForAlarm result :8
12-23 13:44:07.345 28250 29593 I MIT_DBG : deviceNotifyReceived()
12-23 13:44:07.355 28250 29594 I MIT_DBG : deviceSearchResponseReceived() SSDPPacket = HTTP/1.1 200 OK
12-23 13:44:07.355 28250 29594 I MIT_DBG : CACHE-CONTROL:max-age=120
12-23 13:44:07.355 28250 29594 I MIT_DBG : DATE: Mon, 01 Apr 2002 08:07:50 GMT
12-23 13:44:07.355 28250 29594 I MIT_DBG : EXT:
12-23 13:44:07.355 28250 29594 I MIT_DBG : LOCATION:http://192.168.0.1:5678/igd.xml
12-23 13:44:07.355 28250 29594 I MIT_DBG : SERVER:Embedded UPnP/1.0
12-23 13:44:07.355 28250 29594 I MIT_DBG : ST:upnp:rootdevice
12-23 13:44:07.355 28250 29594 I MIT_DBG : USN:uuid:upnp-InternetGatewayDevice-1_0-12345678900001::upnp:rootdevice
12-23 13:44:07.355 28250 29594 I MIT_DBG : 
12-23 13:44:07.355   495   927 I ServiceKeeper: In getseinfo pid = 495 uid = 1000 seinfo= system
12-23 13:44:07.355   495   927 I ServiceKeeper: In getseinfo pid = 495 uid = 1000 seinfo= system
12-23 13:44:07.505  1015  1015 W Settings: Setting data_roaming has moved from android.provider.Settings.Secure to android.provider.Settings.Global.
12-23 13:44:07.505  1015  1015 D STATUSBAR-NetworkController: updateRomaingNotification DataRoaming:false mDataRoamingTypeForVZW : 0
12-23 13:44:07.505  1015  1015 D STATUSBAR-NetworkController: refreshSignalCluster - setNWBoosterIndicators(false)
12-23 13:44:07.505  1015  1015 D STATUSBAR-NetworkController: refreshSignalCluster: data=0 bt=false
12-23 13:44:07.515  1015  1015 D STATUSBAR-IconMerger: checkOverflow(240), More:false, Req:false Child:1
12-23 13:44:07.605   495   949 V AlarmManager: waitForAlarm result :8
12-23 13:44:07.625   495   927 I ServiceKeeper: In getseinfo pid = 495 uid = 1000 seinfo= system
12-23 13:44:07.635   495   927 I ServiceKeeper: In getseinfo pid = 495 uid = 1000 seinfo= system
12-23 13:44:07.905   495   949 V AlarmManager: waitForAlarm result :8
12-23 13:44:07.925   495   927 I ServiceKeeper: In getseinfo pid = 495 uid = 1000 seinfo= system
12-23 13:44:07.945   495   927 I ServiceKeeper: In getseinfo pid = 495 uid = 1000 seinfo= system
12-23 13:44:08.205   495   949 V AlarmManager: waitForAlarm result :8
12-23 13:44:08.246   495   927 I ServiceKeeper: In getseinfo pid = 495 uid = 1000 seinfo= system
12-23 13:44:08.246   495   927 I ServiceKeeper: In getseinfo pid = 495 uid = 1000 seinfo= system
12-23 13:44:08.256 28250 29594 I MIT_DBG : creating Device = 
12-23 13:44:08.256 28250 29594 I MIT_DBG : creating Device1 = 
12-23 13:44:08.256 28250 29594 I MIT_DBG : inside addDevice(dev), device == null
12-23 13:44:08.256 28250 29594 I MIT_DBG : inside addDevice(dev), device has ServerDevice
12-23 13:44:08.256 28250 29594 I MIT_DBG : deviceSearchResponseReceived() SSDPPacket = HTTP/1.1 200 OK
12-23 13:44:08.256 28250 29594 I MIT_DBG : ST: upnp:rootdevice
12-23 13:44:08.256 28250 29594 I MIT_DBG : EXT: 
12-23 13:44:08.256 28250 29594 I MIT_DBG : USN: uuid:6fece69c-4840-4bd9-91ec-8779b67a00ff::upnp:rootdevice
12-23 13:44:08.256 28250 29594 I MIT_DBG : SERVER: Reciva UPnP/1.0 Radio/1.0 DLNADOC/1.50
12-23 13:44:08.256 28250 29594 I MIT_DBG : CACHE-CONTROL: max-age=1800
12-23 13:44:08.256 28250 29594 I MIT_DBG : LOCATION: http://192.168.0.101:8050/6fece69c-4840-4bd9-91ec-8779b67a00ff/description.xml
12-23 13:44:08.256 28250 29594 I MIT_DBG : 
12-23 13:44:08.356 28250 29594 I MIT_DBG : inside addDevice(dev), device already exist, so updateservices for devUDN=uuid:6fece69c-4840-4bd9-91ec-8779b67a00ff
12-23 13:44:08.356 28250 29594 I MIT_DBG : inside addDevice(dev), device has ServerDevice
12-23 13:44:08.366 28250 29594 I MIT_DBG : deviceSearchResponseReceived() SSDPPacket = HTTP/1.1 200 OK
12-23 13:44:08.366 28250 29594 I MIT_DBG : ST: upnp:rootdevice
12-23 13:44:08.366 28250 29594 I MIT_DBG : EXT: 
12-23 13:44:08.366 28250 29594 I MIT_DBG : USN: uuid:adcb7d28-e146-490c-b523-d9acf306c4a4::upnp:rootdevice
12-23 13:44:08.366 28250 29594 I MIT_DBG : SERVER: Reciva UPnP/1.0 Radio/1.0 DLNADOC/1.50
12-23 13:44:08.366 28250 29594 I MIT_DBG : CACHE-CONTROL: max-age=1800
12-23 13:44:08.366 28250 29594 I MIT_DBG : LOCATION: http://192.168.0.104:8050/adcb7d28-e146-490c-b523-d9acf306c4a4/description.xml
12-23 13:44:08.366 28250 29594 I MIT_DBG : 
12-23 13:44:08.466 28250 29594 I MIT_DBG : inside addDevice(dev), device already exist, so updateservices for devUDN=uuid:adcb7d28-e146-490c-b523-d9acf306c4a4
12-23 13:44:08.466 28250 29594 I MIT_DBG : inside addDevice(dev), device has ServerDevice
12-23 13:44:08.476 28250 29594 I MIT_DBG : deviceSearchResponseReceived() SSDPPacket = HTTP/1.1 200 OK
12-23 13:44:08.476 28250 29594 I MIT_DBG : ST: upnp:rootdevice
12-23 13:44:08.476 28250 29594 I MIT_DBG : EXT: 
12-23 13:44:08.476 28250 29594 I MIT_DBG : USN: uuid:6fece69c-4840-4bd9-91ec-8779b67a00ff::upnp:rootdevice
12-23 13:44:08.476 28250 29594 I MIT_DBG : SERVER: Reciva UPnP/1.0 Radio/1.0 DLNADOC/1.50
12-23 13:44:08.476 28250 29594 I MIT_DBG : CACHE-CONTROL: max-age=1800
12-23 13:44:08.476 28250 29594 I MIT_DBG : LOCATION: http://192.168.0.101:8050/6fece69c-4840-4bd9-91ec-8779b67a00ff/description.xml
12-23 13:44:08.476 28250 29594 I MIT_DBG : 
12-23 13:44:08.506   495   949 V AlarmManager: waitForAlarm result :8
12-23 13:44:08.526   495   927 I ServiceKeeper: In getseinfo pid = 495 uid = 1000 seinfo= system
12-23 13:44:08.526   495   927 I ServiceKeeper: In getseinfo pid = 495 uid = 1000 seinfo= system
12-23 13:44:08.656 28250 28254 D dalvikvm: GC_CONCURRENT freed 4092K, 43% free 20817K/36328K, paused 6ms+3ms, total 117ms
12-23 13:44:08.656 28250 29594 D dalvikvm: WAIT_FOR_CONCURRENT_GC blocked 77ms
12-23 13:44:08.806 28250 29594 I MIT_DBG : inside addDevice(dev), device already exist, so updateservices for devUDN=uuid:6fece69c-4840-4bd9-91ec-8779b67a00ff
12-23 13:44:08.806   495   949 V AlarmManager: waitForAlarm result :8
12-23 13:44:08.826   495   927 I ServiceKeeper: In getseinfo pid = 495 uid = 1000 seinfo= system
12-23 13:44:08.826   495   927 I ServiceKeeper: In getseinfo pid = 495 uid = 1000 seinfo= system
12-23 13:44:08.826 28250 29594 I MIT_DBG : inside addDevice(dev), device has ServerDevice
12-23 13:44:08.826 28250 29594 I MIT_DBG : deviceSearchResponseReceived() SSDPPacket = HTTP/1.1 200 OK
12-23 13:44:08.826 28250 29594 I MIT_DBG : ST: upnp:rootdevice
12-23 13:44:08.826 28250 29594 I MIT_DBG : EXT: 
12-23 13:44:08.826 28250 29594 I MIT_DBG : USN: uuid:1d6947c6-7445-499f-826b-8565f491d708::upnp:rootdevice
12-23 13:44:08.826 28250 29594 I MIT_DBG : SERVER: Reciva UPnP/1.0 Radio/1.0 DLNADOC/1.50
12-23 13:44:08.826 28250 29594 I MIT_DBG : CACHE-CONTROL: max-age=1800
12-23 13:44:08.826 28250 29594 I MIT_DBG : LOCATION: http://192.168.0.106:8050/1d6947c6-7445-499f-826b-8565f491d708/description.xml
12-23 13:44:08.826 28250 29594 I MIT_DBG : 
12-23 13:44:09.116   495   949 V AlarmManager: waitForAlarm result :8
12-23 13:44:09.126   495   927 I ServiceKeeper: In getseinfo pid = 495 uid = 1000 seinfo= system
12-23 13:44:09.166   495   927 I ServiceKeeper: In getseinfo pid = 495 uid = 1000 seinfo= system
12-23 13:44:09.307 28250 29594 I MIT_DBG : inside addDevice(dev), device already exist, so updateservices for devUDN=uuid:1d6947c6-7445-499f-826b-8565f491d708
12-23 13:44:09.317 28250 29594 I MIT_DBG : inside addDevice(dev), device has ServerDevice
12-23 13:44:09.317 28250 29594 I MIT_DBG : deviceSearchResponseReceived() SSDPPacket = HTTP/1.1 200 OK
12-23 13:44:09.317 28250 29594 I MIT_DBG : ST: upnp:rootdevice
12-23 13:44:09.317 28250 29594 I MIT_DBG : EXT: 
12-23 13:44:09.317 28250 29594 I MIT_DBG : USN: uuid:adcb7d28-e146-490c-b523-d9acf306c4a4::upnp:rootdevice
12-23 13:44:09.317 28250 29594 I MIT_DBG : SERVER: Reciva UPnP/1.0 Radio/1.0 DLNADOC/1.50
12-23 13:44:09.317 28250 29594 I MIT_DBG : CACHE-CONTROL: max-age=1800
12-23 13:44:09.317 28250 29594 I MIT_DBG : LOCATION: http://192.168.0.104:8050/adcb7d28-e146-490c-b523-d9acf306c4a4/description.xml
12-23 13:44:09.317 28250 29594 I MIT_DBG : 
12-23 13:44:09.407   495   949 V AlarmManager: waitForAlarm result :8
12-23 13:44:09.427   495   927 I ServiceKeeper: In getseinfo pid = 495 uid = 1000 seinfo= system
12-23 13:44:09.427   495   927 I ServiceKeeper: In getseinfo pid = 495 uid = 1000 seinfo= system
12-23 13:44:09.457 28250 29594 I MIT_DBG : inside addDevice(dev), device already exist, so updateservices for devUDN=uuid:adcb7d28-e146-490c-b523-d9acf306c4a4
12-23 13:44:09.457 28250 29594 I MIT_DBG : inside addDevice(dev), device has ServerDevice
12-23 13:44:09.457 28250 29594 I MIT_DBG : deviceSearchResponseReceived() SSDPPacket = HTTP/1.1 200 OK
12-23 13:44:09.457 28250 29594 I MIT_DBG : ST: upnp:rootdevice
12-23 13:44:09.457 28250 29594 I MIT_DBG : EXT: 
12-23 13:44:09.457 28250 29594 I MIT_DBG : USN: uuid:1d6947c6-7445-499f-826b-8565f491d708::upnp:rootdevice
12-23 13:44:09.457 28250 29594 I MIT_DBG : SERVER: Reciva UPnP/1.0 Radio/1.0 DLNADOC/1.50
12-23 13:44:09.457 28250 29594 I MIT_DBG : CACHE-CONTROL: max-age=1800
12-23 13:44:09.457 28250 29594 I MIT_DBG : LOCATION: http://192.168.0.106:8050/1d6947c6-7445-499f-826b-8565f491d708/description.xml
12-23 13:44:09.457 28250 29594 I MIT_DBG : 
12-23 13:44:09.477   495   949 V AlarmManager: waitForAlarm result :4
12-23 13:44:09.487   495   927 I ServiceKeeper: In getseinfo pid = 495 uid = 1000 seinfo= system
12-23 13:44:09.487   495   927 I ServiceKeeper: In getseinfo pid = 495 uid = 1000 seinfo= system
12-23 13:44:09.487   495   927 I ServiceKeeper: In getseinfo pid = 495 uid = 1000 seinfo= system
12-23 13:44:09.487   495   927 I ServiceKeeper: In getseinfo pid = 495 uid = 1000 seinfo= system
12-23 13:44:09.487   495   949 V AlarmManager: trigger ELAPSED_REALTIME_WAKEUP or RTC_WAKEUP
12-23 13:44:09.497  1451 30460 I SensorManagerA: getReportingMode :: sensor.mType = 1
12-23 13:44:09.497   495  1170 V Sensors : setDelay - sensor Accelerometer (handle 4), rate 10 ms (100.00 Hz)
12-23 13:44:09.497  1451 30460 D SensorManager: registerListener :: 4, MPL accel, 0, 0,  
12-23 13:44:09.507   495   813 E Sensors : activatePendingSensors : mEnabled = 10
12-23 13:44:09.507   495   813 E Sensors : requested_sensors(70) from kernel
12-23 13:44:09.507   495   813 I Sensors : Disabled 9 axis sensor fusion
12-23 13:44:09.507   495   927 I ServiceKeeper: In getseinfo pid = 495 uid = 1000 seinfo= system
12-23 13:44:09.507   495   813 I MPL-mldl_cfg_mpu:: inv_mpu_suspend(,,,,7fff) -> 0000
12-23 13:44:09.507   495   813 E Sensors : set fifo rate - divider : 1, delay : 10 ms (100.00 Hz)
12-23 13:44:09.507   495   813 I MPL-fifo: Actual ODR: 100000 mHz
12-23 13:44:09.517   495   813 V Sensors : Starting DMP
12-23 13:44:09.517   495   813 W MPL-9_sup: 9 axis sensor fusion not available - No compass detected.
12-23 13:44:09.517   495   813 I Sensors : Enabled 9 axis sensor fusion
12-23 13:44:09.517   495   927 I ServiceKeeper: In getseinfo pid = 495 uid = 1000 seinfo= system
12-23 13:44:09.517   495   927 I ServiceKeeper: In getseinfo pid = 495 uid = 1000 seinfo= system
12-23 13:44:09.517   495   813 I MPL-mldl_cfg_mpu:: inv_mpu_resume(,,,,0070) -> 0070
12-23 13:44:09.617 28250 29594 I MIT_DBG : inside addDevice(dev), device already exist, so updateservices for devUDN=uuid:1d6947c6-7445-499f-826b-8565f491d708
12-23 13:44:09.617 28250 29594 I MIT_DBG : inside addDevice(dev), device has ServerDevice
12-23 13:44:09.617 28250 29594 I MIT_DBG : deviceSearchResponseReceived() SSDPPacket = HTTP/1.1 200 OK
12-23 13:44:09.617 28250 29594 I MIT_DBG : ST: upnp:rootdevice
12-23 13:44:09.617 28250 29594 I MIT_DBG : EXT: 
12-23 13:44:09.617 28250 29594 I MIT_DBG : USN: uuid:74293533-a15b-49ca-9ebf-8cb48f9d845c::upnp:rootdevice
12-23 13:44:09.617 28250 29594 I MIT_DBG : SERVER: Reciva UPnP/1.0 Radio/1.0 DLNADOC/1.50
12-23 13:44:09.617 28250 29594 I MIT_DBG : CACHE-CONTROL: max-age=1800
12-23 13:44:09.617 28250 29594 I MIT_DBG : LOCATION: http://192.168.0.103:8050/74293533-a15b-49ca-9ebf-8cb48f9d845c/description.xml
12-23 13:44:09.617 28250 29594 I MIT_DBG : 
12-23 13:44:09.707   495   949 V AlarmManager: waitForAlarm result :8
12-23 13:44:09.747   495   927 I ServiceKeeper: In getseinfo pid = 495 uid = 1000 seinfo= system
12-23 13:44:09.747   495   927 I ServiceKeeper: In getseinfo pid = 495 uid = 1000 seinfo= system
12-23 13:44:09.767   495   813 E Sensors : accelHandler 1.631008 4.381688 8.772957
12-23 13:44:09.787 28250 29594 I MIT_DBG : inside addDevice(dev), device already exist, so updateservices for devUDN=uuid:74293533-a15b-49ca-9ebf-8cb48f9d845c
12-23 13:44:09.787 28250 29594 I MIT_DBG : inside addDevice(dev), device has ServerDevice
12-23 13:44:09.787 28250 29594 I MIT_DBG : deviceSearchResponseReceived() SSDPPacket = HTTP/1.1 200 OK
12-23 13:44:09.787 28250 29594 I MIT_DBG : ST: upnp:rootdevice
12-23 13:44:09.787 28250 29594 I MIT_DBG : EXT: 
12-23 13:44:09.787 28250 29594 I MIT_DBG : USN: uuid:74293533-a15b-49ca-9ebf-8cb48f9d845c::upnp:rootdevice
12-23 13:44:09.787 28250 29594 I MIT_DBG : SERVER: Reciva UPnP/1.0 Radio/1.0 DLNADOC/1.50
12-23 13:44:09.787 28250 29594 I MIT_DBG : CACHE-CONTROL: max-age=1800
12-23 13:44:09.787 28250 29594 I MIT_DBG : LOCATION: http://192.168.0.103:8050/74293533-a15b-49ca-9ebf-8cb48f9d845c/description.xml
12-23 13:44:09.787 28250 29594 I MIT_DBG : 
12-23 13:44:10.007   495   949 V AlarmManager: waitForAlarm result :8
12-23 13:44:10.027   495   927 I ServiceKeeper: In getseinfo pid = 495 uid = 1000 seinfo= system
12-23 13:44:10.027   495   927 I ServiceKeeper: In getseinfo pid = 495 uid = 1000 seinfo= system
12-23 13:44:10.027 28250 29594 I MIT_DBG : inside addDevice(dev), device already exist, so updateservices for devUDN=uuid:74293533-a15b-49ca-9ebf-8cb48f9d845c
12-23 13:44:10.037 28250 29594 I MIT_DBG : inside addDevice(dev), device has ServerDevice
12-23 13:44:10.268   495   813 E Sensors : accelHandler 1.795067 4.381688 8.655601
12-23 13:44:10.308   495   949 V AlarmManager: waitForAlarm result :8
12-23 13:44:10.328   495   927 I ServiceKeeper: In getseinfo pid = 495 uid = 1000 seinfo= system
12-23 13:44:10.348   495   927 I ServiceKeeper: In getseinfo pid = 495 uid = 1000 seinfo= system
12-23 13:44:10.608   495   949 V AlarmManager: waitForAlarm result :8
12-23 13:44:10.638   495   927 I ServiceKeeper: In getseinfo pid = 495 uid = 1000 seinfo= system
12-23 13:44:10.638   495   927 I ServiceKeeper: In getseinfo pid = 495 uid = 1000 seinfo= system
12-23 13:44:10.738  1015  1015 W Settings: Setting data_roaming has moved from android.provider.Settings.Secure to android.provider.Settings.Global.
12-23 13:44:10.738  1015  1015 D STATUSBAR-NetworkController: onSignalStrengthsChanged signalStrength=SignalStrength: 99 99 -96 -45 -120 -1 -1 19 -111 -17 -38 -1 2147483647 gsm|lte 0x1020 level=1
12-23 13:44:10.738  1015  1015 D STATUSBAR-NetworkController: updateRomaingNotification DataRoaming:false mDataRoamingTypeForVZW : 0
12-23 13:44:10.778   495   813 E Sensors : accelHandler 1.719624 4.346961 8.723859
12-23 13:44:10.908   495   949 V AlarmManager: waitForAlarm result :8
12-23 13:44:10.928   495   927 I ServiceKeeper: In getseinfo pid = 495 uid = 1000 seinfo= system
12-23 13:44:10.948   495   927 I ServiceKeeper: In getseinfo pid = 495 uid = 1000 seinfo= system
12-23 13:44:11.189 28250 29593 I MIT_DBG : deviceNotifyReceived()
12-23 13:44:11.199 28250 29593 I MIT_DBG : deviceNotifyReceived()
12-23 13:44:11.209   495   949 V AlarmManager: waitForAlarm result :8
12-23 13:44:11.229   495   927 I ServiceKeeper: In getseinfo pid = 495 uid = 1000 seinfo= system
12-23 13:44:11.229   495   927 I ServiceKeeper: In getseinfo pid = 495 uid = 1000 seinfo= system
12-23 13:44:11.239 28250 29593 I MIT_DBG : deviceNotifyReceived()
12-23 13:44:11.239 28250 29593 I MIT_DBG : deviceNotifyReceived()
12-23 13:44:11.239 28250 29593 I MIT_DBG : deviceNotifyReceived()
12-23 13:44:11.249 28250 29593 I MIT_DBG : deviceNotifyReceived()
12-23 13:44:11.249 28250 29593 I MIT_DBG : deviceNotifyReceived()
12-23 13:44:11.249 28250 29593 I MIT_DBG : deviceNotifyReceived()
12-23 13:44:11.249 28250 29593 I MIT_DBG : deviceNotifyReceived()
12-23 13:44:11.259 28250 29593 I MIT_DBG : deviceNotifyReceived()
12-23 13:44:11.259 28250 29593 I MIT_DBG : deviceNotifyReceived()
12-23 13:44:11.269 28250 29593 I MIT_DBG : deviceNotifyReceived()
12-23 13:44:11.269 28250 29593 I MIT_DBG : deviceNotifyReceived()
12-23 13:44:11.279   495   813 E Sensors : accelHandler 1.635798 4.449946 8.746612
12-23 13:44:11.509   495   949 V AlarmManager: waitForAlarm result :8
12-23 13:44:11.549   495   927 I ServiceKeeper: In getseinfo pid = 495 uid = 1000 seinfo= system
12-23 13:44:11.559  1015  1015 W Settings: Setting data_roaming has moved from android.provider.Settings.Secure to android.provider.Settings.Global.
12-23 13:44:11.559  1015  1015 D STATUSBAR-NetworkController: updateRomaingNotification DataRoaming:false mDataRoamingTypeForVZW : 0
12-23 13:44:11.559  1015  1015 D STATUSBAR-NetworkController: refreshSignalCluster - setNWBoosterIndicators(false)
12-23 13:44:11.559  1015  1015 D STATUSBAR-NetworkController: refreshSignalCluster: data=0 bt=false
12-23 13:44:11.569   495   927 I ServiceKeeper: In getseinfo pid = 495 uid = 1000 seinfo= system
12-23 13:44:11.579  1015  1015 D STATUSBAR-IconMerger: checkOverflow(240), More:false, Req:false Child:1
12-23 13:44:11.789   495   813 E Sensors : accelHandler 1.719624 4.555327 8.559800
12-23 13:44:11.809   495   949 V AlarmManager: waitForAlarm result :8
12-23 13:44:11.829   495   927 I ServiceKeeper: In getseinfo pid = 495 uid = 1000 seinfo= system
12-23 13:44:11.849   495   927 I ServiceKeeper: In getseinfo pid = 495 uid = 1000 seinfo= system
12-23 13:44:12.030  1015  1015 W Settings: Setting data_roaming has moved from android.provider.Settings.Secure to android.provider.Settings.Global.
12-23 13:44:12.030  1015  1015 D STATUSBAR-NetworkController: onSignalStrengthsChanged signalStrength=SignalStrength: 99 99 -96 -45 -120 -1 -1 18 -111 -15 -38 -1 2147483647 gsm|lte 0x1020 level=1
12-23 13:44:12.030  1015  1015 D STATUSBAR-NetworkController: updateRomaingNotification DataRoaming:false mDataRoamingTypeForVZW : 0
12-23 13:44:12.110   495   949 V AlarmManager: waitForAlarm result :8
12-23 13:44:12.130   495   927 I ServiceKeeper: In getseinfo pid = 495 uid = 1000 seinfo= system
12-23 13:44:12.130   495   927 I ServiceKeeper: In getseinfo pid = 495 uid = 1000 seinfo= system
12-23 13:44:12.300   495   813 E Sensors : accelHandler 1.987866 4.709806 8.493937
12-23 13:44:12.410   495   949 V AlarmManager: waitForAlarm result :8
12-23 13:44:12.450   495   927 I ServiceKeeper: In getseinfo pid = 495 uid = 1000 seinfo= system
12-23 13:44:12.450   495   927 I ServiceKeeper: In getseinfo pid = 495 uid = 1000 seinfo= system
12-23 13:44:12.580  1015  1015 W Settings: Setting data_roaming has moved from android.provider.Settings.Secure to android.provider.Settings.Global.
12-23 13:44:12.580  1015  1015 D STATUSBAR-NetworkController: updateRomaingNotification DataRoaming:false mDataRoamingTypeForVZW : 0
12-23 13:44:12.580  1015  1015 D STATUSBAR-NetworkController: refreshSignalCluster - setNWBoosterIndicators(false)
12-23 13:44:12.580  1015  1015 D STATUSBAR-NetworkController: refreshSignalCluster: data=0 bt=false
12-23 13:44:12.620  1015  1015 D STATUSBAR-IconMerger: checkOverflow(240), More:false, Req:false Child:1
12-23 13:44:12.710   495   949 V AlarmManager: waitForAlarm result :8
12-23 13:44:12.730   495   927 I ServiceKeeper: In getseinfo pid = 495 uid = 1000 seinfo= system
12-23 13:44:12.750   495   927 I ServiceKeeper: In getseinfo pid = 495 uid = 1000 seinfo= system
12-23 13:44:12.800   495   813 E Sensors : accelHandler 2.086062 4.712201 8.393346
12-23 13:44:12.830   495  1535 V Sensors : setDelay - sensor Accelerometer (handle 4), rate 200 ms (5.00 Hz)
12-23 13:44:12.830  1451 30460 D SensorManager: unregisterListener ::   
12-23 13:44:12.830   495   813 E Sensors : activatePendingSensors : mEnabled = 10
12-23 13:44:12.830   495   813 E Sensors : requested_sensors(70) from kernel
12-23 13:44:12.830   495   813 I Sensors : Disabled 9 axis sensor fusion
12-23 13:44:12.830   495   813 I MPL-mldl_cfg_mpu:: inv_mpu_suspend(,,,,7fff) -> 0000
12-23 13:44:12.830   495   813 E Sensors : set fifo rate - divider : 39, delay : 200 ms (5.00 Hz)
12-23 13:44:12.830   495   813 I MPL-fifo: Actual ODR: 5000 mHz
12-23 13:44:12.840   495   813 V Sensors : Starting DMP
12-23 13:44:12.840   495   813 W MPL-9_sup: 9 axis sensor fusion not available - No compass detected.
12-23 13:44:12.840   495   813 I Sensors : Enabled 9 axis sensor fusion
12-23 13:44:12.840   495   927 I ServiceKeeper: In getseinfo pid = 495 uid = 1000 seinfo= system
12-23 13:44:12.840   495   927 I ServiceKeeper: In getseinfo pid = 495 uid = 1000 seinfo= system
12-23 13:44:12.840   495   927 I ServiceKeeper: In getseinfo pid = 495 uid = 1000 seinfo= system
12-23 13:44:12.840   495   927 I ServiceKeeper: In getseinfo pid = 495 uid = 1000 seinfo= system
12-23 13:44:12.840   495   813 I MPL-mldl_cfg_mpu:: inv_mpu_resume(,,,,0070) -> 0070
12-23 13:44:12.870   495   927 I ServiceKeeper: In getseinfo pid = 495 uid = 1000 seinfo= system
12-23 13:44:13.011   495   949 V AlarmManager: waitForAlarm result :8
12-23 13:44:13.021   495   927 I ServiceKeeper: In getseinfo pid = 495 uid = 1000 seinfo= system
12-23 13:44:13.041   495   927 I ServiceKeeper: In getseinfo pid = 495 uid = 1000 seinfo= system
12-23 13:44:13.311   495   949 V AlarmManager: waitForAlarm result :8
12-23 13:44:13.321   495   927 I ServiceKeeper: In getseinfo pid = 495 uid = 1000 seinfo= system
12-23 13:44:13.331   495   927 I ServiceKeeper: In getseinfo pid = 495 uid = 1000 seinfo= system
12-23 13:44:13.601   495   949 V AlarmManager: waitForAlarm result :8
12-23 13:44:13.611  1015  1015 W Settings: Setting data_roaming has moved from android.provider.Settings.Secure to android.provider.Settings.Global.
12-23 13:44:13.611  1015  1015 D STATUSBAR-NetworkController: updateRomaingNotification DataRoaming:false mDataRoamingTypeForVZW : 0
12-23 13:44:13.611  1015  1015 D STATUSBAR-NetworkController: refreshSignalCluster - setNWBoosterIndicators(false)
12-23 13:44:13.611  1015  1015 D STATUSBAR-NetworkController: refreshSignalCluster: data=0 bt=false
12-23 13:44:13.621  1015  1015 D STATUSBAR-IconMerger: checkOverflow(240), More:false, Req:false Child:1
12-23 13:44:13.641   495   927 I ServiceKeeper: In getseinfo pid = 495 uid = 1000 seinfo= system
12-23 13:44:13.641   495   927 I ServiceKeeper: In getseinfo pid = 495 uid = 1000 seinfo= system
12-23 13:44:13.912   495   949 V AlarmManager: waitForAlarm result :8
12-23 13:44:13.952   495   927 I ServiceKeeper: In getseinfo pid = 495 uid = 1000 seinfo= system
12-23 13:44:13.952   495   927 I ServiceKeeper: In getseinfo pid = 495 uid = 1000 seinfo= system
12-23 13:44:14.182   495  2603 D SSRMv2:SIOP: SIOP:: AP = 340, Delta = 0
12-23 13:44:14.202   495   949 V AlarmManager: waitForAlarm result :8
12-23 13:44:14.222   495   927 I ServiceKeeper: In getseinfo pid = 495 uid = 1000 seinfo= system
12-23 13:44:14.242   495   927 I ServiceKeeper: In getseinfo pid = 495 uid = 1000 seinfo= system
12-23 13:44:14.512   495   949 V AlarmManager: waitForAlarm result :8
12-23 13:44:14.522   495   927 I ServiceKeeper: In getseinfo pid = 495 uid = 1000 seinfo= system
12-23 13:44:14.532   495   927 I ServiceKeeper: In getseinfo pid = 495 uid = 1000 seinfo= system
12-23 13:44:14.813   495   949 V AlarmManager: waitForAlarm result :8
12-23 13:44:14.823   495   927 I ServiceKeeper: In getseinfo pid = 495 uid = 1000 seinfo= system
12-23 13:44:14.843   495   927 I ServiceKeeper: In getseinfo pid = 495 uid = 1000 seinfo= system
12-23 13:44:15.103   495   949 V AlarmManager: waitForAlarm result :8
12-23 13:44:15.123   495   927 I ServiceKeeper: In getseinfo pid = 495 uid = 1000 seinfo= system
12-23 13:44:15.133   495   927 I ServiceKeeper: In getseinfo pid = 495 uid = 1000 seinfo= system
12-23 13:44:15.413   495   949 V AlarmManager: waitForAlarm result :8
12-23 13:44:15.423   495   927 I ServiceKeeper: In getseinfo pid = 495 uid = 1000 seinfo= system
12-23 13:44:15.443   495   927 I ServiceKeeper: In getseinfo pid = 495 uid = 1000 seinfo= system
12-23 13:44:15.623  1015  1015 W Settings: Setting data_roaming has moved from android.provider.Settings.Secure to android.provider.Settings.Global.
12-23 13:44:15.623  1015  1015 D STATUSBAR-NetworkController: updateRomaingNotification DataRoaming:false mDataRoamingTypeForVZW : 0
12-23 13:44:15.623  1015  1015 D STATUSBAR-NetworkController: refreshSignalCluster - setNWBoosterIndicators(false)
12-23 13:44:15.623  1015  1015 D STATUSBAR-NetworkController: refreshSignalCluster: data=0 bt=false
12-23 13:44:15.643  1015  1015 D STATUSBAR-IconMerger: checkOverflow(240), More:false, Req:false Child:1
12-23 13:44:15.713   495   949 V AlarmManager: waitForAlarm result :8
12-23 13:44:15.733   495   927 I ServiceKeeper: In getseinfo pid = 495 uid = 1000 seinfo= system
12-23 13:44:15.733   495   927 I ServiceKeeper: In getseinfo pid = 495 uid = 1000 seinfo= system
12-23 13:44:15.994 28250 29593 I MIT_DBG : deviceNotifyReceived()
12-23 13:44:15.994 28250 29593 I MIT_DBG : deviceNotifyReceived()
12-23 13:44:16.004   495   949 V AlarmManager: waitForAlarm result :8
12-23 13:44:16.024   495   927 I ServiceKeeper: In getseinfo pid = 495 uid = 1000 seinfo= system
12-23 13:44:16.034   495   927 I ServiceKeeper: In getseinfo pid = 495 uid = 1000 seinfo= system
12-23 13:44:16.314   495   949 V AlarmManager: waitForAlarm result :8
12-23 13:44:16.324   495   927 I ServiceKeeper: In getseinfo pid = 495 uid = 1000 seinfo= system
12-23 13:44:16.334   495   927 I ServiceKeeper: In getseinfo pid = 495 uid = 1000 seinfo= system
12-23 13:44:16.614   495   949 V AlarmManager: waitForAlarm result :8
12-23 13:44:16.624   495   927 I ServiceKeeper: In getseinfo pid = 495 uid = 1000 seinfo= system
12-23 13:44:16.644  1015  1015 W Settings: Setting data_roaming has moved from android.provider.Settings.Secure to android.provider.Settings.Global.
12-23 13:44:16.644  1015  1015 D STATUSBAR-NetworkController: updateRomaingNotification DataRoaming:false mDataRoamingTypeForVZW : 0
12-23 13:44:16.644  1015  1015 D STATUSBAR-NetworkController: refreshSignalCluster - setNWBoosterIndicators(false)
12-23 13:44:16.644  1015  1015 D STATUSBAR-NetworkController: refreshSignalCluster: data=0 bt=false
12-23 13:44:16.664  1015  1015 D STATUSBAR-IconMerger: checkOverflow(240), More:false, Req:false Child:1
12-23 13:44:16.674   495   927 I ServiceKeeper: In getseinfo pid = 495 uid = 1000 seinfo= system
12-23 13:44:16.915   495   949 V AlarmManager: waitForAlarm result :8
12-23 13:44:16.925   495   927 I ServiceKeeper: In getseinfo pid = 495 uid = 1000 seinfo= system
12-23 13:44:16.935   495   927 I ServiceKeeper: In getseinfo pid = 495 uid = 1000 seinfo= system
12-23 13:44:17.145  1015  1015 W Settings: Setting data_roaming has moved from android.provider.Settings.Secure to android.provider.Settings.Global.
12-23 13:44:17.145  1015  1015 D STATUSBAR-NetworkController: onSignalStrengthsChanged signalStrength=SignalStrength: 99 99 -96 -45 -120 -1 -1 19 -109 -16 -38 -1 2147483647 gsm|lte 0x1020 level=1
12-23 13:44:17.145  1015  1015 D STATUSBAR-NetworkController: updateRomaingNotification DataRoaming:false mDataRoamingTypeForVZW : 0
12-23 13:44:17.205   495   949 V AlarmManager: waitForAlarm result :8
12-23 13:44:17.225   495   927 I ServiceKeeper: In getseinfo pid = 495 uid = 1000 seinfo= system
12-23 13:44:17.225   495   927 I ServiceKeeper: In getseinfo pid = 495 uid = 1000 seinfo= system
12-23 13:44:17.515   495   949 V AlarmManager: waitForAlarm result :8
12-23 13:44:17.525   495   927 I ServiceKeeper: In getseinfo pid = 495 uid = 1000 seinfo= system
12-23 13:44:17.535   495   927 I ServiceKeeper: In getseinfo pid = 495 uid = 1000 seinfo= system
12-23 13:44:17.676  1015  1015 W Settings: Setting data_roaming has moved from android.provider.Settings.Secure to android.provider.Settings.Global.
12-23 13:44:17.676  1015  1015 D STATUSBAR-NetworkController: updateRomaingNotification DataRoaming:false mDataRoamingTypeForVZW : 0
12-23 13:44:17.676  1015  1015 D STATUSBAR-NetworkController: refreshSignalCluster - setNWBoosterIndicators(false)
12-23 13:44:17.676  1015  1015 D STATUSBAR-NetworkController: refreshSignalCluster: data=0 bt=false
12-23 13:44:17.696  1015  1015 D STATUSBAR-IconMerger: checkOverflow(240), More:false, Req:false Child:1
12-23 13:44:17.806   495   949 V AlarmManager: waitForAlarm result :8
12-23 13:44:17.826   495   927 I ServiceKeeper: In getseinfo pid = 495 uid = 1000 seinfo= system
12-23 13:44:17.846   495   927 I ServiceKeeper: In getseinfo pid = 495 uid = 1000 seinfo= system
12-23 13:44:17.866   495   949 V AlarmManager: waitForAlarm result :4
12-23 13:44:17.886   495   949 V AlarmManager: trigger ELAPSED_REALTIME_WAKEUP or RTC_WAKEUP
12-23 13:44:17.896   495   927 I ServiceKeeper: In getseinfo pid = 495 uid = 1000 seinfo= system
12-23 13:44:17.896   495   927 I ServiceKeeper: In getseinfo pid = 495 uid = 1000 seinfo= system
12-23 13:44:17.896   495   927 I ServiceKeeper: In getseinfo pid = 495 uid = 1000 seinfo= system
12-23 13:44:17.926  1451 30467 I SensorManagerA: getReportingMode :: sensor.mType = 1
12-23 13:44:17.926   495  1324 V Sensors : setDelay - sensor Accelerometer (handle 4), rate 10 ms (100.00 Hz)
12-23 13:44:17.926  1451 30467 D SensorManager: registerListener :: 4, MPL accel, 0, 0,  
12-23 13:44:17.926   495   927 I ServiceKeeper: In getseinfo pid = 495 uid = 1000 seinfo= system
12-23 13:44:17.946   495   813 E Sensors : activatePendingSensors : mEnabled = 10
12-23 13:44:17.946   495   813 E Sensors : requested_sensors(70) from kernel
12-23 13:44:17.946   495   813 I Sensors : Disabled 9 axis sensor fusion
12-23 13:44:17.946   495   813 I MPL-mldl_cfg_mpu:: inv_mpu_suspend(,,,,7fff) -> 0000
12-23 13:44:17.946   495   813 E Sensors : set fifo rate - divider : 1, delay : 10 ms (100.00 Hz)
12-23 13:44:17.946   495   813 I MPL-fifo: Actual ODR: 100000 mHz
12-23 13:44:17.946   495   927 I ServiceKeeper: In getseinfo pid = 495 uid = 1000 seinfo= system
12-23 13:44:17.946   495   927 I ServiceKeeper: In getseinfo pid = 495 uid = 1000 seinfo= system
12-23 13:44:17.946   495   927 I ServiceKeeper: In getseinfo pid = 495 uid = 1000 seinfo= system
12-23 13:44:17.956   495   813 V Sensors : Starting DMP
12-23 13:44:17.956   495   813 W MPL-9_sup: 9 axis sensor fusion not available - No compass detected.
12-23 13:44:17.956   495   813 I Sensors : Enabled 9 axis sensor fusion
12-23 13:44:17.966   495   813 I MPL-mldl_cfg_mpu:: inv_mpu_resume(,,,,0070) -> 0070
12-23 13:44:18.106   495   949 V AlarmManager: waitForAlarm result :8
12-23 13:44:18.126   495   927 I ServiceKeeper: In getseinfo pid = 495 uid = 1000 seinfo= system
12-23 13:44:18.136   495   927 I ServiceKeeper: In getseinfo pid = 495 uid = 1000 seinfo= system
12-23 13:44:18.166   495   813 E Sensors : accelHandler 2.357897 9.018446 -3.745811
12-23 13:44:18.406   495   949 V AlarmManager: waitForAlarm result :8
12-23 13:44:18.426  1015  1015 W Settings: Setting data_roaming has moved from android.provider.Settings.Secure to android.provider.Settings.Global.
12-23 13:44:18.426  1015  1015 D STATUSBAR-NetworkController: onSignalStrengthsChanged signalStrength=SignalStrength: 99 99 -96 -45 -120 -1 -1 18 -109 -16 -38 -1 2147483647 gsm|lte 0x1020 level=1
12-23 13:44:18.436  1015  1015 D STATUSBAR-NetworkController: updateRomaingNotification DataRoaming:false mDataRoamingTypeForVZW : 0
12-23 13:44:18.476   495   927 I ServiceKeeper: In getseinfo pid = 495 uid = 1000 seinfo= system
12-23 13:44:18.476   495   927 I ServiceKeeper: In getseinfo pid = 495 uid = 1000 seinfo= system
12-23 13:44:18.687   495   813 E Sensors : accelHandler 11.527229 0.541274 -5.513335
12-23 13:44:18.707   495   949 V AlarmManager: waitForAlarm result :8
12-23 13:44:18.717   495   927 I ServiceKeeper: In getseinfo pid = 495 uid = 1000 seinfo= system
12-23 13:44:18.727   495   927 I ServiceKeeper: In getseinfo pid = 495 uid = 1000 seinfo= system
12-23 13:44:19.007   495   949 V AlarmManager: waitForAlarm result :8
12-23 13:44:19.047   495   927 I ServiceKeeper: In getseinfo pid = 495 uid = 1000 seinfo= system
12-23 13:44:19.047   495   927 I ServiceKeeper: In getseinfo pid = 495 uid = 1000 seinfo= system
12-23 13:44:19.117   495   945 D PowerManagerService: [s] UserActivityState : 1 -> 2
12-23 13:44:19.117   495   945 D DisplayPowerController: animation target = 20 (PSM:true, AB limit:(-1 ~ -1) MB Limit:(-1 ~ -1) MAdj:(0, (0, 255)))
12-23 13:44:19.117   495   945 D PowerManagerService: [s] mDisplayPowerControllerCallbacks : onStateChanged()
12-23 13:44:19.127   495  1894 D lights  : lcd : 56 +
12-23 13:44:19.127   495  1894 D lights  : lcd : 56 -
12-23 13:44:19.137   495  1029 D lights  : lcd : 22 +
12-23 13:44:19.157   495   945 D RampAnimator: Light Animator Finished currentValue=20
12-23 13:44:19.167   495  1029 D lights  : lcd : 22 -
12-23 13:44:19.167   495  1029 D lights  : lcd : 20 +
