12-23 13:27:21.606  1015  1015 D KeyguardUpdateMonitor: handleKeyguardVisibilityChanged(1)
12-23 13:27:21.606  1015  1015 D KeyguardUpdateMonitor: handleKeyguardVisibilityChanged(1)
12-23 13:27:21.606   495  4439 D PowerManagerService: [api] setUserActivityTimeoutOverrideFromWindowManagerInternal: timeoutMillis: -1
12-23 13:27:21.606   495  4439 D PowerManagerService: [s] getScreenOffTimeoutLocked: 10000 -> 30000
12-23 13:27:21.606   495  4439 D PowerManagerService: [api] setScreenDimDurationOverrideFromWindowManagerInternal: timeoutMillis: -1
12-23 13:27:21.606   495  4439 D PowerManagerService: [api] setButtonTimeoutOverrideFromWindowManagerInternal: timeoutMillis: -1
12-23 13:27:21.616  1015  1015 D KeyguardUpdateMonitor: handleKeyguardVisibilityChanged(1)
12-23 13:27:21.616  1015  1015 D PhoneStatusBar: setSemiTransparentMode=false, mTransparentMode=true, mSemiTransparentMode=false, mMultiWindowMode=false
12-23 13:27:21.616   495   506 D ActivityManager: resume name com.sec.android.app.launcher/com.android.launcher2.Launcher
12-23 13:27:21.616   495   506 I ServiceKeeper: In getseinfo pid = 495 uid = 1000 seinfo= system
12-23 13:27:21.616  1015  1015 D KeyguardUpdateMonitor: handleKeyguardVisibilityChanged(1)
12-23 13:27:21.626  1015  1015 D PhoneStatusBar: disable: < expand* icons alerts ticker* system_info back* home* recent* clock search >
12-23 13:27:21.626  1015  1015 D KeyguardHostView: Window is unfocused
12-23 13:27:21.626  1015  1015 D KeyguardHostView: isPreloadedWallpaper=true
12-23 13:27:21.626  1015  1015 D PhoneStatusBar: setTransGradationMode=false, mTransparentMode=false, mSemiTransparentMode=false, mMultiWindowMode=false
12-23 13:27:21.626  1015  1015 D PhoneStatusBar: disable(): knoxCustomManager = android.app.enterprise.knoxcustom.KnoxCustomManager@4250f170
12-23 13:27:21.626   495  1577 D StatusBarManagerService: tr p:1015,o:f
12-23 13:27:21.636   495   911 I SpenGestureManager: setFocusWindow21010
12-23 13:27:21.636  1015  8910 D KeyguardUpdateMonitor: sendKeyguardVisibilityChanged(true)
12-23 13:27:21.646  1015  1710 D KeyguardUpdateMonitor: sendKeyguardVisibilityChanged(true)
12-23 13:27:21.646   495   927 I ServiceKeeper: In getseinfo pid = 495 uid = 1000 seinfo= system
12-23 13:27:21.646   495   927 I ServiceKeeper: In getseinfo pid = 495 uid = 1000 seinfo= system
12-23 13:27:21.646  1015  9551 D KeyguardUpdateMonitor: sendKeyguardVisibilityChanged(true)
12-23 13:27:21.656   495   911 D PointerIcon: setMouseIconStyle1 pointerType: 1001iconType:101 flag:0
12-23 13:27:21.656   495   911 D PointerIcon: setMouseCustomIcon IconType is same.101
12-23 13:27:21.666  1015  9499 D KeyguardUpdateMonitor: sendKeyguardVisibilityChanged(true)
12-23 13:27:21.676  1015  7769 D KeyguardUpdateMonitor: sendKeyguardVisibilityChanged(true)
12-23 13:27:21.676   495  1324 W InputMethodManagerService: Window already focused, ignoring focus gain of: com.android.internal.view.IInputMethodClient$Stub$Proxy@43f9b7a8 attribute=android.view.inputmethod.EditorInfo@431d4a08, token = android.os.BinderProxy@434d5850
12-23 13:27:21.696 21184 21184 D Mms/UIEventReceiver: ui event
12-23 13:27:21.696  1015  1015 D KeyguardUpdateMonitor: handleKeyguardVisibilityChanged(1)
12-23 13:27:21.696  1015  1015 D KeyguardUpdateMonitor: handleKeyguardVisibilityChanged(1)
12-23 13:27:21.706  1015  1015 D KeyguardUpdateMonitor: handleKeyguardVisibilityChanged(1)
12-23 13:27:21.736  1015  1015 W Settings: Setting data_roaming has moved from android.provider.Settings.Secure to android.provider.Settings.Global.
12-23 13:27:21.736  1015  1015 D KeyguardUpdateMonitor: handleKeyguardVisibilityChanged(1)
12-23 13:27:21.736  1015  1015 D KeyguardUpdateMonitor: handleKeyguardVisibilityChanged(1)
12-23 13:27:21.736  1015  1015 D STATUSBAR-NetworkController: updateRomaingNotification DataRoaming:false mDataRoamingTypeForVZW : 0
12-23 13:27:21.736  1015  1015 D STATUSBAR-NetworkController: refreshSignalCluster - setNWBoosterIndicators(false)
12-23 13:27:21.736  1015  1015 D STATUSBAR-NetworkController: refreshSignalCluster: data=0 bt=false
12-23 13:27:21.746  1015  1015 D STATUSBAR-IconMerger: checkOverflow(240), More:false, Req:false Child:2
12-23 13:27:21.826  2341  2341 W ContextImpl: Implicit intents with startService are not safe: Intent { act=alarmclock.action.startservice } android.content.ContextWrapper.startService:506 android.content.ContextWrapper.startService:506 com.sec.android.widgetapp.alarmclock.ClockAlarmWidgetProvider.onReceive:139 
12-23 13:27:21.856  1015  7323 D KeyguardUpdateMonitor: sendKeyguardVisibilityChanged(true)
12-23 13:27:21.856   176  5094 I SurfaceFlinger: id=334 Removed Leyguard (8/9)
12-23 13:27:21.856   176   276 I SurfaceFlinger: id=334 Removed Leyguard (-2/9)
12-23 13:27:21.856  1015  1015 D KeyguardUpdateMonitor: handleKeyguardVisibilityChanged(1)
12-23 13:27:21.866   495   949 V AlarmManager: waitForAlarm result :8
12-23 13:27:21.886   495   927 I ServiceKeeper: In getseinfo pid = 495 uid = 1000 seinfo= system
12-23 13:27:21.886   495   927 I ServiceKeeper: In getseinfo pid = 495 uid = 1000 seinfo= system
12-23 13:27:21.996  1015  1015 V KeyguardUpdateMonitor: *** unregister callback for com.android.keyguard.KeyguardWidgetFrame$1@42b11350
12-23 13:27:21.996  1015  1015 D KeyguardGuestSelectorView: onDetachedFromWindow()
12-23 13:27:21.996   495  1577 V Sensors : setDelay - sensor Accelerometer (handle 4), rate 200 ms (5.00 Hz)
12-23 13:27:21.996  1015  1015 D SensorManager: unregisterListener ::   
12-23 13:27:22.006  1015  1015 V KeyguardUpdateMonitor: *** unregister callback for com.android.keyguard.CarrierText$1@4276a9b0
12-23 13:27:22.006  1015  1015 V KeyguardUpdateMonitor: *** unregister callback for com.android.keyguard.EmergencyButton$1@4277d8d8
12-23 13:27:22.006  1015  1015 V KeyguardUpdateMonitor: *** unregister callback for com.android.keyguard.EmergencyButton$1@4285d2b0
12-23 13:27:22.006  1015  1015 V KeyguardUpdateMonitor: *** unregister callback for com.android.keyguard.sec.KeyguardSecurityViewOverlay$1@4400cf78
12-23 13:27:22.006   495   813 E Sensors : activatePendingSensors : mEnabled = 10
12-23 13:27:22.006   495   813 E Sensors : requested_sensors(70) from kernel
12-23 13:27:22.016  1015  1015 V KeyguardUpdateMonitor: *** unregister callback for com.android.keyguard.KeyguardHostView$2@43df45e0
12-23 13:27:22.016  1015  1015 V KeyguardDisplayManager: hide
12-23 13:27:22.026  1015  8425 D KeyguardUpdateMonitor: sendKeyguardVisibilityChanged(true)
12-23 13:27:22.036  1015  1015 D KeyguardUpdateMonitor: handleKeyguardVisibilityChanged(1)
12-23 13:27:22.166   495   949 V AlarmManager: waitForAlarm result :8
12-23 13:27:22.197   495   927 I ServiceKeeper: In getseinfo pid = 495 uid = 1000 seinfo= system
12-23 13:27:22.217   495   927 I ServiceKeeper: In getseinfo pid = 495 uid = 1000 seinfo= system
12-23 13:27:22.457   495   949 V AlarmManager: waitForAlarm result :8
12-23 13:27:22.477   495   927 I ServiceKeeper: In getseinfo pid = 495 uid = 1000 seinfo= system
12-23 13:27:22.497   495   927 I ServiceKeeper: In getseinfo pid = 495 uid = 1000 seinfo= system
12-23 13:27:22.587   495   927 I ServiceKeeper: In getseinfo pid = 495 uid = 1000 seinfo= system
12-23 13:27:22.587   495   927 I ServiceKeeper: In getseinfo pid = 495 uid = 1000 seinfo= system
12-23 13:27:22.587   179   386 V AudioPolicyManagerBase: stopOutput() output 2, stream 1, session 133
12-23 13:27:22.587   179   386 V AudioPolicyManagerBase: changeRefCount() stream 1, count 0
12-23 13:27:22.587   179   386 W AudioPolicyManagerBase: stream type [13], return media strategy
12-23 13:27:22.587   179   386 W AudioPolicyManagerBase: stream type [13], return media strategy
12-23 13:27:22.587   179   386 W AudioPolicyManagerBase: stream type [13], return media strategy
12-23 13:27:22.587   179   386 W AudioPolicyManagerBase: stream type [13], return media strategy
12-23 13:27:22.587   179   386 W AudioPolicyManagerBase: stream type [13], return media strategy
12-23 13:27:22.587   179   386 W AudioPolicyManagerBase: stream type [13], return media strategy
12-23 13:27:22.597   179   386 V AudioPolicyManagerBase: getNewDevice() selected device 0
12-23 13:27:22.597   179   386 V AudioPolicyManagerBase: setOutputDevice() output 2 device 0000 force 0 delayMs 192 
12-23 13:27:22.597   179   386 V AudioPolicyManagerBase: setOutputDevice() prevDevice 0002
12-23 13:27:22.597   179   386 W AudioPolicyManagerBase: stream type [13], return media strategy
12-23 13:27:22.597   179   386 W AudioPolicyManagerBase: stream type [13], return media strategy
12-23 13:27:22.597   179   386 V AudioPolicyManagerBase: setOutputDevice() setting same device 0000 or null device for output 2
12-23 13:27:22.757   495   949 V AlarmManager: waitForAlarm result :8
12-23 13:27:22.777   495   927 I ServiceKeeper: In getseinfo pid = 495 uid = 1000 seinfo= system
12-23 13:27:22.797   495   927 I ServiceKeeper: In getseinfo pid = 495 uid = 1000 seinfo= system
12-23 13:27:22.977   495  1163 D BatteryService: level:64, scale:100, status:2, health:2, present:true, voltage: 4001, temperature: 351, technology: Li-ion, AC powered:false, USB powered:true, Wireless powered:false, icon:17303549, invalid charger:0, online:4, current avg:-1, charge type:0, power sharing:false
12-23 13:27:22.977   495   495 D BatteryService: Sending ACTION_BATTERY_CHANGED.
12-23 13:27:22.997  1015  1015 D KeyguardUpdateMonitor: received broadcast android.intent.action.BATTERY_CHANGED
12-23 13:27:22.997  1015  1015 D KeyguardUpdateMonitor: handleBatteryUpdate
12-23 13:27:23.017  1015  1015 D CMASMessage: [update] mShowingCMASText is false
12-23 13:27:23.027  1130  1130 D InCallScreen: ACTION_BATTERY_CHANGED
12-23 13:27:23.037  2607  2691 D HeadsetStateMachine: Disconnected process message: 10
12-23 13:27:23.037  1130  1130 D InCallScreen: mBatteryLevel : 64
12-23 13:27:23.037  1130  1130 D InCallScreen: mBatteryStatus : 2
12-23 13:27:23.037  1130  1130 D InCallScreen: islowbatterysoundplayed : false
12-23 13:27:23.037  1015  1015 D STATUSBAR-PhoneStatusBar:  mBrightnessEnablebySettings = true mBrightnessEnablebyBattery = true mBrightnessEnablebyDisableFlag = true mPmsBrightnessEnablebySettings = true
12-23 13:27:23.037  1015  1015 D BatteryMeterView: ACTION_BATTERY_CHANGED : level:64 status:2 health:2
12-23 13:27:23.047  1015  1015 D STATUSBAR-IconMerger: checkOverflow(240), More:false, Req:false Child:2
12-23 13:27:23.067   495   949 V AlarmManager: waitForAlarm result :8
12-23 13:27:23.077   495   927 I ServiceKeeper: In getseinfo pid = 495 uid = 1000 seinfo= system
12-23 13:27:23.077   495   927 I ServiceKeeper: In getseinfo pid = 495 uid = 1000 seinfo= system
12-23 13:27:23.097   495  1019 D lights  : button : 0 +
12-23 13:27:23.107   495  1019 D lights  : button : 0 -
12-23 13:27:23.358   495   949 V AlarmManager: waitForAlarm result :8
12-23 13:27:23.378   495   927 I ServiceKeeper: In getseinfo pid = 495 uid = 1000 seinfo= system
12-23 13:27:23.398   495   927 I ServiceKeeper: In getseinfo pid = 495 uid = 1000 seinfo= system
12-23 13:27:23.448 25629 26351 I MIT_DBG : PPcontrolPoint start()->run()
12-23 13:27:23.448 25629 26351 I MIT_DBG : inside PPCP search
12-23 13:27:23.458 25629 26347 I MIT_DBG : deviceNotifyReceived()
12-23 13:27:23.468 25629 26348 I MIT_DBG : deviceSearchResponseReceived() SSDPPacket = HTTP/1.1 200 OK
12-23 13:27:23.468 25629 26348 I MIT_DBG : CACHE-CONTROL:max-age=120
12-23 13:27:23.468 25629 26348 I MIT_DBG : DATE: Mon, 01 Apr 2002 08:01:11 GMT
12-23 13:27:23.468 25629 26348 I MIT_DBG : EXT:
12-23 13:27:23.468 25629 26348 I MIT_DBG : LOCATION:http://192.168.0.1:5678/igd.xml
12-23 13:27:23.468 25629 26348 I MIT_DBG : SERVER:Embedded UPnP/1.0
12-23 13:27:23.468 25629 26348 I MIT_DBG : ST:upnp:rootdevice
12-23 13:27:23.468 25629 26348 I MIT_DBG : USN:uuid:upnp-InternetGatewayDevice-1_0-12345678900001::upnp:rootdevice
12-23 13:27:23.468 25629 26348 I MIT_DBG : 
12-23 13:27:23.658   495   949 V AlarmManager: waitForAlarm result :8
12-23 13:27:23.678  1015  1015 W Settings: Setting data_roaming has moved from android.provider.Settings.Secure to android.provider.Settings.Global.
12-23 13:27:23.678  1015  1015 D STATUSBAR-NetworkController: updateRomaingNotification DataRoaming:false mDataRoamingTypeForVZW : 0
12-23 13:27:23.678  1015  1015 D STATUSBAR-NetworkController: refreshSignalCluster - setNWBoosterIndicators(false)
12-23 13:27:23.678  1015  1015 D STATUSBAR-NetworkController: refreshSignalCluster: data=0 bt=false
12-23 13:27:23.698  1015  1015 D STATUSBAR-IconMerger: checkOverflow(240), More:false, Req:false Child:2
12-23 13:27:23.728   495   927 I ServiceKeeper: In getseinfo pid = 495 uid = 1000 seinfo= system
12-23 13:27:23.728   495   927 I ServiceKeeper: In getseinfo pid = 495 uid = 1000 seinfo= system
12-23 13:27:23.748   173   173 E SMD     : DCD ON
12-23 13:27:23.958   495   949 V AlarmManager: waitForAlarm result :8
12-23 13:27:23.988   495   927 I ServiceKeeper: In getseinfo pid = 495 uid = 1000 seinfo= system
12-23 13:27:23.988   495   927 I ServiceKeeper: In getseinfo pid = 495 uid = 1000 seinfo= system
12-23 13:27:24.259   495   949 V AlarmManager: waitForAlarm result :8
12-23 13:27:24.289   495   927 I ServiceKeeper: In getseinfo pid = 495 uid = 1000 seinfo= system
12-23 13:27:24.289   495   927 I ServiceKeeper: In getseinfo pid = 495 uid = 1000 seinfo= system
12-23 13:27:24.359 25629 26348 I MIT_DBG : creating Device = 
12-23 13:27:24.369 25629 26348 I MIT_DBG : creating Device1 = 
12-23 13:27:24.369 25629 26348 I MIT_DBG : inside addDevice(dev), device == null
12-23 13:27:24.369 25629 26348 I MIT_DBG : inside addDevice(dev), device has ServerDevice
12-23 13:27:24.379 25629 26348 I MIT_DBG : deviceSearchResponseReceived() SSDPPacket = HTTP/1.1 200 OK
12-23 13:27:24.379 25629 26348 I MIT_DBG : ST: upnp:rootdevice
12-23 13:27:24.379 25629 26348 I MIT_DBG : EXT: 
12-23 13:27:24.379 25629 26348 I MIT_DBG : USN: uuid:adcb7d28-e146-490c-b523-d9acf306c4a4::upnp:rootdevice
12-23 13:27:24.379 25629 26348 I MIT_DBG : SERVER: Reciva UPnP/1.0 Radio/1.0 DLNADOC/1.50
12-23 13:27:24.379 25629 26348 I MIT_DBG : CACHE-CONTROL: max-age=1800
12-23 13:27:24.379 25629 26348 I MIT_DBG : LOCATION: http://192.168.0.104:8050/adcb7d28-e146-490c-b523-d9acf306c4a4/description.xml
12-23 13:27:24.379 25629 26348 I MIT_DBG : 
12-23 13:27:24.439  1015  1015 W Settings: Setting data_roaming has moved from android.provider.Settings.Secure to android.provider.Settings.Global.
12-23 13:27:24.439  1015  1015 D STATUSBAR-NetworkController: onSignalStrengthsChanged signalStrength=SignalStrength: 99 99 -87 -40 -120 -1 -1 19 -107 -15 4 -1 2147483647 gsm|lte 0x2030 level=2
12-23 13:27:24.439  1015  1015 D STATUSBAR-NetworkController: updateRomaingNotification DataRoaming:false mDataRoamingTypeForVZW : 0
12-23 13:27:24.489 25629 26348 D dalvikvm: GC_FOR_ALLOC freed 1593K, 46% free 12452K/22692K, paused 43ms, total 43ms
12-23 13:27:24.559   495   949 V AlarmManager: waitForAlarm result :8
12-23 13:27:24.579  1015  1015 D CMASMessage: [update] mShowingCMASText is false
12-23 13:27:24.579  1015  1015 D CMASMessage: CMASIcon was GONE : 
12-23 13:27:24.579   495   927 I ServiceKeeper: In getseinfo pid = 495 uid = 1000 seinfo= system
12-23 13:27:24.589   495   927 I ServiceKeeper: In getseinfo pid = 495 uid = 1000 seinfo= system
12-23 13:27:24.619 25629 26348 I MIT_DBG : inside addDevice(dev), device already exist, so updateservices for devUDN=uuid:adcb7d28-e146-490c-b523-d9acf306c4a4
12-23 13:27:24.619 25629 26348 I MIT_DBG : inside addDevice(dev), device has ServerDevice
12-23 13:27:24.619 25629 26348 I MIT_DBG : deviceSearchResponseReceived() SSDPPacket = HTTP/1.1 200 OK
12-23 13:27:24.619 25629 26348 I MIT_DBG : ST: upnp:rootdevice
12-23 13:27:24.619 25629 26348 I MIT_DBG : EXT: 
12-23 13:27:24.619 25629 26348 I MIT_DBG : USN: uuid:adcb7d28-e146-490c-b523-d9acf306c4a4::upnp:rootdevice
12-23 13:27:24.619 25629 26348 I MIT_DBG : SERVER: Reciva UPnP/1.0 Radio/1.0 DLNADOC/1.50
12-23 13:27:24.619 25629 26348 I MIT_DBG : CACHE-CONTROL: max-age=1800
12-23 13:27:24.619 25629 26348 I MIT_DBG : LOCATION: http://192.168.0.104:8050/adcb7d28-e146-490c-b523-d9acf306c4a4/description.xml
12-23 13:27:24.619 25629 26348 I MIT_DBG : 
12-23 13:27:24.639  1015  1015 W Settings: Setting data_roaming has moved from android.provider.Settings.Secure to android.provider.Settings.Global.
12-23 13:27:24.639  1015  1015 D STATUSBAR-NetworkController: onSignalStrengthsChanged signalStrength=SignalStrength: 99 99 -87 -40 -120 -1 -1 19 -107 -14 -6 -1 2147483647 gsm|lte 0x2030 level=2
12-23 13:27:24.639  1015  1015 D STATUSBAR-NetworkController: updateRomaingNotification DataRoaming:false mDataRoamingTypeForVZW : 0
12-23 13:27:24.739 25629 26348 I MIT_DBG : inside addDevice(dev), device already exist, so updateservices for devUDN=uuid:adcb7d28-e146-490c-b523-d9acf306c4a4
12-23 13:27:24.739 25629 26348 I MIT_DBG : inside addDevice(dev), device has ServerDevice
12-23 13:27:24.749 25629 26348 I MIT_DBG : deviceSearchResponseReceived() SSDPPacket = HTTP/1.1 200 OK
12-23 13:27:24.749 25629 26348 I MIT_DBG : ST: upnp:rootdevice
12-23 13:27:24.749 25629 26348 I MIT_DBG : EXT: 
12-23 13:27:24.749 25629 26348 I MIT_DBG : USN: uuid:6fece69c-4840-4bd9-91ec-8779b67a00ff::upnp:rootdevice
12-23 13:27:24.749 25629 26348 I MIT_DBG : SERVER: Reciva UPnP/1.0 Radio/1.0 DLNADOC/1.50
12-23 13:27:24.749 25629 26348 I MIT_DBG : CACHE-CONTROL: max-age=1800
12-23 13:27:24.749 25629 26348 I MIT_DBG : LOCATION: http://192.168.0.101:8050/6fece69c-4840-4bd9-91ec-8779b67a00ff/description.xml
12-23 13:27:24.749 25629 26348 I MIT_DBG : 
12-23 13:27:24.859   495   949 V AlarmManager: waitForAlarm result :8
12-23 13:27:24.879   495   927 I ServiceKeeper: In getseinfo pid = 495 uid = 1000 seinfo= system
12-23 13:27:24.899   495   927 I ServiceKeeper: In getseinfo pid = 495 uid = 1000 seinfo= system
12-23 13:27:25.000 25629 26348 I MIT_DBG : inside addDevice(dev), device already exist, so updateservices for devUDN=uuid:6fece69c-4840-4bd9-91ec-8779b67a00ff
12-23 13:27:25.010 25629 26348 I MIT_DBG : inside addDevice(dev), device has ServerDevice
12-23 13:27:25.050 25629 26348 D dalvikvm: GC_FOR_ALLOC freed 1606K, 46% free 12448K/22692K, paused 38ms, total 38ms
12-23 13:27:25.050 25629 26348 I MIT_DBG : deviceSearchResponseReceived() SSDPPacket = HTTP/1.1 200 OK
12-23 13:27:25.050 25629 26348 I MIT_DBG : ST: upnp:rootdevice
12-23 13:27:25.050 25629 26348 I MIT_DBG : EXT: 
12-23 13:27:25.050 25629 26348 I MIT_DBG : USN: uuid:6fece69c-4840-4bd9-91ec-8779b67a00ff::upnp:rootdevice
12-23 13:27:25.050 25629 26348 I MIT_DBG : SERVER: Reciva UPnP/1.0 Radio/1.0 DLNADOC/1.50
12-23 13:27:25.050 25629 26348 I MIT_DBG : CACHE-CONTROL: max-age=1800
12-23 13:27:25.050 25629 26348 I MIT_DBG : LOCATION: http://192.168.0.101:8050/6fece69c-4840-4bd9-91ec-8779b67a00ff/description.xml
12-23 13:27:25.050 25629 26348 I MIT_DBG : 
12-23 13:27:25.160   495   949 V AlarmManager: waitForAlarm result :8
12-23 13:27:25.210   495   927 I ServiceKeeper: In getseinfo pid = 495 uid = 1000 seinfo= system
12-23 13:27:25.210   495   927 I ServiceKeeper: In getseinfo pid = 495 uid = 1000 seinfo= system
12-23 13:27:25.240 25629 26348 I MIT_DBG : inside addDevice(dev), device already exist, so updateservices for devUDN=uuid:6fece69c-4840-4bd9-91ec-8779b67a00ff
12-23 13:27:25.240 25629 26348 I MIT_DBG : inside addDevice(dev), device has ServerDevice
12-23 13:27:25.460   495   949 V AlarmManager: waitForAlarm result :8
12-23 13:27:25.470   179   445 D AudioStreamOutALSA: standby
12-23 13:27:25.470   179   445 D ALSAModule: s_standby: handle 0xb87af330 h 0x0
12-23 13:27:25.470   179   445 E ALSAModule: s_standby handle h 0xb87e3760
12-23 13:27:25.490   495   927 I ServiceKeeper: In getseinfo pid = 495 uid = 1000 seinfo= system
12-23 13:27:25.520   495   927 I ServiceKeeper: In getseinfo pid = 495 uid = 1000 seinfo= system
12-23 13:27:25.670   179   445 D ALSAModule: checkRunningHandle return false
12-23 13:27:25.670   179   445 D alsa_ucm: snd_use_case_set(): uc_mgr 0xb87827d0 identifier _verb value Inactive
12-23 13:27:25.670   179   445 D alsa_ucm: Set mixer controls for HiFi enable 0
12-23 13:27:25.670   179   445 D alsa_ucm: Setting mixer control: PRI_RX Audio Mixer MultiMedia1, value: 0
12-23 13:27:25.680   179   445 E ALSAModule: Number of modifiers 0
12-23 13:27:25.680   179   445 E ALSAModule: usecase_type is 0
12-23 13:27:25.680   179   445 D alsa_ucm: snd_use_case_set(): uc_mgr 0xb87827d0 identifier _disdev value VR Main Mic
12-23 13:27:25.680   179   445 D alsa_ucm: disdev: device VR Main Mic not enabled, no need to disable
12-23 13:27:25.680   179   445 D alsa_ucm: snd_use_case_set(): uc_mgr 0xb87827d0 identifier _disdev value Speaker
12-23 13:27:25.680   179   445 D alsa_ucm: Set mixer controls for Speaker enable 0
12-23 13:27:25.680   179   445 D alsa_ucm: Setting mixer control: RX5 MIX1 INP1, value: ZERO
12-23 13:27:25.690   179   445 D alsa_ucm: Setting mixer control: RX5 MIX1 INP2, value: ZERO
12-23 13:27:25.700   179   445 D alsa_ucm: Setting mixer control: LINEOUT2 Volume, value: 0
12-23 13:27:25.700   179   445 D alsa_ucm: Setting mixer control: LINEOUT4 Volume, value: 0
12-23 13:27:25.700   179   445 D alsa_ucm: Setting mixer control: RX5 Digital Volume, value: 0
12-23 13:27:25.710   495   927 I ServiceKeeper: In getseinfo pid = 495 uid = 1000 seinfo= system
12-23 13:27:25.760   495   949 V AlarmManager: waitForAlarm result :8
12-23 13:27:25.780   495   927 I ServiceKeeper: In getseinfo pid = 495 uid = 1000 seinfo= system
12-23 13:27:25.800   495   927 I ServiceKeeper: In getseinfo pid = 495 uid = 1000 seinfo= system
12-23 13:27:26.061   495   949 V AlarmManager: waitForAlarm result :8
12-23 13:27:26.081   495   927 I ServiceKeeper: In getseinfo pid = 495 uid = 1000 seinfo= system
12-23 13:27:26.091   495   927 I ServiceKeeper: In getseinfo pid = 495 uid = 1000 seinfo= system
12-23 13:27:26.361   495   949 V AlarmManager: waitForAlarm result :8
12-23 13:27:26.381   495   927 I ServiceKeeper: In getseinfo pid = 495 uid = 1000 seinfo= system
12-23 13:27:26.381   199   199 D AT_Distributor: Send Msg [UART > ATD] 1 bytes <>
12-23 13:27:26.391   495   927 I ServiceKeeper: In getseinfo pid = 495 uid = 1000 seinfo= system
12-23 13:27:26.671   495   949 V AlarmManager: waitForAlarm result :8
12-23 13:27:26.681   495   927 I ServiceKeeper: In getseinfo pid = 495 uid = 1000 seinfo= system
12-23 13:27:26.691   495   927 I ServiceKeeper: In getseinfo pid = 495 uid = 1000 seinfo= system
12-23 13:27:26.761   173   173 E SMD     : DCD ON
12-23 13:27:26.962   495   949 V AlarmManager: waitForAlarm result :8
12-23 13:27:26.982   495   927 I ServiceKeeper: In getseinfo pid = 495 uid = 1000 seinfo= system
12-23 13:27:27.002  1015  1015 W Settings: Setting data_roaming has moved from android.provider.Settings.Secure to android.provider.Settings.Global.
12-23 13:27:27.002  1015  1015 D STATUSBAR-NetworkController: onSignalStrengthsChanged signalStrength=SignalStrength: 99 99 -87 -40 -120 -1 -1 18 -107 -13 -6 -1 2147483647 gsm|lte 0x2030 level=2
12-23 13:27:27.002  1015  1015 D STATUSBAR-NetworkController: updateRomaingNotification DataRoaming:false mDataRoamingTypeForVZW : 0
12-23 13:27:27.022   495   927 I ServiceKeeper: In getseinfo pid = 495 uid = 1000 seinfo= system
12-23 13:27:27.272   495   949 V AlarmManager: waitForAlarm result :8
12-23 13:27:27.282   495   927 I ServiceKeeper: In getseinfo pid = 495 uid = 1000 seinfo= system
12-23 13:27:27.302   495   927 I ServiceKeeper: In getseinfo pid = 495 uid = 1000 seinfo= system
12-23 13:27:27.322 25629 26347 I MIT_DBG : deviceNotifyReceived()
12-23 13:27:27.322 25629 26347 I MIT_DBG : deviceNotifyReceived()
12-23 13:27:27.332 25629 26347 I MIT_DBG : deviceNotifyReceived()
12-23 13:27:27.332 25629 26347 I MIT_DBG : deviceNotifyReceived()
12-23 13:27:27.342 25629 26347 I MIT_DBG : deviceNotifyReceived()
12-23 13:27:27.342 25629 26347 I MIT_DBG : deviceNotifyReceived()
12-23 13:27:27.352 25629 26347 I MIT_DBG : deviceNotifyReceived()
12-23 13:27:27.352 25629 26347 I MIT_DBG : deviceNotifyReceived()
12-23 13:27:27.362 25629 26347 I MIT_DBG : deviceNotifyReceived()
12-23 13:27:27.362 25629 26347 I MIT_DBG : deviceNotifyReceived()
12-23 13:27:27.372 25629 26347 I MIT_DBG : deviceNotifyReceived()
12-23 13:27:27.372 25629 26347 I MIT_DBG : deviceNotifyReceived()
12-23 13:27:27.372 25629 26347 I MIT_DBG : deviceNotifyReceived()
12-23 13:27:27.562   495   949 V AlarmManager: waitForAlarm result :8
12-23 13:27:27.582   495   927 I ServiceKeeper: In getseinfo pid = 495 uid = 1000 seinfo= system
12-23 13:27:27.592   495   927 I ServiceKeeper: In getseinfo pid = 495 uid = 1000 seinfo= system
12-23 13:27:27.873   495   949 V AlarmManager: waitForAlarm result :8
12-23 13:27:27.883   495   927 I ServiceKeeper: In getseinfo pid = 495 uid = 1000 seinfo= system
12-23 13:27:27.893   495   927 I ServiceKeeper: In getseinfo pid = 495 uid = 1000 seinfo= system
12-23 13:27:28.163   495   949 V AlarmManager: waitForAlarm result :8
12-23 13:27:28.183   495   927 I ServiceKeeper: In getseinfo pid = 495 uid = 1000 seinfo= system
12-23 13:27:28.203   495   927 I ServiceKeeper: In getseinfo pid = 495 uid = 1000 seinfo= system
12-23 13:27:28.473   495   949 V AlarmManager: waitForAlarm result :8
12-23 13:27:28.483   495   927 I ServiceKeeper: In getseinfo pid = 495 uid = 1000 seinfo= system
12-23 13:27:28.493   495   927 I ServiceKeeper: In getseinfo pid = 495 uid = 1000 seinfo= system
12-23 13:27:28.713  1015  1015 W Settings: Setting data_roaming has moved from android.provider.Settings.Secure to android.provider.Settings.Global.
12-23 13:27:28.713  1015  1015 D STATUSBAR-NetworkController: updateRomaingNotification DataRoaming:false mDataRoamingTypeForVZW : 0
12-23 13:27:28.713  1015  1015 D STATUSBAR-NetworkController: refreshSignalCluster - setNWBoosterIndicators(false)
12-23 13:27:28.713  1015  1015 D STATUSBAR-NetworkController: refreshSignalCluster: data=0 bt=false
12-23 13:27:28.733  1015  1015 D STATUSBAR-IconMerger: checkOverflow(240), More:false, Req:false Child:2
12-23 13:27:28.764   495   949 V AlarmManager: waitForAlarm result :8
12-23 13:27:28.774   495   921 D         : TIMA: tima-pkm-check event req_len=7352,resp_len=4104!
12-23 13:27:28.774   495   921 D         : TIMA: tima-pkm-check event call to open backend shared_mem_len=7352!
12-23 13:27:28.774   495   921 D         : TAL: TIMA_backend_open--int8_t TIMA_backend_open(void**, appID, uint32_t, uint32_t)
12-23 13:27:28.774   495   921 D         : TIMA: QCOM_backend_open--int8_t QCOM_backend_open(void**, appID, uint32_t, uint32_t)
12-23 13:27:28.774   495   921 D QSEECOMAPI: : App is already loaded QSEE and app id = 3
12-23 13:27:28.774   495   921 D         : TIMA: tima-pkm--TZAPPS is already loaded!
12-23 13:27:28.774   495   921 D         : TAL: TIMA_PKM_measure_kernel--int8_t TIMA_PKM_measure_kernel(TIMA_handle_t, void*, uint32_t, void*, uint32_t, uint32_t)
12-23 13:27:28.774   495   921 D TimaService: TIMA: TimaService scheduler is intialized. 
12-23 13:27:28.774   495   921 D TimaService: TIMA: checkEvent, operation: 50000 subject: 10000
12-23 13:27:28.774   495   920 D TimaService: TimaServiceHandler.handleMessage what =1
12-23 13:27:28.784   495   921 D         : TIMA: QCOM_send_command--int8_t QCOM_send_command(TIMA_handle_t, void*, uint32_t, void*, uint32_t, uint32_t)
12-23 13:27:28.784   495   921 D         : rsp_len = 1008 rcvd_data_len = 1040, self_calculate_len=1040
12-23 13:27:28.794   495   927 I ServiceKeeper: In getseinfo pid = 495 uid = 1000 seinfo= system
12-23 13:27:28.794   495   927 I ServiceKeeper: In getseinfo pid = 495 uid = 1000 seinfo= system
12-23 13:27:28.794   495   927 I ServiceKeeper: In getseinfo pid = 495 uid = 1000 seinfo= system
12-23 13:27:28.804   495   921 D         : TIMA: QCOM_send_command result--0
12-23 13:27:28.804   495   921 D         : TIMA_PKM_measure_kernel returns with resp..ret=512!
12-23 13:27:28.804   495   921 D         : TAL: TIMA_PKM_measure_kernel--int8_t TIMA_PKM_measure_kernel(TIMA_handle_t, void*, uint32_t, void*, uint32_t, uint32_t)
12-23 13:27:28.804   495   921 D         : TIMA: QCOM_send_command--int8_t QCOM_send_command(TIMA_handle_t, void*, uint32_t, void*, uint32_t, uint32_t)
12-23 13:27:28.804   495   921 D         : rsp_len = 1008 rcvd_data_len = 1040, self_calculate_len=1040
12-23 13:27:28.824   495   921 D         : TIMA: QCOM_send_command result--0
12-23 13:27:28.824   495   921 D         : TIMA_PKM_measure_kernel returns with resp..ret=512!
12-23 13:27:28.824   495   921 D         : TAL: TIMA_PKM_measure_kernel--int8_t TIMA_PKM_measure_kernel(TIMA_handle_t, void*, uint32_t, void*, uint32_t, uint32_t)
12-23 13:27:28.824   495   921 D         : TIMA: QCOM_send_command--int8_t QCOM_send_command(TIMA_handle_t, void*, uint32_t, void*, uint32_t, uint32_t)
12-23 13:27:28.824   495   921 D         : rsp_len = 1008 rcvd_data_len = 1040, self_calculate_len=1040
12-23 13:27:28.844   495   921 D         : TIMA: QCOM_send_command result--0
12-23 13:27:28.844   495   921 D         : TIMA_PKM_measure_kernel returns with resp..ret=512!
12-23 13:27:28.844   495   921 D         : TAL: TIMA_PKM_measure_kernel--int8_t TIMA_PKM_measure_kernel(TIMA_handle_t, void*, uint32_t, void*, uint32_t, uint32_t)
12-23 13:27:28.844   495   921 D         : TIMA: QCOM_send_command--int8_t QCOM_send_command(TIMA_handle_t, void*, uint32_t, void*, uint32_t, uint32_t)
12-23 13:27:28.844   495   921 D         : rsp_len = 1008 rcvd_data_len = 1040, self_calculate_len=1040
12-23 13:27:28.854   495   921 D         : TIMA: QCOM_send_command result--0
12-23 13:27:28.854   495   921 D         : TIMA_PKM_measure_kernel returns with resp..ret=512!
12-23 13:27:28.854   495   921 D         : TAL: TIMA_PKM_measure_kernel--int8_t TIMA_PKM_measure_kernel(TIMA_handle_t, void*, uint32_t, void*, uint32_t, uint32_t)
12-23 13:27:28.854   495   921 D         : TIMA: QCOM_send_command--int8_t QCOM_send_command(TIMA_handle_t, void*, uint32_t, void*, uint32_t, uint32_t)
12-23 13:27:28.854   495   921 D         : rsp_len = 1008 rcvd_data_len = 1040, self_calculate_len=1040
12-23 13:27:28.874   495   921 D         : TIMA: QCOM_send_command result--0
12-23 13:27:28.874   495   921 D         : TIMA_PKM_measure_kernel returns with resp..ret=512!
12-23 13:27:28.874   495   921 D         : TAL: TIMA_PKM_measure_kernel--int8_t TIMA_PKM_measure_kernel(TIMA_handle_t, void*, uint32_t, void*, uint32_t, uint32_t)
12-23 13:27:28.874   495   921 D         : TIMA: QCOM_send_command--int8_t QCOM_send_command(TIMA_handle_t, void*, uint32_t, void*, uint32_t, uint32_t)
12-23 13:27:28.884   495   921 D         : rsp_len = 1008 rcvd_data_len = 1040, self_calculate_len=1040
12-23 13:27:28.894   495   921 D         : TIMA: QCOM_send_command result--0
12-23 13:27:28.894   495   921 D         : TIMA_PKM_measure_kernel returns with resp..ret=512!
12-23 13:27:28.894   495   921 D         : TAL: TIMA_PKM_measure_kernel--int8_t TIMA_PKM_measure_kernel(TIMA_handle_t, void*, uint32_t, void*, uint32_t, uint32_t)
12-23 13:27:28.894   495   921 D         : TIMA: QCOM_send_command--int8_t QCOM_send_command(TIMA_handle_t, void*, uint32_t, void*, uint32_t, uint32_t)
12-23 13:27:28.904   495   921 D         : rsp_len = 1008 rcvd_data_len = 1040, self_calculate_len=1040
12-23 13:27:28.924   495   921 D         : TIMA: QCOM_send_command result--0
12-23 13:27:28.924   495   921 D         : TIMA_PKM_measure_kernel returns with resp..ret=512!
12-23 13:27:28.924   495   921 D         : TAL: TIMA_PKM_measure_kernel--int8_t TIMA_PKM_measure_kernel(TIMA_handle_t, void*, uint32_t, void*, uint32_t, uint32_t)
12-23 13:27:28.924   495   921 D         : TIMA: QCOM_send_command--int8_t QCOM_send_command(TIMA_handle_t, void*, uint32_t, void*, uint32_t, uint32_t)
12-23 13:27:28.924   495   921 D         : rsp_len = 1008 rcvd_data_len = 1040, self_calculate_len=1040
12-23 13:27:28.944   495   921 D         : TIMA: QCOM_send_command result--0
12-23 13:27:28.944   495   921 D         : TIMA_PKM_measure_kernel returns with resp..ret=512!
12-23 13:27:28.944   495   921 D         : TAL: TIMA_PKM_measure_kernel--int8_t TIMA_PKM_measure_kernel(TIMA_handle_t, void*, uint32_t, void*, uint32_t, uint32_t)
12-23 13:27:28.944   495   921 D         : TIMA: QCOM_send_command--int8_t QCOM_send_command(TIMA_handle_t, void*, uint32_t, void*, uint32_t, uint32_t)
12-23 13:27:28.944   495   921 D         : rsp_len = 1008 rcvd_data_len = 1040, self_calculate_len=1040
12-23 13:27:28.964   495   813 I Sensors : **** No Motion ****
12-23 13:27:28.964   495   921 D         : TIMA: QCOM_send_command result--0
12-23 13:27:28.964   495   921 D         : TIMA_PKM_measure_kernel returns with resp..ret=512!
12-23 13:27:28.964   495   921 D         : TAL: TIMA_PKM_measure_kernel--int8_t TIMA_PKM_measure_kernel(TIMA_handle_t, void*, uint32_t, void*, uint32_t, uint32_t)
12-23 13:27:28.964   495   921 D         : TIMA: QCOM_send_command--int8_t QCOM_send_command(TIMA_handle_t, void*, uint32_t, void*, uint32_t, uint32_t)
12-23 13:27:28.974   495   921 D         : rsp_len = 1008 rcvd_data_len = 1040, self_calculate_len=1040
12-23 13:27:28.984   495   921 D         : TIMA: QCOM_send_command result--0
12-23 13:27:28.984   495   921 D         : TIMA_PKM_measure_kernel returns with resp..ret=512!
12-23 13:27:28.984   495   921 D         : TAL: TIMA_PKM_measure_kernel--int8_t TIMA_PKM_measure_kernel(TIMA_handle_t, void*, uint32_t, void*, uint32_t, uint32_t)
12-23 13:27:28.984   495   921 D         : TIMA: QCOM_send_command--int8_t QCOM_send_command(TIMA_handle_t, void*, uint32_t, void*, uint32_t, uint32_t)
12-23 13:27:28.994   495   921 D         : rsp_len = 1008 rcvd_data_len = 1040, self_calculate_len=1040
12-23 13:27:29.004   495   921 D         : TIMA: QCOM_send_command result--0
12-23 13:27:29.004   495   921 D         : TIMA_PKM_measure_kernel returns with resp..ret=512!
12-23 13:27:29.004   495   921 D         : TAL: TIMA_PKM_measure_kernel--int8_t TIMA_PKM_measure_kernel(TIMA_handle_t, void*, uint32_t, void*, uint32_t, uint32_t)
12-23 13:27:29.004   495   921 D         : TIMA: QCOM_send_command--int8_t QCOM_send_command(TIMA_handle_t, void*, uint32_t, void*, uint32_t, uint32_t)
12-23 13:27:29.004   495   921 D         : rsp_len = 1008 rcvd_data_len = 1040, self_calculate_len=1040
12-23 13:27:29.024   495   921 D         : TIMA: QCOM_send_command result--0
12-23 13:27:29.024   495   921 D         : TIMA_PKM_measure_kernel returns with resp..ret=512!
12-23 13:27:29.024   495   921 D         : TAL: TIMA_PKM_measure_kernel--int8_t TIMA_PKM_measure_kernel(TIMA_handle_t, void*, uint32_t, void*, uint32_t, uint32_t)
12-23 13:27:29.034   495   921 D         : TIMA: QCOM_send_command--int8_t QCOM_send_command(TIMA_handle_t, void*, uint32_t, void*, uint32_t, uint32_t)
12-23 13:27:29.034   495   921 D         : rsp_len = 1008 rcvd_data_len = 1040, self_calculate_len=1040
12-23 13:27:29.054   495   921 D         : TIMA: QCOM_send_command result--0
12-23 13:27:29.054   495   921 D         : TIMA_PKM_measure_kernel returns with resp..ret=512!
12-23 13:27:29.054   495   921 D         : TAL: TIMA_PKM_measure_kernel--int8_t TIMA_PKM_measure_kernel(TIMA_handle_t, void*, uint32_t, void*, uint32_t, uint32_t)
12-23 13:27:29.054   495   921 D         : TIMA: QCOM_send_command--int8_t QCOM_send_command(TIMA_handle_t, void*, uint32_t, void*, uint32_t, uint32_t)
12-23 13:27:29.064   495   921 D         : rsp_len = 1008 rcvd_data_len = 1040, self_calculate_len=1040
12-23 13:27:29.064   495   949 V AlarmManager: waitForAlarm result :8
12-23 13:27:29.074   495   927 I ServiceKeeper: In getseinfo pid = 495 uid = 1000 seinfo= system
12-23 13:27:29.084   495   927 I ServiceKeeper: In getseinfo pid = 495 uid = 1000 seinfo= system
12-23 13:27:29.094   495   921 D         : TIMA: QCOM_send_command result--0
12-23 13:27:29.094   495   921 D         : TIMA_PKM_measure_kernel returns with resp..ret=512!
12-23 13:27:29.094   495   921 D         : TAL: TIMA_PKM_measure_kernel--int8_t TIMA_PKM_measure_kernel(TIMA_handle_t, void*, uint32_t, void*, uint32_t, uint32_t)
12-23 13:27:29.094   495   921 D         : TIMA: QCOM_send_command--int8_t QCOM_send_command(TIMA_handle_t, void*, uint32_t, void*, uint32_t, uint32_t)
12-23 13:27:29.094   495   921 D         : rsp_len = 1008 rcvd_data_len = 1040, self_calculate_len=1040
12-23 13:27:29.114   495   921 D         : TIMA: QCOM_send_command result--0
12-23 13:27:29.114   495   921 D         : TIMA_PKM_measure_kernel returns with resp..ret=512!
12-23 13:27:29.114   495   921 D         : TAL: TIMA_PKM_measure_kernel--int8_t TIMA_PKM_measure_kernel(TIMA_handle_t, void*, uint32_t, void*, uint32_t, uint32_t)
12-23 13:27:29.114   495   921 D         : TIMA: QCOM_send_command--int8_t QCOM_send_command(TIMA_handle_t, void*, uint32_t, void*, uint32_t, uint32_t)
12-23 13:27:29.114   495   921 D         : rsp_len = 1008 rcvd_data_len = 1040, self_calculate_len=1040
12-23 13:27:29.124   495   921 D         : TIMA: QCOM_send_command result--0
12-23 13:27:29.124   495   921 D         : TIMA_PKM_measure_kernel returns with resp..ret=512!
12-23 13:27:29.124   495   921 D         : TAL: TIMA_PKM_measure_kernel--int8_t TIMA_PKM_measure_kernel(TIMA_handle_t, void*, uint32_t, void*, uint32_t, uint32_t)
12-23 13:27:29.124   495   921 D         : TIMA: QCOM_send_command--int8_t QCOM_send_command(TIMA_handle_t, void*, uint32_t, void*, uint32_t, uint32_t)
12-23 13:27:29.134   495   921 D         : rsp_len = 1008 rcvd_data_len = 1040, self_calculate_len=1040
12-23 13:27:29.144   495   921 D         : TIMA: QCOM_send_command result--0
12-23 13:27:29.144   495   921 D         : TIMA_PKM_measure_kernel returns with resp..ret=512!
12-23 13:27:29.144   495   921 D         : TAL: TIMA_PKM_measure_kernel--int8_t TIMA_PKM_measure_kernel(TIMA_handle_t, void*, uint32_t, void*, uint32_t, uint32_t)
12-23 13:27:29.144   495   921 D         : TIMA: QCOM_send_command--int8_t QCOM_send_command(TIMA_handle_t, void*, uint32_t, void*, uint32_t, uint32_t)
12-23 13:27:29.144   495   921 D         : rsp_len = 1008 rcvd_data_len = 1040, self_calculate_len=1040
12-23 13:27:29.164   495   921 D         : TIMA: QCOM_send_command result--0
12-23 13:27:29.164   495   921 D         : TIMA_PKM_measure_kernel returns with resp..ret=512!
12-23 13:27:29.164   495   921 D         : TAL: TIMA_PKM_measure_kernel--int8_t TIMA_PKM_measure_kernel(TIMA_handle_t, void*, uint32_t, void*, uint32_t, uint32_t)
12-23 13:27:29.164   495   921 D         : TIMA: QCOM_send_command--int8_t QCOM_send_command(TIMA_handle_t, void*, uint32_t, void*, uint32_t, uint32_t)
12-23 13:27:29.164   495   921 D         : rsp_len = 1008 rcvd_data_len = 1040, self_calculate_len=1040
12-23 13:27:29.174   495   921 D         : TIMA: QCOM_send_command result--0
12-23 13:27:29.174   495   921 D         : TIMA_PKM_measure_kernel returns with resp..ret=512!
12-23 13:27:29.174   495   921 D         : TAL: TIMA_PKM_measure_kernel--int8_t TIMA_PKM_measure_kernel(TIMA_handle_t, void*, uint32_t, void*, uint32_t, uint32_t)
12-23 13:27:29.184   495   921 D         : TIMA: QCOM_send_command--int8_t QCOM_send_command(TIMA_handle_t, void*, uint32_t, void*, uint32_t, uint32_t)
12-23 13:27:29.184   495   921 D         : rsp_len = 1008 rcvd_data_len = 1040, self_calculate_len=1040
12-23 13:27:29.194   495   921 D         : TIMA: QCOM_send_command result--0
12-23 13:27:29.194   495   921 D         : TIMA_PKM_measure_kernel returns with resp..ret=512!
12-23 13:27:29.194   495   921 D         : TAL: TIMA_PKM_measure_kernel--int8_t TIMA_PKM_measure_kernel(TIMA_handle_t, void*, uint32_t, void*, uint32_t, uint32_t)
12-23 13:27:29.194   495   921 D         : TIMA: QCOM_send_command--int8_t QCOM_send_command(TIMA_handle_t, void*, uint32_t, void*, uint32_t, uint32_t)
12-23 13:27:29.194   495   921 D         : rsp_len = 1008 rcvd_data_len = 1040, self_calculate_len=1040
12-23 13:27:29.214   495   921 D         : TIMA: QCOM_send_command result--0
12-23 13:27:29.214   495   921 D         : TIMA_PKM_measure_kernel returns with resp..ret=512!
12-23 13:27:29.214   495   921 D         : TAL: TIMA_PKM_measure_kernel--int8_t TIMA_PKM_measure_kernel(TIMA_handle_t, void*, uint32_t, void*, uint32_t, uint32_t)
12-23 13:27:29.214   495   921 D         : TIMA: QCOM_send_command--int8_t QCOM_send_command(TIMA_handle_t, void*, uint32_t, void*, uint32_t, uint32_t)
12-23 13:27:29.214   495   921 D         : rsp_len = 1008 rcvd_data_len = 1040, self_calculate_len=1040
12-23 13:27:29.234   495   921 D         : TIMA: QCOM_send_command result--0
12-23 13:27:29.234   495   921 D         : TIMA_PKM_measure_kernel returns with resp..ret=512!
12-23 13:27:29.234   495   921 D         : TAL: TIMA_PKM_measure_kernel--int8_t TIMA_PKM_measure_kernel(TIMA_handle_t, void*, uint32_t, void*, uint32_t, uint32_t)
12-23 13:27:29.234   495   921 D         : TIMA: QCOM_send_command--int8_t QCOM_send_command(TIMA_handle_t, void*, uint32_t, void*, uint32_t, uint32_t)
12-23 13:27:29.234   495   921 D         : rsp_len = 1008 rcvd_data_len = 1040, self_calculate_len=1040
12-23 13:27:29.254   495   921 D         : TIMA: QCOM_send_command result--0
12-23 13:27:29.254   495   921 D         : TIMA_PKM_measure_kernel returns with resp..ret=512!
12-23 13:27:29.254   495   921 D         : TAL: TIMA_PKM_measure_kernel--int8_t TIMA_PKM_measure_kernel(TIMA_handle_t, void*, uint32_t, void*, uint32_t, uint32_t)
12-23 13:27:29.254   495   921 D         : TIMA: QCOM_send_command--int8_t QCOM_send_command(TIMA_handle_t, void*, uint32_t, void*, uint32_t, uint32_t)
12-23 13:27:29.254   495   921 D         : rsp_len = 1008 rcvd_data_len = 1040, self_calculate_len=1040
12-23 13:27:29.274   495   921 D         : TIMA: QCOM_send_command result--0
12-23 13:27:29.274   495   921 D         : TIMA_PKM_measure_kernel returns with resp..ret=512!
12-23 13:27:29.274   495   921 D         : TAL: TIMA_PKM_measure_kernel--int8_t TIMA_PKM_measure_kernel(TIMA_handle_t, void*, uint32_t, void*, uint32_t, uint32_t)
12-23 13:27:29.274   495   921 D         : TIMA: QCOM_send_command--int8_t QCOM_send_command(TIMA_handle_t, void*, uint32_t, void*, uint32_t, uint32_t)
12-23 13:27:29.274   495   921 D         : rsp_len = 1008 rcvd_data_len = 1040, self_calculate_len=1040
12-23 13:27:29.284   495   921 D         : TIMA: QCOM_send_command result--0
12-23 13:27:29.284   495   921 D         : TIMA_PKM_measure_kernel returns with resp..ret=512!
12-23 13:27:29.294   495   921 D         : TAL: TIMA_PKM_measure_kernel--int8_t TIMA_PKM_measure_kernel(TIMA_handle_t, void*, uint32_t, void*, uint32_t, uint32_t)
12-23 13:27:29.294   495   921 D         : TIMA: QCOM_send_command--int8_t QCOM_send_command(TIMA_handle_t, void*, uint32_t, void*, uint32_t, uint32_t)
12-23 13:27:29.294   495   921 D         : rsp_len = 1008 rcvd_data_len = 1040, self_calculate_len=1040
12-23 13:27:29.314   495   921 D         : TIMA: QCOM_send_command result--0
12-23 13:27:29.314   495   921 D         : TIMA_PKM_measure_kernel returns with resp..ret=512!
12-23 13:27:29.324   495   921 D         : TAL: TIMA_PKM_measure_kernel--int8_t TIMA_PKM_measure_kernel(TIMA_handle_t, void*, uint32_t, void*, uint32_t, uint32_t)
12-23 13:27:29.324   495   921 D         : TIMA: QCOM_send_command--int8_t QCOM_send_command(TIMA_handle_t, void*, uint32_t, void*, uint32_t, uint32_t)
12-23 13:27:29.324   495   921 D         : rsp_len = 1008 rcvd_data_len = 1040, self_calculate_len=1040
12-23 13:27:29.344   495   921 D         : TIMA: QCOM_send_command result--0
12-23 13:27:29.344   495   921 D         : TIMA_PKM_measure_kernel returns with resp..ret=512!
12-23 13:27:29.344   495   921 D         : TAL: TIMA_PKM_measure_kernel--int8_t TIMA_PKM_measure_kernel(TIMA_handle_t, void*, uint32_t, void*, uint32_t, uint32_t)
12-23 13:27:29.344   495   921 D         : TIMA: QCOM_send_command--int8_t QCOM_send_command(TIMA_handle_t, void*, uint32_t, void*, uint32_t, uint32_t)
12-23 13:27:29.344   495   921 D         : rsp_len = 1008 rcvd_data_len = 1040, self_calculate_len=1040
12-23 13:27:29.364   495   949 V AlarmManager: waitForAlarm result :8
12-23 13:27:29.374   495   927 I ServiceKeeper: In getseinfo pid = 495 uid = 1000 seinfo= system
12-23 13:27:29.384   495   927 I ServiceKeeper: In getseinfo pid = 495 uid = 1000 seinfo= system
12-23 13:27:29.384   495   921 D         : TIMA: QCOM_send_command result--0
12-23 13:27:29.384   495   921 D         : TIMA_PKM_measure_kernel returns with resp..ret=512!
12-23 13:27:29.384   495   921 D         : TAL: TIMA_PKM_measure_kernel--int8_t TIMA_PKM_measure_kernel(TIMA_handle_t, void*, uint32_t, void*, uint32_t, uint32_t)
12-23 13:27:29.384   495   921 D         : TIMA: QCOM_send_command--int8_t QCOM_send_command(TIMA_handle_t, void*, uint32_t, void*, uint32_t, uint32_t)
12-23 13:27:29.384   495   921 D         : rsp_len = 1008 rcvd_data_len = 1040, self_calculate_len=1040
12-23 13:27:29.414   495   921 D         : TIMA: QCOM_send_command result--0
12-23 13:27:29.414   495   921 D         : TIMA_PKM_measure_kernel returns