12-23 13:40:47.079   495   946 D PowerManagerService: Excessive delay in nativeSetAutoSuspend(true): 62ms
12-23 13:40:47.079   495   946 D PowerManagerService: SecHardwareInterface.setBatteryADC : false
12-23 13:40:47.079   495   945 I PowerManagerService: [PWL] Off : 0s ago
12-23 13:40:47.079   495   945 I PowerManagerService: [PWL]   PowerManagerService.Broadcasts: ref count=1
12-23 13:40:47.099   495   949 V AlarmManager: waitForAlarm result :8
12-23 13:40:47.329   495  2603 D SSRMv2:SIOP: SIOP:: AP = 320, Delta = 10
12-23 13:40:47.379   495   916 D STATUSBAR-StatusBarManagerService: manageDisableList what=0x600000 pkg=WindowManager.LayoutParams
12-23 13:40:47.389  1015  1015 D STATUSBAR-PhoneStatusBar:      ACTION_SCREEN_OFF is received!!!! 
12-23 13:40:47.389  1015  1015 D STATUSBAR-PhoneStatusBar: makeExpandedInvisible
12-23 13:40:47.389  1015  1015 D PhoneStatusBarView: marqueeStatusBar:124, mClearCover:0
12-23 13:40:47.389  1015  1015 D STATUSBAR-PhoneStatusBar:      ACTION_SCREEN_OFF is finished!!!! 
12-23 13:40:47.389  1015  1015 D STATUSBAR-NetworkController: onReceive() - CONNECTIVITY_ACTION, INET_CONDITION_ACTION
12-23 13:40:47.389  1015  1015 D STATUSBAR-NetworkController: getUpdateDataNetType() - mDataNetType:13
12-23 13:40:47.389  1015  1015 D STATUSBAR-NetworkController: isCdma(), !isCdmaEri(), mRoamingIconId = 0
12-23 13:40:47.399   495   949 V AlarmManager: waitForAlarm result :8
12-23 13:40:47.399  1015  1015 D STATUSBAR-NetworkController: updateRomaingNotification DataRoaming:false mDataRoamingTypeForVZW : 0
12-23 13:40:47.399  1015  1015 D PhoneStatusBar: disable(): knoxCustomManager = android.app.enterprise.knoxcustom.KnoxCustomManager@4250f170
12-23 13:40:47.409  1015  1015 D STATUSBAR-IconMerger: checkOverflow(240), More:false, Req:false Child:1
12-23 13:40:47.419  1015  1015 D STATUSBAR-NetworkController: onSignalStrengthsChanged signalStrength=SignalStrength: 99 99 -87 -50 -120 -1 -1 19 -107 -14 6 -1 2147483647 gsm|lte 0x2030 level=2
12-23 13:40:47.419  1015  1015 D STATUSBAR-NetworkController: updateRomaingNotification DataRoaming:false mDataRoamingTypeForVZW : 0
12-23 13:40:47.429  1015  1015 D STATUSBAR-NetworkController: onSignalStrengthsChanged signalStrength=SignalStrength: 99 99 -87 -50 -120 -1 -1 19 -107 -14 6 -1 2147483647 gsm|lte 0x2030 level=2
12-23 13:40:47.439  1015  1015 D STATUSBAR-NetworkController: updateRomaingNotification DataRoaming:false mDataRoamingTypeForVZW : 0
12-23 13:40:47.469   495  2603 D SSRMv2:SIOP: SIOP:: AP = 320, Delta = 0
12-23 13:40:47.519   495   495 D PowerManagerService: [PWL] sb release: PowerManagerService.Broadcasts
12-23 13:40:47.519  1622  1622 D KeyguardClockWidgetProvider: onReceive action=android.appwidget.action.APPWIDGET_ENABLED
12-23 13:40:47.539  1622  1622 D KeyguardClockWidgetProvider: onReceive action=android.appwidget.action.APPWIDGET_UPDATE
12-23 13:40:47.549  1622  1622 D KeyguardClockWidgetProvider: refreshSingleClock :{Home} Hour = 1, Min = 40
12-23 13:40:47.549  1622  1622 D KeyguardClockWidgetProvider: desc Message = It is 1:40 PM
12-23 13:40:47.579  1622  1622 D KeyguardClockWidgetService: onReceive action=android.intent.action.NETWORK_SET_TIME
12-23 13:40:47.589  1622  1622 D KeyguardClockWidgetProvider: refreshSingleClock :{Home} Hour = 1, Min = 40
12-23 13:40:47.589  1622  1622 D KeyguardClockWidgetProvider: desc Message = It is 1:40 PM
12-23 13:40:47.599  1622  1622 D KeyguardClockWidgetProvider: onReceive action=android.appwidget.action.APPWIDGET_UPDATE_OPTIONS
12-23 13:40:47.700   495   949 V AlarmManager: waitForAlarm result :8
12-23 13:40:47.790   495   952 D PowerManagerService: [api] [s] wakeUpFromNative:  (uid: 1000 pid: 495)
12-23 13:40:47.790   495   952 I PowerManagerService: !@[ps] Screen__On :  wakeUpFromNative:  (uid: 1000 pid: 495)
12-23 13:40:47.790   495   952 I PowerManagerService: Waking up from sleep...
12-23 13:40:47.790   495   952 D PowerManagerService: Screen Readiness Inspection requested: mNestCount=1
12-23 13:40:47.790   495   952 D PowerManagerService: [PWL] sb acquire: PowerManagerService.Broadcasts
12-23 13:40:47.790   495   952 D PowerManagerService: [s] WAKEFULNESS_AWAKE
12-23 13:40:47.790   495   952 D PowerManagerService: [s] UserActivityState : 0 -> 1
12-23 13:40:47.790   495   952 D PowerManagerService: [PWL] sb acquire: PowerManagerService.Display
12-23 13:40:47.790   495   945 D DisplayPowerController: [DAB] setLightSensorEnabled : registerListener mLightSensor
12-23 13:40:47.800   495   945 I DisplayPowerController: [DAB] fileWriteInt : /sys/class/backlight/panel/auto_brightness  value : 2
12-23 13:40:47.800   495   945 D DisplayPowerController: [DAB] no lux value from sensor manager
12-23 13:40:47.800   495   945 D DisplayPowerController: animation target = 47 (PSM:true, AB limit:(-1 ~ -1) MB Limit:(-1 ~ -1) MAdj:(0, (0, 255)))
12-23 13:40:47.810   495  1206 D PowerManagerService: [api] [s] userActivity : event: 3 flags: 0 (uid: 10226 pid: 1015)
12-23 13:40:47.830  1622  1622 D KeyguardClockWidgetService: onReceive action=android.intent.action.SCREEN_ON
12-23 13:40:47.840  1622  1622 D KeyguardClockWidgetProvider: refreshSingleClock :{Home} Hour = 1, Min = 40
12-23 13:40:47.880  1622  1622 D KeyguardClockWidgetProvider: desc Message = It is 1:40 PM
12-23 13:40:47.980   495  1577 I WindowManager: Lock screen displayed!
12-23 13:40:47.990   495  1577 D PowerManagerNotifier: [api] WindowManagerPolicy.ScreenOnListener : Received onScreenOn().
12-23 13:40:47.990   495  1577 D PowerManagerService: Screen Readiness Inspection completed: mNestCount=0
12-23 13:40:47.990   495   945 D DisplayPowerController: animation target = 47 (PSM:true, AB limit:(-1 ~ -1) MB Limit:(-1 ~ -1) MAdj:(0, (0, 255)))
12-23 13:40:47.990   495   945 D DisplayPowerController: !@ElectronBeam exit
12-23 13:40:48.000   495   945 D DisplayPowerController: [api] [DAB] onSensorChanged : 1st lux : 46.0
12-23 13:40:48.000   495   945 D DisplayPowerController: [DAB] updateAutoBrightnessSEC : 78(78.0)    3.0 < 46.0 < 133.0 (0.0)
12-23 13:40:48.000   495   945 D DisplayPowerController: animation target = 58 (PSM:true, AB limit:(-1 ~ -1) MB Limit:(-1 ~ -1) MAdj:(0, (0, 255)))
12-23 13:40:48.000   495   945 D PowerManagerService: [s] mDisplayPowerControllerCallbacks : onStateChanged()
12-23 13:40:48.000   495   949 V AlarmManager: waitForAlarm result :8
12-23 13:40:48.020   495   945 D RampAnimator: Light Animator Finished currentValue=58
12-23 13:40:48.230   495   495 D STATUSBAR-NotificationService: ACTION_SCREEN_ON
12-23 13:40:48.230   495   495 D LightsService: [api] [SvcLED] turnOff:: id = 4 (uid: 1000 pid: 495) 
12-23 13:40:48.230   495   495 D LightsService: [SvcLED] setSvcLedStateLocked:: SvcLEDState : 0x0 -> 0x0 | SvcLED(id=4) set Off
12-23 13:40:48.230   495   942 D LightsService: [SvcLED] Lux failed to be updated in 700ms. -> handleForcedSvcLEDTasK
12-23 13:40:48.230   495   942 D LightsService: [SvcLED]  setSvcLedLightLocked :: Current SvcLED(id=3) maintains its priority right
12-23 13:40:48.300   495   949 V AlarmManager: waitForAlarm result :8
12-23 13:40:48.320  1015  1015 D STATUSBAR-IconMerger: checkOverflow(240), More:false, Req:false Child:1
12-23 13:40:48.350   495   946 D PowerManagerService: Excessive delay in nativeSetAutoSuspend(false): 416ms
12-23 13:40:48.350   495   946 D PowerManagerService: !@[s] unblankAllDisplays() : unblankAllDisplaysFromPowerManager
12-23 13:40:48.350   495   946 D PowerManagerService: SecHardwareInterface.setBatteryADC : true
12-23 13:40:48.380  1015  1015 D STATUSBAR-NetworkController: onSignalStrengthsChanged signalStrength=SignalStrength: 99 99 -87 -50 -120 -1 -1 17 -107 -12 6 -1 2147483647 gsm|lte 0x2030 level=2
12-23 13:40:48.390  1015  1015 D STATUSBAR-NetworkController: updateRomaingNotification DataRoaming:false mDataRoamingTypeForVZW : 0
12-23 13:40:48.400  1015  1015 D STATUSBAR-NetworkController: onSignalStrengthsChanged signalStrength=SignalStrength: 99 99 -87 -50 -120 -1 -1 17 -107 -12 6 -1 2147483647 gsm|lte 0x2030 level=2
12-23 13:40:48.400  1015  1015 D STATUSBAR-NetworkController: updateRomaingNotification DataRoaming:false mDataRoamingTypeForVZW : 0
12-23 13:40:48.460   495  2603 D SSRMv2:TSP:AirViewOnOff: DeviceInfo:: 00010000000
12-23 13:40:48.460   495  2603 D SSRMv2:TSP:AirViewOnOff: SettingsAirViewInfo:: 000000000
12-23 13:40:48.480   495  2603 D SSRMv2:SIOP: SIOP:: AP = 320, Delta = 0
12-23 13:40:48.510   495   495 D PowerManagerService: [PWL] sb release: PowerManagerService.Broadcasts
12-23 13:40:48.601   495   949 V AlarmManager: waitForAlarm result :8
12-23 13:40:48.901   495   949 V AlarmManager: waitForAlarm result :8
12-23 13:40:48.931   495  1206 D PowerManagerService: [api] [s] userActivity : event: 3 flags: 0 (uid: 10226 pid: 1015)
12-23 13:40:49.191   495  1232 D PowerManagerService: [api] [s] userActivity : event: 3 flags: 0 (uid: 10226 pid: 1015)
12-23 13:40:49.201   495   949 V AlarmManager: waitForAlarm result :8
12-23 13:40:49.391   495  4439 D PowerManagerService: [api] [s] userActivity : event: 3 flags: 0 (uid: 10226 pid: 1015)
12-23 13:40:49.501   495   949 V AlarmManager: waitForAlarm result :8
12-23 13:40:49.662  1015  1015 D STATUSBAR-NetworkController: updateRomaingNotification DataRoaming:false mDataRoamingTypeForVZW : 0
12-23 13:40:49.662  1015  1015 D STATUSBAR-NetworkController: refreshSignalCluster - setNWBoosterIndicators(false)
12-23 13:40:49.662  1015  1015 D STATUSBAR-NetworkController: refreshSignalCluster: data=0 bt=false
12-23 13:40:49.672  1015  1015 D STATUSBAR-IconMerger: checkOverflow(240), More:false, Req:false Child:1
12-23 13:40:49.722   495  1170 D PowerManagerService: [api] [s] userActivity : event: 3 flags: 0 (uid: 10226 pid: 1015)
12-23 13:40:49.802   495   949 V AlarmManager: waitForAlarm result :8
12-23 13:40:50.102   495   949 V AlarmManager: waitForAlarm result :8
12-23 13:40:50.402   495   949 V AlarmManager: waitForAlarm result :8
12-23 13:40:50.442   495   997 D PowerManagerService: [api] [s] userActivity : event: 3 flags: 0 (uid: 10226 pid: 1015)
12-23 13:40:50.603   495   506 D PowerManagerService: [api] [s] userActivity : event: 3 flags: 0 (uid: 10226 pid: 1015)
12-23 13:40:50.663  1015  1015 D STATUSBAR-NetworkController: updateRomaingNotification DataRoaming:false mDataRoamingTypeForVZW : 0
12-23 13:40:50.663  1015  1015 D STATUSBAR-NetworkController: refreshSignalCluster - setNWBoosterIndicators(false)
12-23 13:40:50.663  1015  1015 D STATUSBAR-NetworkController: refreshSignalCluster: data=0 bt=false
12-23 13:40:50.683  1015  1015 D STATUSBAR-IconMerger: checkOverflow(240), More:false, Req:false Child:1
12-23 13:40:50.703   495   949 V AlarmManager: waitForAlarm result :8
12-23 13:40:50.833   495  1232 D PowerManagerService: [api] [s] userActivity : event: 3 flags: 0 (uid: 10226 pid: 1015)
12-23 13:40:51.003   495   949 V AlarmManager: waitForAlarm result :8
12-23 13:40:51.023   495   505 D PowerManagerService: [api] [s] userActivity : event: 3 flags: 0 (uid: 10226 pid: 1015)
12-23 13:40:51.223   495  1232 D StatusBarManagerService: semi p:28250,o:f
12-23 13:40:51.223   495   997 D StatusBarManagerService: semi p:28250,o:f
12-23 13:40:51.253   495  1324 D STATUSBAR-StatusBarManagerService: manageDisableList what=0x0 pkg=com.android.keyguard
12-23 13:40:51.293   495   495 D LightsService: [api] [SvcLED] turnOff:: id = 4 (uid: 1000 pid: 495) 
12-23 13:40:51.293   495   495 D LightsService: [SvcLED] setSvcLedStateLocked:: SvcLEDState : 0x0 -> 0x0 | SvcLED(id=4) set Off
12-23 13:40:51.293   495   942 D LightsService: [SvcLED] Lux failed to be updated in 700ms. -> handleForcedSvcLEDTasK
12-23 13:40:51.293   495   942 D LightsService: [SvcLED]  setSvcLedLightLocked :: Current SvcLED(id=3) maintains its priority right
12-23 13:40:51.293   495   495 E MotionRecognitionService:   mReceiver.onReceive : ACTION_USER_PRESENT  :: UNLOCK SCREEN
12-23 13:40:51.293   495  2603 D SSRMv2:TSP:AirViewOnOff: DeviceInfo:: 00000000000
12-23 13:40:51.293   495  2603 D SSRMv2:TSP:AirViewOnOff: SettingsAirViewInfo:: 000000000
12-23 13:40:51.303   495   949 V AlarmManager: waitForAlarm result :8
12-23 13:40:51.303   495   916 D STATUSBAR-StatusBarManagerService: manageDisableList what=0x0 pkg=WindowManager.LayoutParams
12-23 13:40:51.303   495  1534 V WindowManager: rotationForOrientationLw(orient=-1, last=0); user=0 USER_ROTATION_LOCKED sensorRotation=-1 mLidState=-1 mDockMode=0 mHdmiPlugged=false mAccelerometerDefault=false gripRotationLock=false
12-23 13:40:51.303   495  1534 D BarController.StatusBar: mState: WINDOW_STATE_HIDING
12-23 13:40:51.313   495  1534 D PowerManagerService: [api] setUserActivityTimeoutOverrideFromWindowManagerInternal: timeoutMillis: -1
12-23 13:40:51.313   495  1534 D PowerManagerService: [s] getScreenOffTimeoutLocked: 10000 -> 30000
12-23 13:40:51.313   495  1534 D PowerManagerService: [api] setScreenDimDurationOverrideFromWindowManagerInternal: timeoutMillis: -1
12-23 13:40:51.313   495  1534 D PowerManagerService: [api] setButtonTimeoutOverrideFromWindowManagerInternal: timeoutMillis: -1
12-23 13:40:51.323  1015  1015 D STATUSBAR-NetworkController: onSignalStrengthsChanged signalStrength=SignalStrength: 99 99 -87 -50 -120 -1 -1 17 -107 -11 -4 -1 2147483647 gsm|lte 0x2030 level=2
12-23 13:40:51.333  1015  1015 D STATUSBAR-NetworkController: updateRomaingNotification DataRoaming:false mDataRoamingTypeForVZW : 0
12-23 13:40:51.333  1015  1015 D PhoneStatusBar: disable(): knoxCustomManager = android.app.enterprise.knoxcustom.KnoxCustomManager@4250f170
12-23 13:40:51.343   495  2603 D SSRMv2:TSP:AirViewOnOff: DeviceInfo:: 00000000000
12-23 13:40:51.343   495  2603 D SSRMv2:TSP:AirViewOnOff: SettingsAirViewInfo:: 000000000
12-23 13:40:51.363   495  1170 D StatusBarManagerService: tr p:1015,o:f
12-23 13:40:51.604   495   949 V AlarmManager: waitForAlarm result :8
12-23 13:40:51.704   495   911 D BarController.StatusBar: mState: WINDOW_STATE_HIDDEN
12-23 13:40:51.714  1015  1015 V KeyguardDisplayManager: hide
12-23 13:40:51.754   495  4439 W InputMethodManagerService: Window already focused, ignoring focus gain of: com.android.internal.view.IInputMethodClient$Stub$Proxy@4413ef58 attribute=android.view.inputmethod.EditorInfo@4444afa0, token = android.os.BinderProxy@42c987d0
12-23 13:40:51.904   495   949 V AlarmManager: waitForAlarm result :8
12-23 13:40:52.204   495   949 V AlarmManager: waitForAlarm result :8
12-23 13:40:52.425   495   949 V AlarmManager: waitForAlarm result :4
12-23 13:40:52.435   495   949 V AlarmManager: trigger ELAPSED_REALTIME_WAKEUP or RTC_WAKEUP
12-23 13:40:52.505   495   949 V AlarmManager: waitForAlarm result :8
12-23 13:40:52.595  1015  1015 D STATUSBAR-NetworkController: onSignalStrengthsChanged signalStrength=SignalStrength: 99 99 -87 -50 -120 -1 -1 19 -107 -12 -4 -1 2147483647 gsm|lte 0x2030 level=2
12-23 13:40:52.595  1015  1015 D STATUSBAR-NetworkController: updateRomaingNotification DataRoaming:false mDataRoamingTypeForVZW : 0
12-23 13:40:52.805   495   949 V AlarmManager: waitForAlarm result :8
12-23 13:40:53.105   495   949 V AlarmManager: waitForAlarm result :8
12-23 13:40:53.205   495   985 D ConnectivityService: handleInetConditionHoldEnd: net=1, condition=100, published condition=0
12-23 13:40:53.205  1015  1015 D STATUSBAR-NetworkController: onReceive() - CONNECTIVITY_ACTION, INET_CONDITION_ACTION
12-23 13:40:53.205  1015  1015 D STATUSBAR-NetworkController: getUpdateDataNetType() - mDataNetType:13
12-23 13:40:53.205  1015  1015 D STATUSBAR-NetworkController: isCdma(), !isCdmaEri(), mRoamingIconId = 0
12-23 13:40:53.205  1015  1015 D STATUSBAR-NetworkController: updateRomaingNotification DataRoaming:false mDataRoamingTypeForVZW : 0
12-23 13:40:53.406   495   949 V AlarmManager: waitForAlarm result :8
12-23 13:40:53.706   495   949 V AlarmManager: waitForAlarm result :8
12-23 13:40:53.996   495   949 V AlarmManager: waitForAlarm result :8
12-23 13:40:54.046  1015  1015 D STATUSBAR-NetworkController: onSignalStrengthsChanged signalStrength=SignalStrength: 99 99 -87 -50 -120 -1 -1 17 -107 -13 -4 -1 2147483647 gsm|lte 0x2030 level=2
12-23 13:40:54.046  1015  1015 D STATUSBAR-NetworkController: updateRomaingNotification DataRoaming:false mDataRoamingTypeForVZW : 0
12-23 13:40:54.076  1015  1015 D RecentTasksLoader: preloadRecentTasksList
12-23 13:40:54.076  1015  1015 D STATUSBAR-RecentTasksLoader: loadTasksInBackground() mstate:CANCELLED
12-23 13:40:54.076  1015  1015 D STATUSBAR-RecentTasksLoader: loadThumbnailsAndIconsInBackground()
12-23 13:40:54.116  1015 14476 D STATUSBAR-RecentTasksLoader: loadTasksInBackground -doInBackground()
12-23 13:40:54.116  1015 17031 D STATUSBAR-RecentTasksLoader: loadThumbnailsAndIconsInBackground-doInBackground()
12-23 13:40:54.126  1015 14476 D STATUSBAR-RecentTasksLoader:     recentTasks.size():1
12-23 13:40:54.156  1015  1015 D STATUSBAR-RecentTasksLoader: loadTasksInBackground-onProgressUpdate()
12-23 13:40:54.156  1015  1015 D STATUSBAR-RecentTasksLoader:  error - mRecentsPanel == null
12-23 13:40:54.156  1015  1015 D STATUSBAR-RecentTasksLoader: loadTasksInBackground-onProgressUpdate()
12-23 13:40:54.156  1015  1015 D STATUSBAR-RecentTasksLoader:  error - mRecentsPanel == null
12-23 13:40:54.186  1015  1015 D STATUSBAR-RecentTasksLoader: loadThumbnailsAndIconsInBackground-onProgressUpdate()
12-23 13:40:54.186  1015  1015 D STATUSBAR-RecentTasksLoader:     !isCancelled()
12-23 13:40:54.186  1015  1015 D STATUSBAR-RecentTasksLoader: loadThumbnailsAndIconsInBackground-onProgressUpdate()
12-23 13:40:54.186  1015  1015 D STATUSBAR-RecentTasksLoader:     !isCancelled()
12-23 13:40:54.186  1015  1015 D STATUSBAR-RecentTasksLoader: mState = State.LOADED
12-23 13:40:54.206   495   951 D VoIPInterfaceManager: isVoIPRinging()...
12-23 13:40:54.206   495   951 D VoIPInterfaceManager: isVoIPRunningAndDeregi()...
12-23 13:40:54.206   495   951 D VoIPInterfaceManager: Not exist call session
12-23 13:40:54.206  1015  1015 D RecentTasksLoader: cancelPreloadingRecentTasksList
12-23 13:40:54.217  1015  1015 D STATUSBAR-RecentTasksLoader: cancelLoadingThumbnailsAndIcons()
12-23 13:40:54.217  1015  1015 D STATUSBAR-RecentTasksLoader: mTaskLoader.cancel()
12-23 13:40:54.217  1015  1015 D STATUSBAR-RecentTasksLoader: mThumbnailLoader.cancel()
12-23 13:40:54.297   495   949 V AlarmManager: waitForAlarm result :8
12-23 13:40:54.397   495   945 D DisplayPowerController: applyLightSensorMeasurementSEC : mIsLockZone = false
12-23 13:40:54.527   495   950 I WindowManager: startDockOrHome
12-23 13:40:54.527   495   950 D PowerManagerService: [api] [s] userActivity : event: 0 flags: 0 (uid: 1000 pid: 495)
12-23 13:40:54.567  1015  1015 D STATUSBAR-AirplaneModeQuickSettingButton: onReceive : android.intent.action.CLOSE_SYSTEM_DIALOGS
12-23 13:40:54.587   495   950 W ActivityManager: mDVFSHelper.acquire()
12-23 13:40:54.597   495   949 V AlarmManager: waitForAlarm result :8
12-23 13:40:54.647  1015  1015 D STATUSBAR-NetworkController: updateRomaingNotification DataRoaming:false mDataRoamingTypeForVZW : 0
12-23 13:40:54.647  1015  1015 D STATUSBAR-NetworkController: refreshSignalCluster - setNWBoosterIndicators(false)
12-23 13:40:54.647  1015  1015 D STATUSBAR-NetworkController: refreshSignalCluster: data=0 bt=false
12-23 13:40:54.667  1015  1015 D STATUSBAR-IconMerger: checkOverflow(240), More:false, Req:false Child:1
12-23 13:40:54.767   495  1323 V WindowManager: rotationForOrientationLw(orient=5, last=0); user=0 USER_ROTATION_LOCKED sensorRotation=-1 mLidState=-1 mDockMode=0 mHdmiPlugged=false mAccelerometerDefault=false gripRotationLock=false
12-23 13:40:54.787   495  1163 D StatusBarManagerService: semi p:1149,o:f
12-23 13:40:54.787   495  1206 D StatusBarManagerService: semi p:1149,o:f
12-23 13:40:54.797   495  2603 D SSRMv2:TSP:AirViewOnOff: DeviceInfo:: 00000000000
12-23 13:40:54.797   495  2603 D SSRMv2:TSP:AirViewOnOff: SettingsAirViewInfo:: 000000000
12-23 13:40:54.907   495   949 V AlarmManager: waitForAlarm result :8
12-23 13:40:54.977   495   916 D STATUSBAR-StatusBarManagerService: manageDisableList what=0x0 pkg=WindowManager.LayoutParams
12-23 13:40:55.037   495   911 D BarController.StatusBar: mState: WINDOW_STATE_SHOWING
12-23 13:40:55.057   495   916 D STATUSBAR-StatusBarManagerService: manageDisableList what=0x0 pkg=WindowManager.LayoutParams
12-23 13:40:55.087   495   912 W ActivityManager: mDVFSHelper.release()
12-23 13:40:55.168   495   949 V AlarmManager: waitForAlarm result :8
12-23 13:40:55.288   495   949 V AlarmManager: waitForAlarm result :8
12-23 13:40:55.398   495   945 D DisplayPowerController: applyLightSensorMeasurementSEC : mIsLockZone = true
12-23 13:40:55.408   495   949 V AlarmManager: waitForAlarm result :8
12-23 13:40:55.428   495   997 W ActivityManager: Bad activity token: android.os.BinderProxy@448cd1c0
12-23 13:40:55.428   495   997 W ActivityManager: java.lang.ClassCastException: android.os.BinderProxy cannot be cast to com.android.server.am.ActivityRecord$Token
12-23 13:40:55.428   495   997 W ActivityManager: 	at com.android.server.am.ActivityRecord.forToken(ActivityRecord.java:378)
12-23 13:40:55.428   495   997 W ActivityManager: 	at com.android.server.am.ActivityRecord.isInStackLocked(ActivityRecord.java:1185)
12-23 13:40:55.428   495   997 W ActivityManager: 	at com.android.server.am.MultiWindowFacadeService.getMultiWindowStyle(MultiWindowFacadeService.java:102)
12-23 13:40:55.428   495   997 W ActivityManager: 	at com.samsung.android.multiwindow.IMultiWindowFacade$Stub.onTransact(IMultiWindowFacade.java:107)
12-23 13:40:55.428   495   997 W ActivityManager: 	at android.os.Binder.execTransact(Binder.java:404)
12-23 13:40:55.428   495   997 W ActivityManager: 	at dalvik.system.NativeStart.run(Native Method)
12-23 13:40:55.438   495   506 D StatusBarManagerService: tr p:1149,o:f
12-23 13:40:55.528   495   949 V AlarmManager: waitForAlarm result :8
12-23 13:40:55.548   495  4439 D StatusBarManagerService: semi p:1149,o:f
12-23 13:40:55.598   495   945 D DisplayPowerController: applyLightSensorMeasurementSEC : mIsLockZone = false
12-23 13:40:55.648   495   949 V AlarmManager: waitForAlarm result :8
12-23 13:40:55.768   495   949 V AlarmManager: waitForAlarm result :8
12-23 13:40:55.798   495   945 D DisplayPowerController: applyLightSensorMeasurementSEC : mIsLockZone = true
12-23 13:40:55.888   495   949 V AlarmManager: waitForAlarm result :8
12-23 13:40:56.008   495   949 V AlarmManager: waitForAlarm result :8
12-23 13:40:56.139   495   949 V AlarmManager: waitForAlarm result :8
12-23 13:40:56.249   495   949 V AlarmManager: waitForAlarm result :8
12-23 13:40:56.369   495   949 V AlarmManager: waitForAlarm result :8
12-23 13:40:56.419  1015  1015 D STATUSBAR-NetworkController: onSignalStrengthsChanged signalStrength=SignalStrength: 99 99 -87 -50 -120 -1 -1 19 -109 -14 -16 -1 2147483647 gsm|lte 0x2030 level=2
12-23 13:40:56.419  1015  1015 D STATUSBAR-NetworkController: updateRomaingNotification DataRoaming:false mDataRoamingTypeForVZW : 0
12-23 13:40:56.489   495   949 V AlarmManager: waitForAlarm result :8
12-23 13:40:56.609   495   949 V AlarmManager: waitForAlarm result :8
12-23 13:40:56.729   495   949 V AlarmManager: waitForAlarm result :8
12-23 13:40:56.809   495   949 V AlarmManager: waitForAlarm result :4
12-23 13:40:56.819   495   949 V AlarmManager: trigger ELAPSED_REALTIME_WAKEUP or RTC_WAKEUP
12-23 13:40:56.859   495   949 V AlarmManager: waitForAlarm result :8
12-23 13:40:56.979   495   949 V AlarmManager: waitForAlarm result :8
12-23 13:40:57.090   495   949 V AlarmManager: waitForAlarm result :8
12-23 13:40:57.220   495   949 V AlarmManager: waitForAlarm result :8
12-23 13:40:57.330   495   949 V AlarmManager: waitForAlarm result :8
12-23 13:40:57.400   495   945 D DisplayPowerController: applyLightSensorMeasurementSEC : mIsLockZone = false
12-23 13:40:57.450   495   949 V AlarmManager: waitForAlarm result :8
12-23 13:40:57.570   495   949 V AlarmManager: waitForAlarm result :8
12-23 13:40:57.600   495   945 D DisplayPowerController: applyLightSensorMeasurementSEC : mIsLockZone = true
12-23 13:40:57.670  1015  1015 D STATUSBAR-NetworkController: updateRomaingNotification DataRoaming:false mDataRoamingTypeForVZW : 0
12-23 13:40:57.670  1015  1015 D STATUSBAR-NetworkController: refreshSignalCluster - setNWBoosterIndicators(false)
12-23 13:40:57.670  1015  1015 D STATUSBAR-NetworkController: refreshSignalCluster: data=0 bt=false
12-23 13:40:57.690  1015  1015 D STATUSBAR-IconMerger: checkOverflow(240), More:false, Req:false Child:1
12-23 13:40:57.690   495   949 V AlarmManager: waitForAlarm result :8
12-23 13:40:57.720  1015  1015 D STATUSBAR-NetworkController: onSignalStrengthsChanged signalStrength=SignalStrength: 99 99 -87 -50 -120 -1 -1 17 -109 -13 -16 -1 2147483647 gsm|lte 0x2030 level=2
12-23 13:40:57.720  1015  1015 D STATUSBAR-NetworkController: updateRomaingNotification DataRoaming:false mDataRoamingTypeForVZW : 0
12-23 13:40:57.810   495   949 V AlarmManager: waitForAlarm result :8
12-23 13:40:57.930   495   949 V AlarmManager: waitForAlarm result :8
12-23 13:40:58.051   495   949 V AlarmManager: waitForAlarm result :8
12-23 13:40:58.171   495   949 V AlarmManager: waitForAlarm result :8
12-23 13:40:58.291   495   949 V AlarmManager: waitForAlarm result :8
12-23 13:40:58.411   495   949 V AlarmManager: waitForAlarm result :8
12-23 13:40:58.501   495  2603 D SSRMv2:SIOP: SIOP:: AP = 340, Delta = 20
12-23 13:40:58.531   495   949 V AlarmManager: waitForAlarm result :8
12-23 13:40:58.651   495   949 V AlarmManager: waitForAlarm result :8
12-23 13:40:58.771   495   949 V AlarmManager: waitForAlarm result :8
12-23 13:40:58.891   495   949 V AlarmManager: waitForAlarm result :8
12-23 13:40:58.962   495  1576 D MotionRecognitionService:  ssp status : false
12-23 13:40:59.012   495   949 V AlarmManager: waitForAlarm result :8
12-23 13:40:59.022  1015  1015 D STATUSBAR-NetworkController: onSignalStrengthsChanged signalStrength=SignalStrength: 99 99 -87 -50 -120 -1 -1 18 -111 -18 -16 -1 2147483647 gsm|lte 0x2030 level=2
12-23 13:40:59.022  1015  1015 D STATUSBAR-NetworkController: updateRomaingNotification DataRoaming:false mDataRoamingTypeForVZW : 0
12-23 13:40:59.132   495   949 V AlarmManager: waitForAlarm result :8
12-23 13:40:59.252   495   949 V AlarmManager: waitForAlarm result :8
12-23 13:40:59.372   495   949 V AlarmManager: waitForAlarm result :8
12-23 13:40:59.492   495   949 V AlarmManager: waitForAlarm result :8
12-23 13:40:59.612   495   949 V AlarmManager: waitForAlarm result :8
12-23 13:40:59.682  1015  1015 D STATUSBAR-NetworkController: updateRomaingNotification DataRoaming:false mDataRoamingTypeForVZW : 0
12-23 13:40:59.682  1015  1015 D STATUSBAR-NetworkController: refreshSignalCluster - setNWBoosterIndicators(false)
12-23 13:40:59.682  1015  1015 D STATUSBAR-NetworkController: refreshSignalCluster: data=0 bt=false
12-23 13:40:59.702  1015  1015 D STATUSBAR-IconMerger: checkOverflow(240), More:false, Req:false Child:1
12-23 13:40:59.732   495   949 V AlarmManager: waitForAlarm result :8
12-23 13:40:59.853   495   949 V AlarmManager: waitForAlarm result :8
12-23 13:40:59.973   495   949 V AlarmManager: waitForAlarm result :8
12-23 13:41:00.023   495   949 V AlarmManager: waitForAlarm result :8
12-23 13:41:00.033  1622  1622 D KeyguardClockWidgetService: onReceive action=android.intent.action.TIME_TICK
12-23 13:41:00.043   495   495 V AlarmManager: ClockReceiver onReceive() ACTION_TIME_TICK
12-23 13:41:00.063  1015  1015 D STATUSBAR-IconMerger: checkOverflow(240), More:false, Req:false Child:1
12-23 13:41:00.093   495   949 V AlarmManager: waitForAlarm result :8
12-23 13:41:00.213   495   949 V AlarmManager: waitForAlarm result :8
12-23 13:41:00.333   495   949 V AlarmManager: waitForAlarm result :8
12-23 13:41:00.453   495   949 V AlarmManager: waitForAlarm result :8
12-23 13:41:00.573   495   949 V AlarmManager: waitForAlarm result :8
12-23 13:41:00.693  1015  1015 D STATUSBAR-NetworkController: updateRomaingNotification DataRoaming:false mDataRoamingTypeForVZW : 0
12-23 13:41:00.693  1015  1015 D STATUSBAR-NetworkController: refreshSignalCluster - setNWBoosterIndicators(false)
12-23 13:41:00.693  1015  1015 D STATUSBAR-NetworkController: refreshSignalCluster: data=0 bt=false
12-23 13:41:00.693   495   949 V AlarmManager: waitForAlarm result :8
12-23 13:41:00.723  1015  1015 D STATUSBAR-IconMerger: checkOverflow(240), More:false, Req:false Child:1
12-23 13:41:00.814   495   949 V AlarmManager: waitForAlarm result :8
12-23 13:41:00.934   495   949 V AlarmManager: waitForAlarm result :8
12-23 13:41:01.024   495   949 V AlarmManager: waitForAlarm result :4
12-23 13:41:01.024   495   949 V AlarmManager: trigger ELAPSED_REALTIME_WAKEUP or RTC_WAKEUP
12-23 13:41:01.054   495   949 V AlarmManager: waitForAlarm result :8
12-23 13:41:01.174   495   949 V AlarmManager: waitForAlarm result :8
12-23 13:41:01.294   495   949 V AlarmManager: waitForAlarm result :8
12-23 13:41:01.414   495   949 V AlarmManager: waitForAlarm result :8
12-23 13:41:01.534   495   949 V AlarmManager: waitForAlarm result :8
12-23 13:41:01.654   495   949 V AlarmManager: waitForAlarm result :8
12-23 13:41:01.775   495   949 V AlarmManager: waitForAlarm result :8
12-23 13:41:01.895   495   949 V AlarmManager: waitForAlarm result :8
12-23 13:41:02.015   495   949 V AlarmManager: waitForAlarm result :8
12-23 13:41:02.135   495   949 V AlarmManager: waitForAlarm result :8
12-23 13:41:02.255   495   949 V AlarmManager: waitForAlarm result :8
12-23 13:41:02.375   495   949 V AlarmManager: waitForAlarm result :8
12-23 13:41:02.495   495   949 V AlarmManager: waitForAlarm result :8
12-23 13:41:02.525   495   949 V AlarmManager: waitForAlarm result :4
12-23 13:41:02.535   495   949 V AlarmManager: trigger ELAPSED_REALTIME_WAKEUP or RTC_WAKEUP
12-23 13:41:02.615   495   949 V AlarmManager: waitForAlarm result :8
12-23 13:41:02.736   495   949 V AlarmManager: waitForAlarm result :8
12-23 13:41:02.856   495   949 V AlarmManager: waitForAlarm result :8
12-23 13:41:02.966   495   949 V AlarmManager: waitForAlarm result :8
12-23 13:41:03.096   495   949 V AlarmManager: waitForAlarm result :8
12-23 13:41:03.216   495   949 V AlarmManager: waitForAlarm result :8
12-23 13:41:03.336   495   949 V AlarmManager: waitForAlarm result :8
12-23 13:41:03.446   495   949 V AlarmManager: waitForAlarm result :8
12-23 13:41:03.576   495   949 V AlarmManager: waitForAlarm result :8
12-23 13:41:03.697   495   949 V AlarmManager: waitForAlarm result :8
12-23 13:41:03.817   495   949 V AlarmManager: waitForAlarm result :8
12-23 13:41:03.937   495   949 V AlarmManager: waitForAlarm result :8
12-23 13:41:04.047   495   949 V AlarmManager: waitForAlarm result :8
12-23 13:41:04.167   495   949 V AlarmManager: waitForAlarm result :8
12-23 13:41:04.287   495   949 V AlarmManager: waitForAlarm result :8
12-23 13:41:04.407   495   949 V AlarmManager: waitForAlarm result :8
12-23 13:41:04.528   495   949 V AlarmManager: waitForAlarm result :8
12-23 13:41:04.648   495   949 V AlarmManager: waitForAlarm result :8
12-23 13:41:04.738  1015  1015 D STATUSBAR-NetworkController: updateRomaingNotification DataRoaming:false mDataRoamingTypeForVZW : 0
12-23 13:41:04.738  1015  1015 D STATUSBAR-NetworkController: refreshSignalCluster - setNWBoosterIndicators(false)
12-23 13:41:04.738  1015  1015 D STATUSBAR-NetworkController: refreshSignalCluster: data=0 bt=false
12-23 13:41:04.768   495   949 V AlarmManager: waitForAlarm result :8
12-23 13:41:04.778  1015  1015 D STATUSBAR-IconMerger: checkOverflow(240), More:false, Req:false Child:1
12-23 13:41:04.888   495   949 V AlarmManager: waitForAlarm result :8
12-23 13:41:05.008   495   949 V AlarmManager: waitForAlarm result :8
12-23 13:41:05.128   495   949 V AlarmManager: waitForAlarm result :8
12-23 13:41:05.248   495   949 V AlarmManager: waitForAlarm result :8
12-23 13:41:05.368   495   949 V AlarmManager: waitForAlarm result :8
12-23 13:41:05.489   495   949 V AlarmManager: waitForAlarm result :8
12-23 13:41:05.609   495   949 V AlarmManager: waitForAlarm result :8
12-23 13:41:05.729   495   949 V AlarmManager: waitForAlarm result :8
12-23 13:41:05.849   495   949 V AlarmManager: waitForAlarm result :8
12-23 13:41:05.969   495   949 V AlarmManager: waitForAlarm result :8
12-23 13:41:06.099   495   949 V AlarmManager: waitForAlarm result :8
12-23 13:41:06.219   495   949 V AlarmManager: waitForAlarm result :8
12-23 13:41:06.329   495   949 V AlarmManager: waitForAlarm result :8
12-23 13:41:06.460   495   949 V AlarmManager: waitForAlarm result :8
12-23 13:41:06.570   495   949 V AlarmManager: waitForAlarm result :8
12-23 13:41:06.690   495   949 V AlarmManager: waitForAlarm result :8
12-23 13:41:06.780  1015  1015 D STATUSBAR-NetworkController: updateRomaingNotification DataRoaming:false mDataRoamingTypeForVZW : 0
12-23 13:41:06.780  1015  1015 D STATUSBAR-NetworkController: refreshSignalCluster - setNWBoosterIndicators(false)
12-23 13:41:06.780  1015  1015 D STATUSBAR-NetworkController: refreshSignalCluster: data=0 bt=false
12-23 13:41:06.800  1015  1015 D STATUSBAR-IconMerger: checkOverflow(240), More:false, Req:false Child:1
12-23 13:41:06.810   495   949 V AlarmManager: waitForAlarm result :8
12-23 13:41:06.930   495   949 V AlarmManager: waitForAlarm result :8
12-23 13:41:07.060   495   949 V AlarmManager: waitForAlarm result :8
12-23 13:41:07.170   495   949 V AlarmManager: waitForAlarm result :8
12-23 13:41:07.290   495   949 V AlarmManager: waitForAlarm result :8
12-23 13:41:07.411   495   949 V AlarmManager: waitForAlarm result :8
12-23 13:41:07.531   495   949 V AlarmManager: waitForAlarm result :8
12-23 13:41:07.651   495   949 V AlarmManager: waitForAlarm result :8
12-23 13:41:07.771   495   949 V AlarmManager: waitForAlarm result :8
12-23 13:41:07.891   495   949 V AlarmManager: waitForAlarm result :8
12-23 13:41:08.021   495   949 V AlarmManager: waitForAlarm result :8
12-23 13:41:08.141   495   949 V AlarmManager: waitForAlarm result :8
12-23 13:41:08.261   495   949 V AlarmManager: waitForAlarm result :8
12-23 13:41:08.372   495   949 V AlarmManager: waitForAlarm result :8
12-23 13:41:08.502   495   949 V AlarmManager: waitForAlarm result :8
12-23 13:41:08.562   495  2603 D SSRMv2:SIOP: SIOP:: AP = 340, Delta = 0
12-23 13:41:08.612   495   949 V AlarmManager: waitForAlarm result :8
12-23 13:41:08.732   495   949 V AlarmManager: waitForAlarm result :8
12-23 13:41:08.822  1015  1015 D STATUSBAR-NetworkController: updateRomaingNotification DataRoaming:false mDataRoamingTypeForVZW : 0
12-23 13:41:08.822  1015  1015 D STATUSBAR-NetworkController: refreshSignalCluster - setNWBoosterIndicators(false)
12-23 13:41:08.822  1015  1015 D STATUSBAR-NetworkController: refreshSignalCluster: data=0 bt=false
12-23 13:41:08.832  1015  1015 D STATUSBAR-IconMerger: checkOverflow(240), More:false, Req:false Child:1
12-23 13:41:08.852   495   949 V AlarmManager: waitForAlarm result :8
12-23 13:41:08.972   495   949 V AlarmManager: waitForAlarm result :8
12-23 13:41:09.092   495   949 V AlarmManager: waitForAlarm result :8
12-23 13:41:09.213   495   949 V AlarmManager: waitForAlarm result :8
12-23 13:41:09.333   495   949 V AlarmManager: waitForAlarm result :8
12-23 13:41:09.453   495   949 V AlarmManager: waitForAlarm result :8
12-23 13:41:09.573   495   949 V AlarmManager: waitForAlarm result :8
12-23 13:41:09.693   495   949 V AlarmManager: waitForAlarm result :8
12-23 13:41:09.813   495   949 V AlarmManager: waitForAlarm result :8
12-23 13:41:09.933   495   949 V AlarmManager: waitForAlarm result :8
12-23 13:41:10.053   495   949 V AlarmManager: waitForAlarm result :8
12-23 13:41:10.174   495   949 V AlarmManager: waitForAlarm result :8
12-23 13:41:10.294   495   949 V AlarmManager: waitForAlarm result :8
12-23 13:41:10.414   495   949 V AlarmManager: waitForAlarm result :8
12-23 13:41:10.534   495   949 V AlarmManager: waitForAlarm result :8
12-23 13:41:10.654   495   949 V AlarmManager: waitForAlarm result :8
12-23 13:41:10.774   495   949 V AlarmManager: waitForAlarm result :8
12-23 13:41:10.894   495   949 V AlarmManager: waitForAlarm result :8
12-23 13:41:11.014   495   949 V AlarmManager: waitForAlarm result :8
12-23 13:41:11.044   495   949 V AlarmManager: waitForAlarm result :4
12-23 13:41:11.074   495   949 V AlarmManager: trigger ELAPSED_REALTIME_WAKEUP or RTC_WAKEUP
12-23 13:41:11.135   495   949 V AlarmManager: waitForAlarm result :8
12-23 13:41:11.255   495   949 V AlarmManager: waitForAlarm result :8
12-23 13:41:11.375   495   949 V AlarmManager: waitForAlarm result :8
12-23 13:41:11.495   495   949 V AlarmManager: waitForAlarm result :8
12-23 13:41:11.535   495   505 D BatteryService: level:66, scale:100, status:3, health:2, present:true, voltage: 3907, temperature: 316, technology: Li-ion, AC powered:false, USB powered:false, Wireless powered:false, icon:17303535, invalid charger:0, online:1, current avg:-1, charge type:0, power sharing:false
12-23 13:41:11.535   495   495 D BatteryService: Sending ACTION_BATTERY_CHANGED.
12-23 13:41:11.545  1015  1015 D STATUSBAR-PhoneStatusBar:  mBrightnessEnablebySettings = true mBrightnessEnablebyBattery = true mBrightnessEnablebyDisableFlag = true mPmsBrightnessEnablebySettings = true
12-23 13:41:11.545  1015  1015 D BatteryMeterView: ACTION_BATTERY_CHANGED : level:66 status:3 health:2
12-23 13:41:11.555  1015  1015 D STATUSBAR-IconMerger: checkOverflow(240), More:false, Req:false Child:1
12-23 13:41:11.615   495   949 V AlarmManager: waitForAlarm result :8
12-23 13:41:11.735   495   949 V AlarmManager: waitForAlarm result :8
12-23 13:41:11.785  1015  1015 D STATUSBAR-NetworkController: onSignalStrengthsChanged signalStrength=SignalStrength: 99 99 -87 -50 -120 -1 -1 17 -113 -17 -42 -1 2147483647 gsm|lte 0x1030 level=1
12-23 13:41:11.795  1015  1015 D STATUSBAR-NetworkController: updateRomaingNotification DataRoaming:false mDataRoamingTypeForVZW : 0
12-23 13:41:11.795  1015  1015 D STATUSBAR-NetworkController: refreshSignalCluster - setNWBoosterIndicators(false)
12-23 13:41:11.795  1015  1015 D STATUSBAR-NetworkController: refreshSignalCluster: data=0 bt=false
12-23 13:41:11.815  1015  1015 D STATUSBAR-IconMerger: checkOverflow(240), More:false, Req:false Child:1
12-23 13:41:11.855   495   949 V AlarmManager: waitForAlarm result :8
12-23 13:41:11.875  1015  1015 D STATUSBAR-NetworkController: updateRomaingNotification DataRoaming:false mDataRoamingTypeForVZW : 0
12-23 13:41:11.875  1015  1015 D STATUSBAR-NetworkController: refreshSignalCluster - setNWBoosterIndicators(false)
12-23 13:41:11.875  1015  1015 D STATUSBAR-NetworkController: refreshSignalCluster: data=0 bt=false
12-23 13:41:11.895  1015  1015 D STATUSBAR-IconMerger: checkOverflow(240), More:false, Req:false Child:1
12-23 13:41:11.975   495   949 V AlarmManager: waitForAlarm result :8
12-23 13:41:12.096   495   949 V AlarmManager: waitForAlarm result :8
12-23 13:41:12.216   495   949 V AlarmManager: waitForAlarm result :8
12-23 13:41:12.336   495  1099 E Watchdog: !@Sync 211
12-23 13:41:12.336   495   949 V AlarmManager: waitForAlarm result :8
12-23 13:41:12.456   495   949 V AlarmManager: waitForAlarm result :8
12-23 13:41:12.576   495   949 V AlarmManager: waitForAlarm result :8
12-23 13:41:12.696   495   949 V AlarmManager: waitForAlarm result :8
12-23 13:41:12.816   495   949 V AlarmManager: waitForAlarm result :8
12-23 13:41:12.936   495   949 V AlarmManager: waitForAlarm result :8
12-23 13:41:13.057   495   949 V AlarmManager: waitForAlarm result :8
12-23 13:41:13.177   495   949 V AlarmManager: waitForAlarm result :8
12-23 13:41:13.297   495   949 V AlarmManager: waitForAlarm result :8
12-23 13:41:13.407   495   949 V AlarmManager: waitForAlarm result :8
12-23 13:41:13.527   495   949 V AlarmManager: waitForAlarm result :8
12-23 13:41:13.647   495   949 V AlarmManager: waitForAlarm result :8
12-23 13:41:13.767   495   949 V AlarmManager: waitForAlarm result :8
12-23 13:41:13.887   495   949 V AlarmManager: waitForAlarm result :8
12-23 13:41:14.008   495   949 V AlarmManager: waitForAlarm result :8
12-23 13:41:14.128   495   949 V AlarmManager: waitForAlarm result :8
12-23 13:41:14.248   495   949 V AlarmManager: waitForAlarm result :8
12-23 13:41:14.368   495   949 V AlarmManager: waitForAlarm result :8
12-23 13:41:14.488   495   949 V AlarmManager: waitForAlarm result :8
12-23 13:41:14.608   495   949 V AlarmManager: waitForAlarm result :8
12-23 13:41:14.738   495   949 V AlarmManager: waitForAlarm result :8
12-23 13:41:14.849   495   949 V AlarmManager: waitForAlarm result :8
12-23 13:41:14.869  1015  1015 D STATUSBAR-NetworkController: updateRomaingNotification DataRoaming:false mDataRoamingTypeForVZW : 0
12-23 13:41:14.869  1015  1015 D STATUSBAR-NetworkController: refreshSignalCluster - setNWBoosterIndicators(false)
12-23 13:41:14.869  1015  1015 D STATUSBAR-NetworkController: refreshSignalCluster: data=0 bt=false
12-23 13:41:14.889  1015  1015 D STATUSBAR-IconMerger: checkOverflow(240), More:false, Req:false Child:1
12-23 13:41:14.969   495   949 V AlarmManager: waitForAlarm result :8
12-23 13:41:15.089   495   949 V AlarmManager: waitForAlarm result :8
12-23 13:41:15.209   495   949 V AlarmManager: waitForAlarm result :8
12-23 13:41:15.329   495   949 V AlarmManager: waitForAlarm result :8
12-23 13:41:15.449   495   949 V AlarmManager: waitForAlarm result :8
12-23 13:41:15.579   495   949 V AlarmManager: waitForAlarm result :8
12-23 13:41:15.699   495   949 V AlarmManager: waitForAlarm result :8
12-23 13:41:15.820   495   949 V AlarmManager: waitForAlarm result :8
12-23 13:41:15.890  1015  1015 D STATUSBAR-NetworkController: updateRomaingNotification DataRoaming:false mDataRoamingTypeForVZW : 0
12-23 13:41:15.900  1015  1015 D STATUSBAR-NetworkController: refreshSignalCluster - setNWBoosterIndicators(false)
12-23 13:41:15.900  1015  1015 D STATUSBAR-NetworkController: refreshSignalCluster: data=0 bt=false
12-23 13:41:15.920  1015  1015 D STATUSBAR-IconMerger: checkOverflow(240), More:false, Req:false Child:1
12-23 13:41:15.930   495   949 V AlarmManager: waitForAlarm result :8
12-23 13:41:16.050   495   949 V AlarmManager: waitForAlarm result :8
12-23 13:41:16.170   495   949 V AlarmManager: waitForAlarm result :8
12-23 13:41:16.290   495   949 V AlarmManager: waitForAlarm result :8
12-23 13:41:16.410   495   949 V AlarmManager: waitForAlarm result :8
12-23 13:41:16.530   495   949 V AlarmManager: waitForAlarm result :8
12-23 13:41:16.650   495   949 V AlarmManager: waitForAlarm result :8
12-23 13:41:16.771   495   949 V AlarmManager: waitForAlarm result :8
12-23 13:41:16.891   495   949 V AlarmManager: waitForAlarm result :8
12-23 13:41:17.011   495   949 V AlarmManager: waitForAlarm result :8
12-23 13:41:17.131   495   949 V AlarmManager: waitForAlarm result :8
12-23 13:41:17.251   495   949 V AlarmManager: waitForAlarm result :8
12-23 13:41:17.371   495   949 V AlarmManager: waitForAlarm result :8
12-23 13:41:17.491   495   949 V AlarmManager: waitForAlarm result :8
12-23 13:41:17.621   495   949 V AlarmManager: waitForAlarm result :8
12-23 13:41:17.742   495   949 V AlarmManager: waitForAlarm result :8
12-23 13:41:17.862   495   949 V AlarmManager: waitForAlarm result :8
12-23 13:41:17.972   495   949 V AlarmManager: waitForAlarm result :8
12-23 13:41:18.092   495   949 V AlarmManager: waitForAlarm result :8
12-23 13:41:18.212   495   949 V AlarmManager: waitForAlarm result :8
12-23 13:41:18.332   495   949 V AlarmManager: waitForAlarm result :8
12-23 13:41:18.452   495   949 V AlarmManager: waitForAlarm result :8
12-23 13:41:18.532   495   945 D PowerManagerService: [s] UserActivityState : 1 -> 2
12-23 13:41:18.532   495   945 D DisplayPowerController: animation target = 20 (PSM:true, AB limit:(-1 ~ -1) MB Limit:(-1 ~ -1) MAdj:(0, (0, 255)))
12-23 13:41:18.532   495   945 D PowerManagerService: [s] mDisplayPowerControllerCallbacks : onStateChanged()
12-23 13:41:18.562   495   945 D RampAnimator: Light Animator Finished currentValue=20
12-23 13:41:18.572   495   949 V AlarmManager: waitForAlarm result :8
12-23 13:41:18.623   495  2603 D SSRMv2:SIOP: SIOP:: AP = 340, Delta = 0
12-23 13:41:18.693   495   949 V AlarmManager: waitForAlarm result :8
12-23 13:41:18.813   495   949 V AlarmManager: waitForAlarm result :8
12-23 13:41:18.933   495   949 V AlarmManager: waitForAlarm result :8
12-23 13:41:18.943  1015  1015 D STATUSBAR-NetworkController: updateRomaingNotification DataRoaming:false mDataRoamingTypeForVZW : 0
12-23 13:41:18.943  1015  1015 D STATUSBAR-NetworkController: refreshSignalCluster - setNWBoosterIndicators(false)
12-23 13:41:18.943  1015  1015 D STATUSBAR-NetworkController: refreshSignalCluster: data=0 bt=false
12-23 13:41:18.963  1015  1015 D STATUSBAR-IconMerger: checkOverflow(240), More:false, Req:false Child:1
12-23 13:41:19.053   495   949 V AlarmManager: waitForAlarm result :8
12-23 13:41:19.173   495   949 V AlarmManager: waitForAlarm result :8
12-23 13:41:19.293   495   949 V AlarmManager: waitForAlarm result :8
12-23 13:41:19.413   495   949 V AlarmManager: waitForAlarm result :8
12-23 13:41:19.534   495   949 V AlarmManager: waitForAlarm result :8
12-23 13:41:19.574   495   949 V AlarmManager: waitForAlarm result :4
12-23 13:41:19.584   495   949 V AlarmManager: trigger ELAPSED_REALTIME_WAKEUP or RTC_WAKEUP
12-23 13:41:19.654   495   949 V AlarmManager: waitForAlarm result :8
12-23 13:41:19.774   495   949 V AlarmManager: waitForAlarm result :8
12-23 13:41:19.894   495   949 V AlarmManager: waitForAlarm result :8
12-23 13:41:19.964  1015  1015 D STATUSBAR-NetworkController: updateRomaingNotification DataRoaming:false mDataRoamingTypeForVZW : 0
12-23 13:41:19.964  1015  1015 D STATUSBAR-NetworkController: refreshSignalCluster - setNWBoosterIndicators(false)
12-23 13:41:19.964  1015  1015 D STATUSBAR-NetworkController: refreshSignalCluster: data=0 bt=false
12-23 13:41:19.984  1015  1015 D STATUSBAR-IconMerger: checkOverflow(240), More:false, Req:false Child:1
12-23 13:41:20.014   495   949 V AlarmManager: waitForAlarm result :8
12-23 13:41:20.134   495   949 V AlarmManager: waitForAlarm result :8
12-23 13:41:20.254   495   949 V AlarmManager: waitForAlarm result :8
12-23 13:41:20.374   495   949 V AlarmManager: waitForAlarm result :8
12-23 13:41:20.495   495   949 V AlarmManager: waitForAlarm result :8
12-23 13:41:20.615   495   949 V AlarmManager: waitForAlarm result :8
12-23 13:41:20.735   495   949 V AlarmManager: waitForAlarm result :8
12-23 13:41:20.855   495   949 V AlarmManager: waitForAlarm result :8
12-23 13:41:20.975   495   949 V AlarmManager: waitForAlarm result :8
12-23 13:41:21.105   495   949 V AlarmManager: waitForAlarm result :8
12-23 13:41:21.215   495   949 V AlarmManager: waitForAlarm result :8
12-23 13:41:21.335   495   949 V AlarmManager: waitForAlarm result :8
12-23 13:41:21.456   495   949 V AlarmManager: waitForAlarm result :8
12-23 13:41:21.576   495   949 V AlarmManager: waitForAlarm result :8
12-23 13:41:21.696   495   949 V AlarmManager: waitForAlarm result :8
12-23 13:41:21.806   495   949 V AlarmManager: waitForAlarm result :8
12-23 13:41:21.936   495   949 V AlarmManager: waitForAlarm result :8
12-23 13:41:22.046   495   949 V AlarmManager: waitForAlarm result :8
12-23 13:41:22.176   495   949 V AlarmManager: waitForAlarm result :8
12-23 13:41:22.296   495   949 V AlarmManager: waitForAlarm result :8
12-23 13:41:22.417   495   949 V AlarmManager: waitForAlarm result :8
12-23 13:41:22.537   495   949 V AlarmManager: waitForAlarm result :8
12-23 13:41:22.657   495   949 V AlarmManager: waitForAlarm result :8
12-23 13:41:22.777   495   949 V AlarmManager: waitForAlarm result :8
12-23 13:41:22.897   495   949 V AlarmManager: waitForAlarm result :8
12-23 13:41:23.007   495   949 V AlarmManager: waitForAlarm result :8
12-23 13:41:23.117   495   949 V AlarmManager: waitForAlarm result :4
12-23 13:41:23.117   495   949 V AlarmManager: trigger ELAPSED_REALTIME_WAKEUP or RTC_WAKEUP
12-23 13:41:23.127   495   949 V AlarmManager: waitForAlarm result :8
12-23 13:41:23.247   495   949 V AlarmManager: waitForAlarm result :8
12-23 13:41:23.368   495   949 V AlarmManager: waitForAlarm result :8
12-23 13:41:23.498   495   949 V AlarmManager: waitForAlarm result :8
12-23 13:41:23.608   495   949 V AlarmManager: waitForAlarm result :8
12-23 13:41:23.728   495   949 V AlarmManager: waitForAlarm result :8
12-23 13:41:23.848   495   949 V AlarmManager: waitForAlarm result :8
12-23 13:41:23.968   495   949 V AlarmManager: waitForAlarm result :8
12-23 13:41:24.088   495   949 V AlarmManager: waitForAlarm result :8
12-23 13:41:24.209   495   949 V AlarmManager: waitForAlarm result :8
12-23 13:41:24.329   495   949 V AlarmManager: waitForAlarm result :8
12-23 13:41:24.449   495   949 V AlarmManager: waitForAlarm result :8
12-23 13:41:24.529   495   945 D PowerManagerService: [s] UserActivityState : 2 -> 0
12-23 13:41:24.529   495   945 I PowerManagerService: !@[ps] Screen__Off(2) : timeout (0x4)
12-23 13:41:24.529   495   945 I PowerManagerService: Going to sleep due to screen timeout...
12-23 13:41:24.529   495   945 D PowerManagerService: [s] WAKEFULNESS_ASLEEP
12-23 13:41:24.529   495   945 D DisplayPowerController: [DAB] setLightSensorEnabled : unregisterListener mLightSensor
12-23 13:41:24.549   495   945 I DisplayPowerController: [DAB] fileWriteInt : /sys/class/backlight/panel/auto_brightness  value : 0
