12-23 13:48:35.078  1015  1015 D STATUSBAR-IconMerger: checkOverflow(240), More:false, Req:false Child:1
12-23 13:48:35.098   495   949 V AlarmManager: trigger ELAPSED_REALTIME_WAKEUP or RTC_WAKEUP
12-23 13:48:35.108  1015  1015 D BatteryMeterView: ACTION_BATTERY_CHANGED : level:65 status:3 health:2
12-23 13:48:35.529   495  1576 D BatteryService: level:65, scale:100, status:3, health:2, present:true, voltage: 3932, temperature: 335, technology: Li-ion, AC powered:false, USB powered:false, Wireless powered:false, icon:17303535, invalid charger:0, online:1, current avg:-1, charge type:0, power sharing:false
12-23 13:48:35.529   495   495 D BatteryService: Sending ACTION_BATTERY_CHANGED.
12-23 13:48:35.559  1015  1015 D STATUSBAR-PhoneStatusBar:  mBrightnessEnablebySettings = true mBrightnessEnablebyBattery = true mBrightnessEnablebyDisableFlag = true mPmsBrightnessEnablebySettings = true
12-23 13:48:35.559  1015  1015 D BatteryMeterView: ACTION_BATTERY_CHANGED : level:65 status:3 health:2
12-23 13:48:35.579  1015  1015 D STATUSBAR-IconMerger: checkOverflow(240), More:false, Req:false Child:1
12-23 13:48:42.688   495  1112 D BatteryService: level:65, scale:100, status:3, health:2, present:true, voltage: 3898, temperature: 334, technology: Li-ion, AC powered:false, USB powered:false, Wireless powered:false, icon:17303535, invalid charger:0, online:1, current avg:-1, charge type:0, power sharing:false
12-23 13:48:42.688   495   495 D BatteryService: Sending ACTION_BATTERY_CHANGED.
12-23 13:48:42.698  1015  1015 D STATUSBAR-PhoneStatusBar:  mBrightnessEnablebySettings = true mBrightnessEnablebyBattery = true mBrightnessEnablebyDisableFlag = true mPmsBrightnessEnablebySettings = true
12-23 13:48:42.698  1015  1015 D BatteryMeterView: ACTION_BATTERY_CHANGED : level:65 status:3 health:2
12-23 13:48:42.718  1015  1015 D STATUSBAR-IconMerger: checkOverflow(240), More:false, Req:false Child:1
12-23 13:48:43.138   495   949 V AlarmManager: waitForAlarm result :4
12-23 13:48:43.159   495   949 V AlarmManager: trigger ELAPSED_REALTIME_WAKEUP or RTC_WAKEUP
12-23 13:48:43.169   495   949 V AlarmManager: trigger ELAPSED_REALTIME_WAKEUP or RTC_WAKEUP
12-23 13:48:43.369   495   997 V AlarmManager:  next == MAX_VALUE
12-23 13:48:43.779   495   985 D ConnectivityService: handleInetConditionHoldEnd: net=1, condition=100, published condition=100
12-23 13:48:43.779  1015  1015 D STATUSBAR-NetworkController: onReceive() - CONNECTIVITY_ACTION, INET_CONDITION_ACTION
12-23 13:48:43.779  1015  1015 D STATUSBAR-NetworkController: getUpdateDataNetType() - mDataNetType:13
12-23 13:48:43.789  1015  1015 D STATUSBAR-NetworkController: isCdma(), !isCdmaEri(), mRoamingIconId = 0
12-23 13:48:43.789  1015  1015 D STATUSBAR-NetworkController: updateRomaingNotification DataRoaming:false mDataRoamingTypeForVZW : 0
12-23 13:48:45.708   495   506 D BatteryService: level:65, scale:100, status:3, health:2, present:true, voltage: 3902, temperature: 334, technology: Li-ion, AC powered:false, USB powered:false, Wireless powered:false, icon:17303535, invalid charger:0, online:1, current avg:-1, charge type:0, power sharing:false
12-23 13:48:45.708   495   495 D BatteryService: Sending ACTION_BATTERY_CHANGED.
12-23 13:48:45.728  1015  1015 D STATUSBAR-PhoneStatusBar:  mBrightnessEnablebySettings = true mBrightnessEnablebyBattery = true mBrightnessEnablebyDisableFlag = true mPmsBrightnessEnablebySettings = true
12-23 13:48:45.728  1015  1015 D BatteryMeterView: ACTION_BATTERY_CHANGED : level:65 status:3 health:2
12-23 13:48:45.748  1015  1015 D STATUSBAR-IconMerger: checkOverflow(240), More:false, Req:false Child:1
12-23 13:48:56.238   495   505 D BatteryService: level:65, scale:100, status:3, health:2, present:true, voltage: 3932, temperature: 335, technology: Li-ion, AC powered:false, USB powered:false, Wireless powered:false, icon:17303535, invalid charger:0, online:1, current avg:-1, charge type:0, power sharing:false
12-23 13:48:56.238   495   495 D BatteryService: Sending ACTION_BATTERY_CHANGED.
12-23 13:48:56.258  1015  1015 D STATUSBAR-PhoneStatusBar:  mBrightnessEnablebySettings = true mBrightnessEnablebyBattery = true mBrightnessEnablebyDisableFlag = true mPmsBrightnessEnablebySettings = true
12-23 13:48:56.288  1015  1015 D STATUSBAR-IconMerger: checkOverflow(240), More:false, Req:false Child:1
12-23 13:48:56.288  1015  1015 D BatteryMeterView: ACTION_BATTERY_CHANGED : level:65 status:3 health:2
12-23 13:48:56.718   495  1170 D BatteryService: level:65, scale:100, status:3, health:2, present:true, voltage: 3935, temperature: 333, technology: Li-ion, AC powered:false, USB powered:false, Wireless powered:false, icon:17303535, invalid charger:0, online:1, current avg:-1, charge type:0, power sharing:false
12-23 13:48:56.718   495   495 D BatteryService: Sending ACTION_BATTERY_CHANGED.
12-23 13:48:56.818  1015  1015 D STATUSBAR-PhoneStatusBar:  mBrightnessEnablebySettings = true mBrightnessEnablebyBattery = true mBrightnessEnablebyDisableFlag = true mPmsBrightnessEnablebySettings = true
12-23 13:48:56.818  1015  1015 D BatteryMeterView: ACTION_BATTERY_CHANGED : level:65 status:3 health:2
12-23 13:48:57.229  1015  1015 D STATUSBAR-IconMerger: checkOverflow(240), More:false, Req:false Child:1
12-23 13:48:57.739   495  1170 D BatteryService: level:65, scale:100, status:3, health:2, present:true, voltage: 3928, temperature: 333, technology: Li-ion, AC powered:false, USB powered:false, Wireless powered:false, icon:17303535, invalid charger:0, online:1, current avg:-1, charge type:0, power sharing:false
12-23 13:48:57.739   495   495 D BatteryService: Sending ACTION_BATTERY_CHANGED.
12-23 13:48:57.769  1015  1015 D STATUSBAR-PhoneStatusBar:  mBrightnessEnablebySettings = true mBrightnessEnablebyBattery = true mBrightnessEnablebyDisableFlag = true mPmsBrightnessEnablebySettings = true
12-23 13:48:57.769  1015  1015 D BatteryMeterView: ACTION_BATTERY_CHANGED : level:65 status:3 health:2
12-23 13:48:57.789  1015  1015 D STATUSBAR-IconMerger: checkOverflow(240), More:false, Req:false Child:1
12-23 13:48:58.900   495  1112 D BatteryService: level:65, scale:100, status:3, health:2, present:true, voltage: 3933, temperature: 333, technology: Li-ion, AC powered:false, USB powered:false, Wireless powered:false, icon:17303535, invalid charger:0, online:1, current avg:-1, charge type:0, power sharing:false
12-23 13:48:58.910   495   495 D BatteryService: Sending ACTION_BATTERY_CHANGED.
12-23 13:48:58.950  1015  1015 D STATUSBAR-PhoneStatusBar:  mBrightnessEnablebySettings = true mBrightnessEnablebyBattery = true mBrightnessEnablebyDisableFlag = true mPmsBrightnessEnablebySettings = true
12-23 13:48:58.950  1015  1015 D BatteryMeterView: ACTION_BATTERY_CHANGED : level:65 status:3 health:2
12-23 13:48:58.980  1015  1015 D STATUSBAR-IconMerger: checkOverflow(240), More:false, Req:false Child:1
12-23 13:49:02.188   495   949 V AlarmManager: waitForAlarm result :8
12-23 13:49:02.248  1622  1622 D KeyguardClockWidgetService: onReceive action=android.intent.action.TIME_TICK
12-23 13:49:02.258   495   495 V AlarmManager: ClockReceiver onReceive() ACTION_TIME_TICK
12-23 13:49:02.318  1015  1015 D STATUSBAR-IconMerger: checkOverflow(240), More:false, Req:false Child:1
12-23 13:49:02.718   495   505 D BatteryService: level:65, scale:100, status:3, health:2, present:true, voltage: 3898, temperature: 333, technology: Li-ion, AC powered:false, USB powered:false, Wireless powered:false, icon:17303535, invalid charger:0, online:1, current avg:-1, charge type:0, power sharing:false
12-23 13:49:02.718   495   495 D BatteryService: Sending ACTION_BATTERY_CHANGED.
12-23 13:49:02.728  1015  1015 D STATUSBAR-PhoneStatusBar:  mBrightnessEnablebySettings = true mBrightnessEnablebyBattery = true mBrightnessEnablebyDisableFlag = true mPmsBrightnessEnablebySettings = true
12-23 13:49:02.728  1015  1015 D BatteryMeterView: ACTION_BATTERY_CHANGED : level:65 status:3 health:2
12-23 13:49:02.748  1015  1015 D STATUSBAR-IconMerger: checkOverflow(240), More:false, Req:false Child:1
12-23 13:49:07.698   495  1232 D BatteryService: level:65, scale:100, status:3, health:2, present:true, voltage: 3931, temperature: 332, technology: Li-ion, AC powered:false, USB powered:false, Wireless powered:false, icon:17303535, invalid charger:0, online:1, current avg:-1, charge type:0, power sharing:false
12-23 13:49:07.708   495   495 D BatteryService: Sending ACTION_BATTERY_CHANGED.
12-23 13:49:07.758  1015  1015 D STATUSBAR-PhoneStatusBar:  mBrightnessEnablebySettings = true mBrightnessEnablebyBattery = true mBrightnessEnablebyDisableFlag = true mPmsBrightnessEnablebySettings = true
12-23 13:49:07.758  1015  1015 D BatteryMeterView: ACTION_BATTERY_CHANGED : level:65 status:3 health:2
12-23 13:49:07.778  1015  1015 D STATUSBAR-IconMerger: checkOverflow(240), More:false, Req:false Child:1
12-23 13:49:11.188   495   949 V AlarmManager: waitForAlarm result :4
12-23 13:49:11.218   495   949 V AlarmManager: trigger ELAPSED_REALTIME_WAKEUP or RTC_WAKEUP
12-23 13:49:11.258   495   949 V AlarmManager: trigger ELAPSED_REALTIME_WAKEUP or RTC_WAKEUP
12-23 13:49:11.438   495  6177 D WifiService: startScan by pid=1451, uid=10021
12-23 13:49:11.698   495  1576 D BatteryService: level:65, scale:100, status:3, health:2, present:true, voltage: 3915, temperature: 332, technology: Li-ion, AC powered:false, USB powered:false, Wireless powered:false, icon:17303535, invalid charger:0, online:1, current avg:-1, charge type:0, power sharing:false
12-23 13:49:11.698   495   495 D BatteryService: Sending ACTION_BATTERY_CHANGED.
12-23 13:49:11.718  1015  1015 D STATUSBAR-PhoneStatusBar:  mBrightnessEnablebySettings = true mBrightnessEnablebyBattery = true mBrightnessEnablebyDisableFlag = true mPmsBrightnessEnablebySettings = true
12-23 13:49:11.718  1015  1015 D BatteryMeterView: ACTION_BATTERY_CHANGED : level:65 status:3 health:2
12-23 13:49:11.738  1015  1015 D STATUSBAR-IconMerger: checkOverflow(240), More:false, Req:false Child:1
12-23 13:49:15.182   495   495 D WifiNotificationController: showOngoingWifiNotification show : true, id : 17303674
12-23 13:49:19.438   495  1099 E Watchdog: !@Sync 222
12-23 13:49:19.678   495   997 D BatteryService: level:65, scale:100, status:3, health:2, present:true, voltage: 3927, temperature: 336, technology: Li-ion, AC powered:false, USB powered:false, Wireless powered:false, icon:17303535, invalid charger:0, online:1, current avg:-1, charge type:0, power sharing:false
12-23 13:49:19.678   495   495 D BatteryService: Sending ACTION_BATTERY_CHANGED.
12-23 13:49:19.708  1015  1015 D STATUSBAR-PhoneStatusBar:  mBrightnessEnablebySettings = true mBrightnessEnablebyBattery = true mBrightnessEnablebyDisableFlag = true mPmsBrightnessEnablebySettings = true
12-23 13:49:19.708  1015  1015 D BatteryMeterView: ACTION_BATTERY_CHANGED : level:65 status:3 health:2
12-23 13:49:19.728  1015  1015 D STATUSBAR-IconMerger: checkOverflow(240), More:false, Req:false Child:1
12-23 13:49:19.778   495   949 V AlarmManager: waitForAlarm result :4
12-23 13:49:19.798   495   949 V AlarmManager: trigger ELAPSED_REALTIME_WAKEUP or RTC_WAKEUP
12-23 13:49:23.282   495   949 V AlarmManager: waitForAlarm result :4
12-23 13:49:23.332   495   949 V AlarmManager: trigger ELAPSED_REALTIME_WAKEUP or RTC_WAKEUP
12-23 13:49:27.708   495   506 D BatteryService: level:65, scale:100, status:3, health:2, present:true, voltage: 3933, temperature: 335, technology: Li-ion, AC powered:false, USB powered:false, Wireless powered:false, icon:17303535, invalid charger:0, online:1, current avg:-1, charge type:0, power sharing:false
12-23 13:49:27.708   495   495 D BatteryService: Sending ACTION_BATTERY_CHANGED.
12-23 13:49:27.738  1015  1015 D STATUSBAR-PhoneStatusBar:  mBrightnessEnablebySettings = true mBrightnessEnablebyBattery = true mBrightnessEnablebyDisableFlag = true mPmsBrightnessEnablebySettings = true
12-23 13:49:27.738  1015  1015 D BatteryMeterView: ACTION_BATTERY_CHANGED : level:65 status:3 health:2
12-23 13:49:27.758  1015  1015 D STATUSBAR-IconMerger: checkOverflow(240), More:false, Req:false Child:1
12-23 13:49:28.199   495   949 V AlarmManager: waitForAlarm result :4
12-23 13:49:28.219   495   949 V AlarmManager: trigger ELAPSED_REALTIME_WAKEUP or RTC_WAKEUP
12-23 13:49:28.539   495   945 I PowerManagerService: [PWL] Off : 303s ago
12-23 13:49:28.539   495   945 I PowerManagerService: [PWL]   PowerManagerService.WakeLocks: ref count=1
12-23 13:49:28.539   495   945 I PowerManagerService: [PWL]     mWakeLockSummary : 0x1
12-23 13:49:28.539   495   945 I PowerManagerService: [PWL]       PARTIAL_WAKE_LOCK              'NlpCollectorWakeLock' (uid=10021, pid=1451, ws=null) (elapsedTime=289)
12-23 13:49:28.539   495   945 I PowerManagerService: [PWL]       PARTIAL_WAKE_LOCK              'NlpCollectorWakeLock' (uid=10021, pid=1451, ws=null) (elapsedTime=281)
12-23 13:49:28.539   495   945 I PowerManagerService: [PWL]       PARTIAL_WAKE_LOCK              'NlpCollectorWakeLock' (uid=10021, pid=1451, ws=null) (elapsedTime=279)
12-23 13:49:28.609   495  2603 D SSRMv2:SIOP: SIOP:: AP = 330, Delta = 0
12-23 13:49:33.738   495   506 D BatteryService: level:65, scale:100, status:3, health:2, present:true, voltage: 3930, temperature: 333, technology: Li-ion, AC powered:false, USB powered:false, Wireless powered:false, icon:17303535, invalid charger:0, online:1, current avg:-1, charge type:0, power sharing:false
12-23 13:49:33.738   495   495 D BatteryService: Sending ACTION_BATTERY_CHANGED.
12-23 13:49:33.788  1015  1015 D STATUSBAR-PhoneStatusBar:  mBrightnessEnablebySettings = true mBrightnessEnablebyBattery = true mBrightnessEnablebyDisableFlag = true mPmsBrightnessEnablebySettings = true
12-23 13:49:33.788  1015  1015 D BatteryMeterView: ACTION_BATTERY_CHANGED : level:65 status:3 health:2
12-23 13:49:33.828  1015  1015 D STATUSBAR-IconMerger: checkOverflow(240), More:false, Req:false Child:1
12-23 13:49:42.728   495  1170 D BatteryService: level:65, scale:100, status:3, health:2, present:true, voltage: 3935, temperature: 332, technology: Li-ion, AC powered:false, USB powered:false, Wireless powered:false, icon:17303535, invalid charger:0, online:1, current avg:-1, charge type:0, power sharing:false
12-23 13:49:42.728   495   495 D BatteryService: Sending ACTION_BATTERY_CHANGED.
12-23 13:49:42.748  1015  1015 D STATUSBAR-PhoneStatusBar:  mBrightnessEnablebySettings = true mBrightnessEnablebyBattery = true mBrightnessEnablebyDisableFlag = true mPmsBrightnessEnablebySettings = true
12-23 13:49:42.768  1015  1015 D BatteryMeterView: ACTION_BATTERY_CHANGED : level:65 status:3 health:2
12-23 13:49:42.768  1015  1015 D STATUSBAR-IconMerger: checkOverflow(240), More:false, Req:false Child:1
12-23 13:49:52.718   495   997 D BatteryService: level:65, scale:100, status:3, health:2, present:true, voltage: 3916, temperature: 332, technology: Li-ion, AC powered:false, USB powered:false, Wireless powered:false, icon:17303535, invalid charger:0, online:1, current avg:-1, charge type:0, power sharing:false
12-23 13:49:52.718   495   495 D BatteryService: Sending ACTION_BATTERY_CHANGED.
12-23 13:49:52.738  1015  1015 D STATUSBAR-PhoneStatusBar:  mBrightnessEnablebySettings = true mBrightnessEnablebyBattery = true mBrightnessEnablebyDisableFlag = true mPmsBrightnessEnablebySettings = true
12-23 13:49:52.758  1015  1015 D STATUSBAR-IconMerger: checkOverflow(240), More:false, Req:false Child:1
12-23 13:49:52.768  1015  1015 D BatteryMeterView: ACTION_BATTERY_CHANGED : level:65 status:3 health:2
12-23 13:49:54.718   495   997 D BatteryService: level:65, scale:100, status:3, health:2, present:true, voltage: 3933, temperature: 332, technology: Li-ion, AC powered:false, USB powered:false, Wireless powered:false, icon:17303535, invalid charger:0, online:1, current avg:-1, charge type:0, power sharing:false
12-23 13:49:54.718   495   495 D BatteryService: Sending ACTION_BATTERY_CHANGED.
12-23 13:49:54.758  1015  1015 D STATUSBAR-PhoneStatusBar:  mBrightnessEnablebySettings = true mBrightnessEnablebyBattery = true mBrightnessEnablebyDisableFlag = true mPmsBrightnessEnablebySettings = true
12-23 13:49:54.778  1015  1015 D STATUSBAR-IconMerger: checkOverflow(240), More:false, Req:false Child:1
12-23 13:49:54.798  1015  1015 D BatteryMeterView: ACTION_BATTERY_CHANGED : level:65 status:3 health:2
12-23 13:49:57.708   495  1112 D BatteryService: level:65, scale:100, status:3, health:2, present:true, voltage: 3907, temperature: 332, technology: Li-ion, AC powered:false, USB powered:false, Wireless powered:false, icon:17303535, invalid charger:0, online:1, current avg:-1, charge type:0, power sharing:false
12-23 13:49:57.708   495   495 D BatteryService: Sending ACTION_BATTERY_CHANGED.
12-23 13:49:57.728  1015  1015 D STATUSBAR-PhoneStatusBar:  mBrightnessEnablebySettings = true mBrightnessEnablebyBattery = true mBrightnessEnablebyDisableFlag = true mPmsBrightnessEnablebySettings = true
12-23 13:49:57.728  1015  1015 D BatteryMeterView: ACTION_BATTERY_CHANGED : level:65 status:3 health:2
12-23 13:49:57.748  1015  1015 D STATUSBAR-IconMerger: checkOverflow(240), More:false, Req:false Child:1
12-23 13:50:00.000   495   949 V AlarmManager: waitForAlarm result :8
12-23 13:50:00.000  1622  1622 D KeyguardClockWidgetService: onReceive action=android.intent.action.TIME_TICK
12-23 13:50:00.010   495   495 V AlarmManager: ClockReceiver onReceive() ACTION_TIME_TICK
12-23 13:50:00.060  1015  1015 D STATUSBAR-IconMerger: checkOverflow(240), More:false, Req:false Child:1
12-23 13:50:08.718   495   506 D BatteryService: level:65, scale:100, status:3, health:2, present:true, voltage: 3935, temperature: 333, technology: Li-ion, AC powered:false, USB powered:false, Wireless powered:false, icon:17303535, invalid charger:0, online:1, current avg:-1, charge type:0, power sharing:false
12-23 13:50:08.718   495   495 D BatteryService: Sending ACTION_BATTERY_CHANGED.
12-23 13:50:08.738  1015  1015 D STATUSBAR-PhoneStatusBar:  mBrightnessEnablebySettings = true mBrightnessEnablebyBattery = true mBrightnessEnablebyDisableFlag = true mPmsBrightnessEnablebySettings = true
12-23 13:50:08.738  1015  1015 D BatteryMeterView: ACTION_BATTERY_CHANGED : level:65 status:3 health:2
12-23 13:50:08.758  1015  1015 D STATUSBAR-IconMerger: checkOverflow(240), More:false, Req:false Child:1
12-23 13:50:10.119   495  1163 D BatteryService: level:65, scale:100, status:3, health:2, present:true, voltage: 3933, temperature: 333, technology: Li-ion, AC powered:false, USB powered:false, Wireless powered:false, icon:17303535, invalid charger:0, online:1, current avg:-1, charge type:0, power sharing:false
12-23 13:50:10.119   495   495 D BatteryService: Sending ACTION_BATTERY_CHANGED.
12-23 13:50:10.139  1015  1015 D STATUSBAR-PhoneStatusBar:  mBrightnessEnablebySettings = true mBrightnessEnablebyBattery = true mBrightnessEnablebyDisableFlag = true mPmsBrightnessEnablebySettings = true
12-23 13:50:10.139  1015  1015 D BatteryMeterView: ACTION_BATTERY_CHANGED : level:65 status:3 health:2
12-23 13:50:10.159  1015  1015 D STATUSBAR-IconMerger: checkOverflow(240), More:false, Req:false Child:1
12-23 13:50:11.029   495   997 D BatteryService: level:65, scale:100, status:3, health:2, present:true, voltage: 3936, temperature: 333, technology: Li-ion, AC powered:false, USB powered:false, Wireless powered:false, icon:17303535, invalid charger:0, online:1, current avg:-1, charge type:0, power sharing:false
12-23 13:50:11.029   495   495 D BatteryService: Sending ACTION_BATTERY_CHANGED.
12-23 13:50:11.069  1015  1015 D STATUSBAR-PhoneStatusBar:  mBrightnessEnablebySettings = true mBrightnessEnablebyBattery = true mBrightnessEnablebyDisableFlag = true mPmsBrightnessEnablebySettings = true
12-23 13:50:11.069  1015  1015 D BatteryMeterView: ACTION_BATTERY_CHANGED : level:65 status:3 health:2
12-23 13:50:11.109  1015  1015 D STATUSBAR-IconMerger: checkOverflow(240), More:false, Req:false Child:1
12-23 13:50:11.819   495  1163 D BatteryService: level:65, scale:100, status:3, health:2, present:true, voltage: 3895, temperature: 333, technology: Li-ion, AC powered:false, USB powered:false, Wireless powered:false, icon:17303535, invalid charger:0, online:1, current avg:-1, charge type:0, power sharing:false
12-23 13:50:11.819   495   495 D BatteryService: Sending ACTION_BATTERY_CHANGED.
12-23 13:50:11.849  1015  1015 D STATUSBAR-PhoneStatusBar:  mBrightnessEnablebySettings = true mBrightnessEnablebyBattery = true mBrightnessEnablebyDisableFlag = true mPmsBrightnessEnablebySettings = true
12-23 13:50:11.849  1015  1015 D BatteryMeterView: ACTION_BATTERY_CHANGED : level:65 status:3 health:2
12-23 13:50:11.869  1015  1015 D STATUSBAR-IconMerger: checkOverflow(240), More:false, Req:false Child:1
12-23 13:50:12.440   495   949 V AlarmManager: waitForAlarm result :4
12-23 13:50:12.480   495   949 V AlarmManager: trigger ELAPSED_REALTIME_WAKEUP or RTC_WAKEUP
12-23 13:50:12.480   495   949 V AlarmManager: trigger ELAPSED_REALTIME_WAKEUP or RTC_WAKEUP
12-23 13:50:12.560   495  1206 D WifiService: startScan by pid=1451, uid=10021
12-23 13:50:16.314   495   495 D WifiNotificationController: showOngoingWifiNotification show : true, id : 17303674
12-23 13:50:22.178   495   949 V AlarmManager: waitForAlarm result :4
12-23 13:50:22.178   495   949 V AlarmManager: trigger ELAPSED_REALTIME_WAKEUP or RTC_WAKEUP
12-23 13:50:22.708   495  1577 D BatteryService: level:65, scale:100, status:3, health:2, present:true, voltage: 3913, temperature: 337, technology: Li-ion, AC powered:false, USB powered:false, Wireless powered:false, icon:17303535, invalid charger:0, online:1, current avg:-1, charge type:0, power sharing:false
12-23 13:50:22.708   495   495 D BatteryService: Sending ACTION_BATTERY_CHANGED.
12-23 13:50:22.718  1015  1015 D STATUSBAR-PhoneStatusBar:  mBrightnessEnablebySettings = true mBrightnessEnablebyBattery = true mBrightnessEnablebyDisableFlag = true mPmsBrightnessEnablebySettings = true
12-23 13:50:22.738  1015  1015 D STATUSBAR-IconMerger: checkOverflow(240), More:false, Req:false Child:1
12-23 13:50:22.738  1015  1015 D BatteryMeterView: ACTION_BATTERY_CHANGED : level:65 status:3 health:2
12-23 13:50:24.470   495  1099 E Watchdog: !@Sync 223
12-23 13:50:29.445   495   506 D BatteryService: level:65, scale:100, status:3, health:2, present:true, voltage: 3933, temperature: 338, technology: Li-ion, AC powered:false, USB powered:false, Wireless powered:false, icon:17303535, invalid charger:0, online:1, current avg:-1, charge type:0, power sharing:false
12-23 13:50:29.445   495   495 D BatteryService: Sending ACTION_BATTERY_CHANGED.
12-23 13:50:29.475  1015  1015 D STATUSBAR-PhoneStatusBar:  mBrightnessEnablebySettings = true mBrightnessEnablebyBattery = true mBrightnessEnablebyDisableFlag = true mPmsBrightnessEnablebySettings = true
12-23 13:50:29.475  1015  1015 D BatteryMeterView: ACTION_BATTERY_CHANGED : level:65 status:3 health:2
12-23 13:50:29.505  1015  1015 D STATUSBAR-IconMerger: checkOverflow(240), More:false, Req:false Child:1
12-23 13:50:30.596   495   949 V AlarmManager: waitForAlarm result :4
12-23 13:50:30.596   495   949 V AlarmManager: trigger ELAPSED_REALTIME_WAKEUP or RTC_WAKEUP
12-23 13:50:36.748   495   997 D BatteryService: level:65, scale:100, status:3, health:2, present:true, voltage: 3927, temperature: 336, technology: Li-ion, AC powered:false, USB powered:false, Wireless powered:false, icon:17303535, invalid charger:0, online:1, current avg:-1, charge type:0, power sharing:false
12-23 13:50:36.748   495   495 D BatteryService: Sending ACTION_BATTERY_CHANGED.
12-23 13:50:36.808  1015  1015 D STATUSBAR-PhoneStatusBar:  mBrightnessEnablebySettings = true mBrightnessEnablebyBattery = true mBrightnessEnablebyDisableFlag = true mPmsBrightnessEnablebySettings = true
12-23 13:50:36.808  1015  1015 D BatteryMeterView: ACTION_BATTERY_CHANGED : level:65 status:3 health:2
12-23 13:50:37.203  1015  1015 D STATUSBAR-IconMerger: checkOverflow(240), More:false, Req:false Child:1
12-23 13:50:37.743   495  1170 D BatteryService: level:65, scale:100, status:3, health:2, present:true, voltage: 3932, temperature: 336, technology: Li-ion, AC powered:false, USB powered:false, Wireless powered:false, icon:17303535, invalid charger:0, online:1, current avg:-1, charge type:0, power sharing:false
12-23 13:50:37.743   495   495 D BatteryService: Sending ACTION_BATTERY_CHANGED.
12-23 13:50:37.783  1015  1015 D STATUSBAR-PhoneStatusBar:  mBrightnessEnablebySettings = true mBrightnessEnablebyBattery = true mBrightnessEnablebyDisableFlag = true mPmsBrightnessEnablebySettings = true
12-23 13:50:37.793  1015  1015 D STATUSBAR-IconMerger: checkOverflow(240), More:false, Req:false Child:1
12-23 13:50:37.963  1015  1015 D BatteryMeterView: ACTION_BATTERY_CHANGED : level:65 status:3 health:2
12-23 13:50:39.074   495   949 V AlarmManager: waitForAlarm result :4
12-23 13:50:39.094   495   949 V AlarmManager: trigger ELAPSED_REALTIME_WAKEUP or RTC_WAKEUP
12-23 13:50:39.495   495  1534 D BatteryService: level:65, scale:100, status:3, health:2, present:true, voltage: 3922, temperature: 336, technology: Li-ion, AC powered:false, USB powered:false, Wireless powered:false, icon:17303535, invalid charger:0, online:1, current avg:-1, charge type:0, power sharing:false
12-23 13:50:39.495   495   495 D BatteryService: Sending ACTION_BATTERY_CHANGED.
12-23 13:50:39.505  1015  1015 D STATUSBAR-PhoneStatusBar:  mBrightnessEnablebySettings = true mBrightnessEnablebyBattery = true mBrightnessEnablebyDisableFlag = true mPmsBrightnessEnablebySettings = true
12-23 13:50:39.505  1015  1015 D BatteryMeterView: ACTION_BATTERY_CHANGED : level:65 status:3 health:2
12-23 13:50:39.525  1015  1015 D STATUSBAR-IconMerger: checkOverflow(240), More:false, Req:false Child:1
12-23 13:50:41.437   495   949 V AlarmManager: waitForAlarm result :8
12-23 13:50:45.010   495   997 D BatteryService: level:65, scale:100, status:3, health:2, present:true, voltage: 3925, temperature: 338, technology: Li-ion, AC powered:false, USB powered:false, Wireless powered:false, icon:17303535, invalid charger:0, online:1, current avg:-1, charge type:0, power sharing:false
12-23 13:50:45.010   495   495 D BatteryService: Sending ACTION_BATTERY_CHANGED.
12-23 13:50:45.040  1015  1015 D STATUSBAR-PhoneStatusBar:  mBrightnessEnablebySettings = true mBrightnessEnablebyBattery = true mBrightnessEnablebyDisableFlag = true mPmsBrightnessEnablebySettings = true
12-23 13:50:45.040  1015  1015 D BatteryMeterView: ACTION_BATTERY_CHANGED : level:65 status:3 health:2
12-23 13:50:45.060  1015  1015 D STATUSBAR-IconMerger: checkOverflow(240), More:false, Req:false Child:1
12-23 13:50:52.708   495   997 D BatteryService: level:65, scale:100, status:3, health:2, present:true, voltage: 3922, temperature: 337, technology: Li-ion, AC powered:false, USB powered:false, Wireless powered:false, icon:17303535, invalid charger:0, online:1, current avg:-1, charge type:0, power sharing:false
12-23 13:50:52.708   495   495 D BatteryService: Sending ACTION_BATTERY_CHANGED.
12-23 13:50:52.728  1015  1015 D STATUSBAR-PhoneStatusBar:  mBrightnessEnablebySettings = true mBrightnessEnablebyBattery = true mBrightnessEnablebyDisableFlag = true mPmsBrightnessEnablebySettings = true
12-23 13:50:52.748  1015  1015 D STATUSBAR-IconMerger: checkOverflow(240), More:false, Req:false Child:1
12-23 13:50:52.758  1015  1015 D BatteryMeterView: ACTION_BATTERY_CHANGED : level:65 status:3 health:2
12-23 13:50:54.408   495   945 I PowerManagerService: [PWL] Off : 389s ago
12-23 13:50:54.728   495   506 D BatteryService: level:65, scale:100, status:3, health:2, present:true, voltage: 3932, temperature: 337, technology: Li-ion, AC powered:false, USB powered:false, Wireless powered:false, icon:17303535, invalid charger:0, online:1, current avg:-1, charge type:0, power sharing:false
12-23 13:50:54.728   495   495 D BatteryService: Sending ACTION_BATTERY_CHANGED.
12-23 13:50:54.758  1015  1015 D STATUSBAR-PhoneStatusBar:  mBrightnessEnablebySettings = true mBrightnessEnablebyBattery = true mBrightnessEnablebyDisableFlag = true mPmsBrightnessEnablebySettings = true
12-23 13:50:54.758  1015  1015 D BatteryMeterView: ACTION_BATTERY_CHANGED : level:65 status:3 health:2
12-23 13:50:54.778  1015  1015 D STATUSBAR-IconMerger: checkOverflow(240), More:false, Req:false Child:1
12-23 13:50:57.688   495  1112 D BatteryService: level:65, scale:100, status:3, health:2, present:true, voltage: 3931, temperature: 337, technology: Li-ion, AC powered:false, USB powered:false, Wireless powered:false, icon:17303535, invalid charger:0, online:1, current avg:-1, charge type:0, power sharing:false
12-23 13:50:57.688   495   495 D BatteryService: Sending ACTION_BATTERY_CHANGED.
12-23 13:50:57.738  1015  1015 D STATUSBAR-PhoneStatusBar:  mBrightnessEnablebySettings = true mBrightnessEnablebyBattery = true mBrightnessEnablebyDisableFlag = true mPmsBrightnessEnablebySettings = true
12-23 13:50:57.738  1015  1015 D BatteryMeterView: ACTION_BATTERY_CHANGED : level:65 status:3 health:2
12-23 13:50:57.758  1015  1015 D STATUSBAR-IconMerger: checkOverflow(240), More:false, Req:false Child:1
12-23 13:51:04.198   495   949 V AlarmManager: waitForAlarm result :8
12-23 13:51:04.258  1622  1622 D KeyguardClockWidgetService: onReceive action=android.intent.action.TIME_TICK
12-23 13:51:04.268   495   495 V AlarmManager: ClockReceiver onReceive() ACTION_TIME_TICK
12-23 13:51:04.308  1015  1015 D STATUSBAR-IconMerger: checkOverflow(240), More:false, Req:false Child:1
12-23 13:51:04.708   495   506 D BatteryService: level:65, scale:100, status:3, health:2, present:true, voltage: 3923, temperature: 336, technology: Li-ion, AC powered:false, USB powered:false, Wireless powered:false, icon:17303535, invalid charger:0, online:1, current avg:-1, charge type:0, power sharing:false
12-23 13:51:04.708   495   495 D BatteryService: Sending ACTION_BATTERY_CHANGED.
12-23 13:51:04.728  1015  1015 D STATUSBAR-PhoneStatusBar:  mBrightnessEnablebySettings = true mBrightnessEnablebyBattery = true mBrightnessEnablebyDisableFlag = true mPmsBrightnessEnablebySettings = true
12-23 13:51:04.728  1015  1015 D BatteryMeterView: ACTION_BATTERY_CHANGED : level:65 status:3 health:2
12-23 13:51:04.748  1015  1015 D STATUSBAR-IconMerger: checkOverflow(240), More:false, Req:false Child:1
12-23 13:51:12.708   495   506 D BatteryService: level:65, scale:100, status:3, health:2, present:true, voltage: 3933, temperature: 336, technology: Li-ion, AC powered:false, USB powered:false, Wireless powered:false, icon:17303535, invalid charger:0, online:1, current avg:-1, charge type:0, power sharing:false
12-23 13:51:12.708   495   495 D BatteryService: Sending ACTION_BATTERY_CHANGED.
12-23 13:51:12.768  1015  1015 D STATUSBAR-PhoneStatusBar:  mBrightnessEnablebySettings = true mBrightnessEnablebyBattery = true mBrightnessEnablebyDisableFlag = true mPmsBrightnessEnablebySettings = true
12-23 13:51:12.768  1015  1015 D BatteryMeterView: ACTION_BATTERY_CHANGED : level:65 status:3 health:2
12-23 13:51:12.808  1015  1015 D STATUSBAR-IconMerger: checkOverflow(240), More:false, Req:false Child:1
12-23 13:51:13.559   495  1163 D BatteryService: level:65, scale:100, status:3, health:2, present:true, voltage: 3932, temperature: 336, technology: Li-ion, AC powered:false, USB powered:false, Wireless powered:false, icon:17303535, invalid charger:0, online:1, current avg:-1, charge type:0, power sharing:false
12-23 13:51:13.559   495   495 D BatteryService: Sending ACTION_BATTERY_CHANGED.
12-23 13:51:13.559   495   949 V AlarmManager: waitForAlarm result :4
12-23 13:51:13.569  1015  1015 D STATUSBAR-PhoneStatusBar:  mBrightnessEnablebySettings = true mBrightnessEnablebyBattery = true mBrightnessEnablebyDisableFlag = true mPmsBrightnessEnablebySettings = true
12-23 13:51:13.569  1015  1015 D BatteryMeterView: ACTION_BATTERY_CHANGED : level:65 status:3 health:2
12-23 13:51:13.579   495   949 V AlarmManager: trigger ELAPSED_REALTIME_WAKEUP or RTC_WAKEUP
12-23 13:51:13.589   495   949 V AlarmManager: trigger ELAPSED_REALTIME_WAKEUP or RTC_WAKEUP
12-23 13:51:13.589  1015  1015 D STATUSBAR-IconMerger: checkOverflow(240), More:false, Req:false Child:1
12-23 13:51:13.639   495  1163 D WifiService: startScan by pid=1451, uid=10021
12-23 13:51:17.363   495   495 D WifiNotificationController: showOngoingWifiNotification show : true, id : 17303674
12-23 13:51:18.314   495  1099 E Watchdog: !@Sync 224
12-23 13:51:21.998   495   949 V AlarmManager: waitForAlarm result :4
12-23 13:51:22.018   495   949 V AlarmManager: trigger ELAPSED_REALTIME_WAKEUP or RTC_WAKEUP
12-23 13:51:22.428   495  1535 D BatteryService: level:65, scale:100, status:3, health:2, present:true, voltage: 3922, temperature: 342, technology: Li-ion, AC powered:false, USB powered:false, Wireless powered:false, icon:17303535, invalid charger:0, online:1, current avg:-1, charge type:0, power sharing:false
12-23 13:51:22.428   495   495 D BatteryService: Sending ACTION_BATTERY_CHANGED.
12-23 13:51:22.458  1015  1015 D STATUSBAR-PhoneStatusBar:  mBrightnessEnablebySettings = true mBrightnessEnablebyBattery = true mBrightnessEnablebyDisableFlag = true mPmsBrightnessEnablebySettings = true
12-23 13:51:22.458  1015  1015 D BatteryMeterView: ACTION_BATTERY_CHANGED : level:65 status:3 health:2
12-23 13:51:22.478  1015  1015 D STATUSBAR-IconMerger: checkOverflow(240), More:false, Req:false Child:1
12-23 13:51:24.801   495  2603 D SSRMv2:SIOP: SIOP:: AP = 340, Delta = 10
12-23 13:51:26.708   495   506 D BatteryService: level:65, scale:100, status:3, health:2, present:true, voltage: 3931, temperature: 340, technology: Li-ion, AC powered:false, USB powered:false, Wireless powered:false, icon:17303535, invalid charger:0, online:1, current avg:-1, charge type:0, power sharing:false
12-23 13:51:26.708   495   495 D BatteryService: Sending ACTION_BATTERY_CHANGED.
12-23 13:51:26.778  1015  1015 D STATUSBAR-PhoneStatusBar:  mBrightnessEnablebySettings = true mBrightnessEnablebyBattery = true mBrightnessEnablebyDisableFlag = true mPmsBrightnessEnablebySettings = true
12-23 13:51:26.788  1015  1015 D STATUSBAR-IconMerger: checkOverflow(240), More:false, Req:false Child:1
12-23 13:51:26.868  1015  1015 D BatteryMeterView: ACTION_BATTERY_CHANGED : level:65 status:3 health:2
12-23 13:51:30.638   495   949 V AlarmManager: waitForAlarm result :4
12-23 13:51:30.658   495   949 V AlarmManager: trigger ELAPSED_REALTIME_WAKEUP or RTC_WAKEUP
12-23 13:51:30.718   495  1534 D BatteryService: level:65, scale:100, status:3, health:2, present:true, voltage: 3932, temperature: 339, technology: Li-ion, AC powered:false, USB powered:false, Wireless powered:false, icon:17303535, invalid charger:0, online:1, current avg:-1, charge type:0, power sharing:false
12-23 13:51:30.728   495   495 D BatteryService: Sending ACTION_BATTERY_CHANGED.
12-23 13:51:30.758  1015  1015 D STATUSBAR-PhoneStatusBar:  mBrightnessEnablebySettings = true mBrightnessEnablebyBattery = true mBrightnessEnablebyDisableFlag = true mPmsBrightnessEnablebySettings = true
12-23 13:51:30.758  1015  1015 D BatteryMeterView: ACTION_BATTERY_CHANGED : level:65 status:3 health:2
12-23 13:51:30.778  1015  1015 D STATUSBAR-IconMerger: checkOverflow(240), More:false, Req:false Child:1
12-23 13:51:34.972   495   506 D BatteryService: level:65, scale:100, status:3, health:2, present:true, voltage: 3931, temperature: 339, technology: Li-ion, AC powered:false, USB powered:false, Wireless powered:false, icon:17303535, invalid charger:0, online:1, current avg:-1, charge type:0, power sharing:false
12-23 13:51:34.972   495   495 D BatteryService: Sending ACTION_BATTERY_CHANGED.
12-23 13:51:35.466  1015  1015 D STATUSBAR-PhoneStatusBar:  mBrightnessEnablebySettings = true mBrightnessEnablebyBattery = true mBrightnessEnablebyDisableFlag = true mPmsBrightnessEnablebySettings = true
12-23 13:51:35.476  1015  1015 D STATUSBAR-IconMerger: checkOverflow(240), More:false, Req:false Child:1
12-23 13:51:35.486  1015  1015 D BatteryMeterView: ACTION_BATTERY_CHANGED : level:65 status:3 health:2
12-23 13:51:35.897   495   495 D BatteryService: Sending ACTION_BATTERY_CHANGED.
12-23 13:51:35.897   495  1163 D BatteryService: level:65, scale:100, status:3, health:2, present:true, voltage: 3916, temperature: 338, technology: Li-ion, AC powered:false, USB powered:false, Wireless powered:false, icon:17303535, invalid charger:0, online:1, current avg:-1, charge type:0, power sharing:false
12-23 13:51:35.907  1015  1015 D STATUSBAR-PhoneStatusBar:  mBrightnessEnablebySettings = true mBrightnessEnablebyBattery = true mBrightnessEnablebyDisableFlag = true mPmsBrightnessEnablebySettings = true
12-23 13:51:35.927  1015  1015 D STATUSBAR-IconMerger: checkOverflow(240), More:false, Req:false Child:1
12-23 13:51:35.927  1015  1015 D BatteryMeterView: ACTION_BATTERY_CHANGED : level:65 status:3 health:2
12-23 13:51:39.080   495   949 V AlarmManager: waitForAlarm result :4
12-23 13:51:39.100   495   949 V AlarmManager: trigger ELAPSED_REALTIME_WAKEUP or RTC_WAKEUP
12-23 13:51:47.698   495   506 D BatteryService: level:65, scale:100, status:3, health:2, present:true, voltage: 3911, temperature: 338, technology: Li-ion, AC powered:false, USB powered:false, Wireless powered:false, icon:17303535, invalid charger:0, online:1, current avg:-1, charge type:0, power sharing:false
12-23 13:51:47.698   495   495 D BatteryService: Sending ACTION_BATTERY_CHANGED.
12-23 13:51:47.708  1015  1015 D STATUSBAR-PhoneStatusBar:  mBrightnessEnablebySettings = true mBrightnessEnablebyBattery = true mBrightnessEnablebyDisableFlag = true mPmsBrightnessEnablebySettings = true
12-23 13:51:47.728  1015  1015 D STATUSBAR-IconMerger: checkOverflow(240), More:false, Req:false Child:1
12-23 13:51:47.728  1015  1015 D BatteryMeterView: ACTION_BATTERY_CHANGED : level:65 status:3 health:2
12-23 13:51:51.718   495   505 D BatteryService: level:65, scale:100, status:3, health:2, present:true, voltage: 3912, temperature: 339, technology: Li-ion, AC powered:false, USB powered:false, Wireless powered:false, icon:17303535, invalid charger:0, online:1, current avg:-1, charge type:0, power sharing:false
12-23 13:51:51.718   495   495 D BatteryService: Sending ACTION_BATTERY_CHANGED.
12-23 13:51:51.728  1015  1015 D STATUSBAR-PhoneStatusBar:  mBrightnessEnablebySettings = true mBrightnessEnablebyBattery = true mBrightnessEnablebyDisableFlag = true mPmsBrightnessEnablebySettings = true
12-23 13:51:51.728  1015  1015 D BatteryMeterView: ACTION_BATTERY_CHANGED : level:65 status:3 health:2
12-23 13:51:51.748  1015  1015 D STATUSBAR-IconMerger: checkOverflow(240), More:false, Req:false Child:1
12-23 13:51:53.728   495   505 D BatteryService: level:65, scale:100, status:3, health:2, present:true, voltage: 3927, temperature: 339, technology: Li-ion, AC powered:false, USB powered:false, Wireless powered:false, icon:17303535, invalid charger:0, online:1, current avg:-1, charge type:0, power sharing:false
12-23 13:51:53.728   495   495 D BatteryService: Sending ACTION_BATTERY_CHANGED.
12-23 13:51:53.758  1015  1015 D STATUSBAR-PhoneStatusBar:  mBrightnessEnablebySettings = true mBrightnessEnablebyBattery = true mBrightnessEnablebyDisableFlag = true mPmsBrightnessEnablebySettings = true
12-23 13:51:53.758  1015  1015 D BatteryMeterView: ACTION_BATTERY_CHANGED : level:65 status:3 health:2
12-23 13:51:53.778  1015  1015 D STATUSBAR-IconMerger: checkOverflow(240), More:false, Req:false Child:1
12-23 13:51:55.708   495  1112 D BatteryService: level:65, scale:100, status:3, health:2, present:true, voltage: 3930, temperature: 338, technology: Li-ion, AC powered:false, USB powered:false, Wireless powered:false, icon:17303535, invalid charger:0, online:1, current avg:-1, charge type:0, power sharing:false
12-23 13:51:55.708   495   495 D BatteryService: Sending ACTION_BATTERY_CHANGED.
12-23 13:51:55.728  1015  1015 D STATUSBAR-PhoneStatusBar:  mBrightnessEnablebySettings = true mBrightnessEnablebyBattery = true mBrightnessEnablebyDisableFlag = true mPmsBrightnessEnablebySettings = true
12-23 13:51:55.728  1015  1015 D BatteryMeterView: ACTION_BATTERY_CHANGED : level:65 status:3 health:2
12-23 13:51:55.748  1015  1015 D STATUSBAR-IconMerger: checkOverflow(240), More:false, Req:false Child:1
12-23 13:51:57.698   495   505 D BatteryService: level:65, scale:100, status:3, health:2, present:true, voltage: 3926, temperature: 338, technology: Li-ion, AC powered:false, USB powered:false, Wireless powered:false, icon:17303535, invalid charger:0, online:1, current avg:-1, charge type:0, power sharing:false
12-23 13:51:57.698   495   495 D BatteryService: Sending ACTION_BATTERY_CHANGED.
12-23 13:51:57.718  1015  1015 D STATUSBAR-PhoneStatusBar:  mBrightnessEnablebySettings = true mBrightnessEnablebyBattery = true mBrightnessEnablebyDisableFlag = true mPmsBrightnessEnablebySettings = true
12-23 13:51:57.718  1015  1015 D BatteryMeterView: ACTION_BATTERY_CHANGED : level:65 status:3 health:2
12-23 13:51:57.738  1015  1015 D STATUSBAR-IconMerger: checkOverflow(240), More:false, Req:false Child:1
12-23 13:51:57.858   495  1099 E Watchdog: !@Sync 225
12-23 13:51:59.005   495   506 D BatteryService: level:65, scale:100, status:3, health:2, present:true, voltage: 3930, temperature: 338, technology: Li-ion, AC powered:false, USB powered:false, Wireless powered:false, icon:17303535, invalid charger:0, online:1, current avg:-1, charge type:0, power sharing:false
12-23 13:51:59.015   495   495 D BatteryService: Sending ACTION_BATTERY_CHANGED.
12-23 13:51:59.035  1015  1015 D STATUSBAR-PhoneStatusBar:  mBrightnessEnablebySettings = true mBrightnessEnablebyBattery = true mBrightnessEnablebyDisableFlag = true mPmsBrightnessEnablebySettings = true
12-23 13:51:59.035  1015  1015 D BatteryMeterView: ACTION_BATTERY_CHANGED : level:65 status:3 health:2
12-23 13:51:59.055  1015  1015 D STATUSBAR-IconMerger: checkOverflow(240), More:false, Req:false Child:1
12-23 13:52:00.208   495   949 V AlarmManager: waitForAlarm result :8
12-23 13:52:00.318  1622  1622 D KeyguardClockWidgetService: onReceive action=android.intent.action.TIME_TICK
12-23 13:52:00.348   495   495 V AlarmManager: ClockReceiver onReceive() ACTION_TIME_TICK
12-23 13:52:00.398  1015  1015 D STATUSBAR-IconMerger: checkOverflow(240), More:false, Req:false Child:1
12-23 13:52:00.748   495  4439 D BatteryService: level:65, scale:100, status:3, health:2, present:true, voltage: 3922, temperature: 338, technology: Li-ion, AC powered:false, USB powered:false, Wireless powered:false, icon:17303535, invalid charger:0, online:1, current avg:-1, charge type:0, power sharing:false
12-23 13:52:00.748   495   495 D BatteryService: Sending ACTION_BATTERY_CHANGED.
12-23 13:52:00.758  1015  1015 D STATUSBAR-PhoneStatusBar:  mBrightnessEnablebySettings = true mBrightnessEnablebyBattery = true mBrightnessEnablebyDisableFlag = true mPmsBrightnessEnablebySettings = true
12-23 13:52:00.758  1015  1015 D BatteryMeterView: ACTION_BATTERY_CHANGED : level:65 status:3 health:2
12-23 13:52:00.778  1015  1015 D STATUSBAR-IconMerger: checkOverflow(240), More:false, Req:false Child:1
12-23 13:52:02.678   495  1112 D BatteryService: level:65, scale:100, status:3, health:2, present:true, voltage: 3927, temperature: 339, technology: Li-ion, AC powered:false, USB powered:false, Wireless powered:false, icon:17303535, invalid charger:0, online:1, current avg:-1, charge type:0, power sharing:false
12-23 13:52:02.678   495   495 D BatteryService: Sending ACTION_BATTERY_CHANGED.
12-23 13:52:02.708  1015  1015 D STATUSBAR-PhoneStatusBar:  mBrightnessEnablebySettings = true mBrightnessEnablebyBattery = true mBrightnessEnablebyDisableFlag = true mPmsBrightnessEnablebySettings = true
12-23 13:52:02.708  1015  1015 D BatteryMeterView: ACTION_BATTERY_CHANGED : level:65 status:3 health:2
12-23 13:52:02.728  1015  1015 D STATUSBAR-IconMerger: checkOverflow(240), More:false, Req:false Child:1
12-23 13:52:04.718   495   997 D BatteryService: level:65, scale:100, status:3, health:2, present:true, voltage: 3910, temperature: 339, technology: Li-ion, AC powered:false, USB powered:false, Wireless powered:false, icon:17303535, invalid charger:0, online:1, current avg:-1, charge type:0, power sharing:false
12-23 13:52:04.718   495   495 D BatteryService: Sending ACTION_BATTERY_CHANGED.
12-23 13:52:04.778  1015  1015 D STATUSBAR-PhoneStatusBar:  mBrightnessEnablebySettings = true mBrightnessEnablebyBattery = true mBrightnessEnablebyDisableFlag = true mPmsBrightnessEnablebySettings = true
12-23 13:52:04.798  1015  1015 D STATUSBAR-IconMerger: checkOverflow(240), More:false, Req:false Child:1
12-23 13:52:04.828  1015  1015 D BatteryMeterView: ACTION_BATTERY_CHANGED : level:65 status:3 health:2
12-23 13:52:05.733   495  1163 D BatteryService: level:65, scale:100, status:3, health:2, present:true, voltage: 3926, temperature: 339, technology: Li-ion, AC powered:false, USB powered:false, Wireless powered:false, icon:17303535, invalid charger:0, online:1, current avg:-1, charge type:0, power sharing:false
12-23 13:52:05.733   495   495 D BatteryService: Sending ACTION_BATTERY_CHANGED.
12-23 13:52:05.753  1015  1015 D STATUSBAR-PhoneStatusBar:  mBrightnessEnablebySettings = true mBrightnessEnablebyBattery = true mBrightnessEnablebyDisableFlag = true mPmsBrightnessEnablebySettings = true
12-23 13:52:05.763  1015  1015 D BatteryMeterView: ACTION_BATTERY_CHANGED : level:65 status:3 health:2
12-23 13:52:05.783  1015  1015 D STATUSBAR-IconMerger: checkOverflow(240), More:false, Req:false Child:1
12-23 13:52:09.728   495  1163 D BatteryService: level:65, scale:100, status:3, health:2, present:true, voltage: 3928, temperature: 338, technology: Li-ion, AC powered:false, USB powered:false, Wireless powered:false, icon:17303535, invalid charger:0, online:1, current avg:-1, charge type:0, power sharing:false
12-23 13:52:09.728   495   495 D BatteryService: Sending ACTION_BATTERY_CHANGED.
12-23 13:52:09.788  1015  1015 D STATUSBAR-PhoneStatusBar:  mBrightnessEnablebySettings = true mBrightnessEnablebyBattery = true mBrightnessEnablebyDisableFlag = true mPmsBrightnessEnablebySettings = true
12-23 13:52:09.788  1015  1015 D BatteryMeterView: ACTION_BATTERY_CHANGED : level:65 status:3 health:2
12-23 13:52:09.818  1015  1015 D STATUSBAR-IconMerger: checkOverflow(240), More:false, Req:false Child:1
12-23 13:52:10.733   495  1206 D BatteryService: level:65, scale:100, status:3, health:2, present:true, voltage: 3931, temperature: 338, technology: Li-ion, AC powered:false, USB powered:false, Wireless powered:false, icon:17303535, invalid charger:0, online:1, current avg:-1, charge type:0, power sharing:false
12-23 13:52:10.733   495   495 D BatteryService: Sending ACTION_BATTERY_CHANGED.
12-23 13:52:10.793  1015  1015 D STATUSBAR-PhoneStatusBar:  mBrightnessEnablebySettings = true mBrightnessEnablebyBattery = true mBrightnessEnablebyDisableFlag = true mPmsBrightnessEnablebySettings = true
12-23 13:52:10.793  1015  1015 D BatteryMeterView: ACTION_BATTERY_CHANGED : level:65 status:3 health:2
12-23 13:52:10.823  1015  1015 D STATUSBAR-IconMerger: checkOverflow(240), More:false, Req:false Child:1
12-23 13:52:11.718   495  1163 D BatteryService: level:65, scale:100, status:3, health:2, present:true, voltage: 3926, temperature: 338, technology: Li-ion, AC powered:false, USB powered:false, Wireless powered:false, icon:17303535, invalid charger:0, online:1, current avg:-1, charge type:0, power sharing:false
12-23 13:52:11.718   495   495 D BatteryService: Sending ACTION_BATTERY_CHANGED.
12-23 13:52:11.738  1015  1015 D STATUSBAR-PhoneStatusBar:  mBrightnessEnablebySettings = true mBrightnessEnablebyBattery = true mBrightnessEnablebyDisableFlag = true mPmsBrightnessEnablebySettings = true
12-23 13:52:11.758  1015  1015 D STATUSBAR-IconMerger: checkOverflow(240), More:false, Req:false Child:1
12-23 13:52:11.768  1015  1015 D BatteryMeterView: ACTION_BATTERY_CHANGED : level:65 status:3 health:2
12-23 13:52:14.638   495   949 V AlarmManager: waitForAlarm result :4
12-23 13:52:14.648   495   985 D ConnectivityService: Sampling interval elapsed, updating statistics ..
12-23 13:52:14.668   495   949 V AlarmManager: trigger ELAPSED_REALTIME_WAKEUP or RTC_WAKEUP
12-23 13:52:14.678   495   949 V AlarmManager: trigger ELAPSED_REALTIME_WAKEUP or RTC_WAKEUP
12-23 13:52:14.718   495  1170 D BatteryService: level:65, scale:100, status:3, health:2, present:true, voltage: 3921, temperature: 338, technology: Li-ion, AC powered:false, USB powered:false, Wireless powered:false, icon:17303535, invalid charger:0, online:1, current avg:-1, charge type:0, power sharing:false
12-23 13:52:14.718   495   495 D BatteryService: Sending ACTION_BATTERY_CHANGED.
12-23 13:52:14.748  1015  1015 D STATUSBAR-PhoneStatusBar:  mBrightnessEnablebySettings = true mBrightnessEnablebyBattery = true mBrightnessEnablebyDisableFlag = true mPmsBrightnessEnablebySettings = true
12-23 13:52:14.758  1015  1015 D STATUSBAR-IconMerger: checkOverflow(240), More:false, Req:false Child:1
12-23 13:52:14.788  1015  1015 D BatteryMeterView: ACTION_BATTERY_CHANGED : level:65 status:3 health:2
12-23 13:52:14.798   495   985 D ConnectivityService: Done.
12-23 13:52:14.798   495   985 D ConnectivityService: Setting timer for 720seconds
12-23 13:52:14.848   495   506 D WifiService: startScan by pid=1451, uid=10021
12-23 13:52:16.460   495   945 I PowerManagerService: [PWL] Off : 471s ago
12-23 13:52:16.460   495   945 I PowerManagerService: [PWL]   PowerManagerService.WakeLocks: ref count=1
12-23 13:52:16.460   495   945 I PowerManagerService: [PWL]     mWakeLockSummary : 0x1
