12-23 13:53:50.204   495   921 D         : TIMA: QCOM_send_command--int8_t QCOM_send_command(TIMA_handle_t, void*, uint32_t, void*, uint32_t, uint32_t)
12-23 13:53:50.204   495   921 D         : rsp_len = 1008 rcvd_data_len = 1040, self_calculate_len=1040
12-23 13:53:50.214   495   921 D         : TIMA: QCOM_send_command result--0
12-23 13:53:50.214   495   921 D         : TIMA_PKM_measure_kernel returns with resp..ret=512!
12-23 13:53:50.214   495   921 D         : TAL: TIMA_PKM_measure_kernel--int8_t TIMA_PKM_measure_kernel(TIMA_handle_t, void*, uint32_t, void*, uint32_t, uint32_t)
12-23 13:53:50.214   495   921 D         : TIMA: QCOM_send_command--int8_t QCOM_send_command(TIMA_handle_t, void*, uint32_t, void*, uint32_t, uint32_t)
12-23 13:53:50.214   495   921 D         : rsp_len = 1008 rcvd_data_len = 1040, self_calculate_len=1040
12-23 13:53:50.234   495   921 D         : TIMA: QCOM_send_command result--0
12-23 13:53:50.234   495   921 D         : TIMA_PKM_measure_kernel returns with resp..ret=512!
12-23 13:53:50.234   495   921 D         : TAL: TIMA_PKM_measure_kernel--int8_t TIMA_PKM_measure_kernel(TIMA_handle_t, void*, uint32_t, void*, uint32_t, uint32_t)
12-23 13:53:50.234   495   921 D         : TIMA: QCOM_send_command--int8_t QCOM_send_command(TIMA_handle_t, void*, uint32_t, void*, uint32_t, uint32_t)
12-23 13:53:50.234   495   921 D         : rsp_len = 1008 rcvd_data_len = 1040, self_calculate_len=1040
12-23 13:53:50.244   495   949 V AlarmManager: waitForAlarm result :8
12-23 13:53:50.264   495   927 I ServiceKeeper: In getseinfo pid = 495 uid = 1000 seinfo= system
12-23 13:53:50.274   495   927 I ServiceKeeper: In getseinfo pid = 495 uid = 1000 seinfo= system
12-23 13:53:50.284   495   921 D         : TIMA: QCOM_send_command result--0
12-23 13:53:50.284   495   921 D         : TIMA_PKM_measure_kernel returns with resp..ret=512!
12-23 13:53:50.284   495   921 D         : TAL: TIMA_PKM_measure_kernel--int8_t TIMA_PKM_measure_kernel(TIMA_handle_t, void*, uint32_t, void*, uint32_t, uint32_t)
12-23 13:53:50.284   495   921 D         : TIMA: QCOM_send_command--int8_t QCOM_send_command(TIMA_handle_t, void*, uint32_t, void*, uint32_t, uint32_t)
12-23 13:53:50.284   495   921 D         : rsp_len = 1008 rcvd_data_len = 1040, self_calculate_len=1040
12-23 13:53:50.294   495   921 D         : TIMA: QCOM_send_command result--0
12-23 13:53:50.294   495   921 D         : TIMA_PKM_measure_kernel returns with resp..ret=512!
12-23 13:53:50.294   495   921 D         : TAL: TIMA_PKM_measure_kernel--int8_t TIMA_PKM_measure_kernel(TIMA_handle_t, void*, uint32_t, void*, uint32_t, uint32_t)
12-23 13:53:50.294   495   921 D         : TIMA: QCOM_send_command--int8_t QCOM_send_command(TIMA_handle_t, void*, uint32_t, void*, uint32_t, uint32_t)
12-23 13:53:50.294   495   921 D         : rsp_len = 1008 rcvd_data_len = 1040, self_calculate_len=1040
12-23 13:53:50.314   495   921 D         : TIMA: QCOM_send_command result--0
12-23 13:53:50.314   495   921 D         : TIMA_PKM_measure_kernel returns with resp..ret=512!
12-23 13:53:50.314   495   921 D         : TAL: TIMA_PKM_measure_kernel--int8_t TIMA_PKM_measure_kernel(TIMA_handle_t, void*, uint32_t, void*, uint32_t, uint32_t)
12-23 13:53:50.314   495   921 D         : TIMA: QCOM_send_command--int8_t QCOM_send_command(TIMA_handle_t, void*, uint32_t, void*, uint32_t, uint32_t)
12-23 13:53:50.314   495   921 D         : rsp_len = 1008 rcvd_data_len = 1040, self_calculate_len=1040
12-23 13:53:50.324 28250 31030 I MIT_DBG : deviceNotifyReceived()
12-23 13:53:50.324 28250 31030 I MIT_DBG : deviceNotifyReceived()
12-23 13:53:50.324   495   921 D         : TIMA: QCOM_send_command result--0
12-23 13:53:50.324   495   921 D         : TIMA_PKM_measure_kernel returns with resp..ret=512!
12-23 13:53:50.324   495   921 D         : TAL: TIMA_PKM_measure_kernel--int8_t TIMA_PKM_measure_kernel(TIMA_handle_t, void*, uint32_t, void*, uint32_t, uint32_t)
12-23 13:53:50.324   495   921 D         : TIMA: QCOM_send_command--int8_t QCOM_send_command(TIMA_handle_t, void*, uint32_t, void*, uint32_t, uint32_t)
12-23 13:53:50.324   495   921 D         : rsp_len = 1008 rcvd_data_len = 1040, self_calculate_len=1040
12-23 13:53:50.334 28250 28254 D dalvikvm: GC_CONCURRENT freed 4077K, 43% free 20891K/36328K, paused 6ms+3ms, total 112ms
12-23 13:53:50.334   495   921 D         : TIMA: QCOM_send_command result--0
12-23 13:53:50.334   495   921 D         : TIMA_PKM_measure_kernel returns with resp..ret=512!
12-23 13:53:50.334   495   921 D         : TAL: TIMA_PKM_measure_kernel--int8_t TIMA_PKM_measure_kernel(TIMA_handle_t, void*, uint32_t, void*, uint32_t, uint32_t)
12-23 13:53:50.334   495   921 D         : TIMA: QCOM_send_command--int8_t QCOM_send_command(TIMA_handle_t, void*, uint32_t, void*, uint32_t, uint32_t)
12-23 13:53:50.334   495   921 D         : rsp_len = 1008 rcvd_data_len = 1040, self_calculate_len=1040
12-23 13:53:50.344   495   921 D         : TIMA: QCOM_send_command result--0
12-23 13:53:50.344   495   921 D         : TIMA_PKM_measure_kernel returns with resp..ret=512!
12-23 13:53:50.344   495   921 D         : TAL: TIMA_PKM_measure_kernel--int8_t TIMA_PKM_measure_kernel(TIMA_handle_t, void*, uint32_t, void*, uint32_t, uint32_t)
12-23 13:53:50.344   495   921 D         : TIMA: QCOM_send_command--int8_t QCOM_send_command(TIMA_handle_t, void*, uint32_t, void*, uint32_t, uint32_t)
12-23 13:53:50.344   495   921 D         : rsp_len = 1008 rcvd_data_len = 1040, self_calculate_len=1040
12-23 13:53:50.364   495   921 D         : TIMA: QCOM_send_command result--0
12-23 13:53:50.364   495   921 D         : TIMA_PKM_measure_kernel returns with resp..ret=512!
12-23 13:53:50.364   495   921 D         : TAL: TIMA_PKM_measure_kernel--int8_t TIMA_PKM_measure_kernel(TIMA_handle_t, void*, uint32_t, void*, uint32_t, uint32_t)
12-23 13:53:50.364   495   921 D         : TIMA: QCOM_send_command--int8_t QCOM_send_command(TIMA_handle_t, void*, uint32_t, void*, uint32_t, uint32_t)
12-23 13:53:50.364   495   921 D         : rsp_len = 1008 rcvd_data_len = 1040, self_calculate_len=1040
12-23 13:53:50.384   495   921 D         : TIMA: QCOM_send_command result--0
12-23 13:53:50.384   495   921 D         : TIMA_PKM_measure_kernel returns with resp..ret=512!
12-23 13:53:50.384   495   921 D         : TAL: TIMA_PKM_measure_kernel--int8_t TIMA_PKM_measure_kernel(TIMA_handle_t, void*, uint32_t, void*, uint32_t, uint32_t)
12-23 13:53:50.384   495   921 D         : TIMA: QCOM_send_command--int8_t QCOM_send_command(TIMA_handle_t, void*, uint32_t, void*, uint32_t, uint32_t)
12-23 13:53:50.384   495   921 D         : rsp_len = 1008 rcvd_data_len = 1040, self_calculate_len=1040
12-23 13:53:50.394   495   921 D         : TIMA: QCOM_send_command result--0
12-23 13:53:50.394   495   921 D         : TIMA_PKM_measure_kernel returns with resp..ret=512!
12-23 13:53:50.394   495   921 D         : TAL: TIMA_PKM_measure_kernel--int8_t TIMA_PKM_measure_kernel(TIMA_handle_t, void*, uint32_t, void*, uint32_t, uint32_t)
12-23 13:53:50.394   495   921 D         : TIMA: QCOM_send_command--int8_t QCOM_send_command(TIMA_handle_t, void*, uint32_t, void*, uint32_t, uint32_t)
12-23 13:53:50.394   495   921 D         : rsp_len = 1008 rcvd_data_len = 1040, self_calculate_len=1040
12-23 13:53:50.404 28250 31031 I MIT_DBG : inside addDevice(dev), device already exist, so updateservices for devUDN=uuid:1d6947c6-7445-499f-826b-8565f491d708
12-23 13:53:50.404 28250 31031 I MIT_DBG : inside addDevice(dev), device has ServerDevice
12-23 13:53:50.404   495   921 D         : TIMA: QCOM_send_command result--0
12-23 13:53:50.404   495   921 D         : TIMA_PKM_measure_kernel returns with resp..ret=512!
12-23 13:53:50.404   495   921 D         : TAL: TIMA_PKM_measure_kernel--int8_t TIMA_PKM_measure_kernel(TIMA_handle_t, void*, uint32_t, void*, uint32_t, uint32_t)
12-23 13:53:50.404   495   921 D         : TIMA: QCOM_send_command--int8_t QCOM_send_command(TIMA_handle_t, void*, uint32_t, void*, uint32_t, uint32_t)
12-23 13:53:50.404   495   921 D         : rsp_len = 1008 rcvd_data_len = 1040, self_calculate_len=1040
12-23 13:53:50.424   495   921 D         : TIMA: QCOM_send_command result--0
12-23 13:53:50.424   495   921 D         : TIMA_PKM_measure_kernel returns with resp..ret=512!
12-23 13:53:50.424   495   921 D         : TAL: TIMA_PKM_measure_kernel--int8_t TIMA_PKM_measure_kernel(TIMA_handle_t, void*, uint32_t, void*, uint32_t, uint32_t)
12-23 13:53:50.424   495   921 D         : TIMA: QCOM_send_command--int8_t QCOM_send_command(TIMA_handle_t, void*, uint32_t, void*, uint32_t, uint32_t)
12-23 13:53:50.424   495   921 D         : rsp_len = 1008 rcvd_data_len = 1040, self_calculate_len=1040
12-23 13:53:50.424 28250 31030 I MIT_DBG : deviceNotifyReceived()
12-23 13:53:50.434 28250 31030 I MIT_DBG : deviceNotifyReceived()
12-23 13:53:50.434   495   921 D         : TIMA: QCOM_send_command result--0
12-23 13:53:50.434   495   921 D         : TIMA_PKM_measure_kernel returns with resp..ret=512!
12-23 13:53:50.434   495   921 D         : TAL: TIMA_PKM_measure_kernel--int8_t TIMA_PKM_measure_kernel(TIMA_handle_t, void*, uint32_t, void*, uint32_t, uint32_t)
12-23 13:53:50.434   495   921 D         : TIMA: QCOM_send_command--int8_t QCOM_send_command(TIMA_handle_t, void*, uint32_t, void*, uint32_t, uint32_t)
12-23 13:53:50.434   495   921 D         : rsp_len = 1008 rcvd_data_len = 1040, self_calculate_len=1040
12-23 13:53:50.454   495   921 D         : TIMA: QCOM_send_command result--0
12-23 13:53:50.454   495   921 D         : TIMA_PKM_measure_kernel returns with resp..ret=512!
12-23 13:53:50.454   495   921 D         : TAL: TIMA_PKM_measure_kernel--int8_t TIMA_PKM_measure_kernel(TIMA_handle_t, void*, uint32_t, void*, uint32_t, uint32_t)
12-23 13:53:50.454   495   921 D         : TIMA: QCOM_send_command--int8_t QCOM_send_command(TIMA_handle_t, void*, uint32_t, void*, uint32_t, uint32_t)
12-23 13:53:50.454   495   921 D         : rsp_len = 1008 rcvd_data_len = 1040, self_calculate_len=1040
12-23 13:53:50.474   495   921 D         : TIMA: QCOM_send_command result--0
12-23 13:53:50.474   495   921 D         : TIMA_PKM_measure_kernel returns with resp..ret=512!
12-23 13:53:50.474   495   921 D         : TAL: TIMA_PKM_measure_kernel--int8_t TIMA_PKM_measure_kernel(TIMA_handle_t, void*, uint32_t, void*, uint32_t, uint32_t)
12-23 13:53:50.474   495   921 D         : TIMA: QCOM_send_command--int8_t QCOM_send_command(TIMA_handle_t, void*, uint32_t, void*, uint32_t, uint32_t)
12-23 13:53:50.474   495   921 D         : rsp_len = 1008 rcvd_data_len = 1040, self_calculate_len=1040
12-23 13:53:50.474   495  1099 E Watchdog: !@Sync 227
12-23 13:53:50.494   495   921 D         : TIMA: QCOM_send_command result--0
12-23 13:53:50.494   495   921 D         : TIMA_PKM_measure_kernel returns with resp..ret=512!
12-23 13:53:50.494   495   921 D         : TAL: TIMA_PKM_measure_kernel--int8_t TIMA_PKM_measure_kernel(TIMA_handle_t, void*, uint32_t, void*, uint32_t, uint32_t)
12-23 13:53:50.494   495   921 D         : TIMA: QCOM_send_command--int8_t QCOM_send_command(TIMA_handle_t, void*, uint32_t, void*, uint32_t, uint32_t)
12-23 13:53:50.494   495   921 D         : rsp_len = 1008 rcvd_data_len = 1040, self_calculate_len=1040
12-23 13:53:50.514   495   921 D         : TIMA: QCOM_send_command result--0
12-23 13:53:50.514   495   921 D         : TIMA_PKM_measure_kernel returns with resp..ret=512!
12-23 13:53:50.514   495   921 D         : TAL: TIMA_PKM_measure_kernel--int8_t TIMA_PKM_measure_kernel(TIMA_handle_t, void*, uint32_t, void*, uint32_t, uint32_t)
12-23 13:53:50.514   495   921 D         : TIMA: QCOM_send_command--int8_t QCOM_send_command(TIMA_handle_t, void*, uint32_t, void*, uint32_t, uint32_t)
12-23 13:53:50.514   495   921 D         : rsp_len = 1008 rcvd_data_len = 1040, self_calculate_len=1040
12-23 13:53:50.534 28250 31030 I MIT_DBG : deviceNotifyReceived()
12-23 13:53:50.534   495   921 D         : TIMA: QCOM_send_command result--0
12-23 13:53:50.534   495   921 D         : TIMA_PKM_measure_kernel returns with resp..ret=512!
12-23 13:53:50.534   495   921 D         : TAL: TIMA_PKM_measure_kernel--int8_t TIMA_PKM_measure_kernel(TIMA_handle_t, void*, uint32_t, void*, uint32_t, uint32_t)
12-23 13:53:50.534   495   921 D         : TIMA: QCOM_send_command--int8_t QCOM_send_command(TIMA_handle_t, void*, uint32_t, void*, uint32_t, uint32_t)
12-23 13:53:50.534   495   921 D         : rsp_len = 1008 rcvd_data_len = 1040, self_calculate_len=1040
12-23 13:53:50.544 28250 31030 I MIT_DBG : deviceNotifyReceived()
12-23 13:53:50.544   495   949 V AlarmManager: waitForAlarm result :8
12-23 13:53:50.564   495   927 I ServiceKeeper: In getseinfo pid = 495 uid = 1000 seinfo= system
12-23 13:53:50.564   495   921 D         : TIMA: QCOM_send_command result--0
12-23 13:53:50.564   495   921 D         : TIMA_PKM_measure_kernel returns with resp..ret=512!
12-23 13:53:50.564   495   921 D         : TAL: TIMA_PKM_measure_kernel--int8_t TIMA_PKM_measure_kernel(TIMA_handle_t, void*, uint32_t, void*, uint32_t, uint32_t)
12-23 13:53:50.564   495   921 D         : TIMA: QCOM_send_command--int8_t QCOM_send_command(TIMA_handle_t, void*, uint32_t, void*, uint32_t, uint32_t)
12-23 13:53:50.564   495   921 D         : rsp_len = 1008 rcvd_data_len = 1040, self_calculate_len=1040
12-23 13:53:50.564   495   927 I ServiceKeeper: In getseinfo pid = 495 uid = 1000 seinfo= system
12-23 13:53:50.584   495   921 D         : TIMA: QCOM_send_command result--0
12-23 13:53:50.584   495   921 D         : TIMA_PKM_measure_kernel returns with resp..ret=512!
12-23 13:53:50.584   495   921 D         : TAL: TIMA_PKM_measure_kernel--int8_t TIMA_PKM_measure_kernel(TIMA_handle_t, void*, uint32_t, void*, uint32_t, uint32_t)
12-23 13:53:50.584   495   921 D         : TIMA: QCOM_send_command--int8_t QCOM_send_command(TIMA_handle_t, void*, uint32_t, void*, uint32_t, uint32_t)
12-23 13:53:50.584   495   921 D         : rsp_len = 1008 rcvd_data_len = 1040, self_calculate_len=1040
12-23 13:53:50.594   495   921 D         : TIMA: QCOM_send_command result--0
12-23 13:53:50.594   495   921 D         : TIMA_PKM_measure_kernel returns with resp..ret=512!
12-23 13:53:50.594   495   921 D         : TAL: TIMA_PKM_measure_kernel--int8_t TIMA_PKM_measure_kernel(TIMA_handle_t, void*, uint32_t, void*, uint32_t, uint32_t)
12-23 13:53:50.594   495   921 D         : TIMA: QCOM_send_command--int8_t QCOM_send_command(TIMA_handle_t, void*, uint32_t, void*, uint32_t, uint32_t)
12-23 13:53:50.594   495   921 D         : rsp_len = 1008 rcvd_data_len = 1040, self_calculate_len=1040
12-23 13:53:50.614   495   921 D         : TIMA: QCOM_send_command result--0
12-23 13:53:50.614   495   921 D         : TIMA_PKM_measure_kernel returns with resp..ret=512!
12-23 13:53:50.614   495   921 D         : TAL: TIMA_PKM_measure_kernel--int8_t TIMA_PKM_measure_kernel(TIMA_handle_t, void*, uint32_t, void*, uint32_t, uint32_t)
12-23 13:53:50.614   495   921 D         : TIMA: QCOM_send_command--int8_t QCOM_send_command(TIMA_handle_t, void*, uint32_t, void*, uint32_t, uint32_t)
12-23 13:53:50.614   495   921 D         : rsp_len = 1008 rcvd_data_len = 1040, self_calculate_len=1040
12-23 13:53:50.634   495   921 D         : TIMA: QCOM_send_command result--0
12-23 13:53:50.634   495   921 D         : TIMA_PKM_measure_kernel returns with resp..ret=512!
12-23 13:53:50.634   495   921 D         : TAL: TIMA_PKM_measure_kernel--int8_t TIMA_PKM_measure_kernel(TIMA_handle_t, void*, uint32_t, void*, uint32_t, uint32_t)
12-23 13:53:50.634   495   921 D         : TIMA: QCOM_send_command--int8_t QCOM_send_command(TIMA_handle_t, void*, uint32_t, void*, uint32_t, uint32_t)
12-23 13:53:50.634   495   921 D         : rsp_len = 1008 rcvd_data_len = 1040, self_calculate_len=1040
12-23 13:53:50.654   495   921 D         : TIMA: QCOM_send_command result--0
12-23 13:53:50.654   495   921 D         : TIMA_PKM_measure_kernel returns with resp..ret=512!
12-23 13:53:50.654   495   921 D         : TAL: TIMA_PKM_measure_kernel--int8_t TIMA_PKM_measure_kernel(TIMA_handle_t, void*, uint32_t, void*, uint32_t, uint32_t)
12-23 13:53:50.654   495   921 D         : TIMA: QCOM_send_command--int8_t QCOM_send_command(TIMA_handle_t, void*, uint32_t, void*, uint32_t, uint32_t)
12-23 13:53:50.654   495   921 D         : rsp_len = 1008 rcvd_data_len = 1040, self_calculate_len=1040
12-23 13:53:50.684   495   921 D         : TIMA: QCOM_send_command result--0
12-23 13:53:50.684   495   921 D         : TIMA_PKM_measure_kernel returns with resp..ret=512!
12-23 13:53:50.684   495   921 D         : TAL: TIMA_PKM_measure_kernel--int8_t TIMA_PKM_measure_kernel(TIMA_handle_t, void*, uint32_t, void*, uint32_t, uint32_t)
12-23 13:53:50.684   495   921 D         : TIMA: QCOM_send_command--int8_t QCOM_send_command(TIMA_handle_t, void*, uint32_t, void*, uint32_t, uint32_t)
12-23 13:53:50.684   495   921 D         : rsp_len = 1008 rcvd_data_len = 1040, self_calculate_len=1040
12-23 13:53:50.704   495   921 D         : TIMA: QCOM_send_command result--0
12-23 13:53:50.704   495   921 D         : TIMA_PKM_measure_kernel returns with resp..ret=512!
12-23 13:53:50.704   495   921 D         : TAL: TIMA_PKM_measure_kernel--int8_t TIMA_PKM_measure_kernel(TIMA_handle_t, void*, uint32_t, void*, uint32_t, uint32_t)
12-23 13:53:50.704   495   921 D         : TIMA: QCOM_send_command--int8_t QCOM_send_command(TIMA_handle_t, void*, uint32_t, void*, uint32_t, uint32_t)
12-23 13:53:50.704   495   921 D         : rsp_len = 1008 rcvd_data_len = 1040, self_calculate_len=1040
12-23 13:53:50.724   495   921 D         : TIMA: QCOM_send_command result--0
12-23 13:53:50.724   495   921 D         : TIMA_PKM_measure_kernel returns with resp..ret=512!
12-23 13:53:50.724   495   921 D         : TAL: TIMA_PKM_measure_kernel--int8_t TIMA_PKM_measure_kernel(TIMA_handle_t, void*, uint32_t, void*, uint32_t, uint32_t)
12-23 13:53:50.724   495   921 D         : TIMA: QCOM_send_command--int8_t QCOM_send_command(TIMA_handle_t, void*, uint32_t, void*, uint32_t, uint32_t)
12-23 13:53:50.724   495   921 D         : rsp_len = 1008 rcvd_data_len = 1040, self_calculate_len=1040
12-23 13:53:50.734   495   921 D         : TIMA: QCOM_send_command result--0
12-23 13:53:50.734   495   921 D         : TIMA_PKM_measure_kernel returns with resp..ret=512!
12-23 13:53:50.734   495   921 D         : TAL: TIMA_PKM_measure_kernel--int8_t TIMA_PKM_measure_kernel(TIMA_handle_t, void*, uint32_t, void*, uint32_t, uint32_t)
12-23 13:53:50.734   495   921 D         : TIMA: QCOM_send_command--int8_t QCOM_send_command(TIMA_handle_t, void*, uint32_t, void*, uint32_t, uint32_t)
12-23 13:53:50.734   495   921 D         : rsp_len = 1008 rcvd_data_len = 1040, self_calculate_len=1040
12-23 13:53:50.754   495   921 D         : TIMA: QCOM_send_command result--0
12-23 13:53:50.754   495   921 D         : TIMA_PKM_measure_kernel returns with resp..ret=512!
12-23 13:53:50.754   495   921 D         : TAL: TIMA_PKM_measure_kernel--int8_t TIMA_PKM_measure_kernel(TIMA_handle_t, void*, uint32_t, void*, uint32_t, uint32_t)
12-23 13:53:50.754   495   921 D         : TIMA: QCOM_send_command--int8_t QCOM_send_command(TIMA_handle_t, void*, uint32_t, void*, uint32_t, uint32_t)
12-23 13:53:50.754   495   921 D         : rsp_len = 1008 rcvd_data_len = 1040, self_calculate_len=1040
12-23 13:53:50.764   495   921 D         : TIMA: QCOM_send_command result--0
12-23 13:53:50.764   495   921 D         : TIMA_PKM_measure_kernel returns with resp..ret=512!
12-23 13:53:50.764   495   921 D         : TAL: TIMA_PKM_measure_kernel--int8_t TIMA_PKM_measure_kernel(TIMA_handle_t, void*, uint32_t, void*, uint32_t, uint32_t)
12-23 13:53:50.764   495   921 D         : TIMA: QCOM_send_command--int8_t QCOM_send_command(TIMA_handle_t, void*, uint32_t, void*, uint32_t, uint32_t)
12-23 13:53:50.764   495   921 D         : rsp_len = 1008 rcvd_data_len = 1040, self_calculate_len=1040
12-23 13:53:50.784   495   921 D         : TIMA: QCOM_send_command result--0
12-23 13:53:50.784   495   921 D         : TIMA_PKM_measure_kernel returns with resp..ret=512!
12-23 13:53:50.784   495   921 D         : TAL: TIMA_PKM_measure_kernel--int8_t TIMA_PKM_measure_kernel(TIMA_handle_t, void*, uint32_t, void*, uint32_t, uint32_t)
12-23 13:53:50.784   495   921 D         : TIMA: QCOM_send_command--int8_t QCOM_send_command(TIMA_handle_t, void*, uint32_t, void*, uint32_t, uint32_t)
12-23 13:53:50.784   495   921 D         : rsp_len = 1008 rcvd_data_len = 1040, self_calculate_len=1040
12-23 13:53:50.804   495   921 D         : TIMA: QCOM_send_command result--0
12-23 13:53:50.804   495   921 D         : TIMA_PKM_measure_kernel returns with resp..ret=512!
12-23 13:53:50.804   495   921 D         : TAL: TIMA_PKM_measure_kernel--int8_t TIMA_PKM_measure_kernel(TIMA_handle_t, void*, uint32_t, void*, uint32_t, uint32_t)
12-23 13:53:50.804   495   921 D         : TIMA: QCOM_send_command--int8_t QCOM_send_command(TIMA_handle_t, void*, uint32_t, void*, uint32_t, uint32_t)
12-23 13:53:50.804   495   921 D         : rsp_len = 1008 rcvd_data_len = 1040, self_calculate_len=1040
12-23 13:53:50.824   495   921 D         : TIMA: QCOM_send_command result--0
12-23 13:53:50.824   495   921 D         : TIMA_PKM_measure_kernel returns with resp..ret=512!
12-23 13:53:50.824   495   921 D         : TAL: TIMA_PKM_measure_kernel--int8_t TIMA_PKM_measure_kernel(TIMA_handle_t, void*, uint32_t, void*, uint32_t, uint32_t)
12-23 13:53:50.824   495   921 D         : TIMA: QCOM_send_command--int8_t QCOM_send_command(TIMA_handle_t, void*, uint32_t, void*, uint32_t, uint32_t)
12-23 13:53:50.824   495   921 D         : rsp_len = 1008 rcvd_data_len = 1040, self_calculate_len=1040
12-23 13:53:50.854   495   949 V AlarmManager: waitForAlarm result :8
12-23 13:53:50.874  1015  1015 W Settings: Setting data_roaming has moved from android.provider.Settings.Secure to android.provider.Settings.Global.
12-23 13:53:50.874  1015  1015 D STATUSBAR-NetworkController: onReceive() - RSSI_CHANGED_ACTION, WIFI_STATE, NETWORK_STATE
12-23 13:53:50.874  1015  1015 D STATUSBAR-NetworkController: updateRomaingNotification DataRoaming:false mDataRoamingTypeForVZW : 0
12-23 13:53:50.874  1015  1015 D STATUSBAR-NetworkController: refreshSignalCluster - setNWBoosterIndicators(false)
12-23 13:53:50.874  1015  1015 D STATUSBAR-NetworkController: refreshSignalCluster: data=0 bt=false
12-23 13:53:50.884   495   927 I ServiceKeeper: In getseinfo pid = 495 uid = 1000 seinfo= system
12-23 13:53:50.884  1015  1015 D STATUSBAR-IconMerger: checkOverflow(240), More:false, Req:false Child:2
12-23 13:53:50.904   495   927 I ServiceKeeper: In getseinfo pid = 495 uid = 1000 seinfo= system
12-23 13:53:50.904   495   921 D         : TIMA: QCOM_send_command result--0
12-23 13:53:50.904   495   921 D         : TIMA_PKM_measure_kernel returns with resp..ret=512!
12-23 13:53:50.904   495   921 D         : TAL: TIMA_PKM_measure_kernel--int8_t TIMA_PKM_measure_kernel(TIMA_handle_t, void*, uint32_t, void*, uint32_t, uint32_t)
12-23 13:53:50.904   495   921 D         : TIMA: QCOM_send_command--int8_t QCOM_send_command(TIMA_handle_t, void*, uint32_t, void*, uint32_t, uint32_t)
12-23 13:53:50.904   495   921 D         : rsp_len = 1008 rcvd_data_len = 1040, self_calculate_len=1040
12-23 13:53:50.924   495   921 D         : TIMA: QCOM_send_command result--0
12-23 13:53:50.924   495   921 D         : TIMA_PKM_measure_kernel returns with resp..ret=512!
12-23 13:53:50.924   495   921 D         : TAL: TIMA_PKM_measure_kernel--int8_t TIMA_PKM_measure_kernel(TIMA_handle_t, void*, uint32_t, void*, uint32_t, uint32_t)
12-23 13:53:50.924   495   921 D         : TIMA: QCOM_send_command--int8_t QCOM_send_command(TIMA_handle_t, void*, uint32_t, void*, uint32_t, uint32_t)
12-23 13:53:50.924   495   921 D         : rsp_len = 1008 rcvd_data_len = 1040, self_calculate_len=1040
12-23 13:53:50.934   495   921 D         : TIMA: QCOM_send_command result--0
12-23 13:53:50.934   495   921 D         : TIMA_PKM_measure_kernel returns with resp..ret=512!
12-23 13:53:50.934   495   921 D         : TAL: TIMA_PKM_measure_kernel--int8_t TIMA_PKM_measure_kernel(TIMA_handle_t, void*, uint32_t, void*, uint32_t, uint32_t)
12-23 13:53:50.934   495   921 D         : TIMA: QCOM_send_command--int8_t QCOM_send_command(TIMA_handle_t, void*, uint32_t, void*, uint32_t, uint32_t)
12-23 13:53:50.934   495   921 D         : rsp_len = 1008 rcvd_data_len = 1040, self_calculate_len=1040
12-23 13:53:50.954   495   921 D         : TIMA: QCOM_send_command result--0
12-23 13:53:50.954   495   921 D         : TIMA_PKM_measure_kernel returns with resp..ret=512!
12-23 13:53:50.954   495   921 D         : TAL: TIMA_PKM_measure_kernel--int8_t TIMA_PKM_measure_kernel(TIMA_handle_t, void*, uint32_t, void*, uint32_t, uint32_t)
12-23 13:53:50.954   495   921 D         : TIMA: QCOM_send_command--int8_t QCOM_send_command(TIMA_handle_t, void*, uint32_t, void*, uint32_t, uint32_t)
12-23 13:53:50.954   495   921 D         : rsp_len = 1008 rcvd_data_len = 1040, self_calculate_len=1040
12-23 13:53:50.965   495   921 D         : TIMA: QCOM_send_command result--0
12-23 13:53:50.965   495   921 D         : TIMA_PKM_measure_kernel returns with resp..ret=512!
12-23 13:53:50.965   495   921 D         : TAL: TIMA_PKM_measure_kernel--int8_t TIMA_PKM_measure_kernel(TIMA_handle_t, void*, uint32_t, void*, uint32_t, uint32_t)
12-23 13:53:50.965   495   921 D         : TIMA: QCOM_send_command--int8_t QCOM_send_command(TIMA_handle_t, void*, uint32_t, void*, uint32_t, uint32_t)
12-23 13:53:50.965   495   921 D         : rsp_len = 1008 rcvd_data_len = 1040, self_calculate_len=1040
12-23 13:53:50.975   495   921 D         : TIMA: QCOM_send_command result--0
12-23 13:53:50.975   495   921 D         : TIMA_PKM_measure_kernel returns with resp..ret=512!
12-23 13:53:50.975   495   921 D         : TAL: TIMA_PKM_measure_kernel--int8_t TIMA_PKM_measure_kernel(TIMA_handle_t, void*, uint32_t, void*, uint32_t, uint32_t)
12-23 13:53:50.975   495   921 D         : TIMA: QCOM_send_command--int8_t QCOM_send_command(TIMA_handle_t, void*, uint32_t, void*, uint32_t, uint32_t)
12-23 13:53:50.975   495   921 D         : rsp_len = 1008 rcvd_data_len = 1040, self_calculate_len=1040
12-23 13:53:50.995   495   921 D         : TIMA: QCOM_send_command result--0
12-23 13:53:50.995   495   921 D         : TIMA_PKM_measure_kernel returns with resp..ret=512!
12-23 13:53:50.995   495   921 D         : TAL: TIMA_PKM_measure_kernel--int8_t TIMA_PKM_measure_kernel(TIMA_handle_t, void*, uint32_t, void*, uint32_t, uint32_t)
12-23 13:53:50.995   495   921 D         : TIMA: QCOM_send_command--int8_t QCOM_send_command(TIMA_handle_t, void*, uint32_t, void*, uint32_t, uint32_t)
12-23 13:53:50.995   495   921 D         : rsp_len = 1008 rcvd_data_len = 1040, self_calculate_len=1040
12-23 13:53:51.005   495   921 D         : TIMA: QCOM_send_command result--0
12-23 13:53:51.005   495   921 D         : TIMA_PKM_measure_kernel returns with resp..ret=512!
12-23 13:53:51.005   495   921 D         : TAL: TIMA_PKM_measure_kernel--int8_t TIMA_PKM_measure_kernel(TIMA_handle_t, void*, uint32_t, void*, uint32_t, uint32_t)
12-23 13:53:51.005   495   921 D         : TIMA: QCOM_send_command--int8_t QCOM_send_command(TIMA_handle_t, void*, uint32_t, void*, uint32_t, uint32_t)
12-23 13:53:51.005   495   921 D         : rsp_len = 1008 rcvd_data_len = 1040, self_calculate_len=1040
12-23 13:53:51.025   495   921 D         : TIMA: QCOM_send_command result--0
12-23 13:53:51.025   495   921 D         : TIMA_PKM_measure_kernel returns with resp..ret=512!
12-23 13:53:51.025   495   921 D         : TAL: TIMA_PKM_measure_kernel--int8_t TIMA_PKM_measure_kernel(TIMA_handle_t, void*, uint32_t, void*, uint32_t, uint32_t)
12-23 13:53:51.025   495   921 D         : TIMA: QCOM_send_command--int8_t QCOM_send_command(TIMA_handle_t, void*, uint32_t, void*, uint32_t, uint32_t)
12-23 13:53:51.025   495   921 D         : rsp_len = 1008 rcvd_data_len = 1040, self_calculate_len=1040
12-23 13:53:51.035   495   921 D         : TIMA: QCOM_send_command result--0
12-23 13:53:51.035   495   921 D         : TIMA_PKM_measure_kernel returns with resp..ret=512!
12-23 13:53:51.035   495   921 D         : TAL: TIMA_PKM_measure_kernel--int8_t TIMA_PKM_measure_kernel(TIMA_handle_t, void*, uint32_t, void*, uint32_t, uint32_t)
12-23 13:53:51.035   495   921 D         : TIMA: QCOM_send_command--int8_t QCOM_send_command(TIMA_handle_t, void*, uint32_t, void*, uint32_t, uint32_t)
12-23 13:53:51.035   495   921 D         : rsp_len = 1008 rcvd_data_len = 1040, self_calculate_len=1040
12-23 13:53:51.055   495   921 D         : TIMA: QCOM_send_command result--0
12-23 13:53:51.055   495   921 D         : TIMA_PKM_measure_kernel returns with resp..ret=512!
12-23 13:53:51.055   495   921 D         : TAL: TIMA_PKM_measure_kernel--int8_t TIMA_PKM_measure_kernel(TIMA_handle_t, void*, uint32_t, void*, uint32_t, uint32_t)
12-23 13:53:51.055   495   921 D         : TIMA: QCOM_send_command--int8_t QCOM_send_command(TIMA_handle_t, void*, uint32_t, void*, uint32_t, uint32_t)
12-23 13:53:51.055   495   921 D         : rsp_len = 1008 rcvd_data_len = 1040, self_calculate_len=1040
12-23 13:53:51.065   495   921 D         : TIMA: QCOM_send_command result--0
12-23 13:53:51.065   495   921 D         : TIMA_PKM_measure_kernel returns with resp..ret=512!
12-23 13:53:51.065   495   921 D         : TAL: TIMA_PKM_measure_kernel--int8_t TIMA_PKM_measure_kernel(TIMA_handle_t, void*, uint32_t, void*, uint32_t, uint32_t)
12-23 13:53:51.065   495   921 D         : TIMA: QCOM_send_command--int8_t QCOM_send_command(TIMA_handle_t, void*, uint32_t, void*, uint32_t, uint32_t)
12-23 13:53:51.065   495   921 D         : rsp_len = 1008 rcvd_data_len = 1040, self_calculate_len=1040
12-23 13:53:51.085   495   921 D         : TIMA: QCOM_send_command result--0
12-23 13:53:51.085   495   921 D         : TIMA_PKM_measure_kernel returns with resp..ret=512!
12-23 13:53:51.085   495   921 D         : TAL: TIMA_PKM_measure_kernel--int8_t TIMA_PKM_measure_kernel(TIMA_handle_t, void*, uint32_t, void*, uint32_t, uint32_t)
12-23 13:53:51.085   495   921 D         : TIMA: QCOM_send_command--int8_t QCOM_send_command(TIMA_handle_t, void*, uint32_t, void*, uint32_t, uint32_t)
12-23 13:53:51.085   495   921 D         : rsp_len = 1008 rcvd_data_len = 1040, self_calculate_len=1040
12-23 13:53:51.105   495   921 D         : TIMA: QCOM_send_command result--0
12-23 13:53:51.105   495   921 D         : TIMA_PKM_measure_kernel returns with resp..ret=512!
12-23 13:53:51.105   495   921 D         : TAL: TIMA_PKM_measure_kernel--int8_t TIMA_PKM_measure_kernel(TIMA_handle_t, void*, uint32_t, void*, uint32_t, uint32_t)
12-23 13:53:51.105   495   921 D         : TIMA: QCOM_send_command--int8_t QCOM_send_command(TIMA_handle_t, void*, uint32_t, void*, uint32_t, uint32_t)
12-23 13:53:51.105   495   921 D         : rsp_len = 1008 rcvd_data_len = 1040, self_calculate_len=1040
12-23 13:53:51.115   495   921 D         : TIMA: QCOM_send_command result--0
12-23 13:53:51.115   495   921 D         : TIMA_PKM_measure_kernel returns with resp..ret=0!
12-23 13:53:51.115   495   921 D         : TIMA: final string =TIMA_STATUS=0;MSG=Kernel Verification Success;!
12-23 13:53:51.125   495   927 I ServiceKeeper: In getseinfo pid = 495 uid = 1000 seinfo= system
12-23 13:53:51.125   495   921 D TimaService: TIMA MEASUREMENT Result: TIMA_STATUS=0;MSG=Kernel Verification Success;
12-23 13:53:51.125   495   921 D TimaService: TIMA MEASUREMENT success status: TIMA_STATUS=0;MSG=Kernel Verification Success;
12-23 13:53:51.145   495   949 V AlarmManager: waitForAlarm result :8
12-23 13:53:51.175 28250 31030 I MIT_DBG : deviceNotifyReceived()
12-23 13:53:51.175   495   927 I ServiceKeeper: In getseinfo pid = 495 uid = 1000 seinfo= system
12-23 13:53:51.175   495   927 I ServiceKeeper: In getseinfo pid = 495 uid = 1000 seinfo= system
12-23 13:53:51.185   173   173 E SMD     : DCD ON
12-23 13:53:51.185 28250 31030 I MIT_DBG : deviceNotifyReceived()
12-23 13:53:51.255 28250 31030 I MIT_DBG : deviceNotifyReceived()
12-23 13:53:51.265 28250 31030 I MIT_DBG : deviceNotifyReceived()
12-23 13:53:51.355 28250 31030 I MIT_DBG : deviceNotifyReceived()
12-23 13:53:51.365 28250 31030 I MIT_DBG : deviceNotifyReceived()
12-23 13:53:51.445   495   949 V AlarmManager: waitForAlarm result :8
12-23 13:53:51.465   495   927 I ServiceKeeper: In getseinfo pid = 495 uid = 1000 seinfo= system
12-23 13:53:51.485   495   927 I ServiceKeeper: In getseinfo pid = 495 uid = 1000 seinfo= system
12-23 13:53:51.565   179   445 D AudioStreamOutALSA: standby
12-23 13:53:51.565   179   445 D ALSAModule: s_standby: handle 0xb87af330 h 0x0
12-23 13:53:51.565   179   445 E ALSAModule: s_standby handle h 0xb87eacc8
12-23 13:53:51.745   495   949 V AlarmManager: waitForAlarm result :8
12-23 13:53:51.755   179   445 D ALSAModule: checkRunningHandle return false
12-23 13:53:51.755   179   445 D alsa_ucm: snd_use_case_set(): uc_mgr 0xb87827d0 identifier _verb value Inactive
12-23 13:53:51.755   179   445 D alsa_ucm: Set mixer controls for HiFi enable 0
12-23 13:53:51.755   179   445 D alsa_ucm: Setting mixer control: PRI_RX Audio Mixer MultiMedia1, value: 0
12-23 13:53:51.755   179   445 E ALSAModule: Number of modifiers 0
12-23 13:53:51.755   179   445 E ALSAModule: usecase_type is 0
12-23 13:53:51.755   179   445 D alsa_ucm: snd_use_case_set(): uc_mgr 0xb87827d0 identifier _disdev value VR Main Mic
12-23 13:53:51.755   179   445 D alsa_ucm: disdev: device VR Main Mic not enabled, no need to disable
12-23 13:53:51.755   179   445 D alsa_ucm: snd_use_case_set(): uc_mgr 0xb87827d0 identifier _disdev value Speaker
12-23 13:53:51.755   179   445 D alsa_ucm: Set mixer controls for Speaker enable 0
12-23 13:53:51.755   179   445 D alsa_ucm: Setting mixer control: RX5 MIX1 INP1, value: ZERO
12-23 13:53:51.755   179   445 D alsa_ucm: Setting mixer control: RX5 MIX1 INP2, value: ZERO
12-23 13:53:51.765   179   445 D alsa_ucm: Setting mixer control: LINEOUT2 Volume, value: 0
12-23 13:53:51.765   179   445 D alsa_ucm: Setting mixer control: LINEOUT4 Volume, value: 0
12-23 13:53:51.765   179   445 D alsa_ucm: Setting mixer control: RX5 Digital Volume, value: 0
12-23 13:53:51.765   495   927 I ServiceKeeper: In getseinfo pid = 495 uid = 1000 seinfo= system
12-23 13:53:51.795   495   927 I ServiceKeeper: In getseinfo pid = 495 uid = 1000 seinfo= system
12-23 13:53:51.795   495   927 I ServiceKeeper: In getseinfo pid = 495 uid = 1000 seinfo= system
12-23 13:53:52.046   495   949 V AlarmManager: waitForAlarm result :8
12-23 13:53:52.056   495   927 I ServiceKeeper: In getseinfo pid = 495 uid = 1000 seinfo= system
12-23 13:53:52.076   495   927 I ServiceKeeper: In getseinfo pid = 495 uid = 1000 seinfo= system
12-23 13:53:52.346   495   949 V AlarmManager: waitForAlarm result :8
12-23 13:53:52.356   495   927 I ServiceKeeper: In getseinfo pid = 495 uid = 1000 seinfo= system
12-23 13:53:52.366   495   927 I ServiceKeeper: In getseinfo pid = 495 uid = 1000 seinfo= system
12-23 13:53:52.646   495   949 V AlarmManager: waitForAlarm result :8
12-23 13:53:52.656   495   927 I ServiceKeeper: In getseinfo pid = 495 uid = 1000 seinfo= system
12-23 13:53:52.676   495   927 I ServiceKeeper: In getseinfo pid = 495 uid = 1000 seinfo= system
12-23 13:53:52.937   495   949 V AlarmManager: waitForAlarm result :8
12-23 13:53:52.957   495   927 I ServiceKeeper: In getseinfo pid = 495 uid = 1000 seinfo= system
12-23 13:53:52.967   495   927 I ServiceKeeper: In getseinfo pid = 495 uid = 1000 seinfo= system
12-23 13:53:53.247   495   949 V AlarmManager: waitForAlarm result :8
12-23 13:53:53.287   495   927 I ServiceKeeper: In getseinfo pid = 495 uid = 1000 seinfo= system
12-23 13:53:53.287   495   927 I ServiceKeeper: In getseinfo pid = 495 uid = 1000 seinfo= system
12-23 13:53:53.287  1015  1015 W Settings: Setting data_roaming has moved from android.provider.Settings.Secure to android.provider.Settings.Global.
12-23 13:53:53.287  1015  1015 D STATUSBAR-NetworkController: updateRomaingNotification DataRoaming:false mDataRoamingTypeForVZW : 0
12-23 13:53:53.287  1015  1015 D STATUSBAR-NetworkController: refreshSignalCluster - setNWBoosterIndicators(false)
12-23 13:53:53.287  1015  1015 D STATUSBAR-NetworkController: refreshSignalCluster: data=0 bt=false
12-23 13:53:53.307  1015  1015 D STATUSBAR-IconMerger: checkOverflow(240), More:false, Req:false Child:2
12-23 13:53:53.387   199   199 D AT_Distributor: Send Msg [UART > ATD] 1 bytes <>
12-23 13:53:53.537   495   949 V AlarmManager: waitForAlarm result :8
12-23 13:53:53.557   495   927 I ServiceKeeper: In getseinfo pid = 495 uid = 1000 seinfo= system
12-23 13:53:53.567   495   927 I ServiceKeeper: In getseinfo pid = 495 uid = 1000 seinfo= system
12-23 13:53:53.848   495   949 V AlarmManager: waitForAlarm result :8
12-23 13:53:53.858   495   927 I ServiceKeeper: In getseinfo pid = 495 uid = 1000 seinfo= system
12-23 13:53:53.888   495   927 I ServiceKeeper: In getseinfo pid = 495 uid = 1000 seinfo= system
12-23 13:53:54.138   495   949 V AlarmManager: waitForAlarm result :8
12-23 13:53:54.178   173   173 E SMD     : DCD ON
12-23 13:53:54.178   495   927 I ServiceKeeper: In getseinfo pid = 495 uid = 1000 seinfo= system
12-23 13:53:54.178   495   927 I ServiceKeeper: In getseinfo pid = 495 uid = 1000 seinfo= system
12-23 13:53:54.438   495   949 V AlarmManager: waitForAlarm result :8
12-23 13:53:54.458   495   927 I ServiceKeeper: In getseinfo pid = 495 uid = 1000 seinfo= system
12-23 13:53:54.478   495   927 I ServiceKeeper: In getseinfo pid = 495 uid = 1000 seinfo= system
12-23 13:53:54.739   495   949 V AlarmManager: waitForAlarm result :8
12-23 13:53:54.759   495   927 I ServiceKeeper: In getseinfo pid = 495 uid = 1000 seinfo= system
12-23 13:53:54.769   495   927 I ServiceKeeper: In getseinfo pid = 495 uid = 1000 seinfo= system
12-23 13:53:55.049   495   949 V AlarmManager: waitForAlarm result :8
12-23 13:53:55.059   495   927 I ServiceKeeper: In getseinfo pid = 495 uid = 1000 seinfo= system
12-23 13:53:55.079   495   927 I ServiceKeeper: In getseinfo pid = 495 uid = 1000 seinfo= system
12-23 13:53:55.149 28250 31030 I MIT_DBG : deviceNotifyReceived()
12-23 13:53:55.149 28250 31030 I MIT_DBG : deviceNotifyReceived()
12-23 13:53:55.179   495  2603 D SSRMv2:SIOP: SIOP:: AP = 350, Delta = 20
12-23 13:53:55.239 28250 31030 I MIT_DBG : deviceNotifyReceived()
12-23 13:53:55.249 28250 31030 I MIT_DBG : deviceNotifyReceived()
12-23 13:53:55.309  1015  1015 W Settings: Setting data_roaming has moved from android.provider.Settings.Secure to android.provider.Settings.Global.
12-23 13:53:55.319  1015  1015 D STATUSBAR-NetworkController: updateRomaingNotification DataRoaming:false mDataRoamingTypeForVZW : 0
12-23 13:53:55.319  1015  1015 D STATUSBAR-NetworkController: refreshSignalCluster - setNWBoosterIndicators(false)
12-23 13:53:55.319  1015  1015 D STATUSBAR-NetworkController: refreshSignalCluster: data=0 bt=false
12-23 13:53:55.319  1015  1015 D STATUSBAR-IconMerger: checkOverflow(240), More:false, Req:false Child:2
12-23 13:53:55.339   495   949 V AlarmManager: waitForAlarm result :8
12-23 13:53:55.359   495   927 I ServiceKeeper: In getseinfo pid = 495 uid = 1000 seinfo= system
12-23 13:53:55.359   495   927 I ServiceKeeper: In getseinfo pid = 495 uid = 1000 seinfo= system
12-23 13:53:55.439 28250 31030 I MIT_DBG : deviceNotifyReceived()
12-23 13:53:55.439 28250 31030 I MIT_DBG : deviceNotifyReceived()
12-23 13:53:55.650   495   949 V AlarmManager: waitForAlarm result :8
12-23 13:53:55.660   495   927 I ServiceKeeper: In getseinfo pid = 495 uid = 1000 seinfo= system
12-23 13:53:55.680   495   927 I ServiceKeeper: In getseinfo pid = 495 uid = 1000 seinfo= system
12-23 13:53:55.940   495   949 V AlarmManager: waitForAlarm result :8
12-23 13:53:55.960   495   927 I ServiceKeeper: In getseinfo pid = 495 uid = 1000 seinfo= system
12-23 13:53:55.970   495   927 I ServiceKeeper: In getseinfo pid = 495 uid = 1000 seinfo= system
12-23 13:53:56.250   495   949 V AlarmManager: waitForAlarm result :8
12-23 13:53:56.280   495   927 I ServiceKeeper: In getseinfo pid = 495 uid = 1000 seinfo= system
12-23 13:53:56.290   495   927 I ServiceKeeper: In getseinfo pid = 495 uid = 1000 seinfo= system
12-23 13:53:56.540   495   949 V AlarmManager: waitForAlarm result :8
12-23 13:53:56.560   495   927 I ServiceKeeper: In getseinfo pid = 495 uid = 1000 seinfo= system
12-23 13:53:56.570   495   927 I ServiceKeeper: In getseinfo pid = 495 uid = 1000 seinfo= system
12-23 13:53:56.731   495   813 E Sensors : accelHandler -0.132924 0.131726 9.720187
12-23 13:53:56.741  1015  1015 W Settings: Setting data_roaming has moved from android.provider.Settings.Secure to android.provider.Settings.Global.
12-23 13:53:56.741  1015  1015 D STATUSBAR-NetworkController: onSignalStrengthsChanged signalStrength=SignalStrength: 99 99 -91 -50 -120 -1 -1 18 -107 -13 -2 -1 2147483647 gsm|lte 0x2030 level=2
12-23 13:53:56.751  1015  1015 D STATUSBAR-NetworkController: updateRomaingNotification DataRoaming:false mDataRoamingTypeForVZW : 0
12-23 13:53:56.851   495   949 V AlarmManager: waitForAlarm result :8
12-23 13:53:56.881   495   927 I ServiceKeeper: In getseinfo pid = 495 uid = 1000 seinfo= system
12-23 13:53:56.881   495   927 I ServiceKeeper: In getseinfo pid = 495 uid = 1000 seinfo= system
12-23 13:53:57.141   495   949 V AlarmManager: waitForAlarm result :8
12-23 13:53:57.151   495   927 I ServiceKeeper: In getseinfo pid = 495 uid = 1000 seinfo= system
12-23 13:53:57.161   495   927 I ServiceKeeper: In getseinfo pid = 495 uid = 1000 seinfo= system
12-23 13:53:57.181   173   173 E SMD     : DCD ON
12-23 13:53:57.331  1015  1015 W Settings: Setting data_roaming has moved from android.provider.Settings.Secure to android.provider.Settings.Global.
12-23 13:53:57.331  1015  1015 D STATUSBAR-NetworkController: updateRomaingNotification DataRoaming:false mDataRoamingTypeForVZW : 0
12-23 13:53:57.331  1015  1015 D STATUSBAR-NetworkController: refreshSignalCluster - setNWBoosterIndicators(false)
12-23 13:53:57.331  1015  1015 D STATUSBAR-NetworkController: refreshSignalCluster: data=0 bt=false
12-23 13:53:57.351  1015  1015 D STATUSBAR-IconMerger: checkOverflow(240), More:false, Req:false Child:2
12-23 13:53:57.441   495   949 V AlarmManager: waitForAlarm result :8
12-23 13:53:57.461   495   927 I ServiceKeeper: In getseinfo pid = 495 uid = 1000 seinfo= system
12-23 13:53:57.481   495   927 I ServiceKeeper: In getseinfo pid = 495 uid = 1000 seinfo= system
12-23 13:53:57.752   495   949 V AlarmManager: waitForAlarm result :8
12-23 13:53:57.762   495   927 I ServiceKeeper: In getseinfo pid = 495 uid = 1000 seinfo= system
12-23 13:53:57.772   495   927 I ServiceKeeper: In getseinfo pid = 495 uid = 1000 seinfo= system
12-23 13:53:58.052   495   949 V AlarmManager: waitForAlarm result :8
12-23 13:53:58.062   495   927 I ServiceKeeper: In getseinfo pid = 495 uid = 1000 seinfo= system
12-23 13:53:58.082   495   927 I ServiceKeeper: In getseinfo pid = 495 uid = 1000 seinfo= system
12-23 13:53:58.332   495   813 I Sensors : **** No Motion ****
12-23 13:53:58.342   495   949 V AlarmManager: waitForAlarm result :8
12-23 13:53:58.372   495   927 I ServiceKeeper: In getseinfo pid = 495 uid = 1000 seinfo= system
12-23 13:53:58.382   495   927 I ServiceKeeper: In getseinfo pid = 495 uid = 1000 seinfo= system
12-23 13:53:58.653   495   949 V AlarmManager: waitForAlarm result :8
12-23 13:53:58.663   495   927 I ServiceKeeper: In getseinfo pid = 495 uid = 1000 seinfo= system
12-23 13:53:58.683   495   927 I ServiceKeeper: In getseinfo pid = 495 uid = 1000 seinfo= system
12-23 13:53:58.943   495   949 V AlarmManager: waitForAlarm result :8
12-23 13:53:58.963   495   927 I ServiceKeeper: In getseinfo pid = 495 uid = 1000 seinfo= system
12-23 13:53:58.973   495   927 I ServiceKeeper: In getseinfo pid = 495 uid = 1000 seinfo= system
12-23 13:53:59.253   495   949 V AlarmManager: waitForAlarm result :8
12-23 13:53:59.263   495   927 I ServiceKeeper: In getseinfo pid = 495 uid = 1000 seinfo= system
12-23 13:53:59.283   495   927 I ServiceKeeper: In getseinfo pid = 495 uid = 1000 seinfo= system
12-23 13:53:59.544   495   949 V AlarmManager: waitForAlarm result :8
12-23 13:53:59.564   495   927 I ServiceKeeper: In getseinfo pid = 495 uid = 1000 seinfo= system
12-23 13:53:59.574   495   927 I ServiceKeeper: In getseinfo pid = 495 uid = 1000 seinfo= system
12-23 13:53:59.844   495   949 V AlarmManager: waitForAlarm result :8
12-23 13:53:59.864   495   927 I ServiceKeeper: In getseinfo pid = 495 uid = 1000 seinfo= system
12-23 13:53:59.884   495   927 I ServiceKeeper: In getseinfo pid = 495 uid = 1000 seinfo= system
12-23 13:53:59.994   495   949 V AlarmManager: waitForAlarm result :8
12-23 13:54:00.004  1622  1622 D KeyguardClockWidgetService: onReceive action=android.intent.action.TIME_TICK
12-23 13:54:00.014  1015  1015 D KeyguardUpdateMonitor: received broadcast android.intent.action.TIME_TICK
12-23 13:54:00.014  1015  1015 D KeyguardUpdateMonitor: handleTimeUpdate
12-23 13:54:00.014   495   495 V AlarmManager: ClockReceiver onReceive() ACTION_TIME_TICK
12-23 13:54:00.014   495   495 V AlarmManager: ___SyncScheduler (v3) ACTIVATED___
12-23 13:54:00.014   495   495 V AlarmManager: <AppSync3 Whitelist>
12-23 13:54:00.014   495   495 V AlarmManager: (AppSync) com.facebook.orca : 900(360)
12-23 13:54:00.014   495   495 V AlarmManager: (AppSync) com.google.android.googlequicksearchbox : 300(300)
12-23 13:54:00.014   495   495 V AlarmManager: (AppSync) com.whatsapp : 600(860)
12-23 13:54:00.014   495   495 V AlarmManager: (AppSync) com.sec.spp.push : 960(240)
12-23 13:54:00.014   495   495 V AlarmManager: (AppSync) com.sec.spp.push : 3600(3540)
12-23 13:54:00.014   495   495 V AlarmManager: (AppSync) android : 3780(3660)
12-23 13:54:00.014   495   495 V AlarmManager: (AppSync) com.google.android.gms : 480(860)
12-23 13:54:00.014   495   495 V AlarmManager: (AppSync) com.facebook.katana : 900(360)
12-23 13:54:00.014   495   495 V AlarmManager: (AppSync) ### 8 added ###
12-23 13:54:00.044   495   927 I ServiceKeeper: In getseinfo pid = 495 uid = 1000 seinfo= system
12-23 13:54:00.064  1015  1015 D STATUSBAR-IconMerger: checkOverflow(240), More:false, Req:false Child:2
12-23 13:54:00.124  2406  2406 D accuweather: [MSC_Accu_Daemon]>>> WCS:95 [0:0] checkDay:true, UtilgetIsDay():true
12-23 13:54:00.144   495   949 V AlarmManager: waitForAlarm result :8
12-23 13:54:00.184   495   927 I ServiceKeeper: In getseinfo pid = 495 uid = 1000 seinfo= system
12-23 13:54:00.184   173   173 E SMD     : DCD ON
12-23 13:54:00.365  1015  1015 W Settings: Setting data_roaming has moved from android.provider.Settings.Secure to android.provider.Settings.Global.
12-23 13:54:00.365  1015  1015 D STATUSBAR-NetworkController: updateRomaingNotification DataRoaming:false mDataRoamingTypeForVZW : 0
12-23 13:54:00.365  1015  1015 D STATUSBAR-NetworkController: refreshSignalCluster - setNWBoosterIndicators(false)
12-23 13:54:00.365  1015  1015 D STATUSBAR-NetworkController: refreshSignalCluster: data=0 bt=false
12-23 13:54:00.385  1015  1015 D STATUSBAR-IconMerger: checkOverflow(240), More:false, Req:false Child:2
12-23 13:54:00.445   495   949 V AlarmManager: waitForAlarm result :8
12-23 13:54:00.465   495   927 I ServiceKeeper: In getseinfo pid = 495 uid = 1000 seinfo= system
12-23 13:54:00.485   495   927 I ServiceKeeper: In getseinfo pid = 495 uid = 1000 seinfo= system
12-23 13:54:00.745   495   949 V AlarmManager: waitForAlarm result :8
12-23 13:54:00.765   495   927 I ServiceKeeper: In getseinfo pid = 495 uid = 1000 seinfo= system
12-23 13:54:00.775   495   927 I ServiceKeeper: In getseinfo pid = 495 uid = 1000 seinfo= system
12-23 13:54:01.045   495   949 V AlarmManager: waitForAlarm result :8
12-23 13:54:01.065   495   927 I ServiceKeeper: In getseinfo pid = 495 uid = 1000 seinfo= system
12-23 13:54:01.085   495   927 I ServiceKeeper: In getseinfo pid = 495 uid = 1000 seinfo= system
12-23 13:54:01.346   495   949 V AlarmManager: waitForAlarm result :8
12-23 13:54:01.356   495   927 I ServiceKeeper: In getseinfo pid = 495 uid = 1000 seinfo= system
12-23 13:54:01.366   495   927 I ServiceKeeper: In getseinfo pid = 495 uid = 1000 seinfo= system
12-23 13:54:01.646   495   949 V AlarmManager: waitForAlarm result :8
12-23 13:54:01.656   495   927 I ServiceKeeper: In getseinfo pid = 495 uid = 1000 seinfo= system
12-23 13:54:01.676   495   927 I ServiceKeeper: In getseinfo pid = 495 uid = 1000 seinfo= system
12-23 13:54:01.936   495   949 V AlarmManager: waitForAlarm result :8
12-23 13:54:01.956   495   927 I ServiceKeeper: In getseinfo pid = 495 uid = 1000 seinfo= system
12-23 13:54:01.966   495   927 I ServiceKeeper: In getseinfo pid = 495 uid = 1000 seinfo= system
12-23 13:54:02.237   495   949 V AlarmManager: waitForAlarm result :8
12-23 13:54:02.247   495   927 I ServiceKeeper: In getseinfo pid = 495 uid = 1000 seinfo= system
12-23 13:54:02.257   495   927 I ServiceKeeper: In getseinfo pid = 495 uid = 1000 seinfo= system
12-23 13:54:02.537   495   949 V AlarmManager: waitForAlarm result :8
12-23 13:54:02.557   495   927 I ServiceKeeper: In getseinfo pid = 495 uid = 1000 seinfo= system
12-23 13:54:02.567   495   927 I ServiceKeeper: In getseinfo pid = 495 uid = 1000 seinfo= system
12-23 13:54:02.847   495   949 V AlarmManager: waitForAlarm result :8
12-23 13:54:02.857   495   927 I ServiceKeeper: In getseinfo pid = 495 uid = 1000 seinfo= system
