12-23 13:44:30.840  1622  1622 W ContextImpl: Implicit intents with startService are not safe: Intent { act=keyguardclock.action.startservice } android.content.ContextWrapper.startService:506 android.content.ContextWrapper.startService:506 com.sec.android.app.keyguard.KeyguardClockWidgetProvider.onReceive:104 
12-23 13:44:30.850  1622  1622 D KeyguardClockWidgetProvider: refreshSingleClock :{Home} Hour = 1, Min = 44
12-23 13:44:30.870  1622  1622 D KeyguardClockWidgetProvider: desc Message = It is 1:44 PM
12-23 13:44:30.890  1015  1015 D KeyguardUpdateMonitor: dispatchSetBackground
12-23 13:44:30.900  1015  1015 D KeyguardViewManager: onSetBackground()
12-23 13:44:30.900  1015  1015 D KeyguardHostView: Show right-most page 0
12-23 13:44:30.910  1015  1015 D LockPatternUtils: isPcwEnable = 10
12-23 13:44:30.930  1015  1015 V KeyguardHostView: showPrimarySecurityScreen(turningOff=false)
12-23 13:44:30.930  1015  1015 I MDPP    : Property: None
12-23 13:44:30.930  1015  1015 D KeyguardHostView: showSecurityScreen(Pattern)
12-23 13:44:30.940  1015  1015 V KeyguardHostView: inflating id = 2130903072
12-23 13:44:30.940  1015  1015 V KeyguardUpdateMonitor: *** register callback for com.android.keyguard.KeyguardMessageArea$2@44088a98
12-23 13:44:30.940  1015  1015 V KeyguardUpdateMonitor: *** unregister callback for null
12-23 13:44:30.940  1015  1015 D CMASMessage: [update] mShowingCMASText is false
12-23 13:44:30.940  1015  1015 D CMASMessage: CMASIcon was GONE : 
12-23 13:44:30.940  1015  1015 D CMASMessage: [update] mShowingCMASText is false
12-23 13:44:30.940  1015  1015 D CMASMessage: CMASIcon was GONE : 
12-23 13:44:30.940   495   945 I PowerManagerService: [PWL] Off : 5s ago
12-23 13:44:30.940   495   945 I PowerManagerService: [PWL]   PowerManagerService.WakeLocks: ref count=1
12-23 13:44:30.940   495   945 I PowerManagerService: [PWL]     mWakeLockSummary : 0x1
12-23 13:44:30.940   495   945 I PowerManagerService: [PWL]       PARTIAL_WAKE_LOCK              'show keyguard' (uid=10226, pid=1015, ws=null) (elapsedTime=483)
12-23 13:44:30.950  1622  1622 W ContextImpl: Implicit intents with startService are not safe: Intent { act=keyguardclock.action.startservice } android.content.ContextWrapper.startService:506 android.content.ContextWrapper.startService:506 com.sec.android.app.keyguard.KeyguardClockWidgetProvider.onReceive:104 
12-23 13:44:30.950  1622  1622 W ContextImpl: Implicit intents with startService are not safe: Intent { act=keyguardclock.action.stopservice } android.content.ContextWrapper.stopService:511 android.content.ContextWrapper.stopService:511 com.sec.android.app.keyguard.KeyguardClockWidgetProvider.onDisabled:158 
12-23 13:44:30.950  1622  1622 D KeyguardClockWidgetProvider: onReceive action=android.appwidget.action.APPWIDGET_DISABLED
12-23 13:44:30.970   495   927 I ServiceKeeper: In getseinfo pid = 495 uid = 1000 seinfo= system
12-23 13:44:30.970   495   927 I ServiceKeeper: In getseinfo pid = 495 uid = 1000 seinfo= system
12-23 13:44:31.010   495   949 V AlarmManager: waitForAlarm result :8
12-23 13:44:31.020   495   927 I ServiceKeeper: In getseinfo pid = 495 uid = 1000 seinfo= system
12-23 13:44:31.030   495   927 I ServiceKeeper: In getseinfo pid = 495 uid = 1000 seinfo= system
12-23 13:44:31.040  1015  1015 I KeyguardEffectViewMain: *** KeyguardEffectView getInstance ***
12-23 13:44:31.040  1015  1015 I KeyguardEffectViewMain: *** KeyguardEffectView getInstance ***
12-23 13:44:31.040 28250 29593 I MIT_DBG : deviceNotifyReceived()
12-23 13:44:31.050 28250 29593 I MIT_DBG : deviceNotifyReceived()
12-23 13:44:31.080  1015  1015 D EmergencyButton: enabled = true, :0
12-23 13:44:31.090  1015  1015 D EmergencyButton: enabled = true, :0
12-23 13:44:31.090  1015  1015 D EnterpriseDeviceManager: ContainerId: 0
12-23 13:44:31.100  1015  1015 D SecCameraShortcut: setCallback(): null
12-23 13:44:31.110  1015  1015 D EnterpriseDeviceManager: ContainerId: 0
12-23 13:44:31.110   495  1112 W LicenseLogService: log() failed
12-23 13:44:31.110  1015  1015 D SecurityPatternView: max failed attempt for device disable :0
12-23 13:44:31.110  1015  1015 D SecurityPatternView: isDeviceDisabledForMaxFailedAttempt return :false
12-23 13:44:31.110  1015  1015 D SecCameraShortcut: setCallback(): not null
12-23 13:44:31.110   495  1232 D EnterpriseDeviceManager: ContainerId: 0
12-23 13:44:31.120  1015  1015 D EnterpriseDeviceManager: ContainerId: 0
12-23 13:44:31.120   495   506 W LicenseLogService: log() failed
12-23 13:44:31.120  1015  1015 D SecurityPatternView: max failed attempt for device disable :0
12-23 13:44:31.120  1015  1015 D SecurityPatternView: isDeviceDisabledForMaxFailedAttempt return :false
12-23 13:44:31.120  1015  1015 D CMASMessage: [update] mShowingCMASText is false
12-23 13:44:31.120  1015  1015 D CMASMessage: CMASIcon was GONE : 
12-23 13:44:31.120  1015  1015 V KeyguardUpdateMonitor: *** register callback for com.android.keyguard.KeyguardPatternView$9@44065018
12-23 13:44:31.120  1015  1015 V KeyguardUpdateMonitor: *** unregister callback for null
12-23 13:44:31.120  1015  1015 D SecCameraShortcut: setCallback(): not null
12-23 13:44:31.120  1015  1015 D SecCameraShortcut: setCallback(): not null
12-23 13:44:31.120  1015  1015 D KeyguardHostView: mKeyguardHelpOverlay : com.android.keyguard.sec.KeyguardHelpOverlay{4428b6c0 G.E..... ......I. 0,0-0,0 #7f0b008c app:id/help_layout}
12-23 13:44:31.130  1015  1015 D KeyguardHostView: AUTO_WIPE = false
12-23 13:44:31.130  1015  1015 D ContextualEventManager: setOnClickHandler()
12-23 13:44:31.130  1015  1015 E LSO     : LSO Service is not yet ready!!!
12-23 13:44:31.150  1015  1015 V KeyguardUpdateMonitor: *** register callback for com.android.keyguard.KeyguardHostView$2@4400a998
12-23 13:44:31.150  1015  1015 V KeyguardUpdateMonitor: *** unregister callback for null
12-23 13:44:31.150  1015  1015 V KeyguardHostView: hide transport, gen:76
12-23 13:44:31.150  1015  1015 V KeyguardHostView: music state changed: 0
12-23 13:44:31.150  1015  1015 D KeyguardProperties: isIgnoreNationalRoaming() = false
12-23 13:44:31.150  1015  1015 V KeyguardUpdateMonitor: *** register callback for com.android.keyguard.KeyguardWidgetFrame$1@43d79958
12-23 13:44:31.150  1015  1015 V KeyguardUpdateMonitor: *** unregister callback for null
12-23 13:44:31.150  1015  1015 D LockPatternUtils: isPcwEnable = 10
12-23 13:44:31.160  1015  1015 V KeyguardUpdateMonitor: *** register callback for com.android.keyguard.sec.KeyguardSecurityViewOverlay$1@440ec158
12-23 13:44:31.160  1015  1015 V KeyguardUpdateMonitor: *** unregister callback for null
12-23 13:44:31.160  1015  1015 V KeyguardUpdateMonitor: *** register callback for com.android.keyguard.CarrierText$1@43ed78f8
12-23 13:44:31.160  1015  1015 V KeyguardUpdateMonitor: *** unregister callback for null
12-23 13:44:31.160  1015  1015 V KeyguardUpdateMonitor: *** register callback for com.android.keyguard.EmergencyButton$1@42d206b8
12-23 13:44:31.160  1015  1015 V KeyguardUpdateMonitor: *** unregister callback for null
12-23 13:44:31.170  1015  1015 D EmergencyButton: enabled = true, :0
12-23 13:44:31.180  1015  1015 D EmergencyButton: enabled = true, :0
12-23 13:44:31.180  1015  1015 V KeyguardUpdateMonitor: *** register callback for com.android.keyguard.EmergencyButton$1@44057f50
12-23 13:44:31.180  1015  1015 V KeyguardUpdateMonitor: *** unregister callback for null
12-23 13:44:31.180  1015  1015 D EmergencyButton: enabled = true, :0
12-23 13:44:31.190  1015  1015 D EmergencyButton: enabled = true, :0
12-23 13:44:31.190  1015  1015 D SecCameraShortcut: setCallback(): not null
12-23 13:44:31.190  1015  1015 D KeyguardViewManager: Rotation sensor for lock screen Off!
12-23 13:44:31.190  1015  1015 V KeyguardViewManager: show:setSystemUiVisibility(200000)
12-23 13:44:31.190  1015  1015 I KeyguardEffectViewMain: *** KeyguardEffectView getInstance ***
12-23 13:44:31.190  1015  1015 D KeyguardHostView: show()
12-23 13:44:31.190  1015  1015 D LockPatternUtils: isPcwEnable = 10
12-23 13:44:31.200  1015  1015 V KeyguardHostView: showPrimarySecurityScreen(turningOff=false)
12-23 13:44:31.200  1015  1015 I MDPP    : Property: None
12-23 13:44:31.200  1015  1015 D KeyguardHostView: showSecurityScreen(Pattern)
12-23 13:44:31.200  1015  1015 I KeyguardEffectViewMain: *** KeyguardEffectView getInstance ***
12-23 13:44:31.210  1015  1015 D WallpaperWidget: setLockScreenWallpaper()
12-23 13:44:31.250  1015  1015 D dalvikvm: GC_FOR_ALLOC freed 4667K, 31% free 31567K/45140K, paused 39ms, total 39ms
12-23 13:44:31.310   495   949 V AlarmManager: waitForAlarm result :8
12-23 13:44:31.320   495   927 I ServiceKeeper: In getseinfo pid = 495 uid = 1000 seinfo= system
12-23 13:44:31.320   495   927 I ServiceKeeper: In getseinfo pid = 495 uid = 1000 seinfo= system
12-23 13:44:31.360  1015  1015 I KeyguardEffectViewUtil: set current wallpaper info
12-23 13:44:31.360  1015  1015 D VisualEffectCircleUnlockEffect: KeyguardEffectViewNone : show
12-23 13:44:31.360  1015  1015 V KeyguardUpdateMonitor: *** register callback for com.android.keyguard.sec.KeyguardEffectViewMain$2@42125968
12-23 13:44:31.360  1015  1015 V KeyguardUpdateMonitor: *** unregister callback for null
12-23 13:44:31.380  1015  1015 D KeyguardViewMediator: adjustStatusBarLocked: mShowing=true mHidden=false isSecure=true --> flags=0x1090000
12-23 13:44:31.380   495  1535 D EnterpriseDeviceManager: ContainerId: 0
12-23 13:44:31.380   495   927 I ServiceKeeper: In getseinfo pid = 495 uid = 1000 seinfo= system
12-23 13:44:31.380   495  1535 D STATUSBAR-StatusBarManagerService: manageDisableList what=0x1090000 pkg=com.android.keyguard
12-23 13:44:31.380   495  1577 D PowerManagerService: [api] [s] userActivity : event: 3 flags: 0 (uid: 10226 pid: 1015)
12-23 13:44:31.390   495   927 I ServiceKeeper: In getseinfo pid = 495 uid = 1000 seinfo= system
12-23 13:44:31.390  1455  1455 I Sally Service: removeWindow window
12-23 13:44:31.390  1015  1015 V KeyguardDisplayManager: show
12-23 13:44:31.400   176   176 I SurfaceFlinger: id=364 createSurf (720x1280),1 flag=4, Leyguard
12-23 13:44:31.400   495  1112 I SpenGestureManager: setFocusWindow131000
12-23 13:44:31.400   495  1112 V WindowManager: rotationForOrientationLw(orient=1, last=0); user=0 USER_ROTATION_LOCKED sensorRotation=-1 mLidState=-1 mDockMode=0 mHdmiPlugged=false mAccelerometerDefault=false gripRotationLock=false
12-23 13:44:31.410  1015  9103 D KeyguardUpdateMonitor: sendKeyguardVisibilityChanged(true)
12-23 13:44:31.410   495   916 D EnterpriseDeviceManager: ContainerId: 0
12-23 13:44:31.410   495   911 D PointerIcon: setMouseIconStyle1 pointerType: 1001iconType:101 flag:0
12-23 13:44:31.410   495   911 D PointerIcon: setMouseCustomIcon IconType is same.101
12-23 13:44:31.410   495   916 D STATUSBAR-StatusBarManagerService: manageDisableList what=0x600000 pkg=WindowManager.LayoutParams
12-23 13:44:31.410   495  1112 D PowerManagerService: [api] setUserActivityTimeoutOverrideFromWindowManagerInternal: timeoutMillis: 10000
12-23 13:44:31.410   495  1112 D PowerManagerService: [api] setScreenDimDurationOverrideFromWindowManagerInternal: timeoutMillis: 0
12-23 13:44:31.410   495  1112 D PowerManagerService: [api] setButtonTimeoutOverrideFromWindowManagerInternal: timeoutMillis: 10000
12-23 13:44:31.410  1622  1622 D KeyguardClockWidgetProvider: onReceive action=android.appwidget.action.APPWIDGET_UPDATE_OPTIONS
12-23 13:44:31.420  1622  1622 W ContextImpl: Implicit intents with startService are not safe: Intent { act=keyguardclock.action.startservice } android.content.ContextWrapper.startService:506 android.content.ContextWrapper.startService:506 com.sec.android.app.keyguard.KeyguardClockWidgetProvider.onReceive:104 
12-23 13:44:31.440  1622  1622 D KeyguardClockWidgetService: onReceive action=android.intent.action.NETWORK_SET_TIME
12-23 13:44:31.450  1622  1622 D KeyguardClockWidgetProvider: refreshSingleClock :{Home} Hour = 1, Min = 44
12-23 13:44:31.450  1622  1622 D KeyguardClockWidgetProvider: desc Message = It is 1:44 PM
12-23 13:44:31.460  1015  1015 D KeyguardUpdateMonitor: handleKeyguardVisibilityChanged(1)
12-23 13:44:31.460  1015  1015 D PhoneStatusBar: disable: < EXPAND* icons alerts TICKER* system_info BACK* HOME* RECENT* clock search >
12-23 13:44:31.460  1015  1015 D STATUSBAR-AirplaneModeQuickSettingButton: onReceive : android.intent.action.CLOSE_SYSTEM_DIALOGS
12-23 13:44:31.460  1015  1015 D PhoneStatusBar: disable(): knoxCustomManager = android.app.enterprise.knoxcustom.KnoxCustomManager@4250f170
12-23 13:44:31.470  1015  1015 D KeyguardHostView: Window is focused
12-23 13:44:31.470  1015  1015 D KeyguardHostView: isPreloadedWallpaper=true
12-23 13:44:31.470  1015  1015 D EnterpriseDeviceManager: ContainerId: 0
12-23 13:44:31.470   495   997 W LicenseLogService: log() failed
12-23 13:44:31.470  1015  1015 D SecurityPatternView: max failed attempt for device disable :0
12-23 13:44:31.470  1015  1015 D SecurityPatternView: isDeviceDisabledForMaxFailedAttempt return :false
12-23 13:44:31.470  1015  1015 D CMASMessage: [update] mShowingCMASText is false
12-23 13:44:31.470  1015  1015 D CMASMessage: CMASIcon was GONE : 
12-23 13:44:31.470   495  1170 D StatusBarManagerService: tr p:1015,o:t
12-23 13:44:31.470  1622  1622 D KeyguardClockWidgetService: onReceive action=com.sec.android.widgetapp.KeyguardClock_Start
12-23 13:44:31.470  1622  1622 D KeyguardClockWidgetProvider: refreshSingleClock :{Home} Hour = 1, Min = 44
12-23 13:44:31.480  1622  1622 D KeyguardClockWidgetProvider: desc Message = It is 1:44 PM
12-23 13:44:31.490  1622  1622 D KeyguardClockWidgetProvider: onReceive action=android.appwidget.action.APPWIDGET_UPDATE_OPTIONS
12-23 13:44:31.510  1622  1622 W ContextImpl: Implicit intents with startService are not safe: Intent { act=keyguardclock.action.startservice } android.content.ContextWrapper.startService:506 android.content.ContextWrapper.startService:506 com.sec.android.app.keyguard.KeyguardClockWidgetProvider.onReceive:104 
12-23 13:44:31.510   176   270 E qdmemalloc: heap_msk=3000000 flags=1
12-23 13:44:31.510   176   270 E qdmemalloc:  
12-23 13:44:31.520   176   270 E qdmemalloc: heap_msk=40000000 flags=1
12-23 13:44:31.520   176   270 E qdmemalloc:  
12-23 13:44:31.520  1015  7323 D KeyguardUpdateMonitor: sendKeyguardVisibilityChanged(true)
12-23 13:44:31.520  1015  1015 D PhoneStatusBar: setTransGradationMode=true, mTransparentMode=true, mSemiTransparentMode=false, mMultiWindowMode=false
12-23 13:44:31.520  1015  9499 D KeyguardUpdateMonitor: sendKeyguardVisibilityChanged(true)
12-23 13:44:31.520  1015  1015 D KeyguardViewMediator: handleKeyguardDoneDrawing
12-23 13:44:31.550  1015  9551 D KeyguardUpdateMonitor: sendKeyguardVisibilityChanged(true)
12-23 13:44:31.550  1015  1015 D KeyguardUpdateMonitor: handleKeyguardVisibilityChanged(1)
12-23 13:44:31.550  1015  1015 D KeyguardUpdateMonitor: handleKeyguardVisibilityChanged(1)
12-23 13:44:31.550  1015  1015 D KeyguardUpdateMonitor: handleKeyguardVisibilityChanged(1)
12-23 13:44:31.640   495   949 V AlarmManager: waitForAlarm result :8
12-23 13:44:31.771  1015  7769 D KeyguardUpdateMonitor: sendKeyguardVisibilityChanged(true)
12-23 13:44:31.771  1015  1015 D KeyguardUpdateMonitor: handleKeyguardVisibilityChanged(1)
12-23 13:44:31.781  1015  9288 D KeyguardUpdateMonitor: sendKeyguardVisibilityChanged(true)
12-23 13:44:31.781  1015  1015 D KeyguardUpdateMonitor: handleKeyguardVisibilityChanged(1)
12-23 13:44:31.791   495   927 I ServiceKeeper: In getseinfo pid = 495 uid = 1000 seinfo= system
12-23 13:44:31.791   495   927 I ServiceKeeper: In getseinfo pid = 495 uid = 1000 seinfo= system
12-23 13:44:31.801  1015 10264 D KeyguardUpdateMonitor: sendKeyguardVisibilityChanged(true)
12-23 13:44:31.801  1015  1015 D KeyguardUpdateMonitor: handleKeyguardVisibilityChanged(1)
12-23 13:44:31.901   495   949 V AlarmManager: waitForAlarm result :8
12-23 13:44:31.911   495   927 I ServiceKeeper: In getseinfo pid = 495 uid = 1000 seinfo= system
12-23 13:44:31.921   495   927 I ServiceKeeper: In getseinfo pid = 495 uid = 1000 seinfo= system
12-23 13:44:32.211   495   949 V AlarmManager: waitForAlarm result :8
12-23 13:44:32.221   495   927 I ServiceKeeper: In getseinfo pid = 495 uid = 1000 seinfo= system
12-23 13:44:32.231   495   927 I ServiceKeeper: In getseinfo pid = 495 uid = 1000 seinfo= system
12-23 13:44:32.291   495  1576 D BatteryService: level:65, scale:100, status:3, health:2, present:true, voltage: 3927, temperature: 325, technology: Li-ion, AC powered:false, USB powered:false, Wireless powered:false, icon:17303535, invalid charger:0, online:1, current avg:-1, charge type:0, power sharing:false
12-23 13:44:32.291   495   495 D BatteryService: Sending ACTION_BATTERY_CHANGED.
12-23 13:44:32.311  1130  1130 D InCallScreen: ACTION_BATTERY_CHANGED
12-23 13:44:32.311  1130  1130 D InCallScreen: mBatteryLevel : 65
12-23 13:44:32.311  1130  1130 D InCallScreen: mBatteryStatus : 3
12-23 13:44:32.311  1130  1130 D InCallScreen: islowbatterysoundplayed : false
12-23 13:44:32.311  1015  1015 D KeyguardUpdateMonitor: received broadcast android.intent.action.BATTERY_CHANGED
12-23 13:44:32.321  1015  1015 D KeyguardUpdateMonitor: handleBatteryUpdate
12-23 13:44:32.321  1015  1015 D STATUSBAR-PhoneStatusBar:  mBrightnessEnablebySettings = true mBrightnessEnablebyBattery = true mBrightnessEnablebyDisableFlag = true mPmsBrightnessEnablebySettings = true
12-23 13:44:32.321  1015  1015 D BatteryMeterView: ACTION_BATTERY_CHANGED : level:65 status:3 health:2
12-23 13:44:32.341  2607  2691 D HeadsetStateMachine: Disconnected process message: 10
12-23 13:44:32.351  1015  1015 D STATUSBAR-IconMerger: checkOverflow(240), More:false, Req:false Child:1
12-23 13:44:32.511   495   949 V AlarmManager: waitForAlarm result :8
12-23 13:44:32.521   495   927 I ServiceKeeper: In getseinfo pid = 495 uid = 1000 seinfo= system
12-23 13:44:32.531   495   927 I ServiceKeeper: In getseinfo pid = 495 uid = 1000 seinfo= system
12-23 13:44:32.802   495   949 V AlarmManager: waitForAlarm result :8
12-23 13:44:32.822   495   927 I ServiceKeeper: In getseinfo pid = 495 uid = 1000 seinfo= system
12-23 13:44:32.842   495   927 I ServiceKeeper: In getseinfo pid = 495 uid = 1000 seinfo= system
12-23 13:44:33.112   495   949 V AlarmManager: waitForAlarm result :8
12-23 13:44:33.122   495   927 I ServiceKeeper: In getseinfo pid = 495 uid = 1000 seinfo= system
12-23 13:44:33.132   495   927 I ServiceKeeper: In getseinfo pid = 495 uid = 1000 seinfo= system
12-23 13:44:33.412   495   949 V AlarmManager: waitForAlarm result :8
12-23 13:44:33.422   495   927 I ServiceKeeper: In getseinfo pid = 495 uid = 1000 seinfo= system
12-23 13:44:33.442   495   927 I ServiceKeeper: In getseinfo pid = 495 uid = 1000 seinfo= system
12-23 13:44:33.442   495   949 V AlarmManager: waitForAlarm result :4
12-23 13:44:33.462   495   949 V AlarmManager: trigger ELAPSED_REALTIME_WAKEUP or RTC_WAKEUP
12-23 13:44:33.482   495   927 I ServiceKeeper: In getseinfo pid = 495 uid = 1000 seinfo= system
12-23 13:44:33.482   495   927 I ServiceKeeper: In getseinfo pid = 495 uid = 1000 seinfo= system
12-23 13:44:33.482   495   927 I ServiceKeeper: In getseinfo pid = 495 uid = 1000 seinfo= system
12-23 13:44:33.492  1451 30519 I SensorManagerA: getReportingMode :: sensor.mType = 1
12-23 13:44:33.502   495  1112 E         : ../../accel.c|inv_get_accel_offset|211 returning 19
12-23 13:44:33.502   495  1112 D Sensors : enable accel bias check
12-23 13:44:33.502   495  1112 V Sensors : enable - sensor Accelerometer (handle 4) dis -> en
12-23 13:44:33.502   495  1112 E Sensors : mEnabled = 10
12-23 13:44:33.502   495  1112 V Sensors : setDelay - sensor Accelerometer (handle 4), rate 10 ms (100.00 Hz)
12-23 13:44:33.502  1451 30519 D SensorManager: registerListener :: 4, MPL accel, 0, 0,  
12-23 13:44:33.502   495   927 I ServiceKeeper: In getseinfo pid = 495 uid = 1000 seinfo= system
12-23 13:44:33.502   495   927 I ServiceKeeper: In getseinfo pid = 495 uid = 1000 seinfo= system
12-23 13:44:33.502   495   927 I ServiceKeeper: In getseinfo pid = 495 uid = 1000 seinfo= system
12-23 13:44:33.512   495   927 I ServiceKeeper: In getseinfo pid = 495 uid = 1000 seinfo= system
12-23 13:44:33.512   495   813 E Sensors : activatePendingSensors : mEnabled = 10
12-23 13:44:33.512   495   813 E Sensors : requested_sensors(0) from kernel
12-23 13:44:33.512   495   813 V Sensors : calling inv_set_mpu_sensors(000070)
12-23 13:44:33.512   495   813 I MPL-fifo: Actual ODR: 100000 mHz
12-23 13:44:33.512   495   813 E Sensors : set fifo rate - divider : 1, delay : 10 ms (100.00 Hz)
12-23 13:44:33.512   495   813 I MPL-fifo: Actual ODR: 100000 mHz
12-23 13:44:33.512   495   813 V Sensors : Starting DMP
12-23 13:44:33.512   495   813 W MPL-9_sup: 9 axis sensor fusion not available - No compass detected.
12-23 13:44:33.512   495   813 I Sensors : Enabled 9 axis sensor fusion
12-23 13:44:33.532   495   813 I MPL-mldl_cfg_mpu:: inv_mpu_resume(,,,,0070) -> 0070
12-23 13:44:33.703   495   949 V AlarmManager: waitForAlarm result :8
12-23 13:44:33.723   495   813 E Sensors : accelHandler 5.522915 4.556525 -4.993616
12-23 13:44:33.723   495   927 I ServiceKeeper: In getseinfo pid = 495 uid = 1000 seinfo= system
12-23 13:44:33.743   495   927 I ServiceKeeper: In getseinfo pid = 495 uid = 1000 seinfo= system
12-23 13:44:34.003   495   949 V AlarmManager: waitForAlarm result :8
12-23 13:44:34.023   495   927 I ServiceKeeper: In getseinfo pid = 495 uid = 1000 seinfo= system
12-23 13:44:34.043   495   927 I ServiceKeeper: In getseinfo pid = 495 uid = 1000 seinfo= system
12-23 13:44:34.223   495   813 E Sensors : accelHandler 5.976771 5.433102 -4.992418
12-23 13:44:34.303   495   949 V AlarmManager: waitForAlarm result :8
12-23 13:44:34.323   495   927 I ServiceKeeper: In getseinfo pid = 495 uid = 1000 seinfo= system
12-23 13:44:34.353   495   927 I ServiceKeeper: In getseinfo pid = 495 uid = 1000 seinfo= system
12-23 13:44:34.604   495   949 V AlarmManager: waitForAlarm result :8
12-23 13:44:34.624   495   927 I ServiceKeeper: In getseinfo pid = 495 uid = 1000 seinfo= system
12-23 13:44:34.644   495   927 I ServiceKeeper: In getseinfo pid = 495 uid = 1000 seinfo= system
12-23 13:44:34.724   495   813 E Sensors : accelHandler 6.453380 4.597240 -6.001919
12-23 13:44:34.904   495   949 V AlarmManager: waitForAlarm result :8
12-23 13:44:34.924   495   927 I ServiceKeeper: In getseinfo pid = 495 uid = 1000 seinfo= system
12-23 13:44:34.944   495   927 I ServiceKeeper: In getseinfo pid = 495 uid = 1000 seinfo= system
12-23 13:44:35.204   495   949 V AlarmManager: waitForAlarm result :8
12-23 13:44:35.224   495   813 E Sensors : accelHandler 6.815028 4.830754 -6.507268
12-23 13:44:35.224   495   927 I ServiceKeeper: In getseinfo pid = 495 uid = 1000 seinfo= system
12-23 13:44:35.244   495   927 I ServiceKeeper: In getseinfo pid = 495 uid = 1000 seinfo= system
12-23 13:44:35.505   495   949 V AlarmManager: waitForAlarm result :8
12-23 13:44:35.525   495   927 I ServiceKeeper: In getseinfo pid = 495 uid = 1000 seinfo= system
12-23 13:44:35.545   495   927 I ServiceKeeper: In getseinfo pid = 495 uid = 1000 seinfo= system
12-23 13:44:35.725   495   813 E Sensors : accelHandler 6.921607 3.611690 -6.079757
12-23 13:44:35.805   495   949 V AlarmManager: waitForAlarm result :8
12-23 13:44:35.845   495   927 I ServiceKeeper: In getseinfo pid = 495 uid = 1000 seinfo= system
12-23 13:44:35.845   495   927 I ServiceKeeper: In getseinfo pid = 495 uid = 1000 seinfo= system
12-23 13:44:35.945  3784  3786 D dalvikvm: GC_CONCURRENT freed 872K, 52% free 8621K/17796K, paused 16ms+11ms, total 143ms
12-23 13:44:36.105   495   949 V AlarmManager: waitForAlarm result :8
12-23 13:44:36.125   495   927 I ServiceKeeper: In getseinfo pid = 495 uid = 1000 seinfo= system
12-23 13:44:36.145   495   927 I ServiceKeeper: In getseinfo pid = 495 uid = 1000 seinfo= system
12-23 13:44:36.225   495   813 E Sensors : accelHandler 7.841294 2.974614 -6.324049
12-23 13:44:36.325   199   199 D AT_Distributor: Send Msg [UART > ATD] 1 bytes <>
12-23 13:44:36.406   495   949 V AlarmManager: waitForAlarm result :8
12-23 13:44:36.426   495   927 I ServiceKeeper: In getseinfo pid = 495 uid = 1000 seinfo= system
12-23 13:44:36.446   495   927 I ServiceKeeper: In getseinfo pid = 495 uid = 1000 seinfo= system
12-23 13:44:36.476  1015  1015 D CMASMessage: [update] mShowingCMASText is false
12-23 13:44:36.476  1015  1015 D CMASMessage: CMASIcon was GONE : 
12-23 13:44:36.706   495   949 V AlarmManager: waitForAlarm result :8
12-23 13:44:36.726   495   813 E Sensors : accelHandler 7.720345 2.990182 -6.570736
12-23 13:44:36.726   495   927 I ServiceKeeper: In getseinfo pid = 495 uid = 1000 seinfo= system
12-23 13:44:36.746   495   927 I ServiceKeeper: In getseinfo pid = 495 uid = 1000 seinfo= system
12-23 13:44:36.836   495  1324 V Sensors : enable - sensor Accelerometer (handle 4) en -> dis
12-23 13:44:36.836   495  1324 E Sensors : mEnabled = 0
12-23 13:44:36.836  1451 30519 D SensorManager: unregisterListener ::   
12-23 13:44:36.846   495   813 E Sensors : activatePendingSensors : mEnabled = 0
12-23 13:44:36.846   495   813 E Sensors : requested_sensors(70) from kernel
12-23 13:44:36.846   495   813 I Sensors : Disabled 9 axis sensor fusion
12-23 13:44:36.856   495   813 I MPL-mldl_cfg_mpu:: inv_mpu_suspend(,,,,7fff) -> 0000
12-23 13:44:36.856   495   813 V Sensors : calling inv_set_mpu_sensors(000000)
12-23 13:44:36.856   495   927 I ServiceKeeper: In getseinfo pid = 495 uid = 1000 seinfo= system
12-23 13:44:36.866   495   813 V Sensors : Starting DMP
12-23 13:44:36.866   495   813 W MPL-9_sup: 9 axis sensor fusion not available - No compass detected.
12-23 13:44:36.866   495   813 I Sensors : Enabled 9 axis sensor fusion
12-23 13:44:36.866   495   813 I MPL-mldl_cfg_mpu:: inv_mpu_resume(,,,,0000) -> 0000
12-23 13:44:36.866   495   813 V Sensors : Stopping DMP
12-23 13:44:36.866   495   813 I Sensors : Disabled 9 axis sensor fusion
12-23 13:44:36.866   495   927 I ServiceKeeper: In getseinfo pid = 495 uid = 1000 seinfo= system
12-23 13:44:36.866   495   813 I MPL-mldl_cfg_mpu:: inv_mpu_suspend(,,,,7fff) -> 0000
12-23 13:44:36.866   495   927 I ServiceKeeper: In getseinfo pid = 495 uid = 1000 seinfo= system
12-23 13:44:36.866   495   927 I ServiceKeeper: In getseinfo pid = 495 uid = 1000 seinfo= system
12-23 13:44:37.006  1451  1457 D dalvikvm: GC_CONCURRENT freed 1020K, 42% free 10368K/17796K, paused 10ms+22ms, total 135ms
12-23 13:44:37.006  1451  1804 D dalvikvm: WAIT_FOR_CONCURRENT_GC blocked 118ms
12-23 13:44:37.006   495   949 V AlarmManager: waitForAlarm result :8
12-23 13:44:37.046   495   927 I ServiceKeeper: In getseinfo pid = 495 uid = 1000 seinfo= system
12-23 13:44:37.046   495   927 I ServiceKeeper: In getseinfo pid = 495 uid = 1000 seinfo= system
12-23 13:44:37.056   495   927 I ServiceKeeper: In getseinfo pid = 495 uid = 1000 seinfo= system
12-23 13:44:37.066   495   927 I ServiceKeeper: In getseinfo pid = 495 uid = 1000 seinfo= system
12-23 13:44:37.076   495   927 I ServiceKeeper: In getseinfo pid = 495 uid = 1000 seinfo= system
12-23 13:44:37.086   495   927 I ServiceKeeper: In getseinfo pid = 495 uid = 1000 seinfo= system
12-23 13:44:37.136   495   927 I ServiceKeeper: In getseinfo pid = 495 uid = 1000 seinfo= system
12-23 13:44:37.156   495   927 I ServiceKeeper: In getseinfo pid = 495 uid = 1000 seinfo= system
12-23 13:44:37.276   495   927 I ServiceKeeper: In getseinfo pid = 495 uid = 1000 seinfo= system
12-23 13:44:37.337   495   949 V AlarmManager: waitForAlarm result :8
12-23 13:44:40.168 26139 26139 I wpa_supplicant: CTRL-EVENT-DISCONNECTED bssid=00.25.47 reason=0
12-23 13:44:40.168 26139 26139 I wpa_supplicant: wlan0: Setting scan request: 0 sec 500000 usec
12-23 13:44:40.168 26139 26139 I wpa_supplicant: wlan0: Setting scan request: 0 sec 100000 usec
12-23 13:44:40.168 26139 26139 I wpa_supplicant: CTRL-EVENT-STATE-CHANGE id=2 state=0 BSSID=00.25.47 SSID=616B61736D696B6131
12-23 13:44:40.178 28250 29605 I MIT_DBG : PPcontrolPoint start()->run()
12-23 13:44:40.178 28250 29605 I MIT_DBG : inside PPCP search
12-23 13:44:40.178   495   949 V AlarmManager: waitForAlarm result :8
12-23 13:44:40.188 28250 29593 I MIT_DBG : deviceNotifyReceived()
12-23 13:44:40.218   495   915 D Tethering: interfaceLinkStateChanged wlan0, true
12-23 13:44:40.218   495   915 D Tethering: interfaceStatusChanged wlan0, true
12-23 13:44:40.228   495   962 D WifiP2pService: InactiveState{ what=143375 }
12-23 13:44:40.228   495   962 D WifiP2pService: P2pEnabledState{ what=143375 }
12-23 13:44:40.238   164   900 D CommandListener: Clearing all IP addresses on wlan0
12-23 13:44:40.248  1015  1015 W Settings: Setting data_roaming has moved from android.provider.Settings.Secure to android.provider.Settings.Global.
12-23 13:44:40.248  1015  1015 D STATUSBAR-NetworkController: onReceive() - RSSI_CHANGED_ACTION, WIFI_STATE, NETWORK_STATE
12-23 13:44:40.248  1015  1015 D STATUSBAR-NetworkController: updateRomaingNotification DataRoaming:false mDataRoamingTypeForVZW : 0
12-23 13:44:40.268 26139 26139 I wpa_supplicant: CTRL-EVENT-STATE-CHANGE id=-1 state=3 BSSID=00.00.00 SSID=
12-23 13:44:40.268 26139 26139 I wpa_supplicant: Scan requested (ret=0) - scan timeout 30 seconds
12-23 13:44:40.278   495   495 I WifiTrafficPoller: evaluateTrafficStatsPolling
12-23 13:44:40.278   495   495 I WifiOffloadService: Inside startDataActivityTimer()
12-23 13:44:40.278  1015  1015 D STATUSBAR-NetworkController: onReceive() - RSSI_CHANGED_ACTION, WIFI_STATE, NETWORK_STATE
12-23 13:44:40.278   495   495 D WifiNotificationController: showOngoingWifiNotification show : false, id : -1
12-23 13:44:40.278   495   985 D ConnectivityService: ConnectivityChange for WIFI: DISCONNECTED/DISCONNECTED
12-23 13:44:40.278   495   985 D ConnectivityService: tryFailover: set mActiveDefaultNetwork=-1, prevNetType=1
12-23 13:44:40.288  1015  1015 W Settings: Setting data_roaming has moved from android.provider.Settings.Secure to android.provider.Settings.Global.
12-23 13:44:40.288   495   985 D ConnectivityService: Attempting to switch to mobile
12-23 13:44:40.288   495   985 D ConnectivityService: Attempting to switch to BLUETOOTH_TETHER
12-23 13:44:40.288  1015  1015 D STATUSBAR-NetworkController: isCdma(), !isCdmaEri(), mRoamingIconId = 0
12-23 13:44:40.288  1015  1015 D STATUSBAR-NetworkController: updateRomaingNotification DataRoaming:false mDataRoamingTypeForVZW : 0
12-23 13:44:40.288  1015  1015 D STATUSBAR-NetworkController: refreshSignalCluster - setNWBoosterIndicators(false)
12-23 13:44:40.288  1015  1015 D STATUSBAR-NetworkController: refreshSignalCluster: data=0 bt=false
12-23 13:44:40.308 26139 26139 I wpa_supplicant: reset timer : RESET_TIMER 0
12-23 13:44:40.308   495   949 V AlarmManager: waitForAlarm result :8
12-23 13:44:40.318 26139 26139 I wpa_supplicant: wlan0: Setting scan request: 0 sec 0 usec
12-23 13:44:40.318 26139 26139 I wpa_supplicant: Skip scan - already scanning
12-23 13:44:40.318   495   495 D NotificationService: cancelNotificationLocked
12-23 13:44:40.318   495   495 D NotificationService:  hasClearableItems
12-23 13:44:40.318   495   495 D NotificationService: Num of hasClearableItems : 1
12-23 13:44:40.318   495   495 D STATUSBAR-StatusBarManagerService: sendNotification(3) - 3012971
12-23 13:44:40.318   495   495 D LightsService: [api] [SvcLED] turnOff:: id = 4 (uid: 1000 pid: 495) 
12-23 13:44:40.318   495   495 D LightsService: [SvcLED] setSvcLedStateLocked:: SvcLEDState : 0x0 -> 0x0 | SvcLED(id=4) set Off
12-23 13:44:40.318   495   942 D LightsService: [SvcLED] Lux failed to be updated in 700ms. -> handleForcedSvcLEDTasK
12-23 13:44:40.318   495   942 D LightsService: [SvcLED]  setSvcLedLightLocked :: Current SvcLED(id=3) maintains its priority right
12-23 13:44:40.328  1015  1015 D STATUSBAR-IconMerger: checkOverflow(288), More:false, Req:false Child:1
12-23 13:44:40.338   164   900 V RouteController: /system/bin/ip -6 route del default table 2 2>&1
12-23 13:44:40.338   495   963 W Settings: Setting airplane_mode_on has moved from android.provider.Settings.System to android.provider.Settings.Global, returning read-only value.
12-23 13:44:40.358   164   900 V RouteController: RTNETLINK answers: No such process
12-23 13:44:40.358   495   962 D WifiP2pService: InactiveState{ what=143375 }
12-23 13:44:40.358   495   962 D WifiP2pService: P2pEnabledState{ what=143375 }
12-23 13:44:40.368   164   900 V RouteController: /system/bin/ip -6 rule del table 2 2>&1
12-23 13:44:40.368   495   495 D MobileDataStateTracker: default: Broadcast received: android.intent.action.ANY_DATA_STATE apnType=default
12-23 13:44:40.368   495   495 D MobileDataStateTracker: default: Received state=CONNECTING, old=DISCONNECTED, reason=dataEnabled
12-23 13:44:40.368   495   495 D MobileDataStateTracker: default: setDetailed state, old =IDLE and new state=CONNECTING
12-23 13:44:40.378   495   927 I ServiceKeeper: In getseinfo pid = 495 uid = 1000 seinfo= system
12-23 13:44:40.378   495   927 I ServiceKeeper: In getseinfo pid = 495 uid = 1000 seinfo= system
12-23 13:44:40.378   495   927 I ServiceKeeper: In getseinfo pid = 495 uid = 1000 seinfo= system
12-23 13:44:40.378   495   927 I ServiceKeeper: In getseinfo pid = 495 uid = 1000 seinfo= system
12-23 13:44:40.378   495   927 I ServiceKeeper: In getseinfo pid = 495 uid = 1000 seinfo= system
12-23 13:44:40.378   495   927 I ServiceKeeper: In getseinfo pid = 495 uid = 1000 seinfo= system
12-23 13:44:40.378   495   927 I ServiceKeeper: In getseinfo pid = 495 uid = 1000 seinfo= system
12-23 13:44:40.388   164   900 V RouteController: RTNETLINK answers: No such file or directory
12-23 13:44:40.388   164   900 D CommandListener: Clearing all IP addresses on wlan0
12-23 13:44:40.398   495   985 W NetworkManagementService: route cmd failed: 
12-23 13:44:40.398   495   985 W NetworkManagementService: com.android.server.NativeDaemonConnector$NativeDaemonFailureException: command '679 route del src v6 2' failed with '400 679 -6 rule del table 2: RTNETLINK answers: No such file or directory
12-23 13:44:40.398   495   985 W NetworkManagementService: '
12-23 13:44:40.398   495   985 W NetworkManagementService: 	at com.android.server.NativeDaemonConnector.execute(NativeDaemonConnector.java:406)
12-23 13:44:40.398   495   985 W NetworkManagementService: 	at com.android.server.NativeDaemonConnector.executeForList(NativeDaemonConnector.java:338)
12-23 13:44:40.398   495   985 W NetworkManagementService: 	at com.android.server.NativeDaemonConnector.execute(NativeDaemonConnector.java:303)
12-23 13:44:40.398   495   985 W NetworkManagementService: 	at com.android.server.NativeDaemonConnector.execute(NativeDaemonConnector.java:288)
12-23 13:44:40.398   495   985 W NetworkManagementService: 	at com.android.server.NetworkManagementService.delSrcRoute(NetworkManagementService.java:2444)
12-23 13:44:40.398   495   985 W NetworkManagementService: 	at com.android.server.ConnectivityService.updateSourceRoutes(ConnectivityService.java:4065)
12-23 13:44:40.398   495   985 W NetworkManagementService: 	at com.android.server.ConnectivityService.handleConnectivityChange(ConnectivityService.java:3836)
12-23 13:44:40.398   495   985 W NetworkManagementService: 	at com.android.server.ConnectivityService.handleDisconnect(ConnectivityService.java:3017)
12-23 13:44:40.398   495   985 W NetworkManagementService: 	at com.android.server.ConnectivityService.access$1800(ConnectivityService.java:257)
12-23 13:44:40.398   495   985 W NetworkManagementService: 	at com.android.server.ConnectivityService$NetworkStateTrackerHandler.handleMessage(ConnectivityService.java:4579)
12-23 13:44:40.398   495   985 W NetworkManagementService: 	at android.os.Handler.dispatchMessage(Handler.java:102)
12-23 13:44:40.398   495   985 W NetworkManagementService: 	at android.os.Looper.loop(Looper.java:146)
12-23 13:44:40.398   495   985 W NetworkManagementService: 	at android.os.HandlerThread.run(HandlerThread.java:61)
12-23 13:44:40.398  1015  1015 W Settings: Setting data_roaming has moved from android.provider.Settings.Secure to android.provider.Settings.Global.
12-23 13:44:40.398   164   900 V RouteController: /system/bin/ip -4 route del default table 2 2>&1
12-23 13:44:40.398   495   495 D MobileDataStateTracker: fota: Broadcast received: android.intent.action.ANY_DATA_STATE apnType=fota
12-23 13:44:40.398  1015  1015 D STATUSBAR-NetworkController: onReceive() - RSSI_CHANGED_ACTION, WIFI_STATE, NETWORK_STATE
12-23 13:44:40.398   495   495 D MobileDataStateTracker: fota: Received state=DISCONNECTED, old=DISCONNECTED, reason=dataEnabled
12-23 13:44:40.398  1015  1015 D STATUSBAR-NetworkController: isCdma(), !isCdmaEri(), mRoamingIconId = 0
12-23 13:44:40.398  1015  1015 D STATUSBAR-NetworkController: updateRomaingNotification DataRoaming:false mDataRoamingTypeForVZW : 0
12-23 13:44:40.418   164   900 V RouteController: RTNETLINK answers: No such process
12-23 13:44:40.418   164   900 V RouteController: /system/bin/ip -4 rule del table 2 2>&1
12-23 13:44:40.418   495   495 D MobileDataStateTracker: cas: Broadcast received: android.intent.action.ANY_DATA_STATE apnType=cas
12-23 13:44:40.428   495   495 D MobileDataStateTracker: cas: Received state=DISCONNECTED, old=DISCONNECTED, reason=dataEnabled
12-23 13:44:40.428   495   495 D MobileDataStateTracker: dun: Broadcast received: android.intent.action.ANY_DATA_STATE apnType=dun
12-23 13:44:40.428   495   495 D MobileDataStateTracker: dun: Received state=DISCONNECTED, old=DISCONNECTED, reason=dataEnabled
12-23 13:44:40.438   495   927 I ServiceKeeper: In getseinfo pid = 495 uid = 1000 seinfo= system
12-23 13:44:40.438 17663 17663 D NearbySettings: MountReceiver.onReceive - ACTION: android.net.wifi.STATE_CHANGE
12-23 13:44:40.438 17663 17663 V NearbySettings: DMSUtil.isNetworkConnected - flag-null, state-null
12-23 13:44:40.438 17663 17663 I NearbySettings: DMSUtil.isNetworkConnected - WIFI: DISCONNECTED
12-23 13:44:40.438   164   900 V RouteController: /system/bin/ip route flush cached 2>&1
12-23 13:44:40.438 17663 17663 I NearbySettings: DMSUtil.isNetworkConnected - P2P: DISCONNECTED
12-23 13:44:40.438 17663 17663 I NearbySettings: DMSUtil.isNetworkConnected - WIFI-false, Hotspot-false, P2P-false, Eth-false
12-23 13:44:40.438 17663 17663 I NearbySettings: MountReceiver.onReceive - Set preference state off
12-23 13:44:40.448   495   495 D MobileDataStateTracker: supl: Broadcast received: android.intent.action.ANY_DATA_STATE apnType=supl
12-23 13:44:40.458 17663 17702 V NearbySettings: MountReceiver.mPrefHandler - 7002
12-23 13:44:40.458   495   985 D NetUtils: android_net_utils_resetConnections in env=0x60d9fb70 clazz=0x6f000001 iface=wlan0 mask=0x3
12-23 13:44:40.458   495   985 D ConnectivityService: resetConnections(wlan0, 3)
12-23 13:44:40.478   495   495 D MobileDataStateTracker: supl: Received state=DISCONNECTED, old=DISCONNECTED, reason=dataEnabled
12-23 13:44:40.478   495   495 D MobileDataStateTracker: hipri: Broadcast received: android.intent.action.ANY_DATA_STATE apnType=hipri
12-23 13:44:40.488   495   963 E WifiStateMachine: Error! unhandled message{ when=-168ms what=135188 target=com.android.internal.util.StateMachine$SmHandler }
12-23 13:44:40.488   495   963 E WifiStateMachine: Error! unhandled message{ when=-167ms what=135188 target=com.android.internal.util.StateMachine$SmHandler }
12-23 13:44:40.488   495   495 D MobileDataStateTracker: hipri: Received state=DISCONNECTED, old=DISCONNECTED, reason=dataEnabled
12-23 13:44:40.508   495   495 I WifiTrafficPoller: evaluateTrafficStatsPolling
12-23 13:44:40.508  1015  1015 W Settings: Setting data_roaming has moved from android.provider.Settings.Secure to android.provider.Settings.Global.
12-23 13:44:40.508   495   495 I WifiOffloadService: Inside startDataActivityTimer()
12-23 13:44:40.508  1015  1015 D STATUSBAR-NetworkController: onReceive() - RSSI_CHANGED_ACTION, WIFI_STATE, NETWORK_STATE
12-23 13:44:40.508   495   495 D WifiNotificationController: showOngoingWifiNotification show : false, id : -1
12-23 13:44:40.508  1015  1015 D STATUSBAR-NetworkController: isCdma(), !isCdmaEri(), mRoamingIconId = 0
12-23 13:44:40.508  1015  1015 D STATUSBAR-NetworkController: updateRomaingNotification DataRoaming:false mDataRoamingTypeForVZW : 0
12-23 13:44:40.518   495   963 E WifiStateMachine: Error! unhandled message{ when=-1ms what=135188 target=com.android.internal.util.StateMachine$SmHandler }
12-23 13:44:40.528   495   495 D MobileDataStateTracker: ims: Broadcast received: android.intent.action.ANY_DATA_STATE apnType=ims
12-23 13:44:40.528   495   495 D MobileDataStateTracker: ims: Received state=DISCONNECTED, old=DISCONNECTED, reason=dataEnabled
12-23 13:44:40.548  1130  1130 D MccTable: updateMccMncConfiguration: mcc=311, mnc=480
12-23 13:44:40.548   495   495 D MobileDataStateTracker: mms: Broadcast received: android.intent.action.ANY_DATA_STATE apnType=mms
12-23 13:44:40.548   495   495 D MobileDataStateTracker: mms: Received state=DISCONNECTED, old=DISCONNECTED, reason=dataEnabled
12-23 13:44:40.558  1130  1130 D PhoneApp: mReceiver: ACTION_ANY_DATA_CONNECTION_STATE_CHANGED
12-23 13:44:40.558  1130  1130 D FileWriteThread: FileWriteThread : threadType = 3
12-23 13:44:40.558   495   495 D MobileDataStateTracker: cbs: Broadcast received: android.intent.action.ANY_DATA_STATE apnType=cbs
12-23 13:44:40.558  1130  1130 D MccTable: Ignoring same operatorNumeric
12-23 13:44:40.558   495   495 D MobileDataStateTracker: cbs: Received state=DISCONNECTED, old=DISCONNECTED, reason=dataEnabled
12-23 13:44:40.578  1130  1130 D PhoneApp: mReceiver: ACTION_ANY_DATA_CONNECTION_STATE_CHANGED
12-23 13:44:40.578  1130  1130 D FileWriteThread: FileWriteThread : threadType = 3
12-23 13:44:40.578  1130  1130 D PhoneApp: mReceiver: ACTION_ANY_DATA_CONNECTION_STATE_CHANGED
12-23 13:44:40.578  1130  1130 D FileWriteThread: FileWriteThread : threadType = 3
12-23 13:44:40.588  1130  1130 D PhoneApp: mReceiver: ACTION_ANY_DATA_CONNECTION_STATE_CHANGED
12-23 13:44:40.588  1130  1130 D FileWriteThread: FileWriteThread : threadType = 3
12-23 13:44:40.588  1130  1130 D PhoneApp: mReceiver: ACTION_ANY_DATA_CONNECTION_STATE_CHANGED
12-23 13:44:40.598  1130  1130 D FileWriteThread: FileWriteThread : threadType = 3
12-23 13:44:40.598  1130  1130 D PhoneApp: mReceiver: ACTION_ANY_DATA_CONNECTION_STATE_CHANGED
12-23 13:44:40.598  1130  1130 D FileWriteThread: FileWriteThread : threadType = 3
12-23 13:44:40.608   495   949 V AlarmManager: waitForAlarm result :8
12-23 13:44:40.618  1130  1130 D PhoneApp: mReceiver: ACTION_ANY_DATA_CONNECTION_STATE_CHANGED
12-23 13:44:40.618  1130  1130 D FileWriteThread: FileWriteThread : threadType = 3
12-23 13:44:40.628  1130  1130 D PhoneApp: mReceiver: ACTION_ANY_DATA_CONNECTION_STATE_CHANGED
12-23 13:44:40.628  1130  1130 D FileWriteThread: FileWriteThread : threadType = 3
12-23 13:44:40.628  1130  1130 D PhoneApp: mReceiver: ACTION_ANY_DATA_CONNECTION_STATE_CHANGED
12-23 13:44:40.628  1130  1130 D FileWriteThread: FileWriteThread : threadType = 3
12-23 13:44:40.648  3784 29543 E SPPClientService: [e] Push Channel Exception : java.net.SocketException: recvfrom failed: ETIMEDOUT (Connection timed out)
12-23 13:44:40.648  3784 29543 E SPPClientService: [e] exceptionCaught(). NET_TIMEOUT
12-23 13:44:40.658  3784 29543 E SPPClientService: [e] exceptionCaught(). if case. But because of NoActive signal. ignore.
12-23 13:44:40.658  3784 29265 E SPPClientService: [b] SharedConstants.WHAT_PUSH_NETWORK_NOT_AVAILABLE
12-23 13:44:40.658  3784 29265 E SPPClientService: [b] [PushNetlistenerList is empty
12-23 13:44:40.658   495   927 I ServiceKeeper: In getseinfo pid = 495 uid = 1000 seinfo= system
12-23 13:44:40.658   495   927 I ServiceKeeper: In getseinfo pid = 495 uid = 1000 seinfo= system
12-23 13:44:40.658   495   927 I ServiceKeeper: In getseinfo pid = 495 uid = 1000 seinfo= system
12-23 13:44:40.658   495   927 I ServiceKeeper: In getseinfo pid = 495 uid = 1000 seinfo= system
12-23 13:44:40.658   495   927 I ServiceKeeper: In getseinfo pid = 495 uid = 1000 seinfo= system
12-23 13:44:40.658   495   927 I ServiceKeeper: In getseinfo pid = 495 uid = 1000 seinfo= system
12-23 13:44:40.658   495   927 I ServiceKeeper: In getseinfo pid = 495 uid = 1000 seinfo= system
12-23 13:44:40.658   495   927 I ServiceKeeper: In getseinfo pid = 495 uid = 1000 seinfo= system
12-23 13:44:40.678   495   985 D ConnectivityService: handleInetConditionChange: no active default network - ignore
12-23 13:44:40.698   495   927 I ServiceKeeper: In getseinfo pid = 495 uid = 1000 seinfo= system
12-23 13:44:40.698   495  6177 D BatteryService: level:65, scale:100, status:3, health:2, present:true, voltage: 3808, temperature: 330, technology: Li-ion, AC powered:false, USB powered:false, Wireless powered:false, icon:17303535, invalid charger:0, online:1, current avg:-1, charge type:0, power sharing:false
12-23 13:44:40.698   495   495 D BatteryService: Sending ACTION_BATTERY_CHANGED.
12-23 13:44:40.708   495   961 D EnterpriseDeviceManager: ContainerId: 0
12-23 13:44:40.718  1015  1015 D KeyguardUpdateMonitor: received broadcast android.intent.action.BATTERY_CHANGED
12-23 13:44:40.718  2607  2691 D HeadsetStateMachine: Disconnected process message: 10
12-23 13:44: