12-23 13:27:15.920   176   176 I SurfaceFlinger: id=334 createSurf (720x1280),1 flag=4, Leyguard
12-23 13:27:15.920  1622  1622 D KeyguardClockWidgetProvider: onReceive action=android.appwidget.action.APPWIDGET_UPDATE_OPTIONS
12-23 13:27:15.930  1622  1622 W ContextImpl: Implicit intents with startService are not safe: Intent { act=keyguardclock.action.startservice } android.content.ContextWrapper.startService:506 android.content.ContextWrapper.startService:506 com.sec.android.app.keyguard.KeyguardClockWidgetProvider.onReceive:104 
12-23 13:27:15.930   495  1206 I SpenGestureManager: setFocusWindow131000
12-23 13:27:15.930   495   949 V AlarmManager: waitForAlarm result :8
12-23 13:27:15.930   495  1206 V WindowManager: rotationForOrientationLw(orient=1, last=0); user=0 USER_ROTATION_LOCKED sensorRotation=-1 mLidState=-1 mDockMode=0 mHdmiPlugged=false mAccelerometerDefault=false gripRotationLock=false
12-23 13:27:15.930   495   916 D STATUSBAR-StatusBarManagerService: manageDisableList what=0x600000 pkg=WindowManager.LayoutParams
12-23 13:27:15.940  1015  7045 D KeyguardUpdateMonitor: sendKeyguardVisibilityChanged(true)
12-23 13:27:15.940   495   916 D EnterpriseDeviceManager: ContainerId: 0
12-23 13:27:15.940   495   927 I ServiceKeeper: In getseinfo pid = 495 uid = 1000 seinfo= system
12-23 13:27:15.950   495   911 D PointerIcon: setMouseIconStyle1 pointerType: 1001iconType:101 flag:0
12-23 13:27:15.950   495   911 D PointerIcon: setMouseCustomIcon IconType is same.101
12-23 13:27:15.950   495  1206 D PowerManagerService: [api] setUserActivityTimeoutOverrideFromWindowManagerInternal: timeoutMillis: 10000
12-23 13:27:15.950   495  1206 D PowerManagerService: [api] setScreenDimDurationOverrideFromWindowManagerInternal: timeoutMillis: 0
12-23 13:27:15.950   495  1206 D PowerManagerService: [api] setButtonTimeoutOverrideFromWindowManagerInternal: timeoutMillis: 10000
12-23 13:27:15.970   495   927 I ServiceKeeper: In getseinfo pid = 495 uid = 1000 seinfo= system
12-23 13:27:16.010  1015  1015 D KeyguardUpdateMonitor: handleKeyguardVisibilityChanged(1)
12-23 13:27:16.010  1015  1015 D PhoneStatusBar: disable: < EXPAND* icons alerts TICKER* system_info BACK* HOME* RECENT* clock search >
12-23 13:27:16.010  1015  1015 D KeyguardHostView: Window is focused
12-23 13:27:16.010  1015  1015 D STATUSBAR-AirplaneModeQuickSettingButton: onReceive : android.intent.action.CLOSE_SYSTEM_DIALOGS
12-23 13:27:16.010  1015  1015 D PhoneStatusBar: disable(): knoxCustomManager = android.app.enterprise.knoxcustom.KnoxCustomManager@4250f170
12-23 13:27:16.020  1015  1015 D KeyguardHostView: isPreloadedWallpaper=true
12-23 13:27:16.020  1455  1464 D dalvikvm: GC_CONCURRENT freed 1964K, 23% free 13810K/17796K, paused 9ms+14ms, total 122ms
12-23 13:27:16.020  1015  1015 D EnterpriseDeviceManager: ContainerId: 0
12-23 13:27:16.020   495  1577 W LicenseLogService: log() failed
12-23 13:27:16.020  1015  1015 D SecurityPatternView: max failed attempt for device disable :0
12-23 13:27:16.020  1015  1015 D SecurityPatternView: isDeviceDisabledForMaxFailedAttempt return :false
12-23 13:27:16.020  1622  1622 D KeyguardClockWidgetService: onReceive action=com.sec.android.widgetapp.KeyguardClock_Start
12-23 13:27:16.020   495  1323 D StatusBarManagerService: tr p:1015,o:t
12-23 13:27:16.020  1622  1622 D KeyguardClockWidgetProvider: refreshSingleClock :{Home} Hour = 1, Min = 27
12-23 13:27:16.030  1015  1015 D CMASMessage: [update] mShowingCMASText is false
12-23 13:27:16.030  1015  1015 D CMASMessage: CMASIcon was GONE : 
12-23 13:27:16.040  1622  1622 D KeyguardClockWidgetProvider: desc Message = It is 1:27 PM
12-23 13:27:16.050   495   949 V AlarmManager: waitForAlarm result :8
12-23 13:27:16.080   176   270 E qdmemalloc: heap_msk=3000000 flags=1
12-23 13:27:16.080   176   270 E qdmemalloc:  
12-23 13:27:16.090   176   270 E qdmemalloc: heap_msk=40000000 flags=1
12-23 13:27:16.090   176   270 E qdmemalloc:  
12-23 13:27:16.090   495   927 I ServiceKeeper: In getseinfo pid = 495 uid = 1000 seinfo= system
12-23 13:27:16.090   495   927 I ServiceKeeper: In getseinfo pid = 495 uid = 1000 seinfo= system
12-23 13:27:16.100  1015  8425 D KeyguardUpdateMonitor: sendKeyguardVisibilityChanged(true)
12-23 13:27:16.100  1015  1015 D PhoneStatusBar: setTransGradationMode=true, mTransparentMode=true, mSemiTransparentMode=false, mMultiWindowMode=false
12-23 13:27:16.100  1015  1015 D KeyguardViewMediator: handleKeyguardDoneDrawing
12-23 13:27:16.100  1015  8910 D KeyguardUpdateMonitor: sendKeyguardVisibilityChanged(true)
12-23 13:27:16.100  1015  1015 D KeyguardUpdateMonitor: handleKeyguardVisibilityChanged(1)
12-23 13:27:16.100  1015  1015 D KeyguardUpdateMonitor: handleKeyguardVisibilityChanged(1)
12-23 13:27:16.120  1622  1622 W ContextImpl: Implicit intents with startService are not safe: Intent { act=keyguardclock.action.startservice } android.content.ContextWrapper.startService:506 android.content.ContextWrapper.startService:506 com.sec.android.app.keyguard.KeyguardClockWidgetProvider.onReceive:104 
12-23 13:27:16.120  1622  1622 D KeyguardClockWidgetProvider: onReceive action=android.appwidget.action.APPWIDGET_UPDATE_OPTIONS
12-23 13:27:16.140  1015  1710 D KeyguardUpdateMonitor: sendKeyguardVisibilityChanged(true)
12-23 13:27:16.160  1015  1015 D KeyguardUpdateMonitor: handleKeyguardVisibilityChanged(1)
12-23 13:27:16.170   495   949 V AlarmManager: waitForAlarm result :8
12-23 13:27:16.190   495   927 I ServiceKeeper: In getseinfo pid = 495 uid = 1000 seinfo= system
12-23 13:27:16.190   495   927 I ServiceKeeper: In getseinfo pid = 495 uid = 1000 seinfo= system
12-23 13:27:16.190   176  1100 E qdmemalloc: heap_msk=3000000 flags=1
12-23 13:27:16.190   176  1100 E qdmemalloc:  
12-23 13:27:16.200   176  1100 E qdmemalloc: heap_msk=40000000 flags=1
12-23 13:27:16.200   176  1100 E qdmemalloc:  
12-23 13:27:16.210   199   199 D AT_Distributor: Send Msg [UART > ATD] 1 bytes <>
12-23 13:27:16.240  1015  7323 D KeyguardUpdateMonitor: sendKeyguardVisibilityChanged(true)
12-23 13:27:16.240  1015  1015 D KeyguardUpdateMonitor: handleKeyguardVisibilityChanged(1)
12-23 13:27:16.250  1015  9288 D KeyguardUpdateMonitor: sendKeyguardVisibilityChanged(true)
12-23 13:27:16.250  1015  1015 D KeyguardUpdateMonitor: handleKeyguardVisibilityChanged(1)
12-23 13:27:16.260  1015  9499 D KeyguardUpdateMonitor: sendKeyguardVisibilityChanged(true)
12-23 13:27:16.260  1015  1015 D KeyguardUpdateMonitor: handleKeyguardVisibilityChanged(1)
12-23 13:27:16.290   495   927 I ServiceKeeper: In getseinfo pid = 495 uid = 1000 seinfo= system
12-23 13:27:16.290   495   949 V AlarmManager: waitForAlarm result :8
12-23 13:27:16.300   495   927 I ServiceKeeper: In getseinfo pid = 495 uid = 1000 seinfo= system
12-23 13:27:16.410   495   927 I ServiceKeeper: In getseinfo pid = 495 uid = 1000 seinfo= system
12-23 13:27:16.410   495   949 V AlarmManager: waitForAlarm result :8
12-23 13:27:16.420   495   927 I ServiceKeeper: In getseinfo pid = 495 uid = 1000 seinfo= system
12-23 13:27:16.530   495   949 V AlarmManager: waitForAlarm result :8
12-23 13:27:16.540   495   927 I ServiceKeeper: In getseinfo pid = 495 uid = 1000 seinfo= system
12-23 13:27:16.561   495   927 I ServiceKeeper: In getseinfo pid = 495 uid = 1000 seinfo= system
12-23 13:27:16.651   495   949 V AlarmManager: waitForAlarm result :8
12-23 13:27:16.661   495   927 I ServiceKeeper: In getseinfo pid = 495 uid = 1000 seinfo= system
12-23 13:27:16.681   495   927 I ServiceKeeper: In getseinfo pid = 495 uid = 1000 seinfo= system
12-23 13:27:16.771   495   949 V AlarmManager: waitForAlarm result :8
12-23 13:27:16.781   495   927 I ServiceKeeper: In getseinfo pid = 495 uid = 1000 seinfo= system
12-23 13:27:16.791   495   927 I ServiceKeeper: In getseinfo pid = 495 uid = 1000 seinfo= system
12-23 13:27:16.891   495   949 V AlarmManager: waitForAlarm result :8
12-23 13:27:16.901   495   927 I ServiceKeeper: In getseinfo pid = 495 uid = 1000 seinfo= system
12-23 13:27:16.921   495   927 I ServiceKeeper: In getseinfo pid = 495 uid = 1000 seinfo= system
12-23 13:27:17.011   495   949 V AlarmManager: waitForAlarm result :8
12-23 13:27:17.021   495   927 I ServiceKeeper: In getseinfo pid = 495 uid = 1000 seinfo= system
12-23 13:27:17.041   495   927 I ServiceKeeper: In getseinfo pid = 495 uid = 1000 seinfo= system
12-23 13:27:17.131   495   949 V AlarmManager: waitForAlarm result :8
12-23 13:27:17.141   495   927 I ServiceKeeper: In getseinfo pid = 495 uid = 1000 seinfo= system
12-23 13:27:17.161   495   927 I ServiceKeeper: In getseinfo pid = 495 uid = 1000 seinfo= system
12-23 13:27:17.251   495   949 V AlarmManager: waitForAlarm result :8
12-23 13:27:17.261   495   927 I ServiceKeeper: In getseinfo pid = 495 uid = 1000 seinfo= system
12-23 13:27:17.281   495   927 I ServiceKeeper: In getseinfo pid = 495 uid = 1000 seinfo= system
12-23 13:27:17.351   199   199 D AT_Distributor: Send Msg [UART > ATD] 1 bytes <>
12-23 13:27:17.371   495   949 V AlarmManager: waitForAlarm result :8
12-23 13:27:17.381   495   927 I ServiceKeeper: In getseinfo pid = 495 uid = 1000 seinfo= system
12-23 13:27:17.401   495   927 I ServiceKeeper: In getseinfo pid = 495 uid = 1000 seinfo= system
12-23 13:27:17.492   495   949 V AlarmManager: waitForAlarm result :8
12-23 13:27:17.522   495   927 I ServiceKeeper: In getseinfo pid = 495 uid = 1000 seinfo= system
12-23 13:27:17.522   495   927 I ServiceKeeper: In getseinfo pid = 495 uid = 1000 seinfo= system
12-23 13:27:17.612   495   949 V AlarmManager: waitForAlarm result :8
12-23 13:27:17.622   495   927 I ServiceKeeper: In getseinfo pid = 495 uid = 1000 seinfo= system
12-23 13:27:17.642   495   927 I ServiceKeeper: In getseinfo pid = 495 uid = 1000 seinfo= system
12-23 13:27:17.732   495   949 V AlarmManager: waitForAlarm result :8
12-23 13:27:17.752   173   173 E SMD     : DCD ON
12-23 13:27:17.762   495   927 I ServiceKeeper: In getseinfo pid = 495 uid = 1000 seinfo= system
12-23 13:27:17.762   495   927 I ServiceKeeper: In getseinfo pid = 495 uid = 1000 seinfo= system
12-23 13:27:17.852   495   949 V AlarmManager: waitForAlarm result :8
12-23 13:27:17.862   495   927 I ServiceKeeper: In getseinfo pid = 495 uid = 1000 seinfo= system
12-23 13:27:17.882   495   927 I ServiceKeeper: In getseinfo pid = 495 uid = 1000 seinfo= system
12-23 13:27:17.972   495   949 V AlarmManager: waitForAlarm result :8
12-23 13:27:17.982   495   927 I ServiceKeeper: In getseinfo pid = 495 uid = 1000 seinfo= system
12-23 13:27:18.002   495   927 I ServiceKeeper: In getseinfo pid = 495 uid = 1000 seinfo= system
12-23 13:27:18.092   495   949 V AlarmManager: waitForAlarm result :8
12-23 13:27:18.122   495   927 I ServiceKeeper: In getseinfo pid = 495 uid = 1000 seinfo= system
12-23 13:27:18.142   495   927 I ServiceKeeper: In getseinfo pid = 495 uid = 1000 seinfo= system
12-23 13:27:18.212   495   949 V AlarmManager: waitForAlarm result :8
12-23 13:27:18.222   495   927 I ServiceKeeper: In getseinfo pid = 495 uid = 1000 seinfo= system
12-23 13:27:18.242   495   927 I ServiceKeeper: In getseinfo pid = 495 uid = 1000 seinfo= system
12-23 13:27:18.332   495   949 V AlarmManager: waitForAlarm result :8
12-23 13:27:18.342   495   927 I ServiceKeeper: In getseinfo pid = 495 uid = 1000 seinfo= system
12-23 13:27:18.362   495   927 I ServiceKeeper: In getseinfo pid = 495 uid = 1000 seinfo= system
12-23 13:27:18.453   495   949 V AlarmManager: waitForAlarm result :8
12-23 13:27:18.483   495   927 I ServiceKeeper: In getseinfo pid = 495 uid = 1000 seinfo= system
12-23 13:27:18.493   495   927 I ServiceKeeper: In getseinfo pid = 495 uid = 1000 seinfo= system
12-23 13:27:18.573   495   949 V AlarmManager: waitForAlarm result :8
12-23 13:27:18.583   495   927 I ServiceKeeper: In getseinfo pid = 495 uid = 1000 seinfo= system
12-23 13:27:18.603   495   927 I ServiceKeeper: In getseinfo pid = 495 uid = 1000 seinfo= system
12-23 13:27:18.603   199   199 D AT_Distributor: Send Msg [UART > ATD] 1 bytes <>
12-23 13:27:18.693   495   949 V AlarmManager: waitForAlarm result :8
12-23 13:27:18.703   495   927 I ServiceKeeper: In getseinfo pid = 495 uid = 1000 seinfo= system
12-23 13:27:18.723   495   927 I ServiceKeeper: In getseinfo pid = 495 uid = 1000 seinfo= system
12-23 13:27:18.813   495   949 V AlarmManager: waitForAlarm result :8
12-23 13:27:18.823   495   927 I ServiceKeeper: In getseinfo pid = 495 uid = 1000 seinfo= system
12-23 13:27:18.843   495   927 I ServiceKeeper: In getseinfo pid = 495 uid = 1000 seinfo= system
12-23 13:27:18.933   495   949 V AlarmManager: waitForAlarm result :8
12-23 13:27:18.943   495   927 I ServiceKeeper: In getseinfo pid = 495 uid = 1000 seinfo= system
12-23 13:27:18.963   495   927 I ServiceKeeper: In getseinfo pid = 495 uid = 1000 seinfo= system
12-23 13:27:19.053   495   949 V AlarmManager: waitForAlarm result :8
12-23 13:27:19.063   495   927 I ServiceKeeper: In getseinfo pid = 495 uid = 1000 seinfo= system
12-23 13:27:19.083   495   927 I ServiceKeeper: In getseinfo pid = 495 uid = 1000 seinfo= system
12-23 13:27:19.173   495   949 V AlarmManager: waitForAlarm result :8
12-23 13:27:19.183   495   927 I ServiceKeeper: In getseinfo pid = 495 uid = 1000 seinfo= system
12-23 13:27:19.203   495   927 I ServiceKeeper: In getseinfo pid = 495 uid = 1000 seinfo= system
12-23 13:27:19.293   495   949 V AlarmManager: waitForAlarm result :8
12-23 13:27:19.303   495   927 I ServiceKeeper: In getseinfo pid = 495 uid = 1000 seinfo= system
12-23 13:27:19.323   495   927 I ServiceKeeper: In getseinfo pid = 495 uid = 1000 seinfo= system
12-23 13:27:19.414   495   949 V AlarmManager: waitForAlarm result :8
12-23 13:27:19.424   495   927 I ServiceKeeper: In getseinfo pid = 495 uid = 1000 seinfo= system
12-23 13:27:19.444   495   927 I ServiceKeeper: In getseinfo pid = 495 uid = 1000 seinfo= system
12-23 13:27:19.454   495   952 D InputReader: Input event: value=1
12-23 13:27:19.454   495   952 D InputReader: !@notifyKey(172), action=0
12-23 13:27:19.454   495   952 D InputManager-JNI: !@interceptKeyBeforeQueueing(172), action=0
12-23 13:27:19.454   495   952 E SamsungWindowManager: mCoreNumLockHelper.acquire
12-23 13:27:19.464   495   952 D InputManager-JNI: !@handleInterceptActions(172), action=0
12-23 13:27:19.464   495   495 V KeyguardServiceDelegate: onScreenTurnedOn(showListener = com.android.internal.policy.impl.PhoneWindowManager$31@4464b5c8)
12-23 13:27:19.464   495   952 D PowerManagerService: [api] [s] wakeUpFromNative:  (uid: 1000 pid: 495)
12-23 13:27:19.464   495   952 I PowerManagerService: !@[ps] Screen__On :  wakeUpFromNative:  (uid: 1000 pid: 495)
12-23 13:27:19.464   495   952 I PowerManagerService: Waking up from sleep...
12-23 13:27:19.464   495   952 D PowerManagerService: Screen Readiness Inspection requested: mNestCount=1
12-23 13:27:19.464   495   952 D PowerManagerService: [PWL] sb acquire: PowerManagerService.Broadcasts
12-23 13:27:19.464   495   952 D PowerManagerService: [s] WAKEFULNESS_AWAKE
12-23 13:27:19.474   495   495 D InputDispatcher: setInputDispatchMode: enabled=1, frozen=0
12-23 13:27:19.474  1015  8425 D KeyguardViewMediator: onScreenTurnedOn, seq = 60
12-23 13:27:19.474  1015  8425 D KeyguardViewMediator: notifyScreenOnLocked
12-23 13:27:19.474  1015  1015 D KeyguardViewMediator: handleNotifyScreenOn
12-23 13:27:19.474  1015  1015 D KeyguardViewManager: onScreenTurnedOn()
12-23 13:27:19.474  1015  1015 D KeyguardHostView: screen on, instance 42d2f780
12-23 13:27:19.474  1015  1015 D LockPatternUtils: isPcwEnable = 10
12-23 13:27:19.474   495   952 D InputManager-JNI: Disable repeat for home key when device wake up
12-23 13:27:19.474   495  1019 D lights  : button : 1 +
12-23 13:27:19.474   495   952 D PowerManagerService: [s] getScreenOffTimeoutLocked: 30000 -> 10000
12-23 13:27:19.474   495   952 D PowerManagerService: [s] UserActivityState : 0 -> 1
12-23 13:27:19.474   495   952 D PowerManagerService: [PWL] sb acquire: PowerManagerService.Display
12-23 13:27:19.494   495  1019 D lights  : button : 1 -
12-23 13:27:19.494  1622  1622 D KeyguardClockWidgetService: onReceive action=android.intent.action.SCREEN_ON
12-23 13:27:19.504   495   945 I SensorManagerA: getReportingMode :: sensor.mType = 5
12-23 13:27:19.504  1015  1015 V KeyguardHostView: showPrimarySecurityScreen(turningOff=false)
12-23 13:27:19.504  1622  1622 D KeyguardClockWidgetProvider: refreshSingleClock :{Home} Hour = 1, Min = 27
12-23 13:27:19.504   495   945 D DisplayPowerController: [DAB] setLightSensorEnabled : registerListener mLightSensor
12-23 13:27:19.514   495   945 D SensorManager: registerListener :: 8, CM36651 Light Sensor, 200000, 0,  
12-23 13:27:19.514   495   945 I SensorManagerA: getReportingMode :: sensor.mType = 1
12-23 13:27:19.514  1015  1015 I MDPP    : Property: None
12-23 13:27:19.524  1015  1015 D KeyguardHostView: showSecurityScreen(Pattern)
12-23 13:27:19.524   495   945 E         : ../../accel.c|inv_get_accel_offset|211 returning 19
12-23 13:27:19.524   495   945 D Sensors : enable accel bias check
12-23 13:27:19.524   495   945 V Sensors : enable - sensor Accelerometer (handle 4) dis -> en
12-23 13:27:19.524   495   945 E Sensors : mEnabled = 10
12-23 13:27:19.524   495   945 V Sensors : setDelay - sensor Accelerometer (handle 4), rate 200 ms (5.00 Hz)
12-23 13:27:19.524   495   945 D SensorManager: registerListener :: 4, MPL accel, 200000, 0,  
12-23 13:27:19.524   495   945 I DisplayPowerController: [DAB] fileWriteInt : /sys/class/backlight/panel/auto_brightness  value : 3
12-23 13:27:19.524   495   945 D DisplayPowerController: [DAB] no lux value from sensor manager
12-23 13:27:19.534   495   945 D DisplayPowerController: animation target = 101 (PSM:true, AB limit:(-1 ~ -1) MB Limit:(-1 ~ -1) MAdj:(0, (0, 255)))
12-23 13:27:19.544   495  4439 D PowerManagerService: [api] [s] userActivity : event: 3 flags: 0 (uid: 10226 pid: 1015)
12-23 13:27:19.564  1015  1015 D EnterpriseDeviceManager: ContainerId: 0
12-23 13:27:19.564   495   813 E Sensors : activatePendingSensors : mEnabled = 10
12-23 13:27:19.564   495   813 E Sensors : requested_sensors(0) from kernel
12-23 13:27:19.564   495   813 V Sensors : calling inv_set_mpu_sensors(000070)
12-23 13:27:19.564   495   813 I MPL-fifo: Actual ODR: 100000 mHz
12-23 13:27:19.564   495   813 E Sensors : set fifo rate - divider : 39, delay : 200 ms (5.00 Hz)
12-23 13:27:19.564   495   813 I MPL-fifo: Actual ODR: 5000 mHz
12-23 13:27:19.564   495   813 V Sensors : Starting DMP
12-23 13:27:19.564   495   813 W MPL-9_sup: 9 axis sensor fusion not available - No compass detected.
12-23 13:27:19.564   495   813 I Sensors : Enabled 9 axis sensor fusion
12-23 13:27:19.564   495  6177 W LicenseLogService: log() failed
12-23 13:27:19.564  1622  1622 D KeyguardClockWidgetProvider: desc Message = It is 1:27 PM
12-23 13:27:19.564   495   949 V AlarmManager: waitForAlarm result :8
12-23 13:27:19.564   495  1056 D PowerManagerService: Excessive delay in LCD_Task is start: 28ms
12-23 13:27:19.574  1015  1015 D SecurityPatternView: max failed attempt for device disable :0
12-23 13:27:19.574  1015  1015 D SecurityPatternView: isDeviceDisabledForMaxFailedAttempt return :false
12-23 13:27:19.574  1015  1015 D CMASMessage: [update] mShowingCMASText is false
12-23 13:27:19.574  1015  1015 D CMASMessage: CMASIcon was GONE : 
12-23 13:27:19.584  1015  1015 V KeyguardUpdateMonitor: *** register callback for com.android.keyguard.KeyguardPatternView$9@4283e670
12-23 13:27:19.584  1015  1015 E KeyguardUpdateMonitor: Object tried to add another callback
12-23 13:27:19.584  1015  1015 E KeyguardUpdateMonitor: java.lang.Exception: Called by
12-23 13:27:19.584  1015  1015 E KeyguardUpdateMonitor: 	at com.android.keyguard.KeyguardUpdateMonitor.registerCallback(KeyguardUpdateMonitor.java:1100)
12-23 13:27:19.584  1015  1015 E KeyguardUpdateMonitor: 	at com.android.keyguard.KeyguardPatternView.onResume(KeyguardPatternView.java:846)
12-23 13:27:19.584  1015  1015 E KeyguardUpdateMonitor: 	at com.android.keyguard.KeyguardHostView.onScreenTurnedOn(KeyguardHostView.java:1923)
12-23 13:27:19.584  1015  1015 E KeyguardUpdateMonitor: 	at com.android.keyguard.KeyguardViewManager.onScreenTurnedOn(KeyguardViewManager.java:627)
12-23 13:27:19.584  1015  1015 E KeyguardUpdateMonitor: 	at com.android.keyguard.KeyguardViewMediator.handleNotifyScreenOn(KeyguardViewMediator.java:2430)
12-23 13:27:19.584  1015  1015 E KeyguardUpdateMonitor: 	at com.android.keyguard.KeyguardViewMediator.access$3700(KeyguardViewMediator.java:176)
12-23 13:27:19.584  1015  1015 E KeyguardUpdateMonitor: 	at com.android.keyguard.KeyguardViewMediator$6.handleMessage(KeyguardViewMediator.java:2007)
12-23 13:27:19.584  1015  1015 E KeyguardUpdateMonitor: 	at android.os.Handler.dispatchMessage(Handler.java:102)
12-23 13:27:19.584  1015  1015 E KeyguardUpdateMonitor: 	at android.os.Looper.loop(Looper.java:146)
12-23 13:27:19.584  1015  1015 E KeyguardUpdateMonitor: 	at android.app.ActivityThread.main(ActivityThread.java:5487)
12-23 13:27:19.584  1015  1015 E KeyguardUpdateMonitor: 	at java.lang.reflect.Method.invokeNative(Native Method)
12-23 13:27:19.584  1015  1015 E KeyguardUpdateMonitor: 	at java.lang.reflect.Method.invoke(Method.java:515)
12-23 13:27:19.584  1015  1015 E KeyguardUpdateMonitor: 	at com.android.internal.os.ZygoteInit$MethodAndArgsCaller.run(ZygoteInit.java:1283)
12-23 13:27:19.584  1015  1015 E KeyguardUpdateMonitor: 	at com.android.internal.os.ZygoteInit.main(ZygoteInit.java:1099)
12-23 13:27:19.584  1015  1015 E KeyguardUpdateMonitor: 	at dalvik.system.NativeStart.main(Native Method)
12-23 13:27:19.584  1015  1015 D SecCameraShortcut: onScreenTurnedOn
12-23 13:27:19.584  1015  1015 I SensorManagerA: getReportingMode :: sensor.mType = 1
12-23 13:27:19.584   495   945 D RampAnimator: Light Animator Finished currentValue=101
12-23 13:27:19.594   495   813 I MPL-mldl_cfg_mpu:: inv_mpu_resume(,,,,0070) -> 0070
12-23 13:27:19.594   495  1112 V Sensors : setDelay - sensor Accelerometer (handle 4), rate 200 ms (5.00 Hz)
12-23 13:27:19.594  1015  1015 D SensorManager: registerListener :: 4, MPL accel, 200000, 0,  
12-23 13:27:19.594  1015  1015 I KeyguardEffectViewMain: *** KeyguardEffectView getInstance ***
12-23 13:27:19.604   495   813 E Sensors : activatePendingSensors : mEnabled = 10
12-23 13:27:19.604   495   813 E Sensors : requested_sensors(70) from kernel
12-23 13:27:19.644   495   952 D InputReader: Input event: value=0
12-23 13:27:19.644   495   952 D InputReader: !@notifyKey(172), action=1
12-23 13:27:19.644   495   952 D InputManager-JNI: !@interceptKeyBeforeQueueing(172), action=1
12-23 13:27:19.644   495   952 D InputManager-JNI: !@handleInterceptActions(172), action=1
12-23 13:27:19.644   495   951 W WindowManager: Ignoring up event!! Coming up event without pressed.
12-23 13:27:19.644  1015  1015 D VisualEffectCircleUnlockEffect: KeyguardEffectViewNone : screenTurnedOn
12-23 13:27:19.654   495   949 V AlarmManager: waitForAlarm result :8
12-23 13:27:19.714   176   270 E qdmemalloc: heap_msk=3000000 flags=1
12-23 13:27:19.714   176   270 E qdmemalloc:  
12-23 13:27:19.714   495   945 D DisplayPowerController: [api] [DAB] onSensorChanged : 1st lux : 301.0
12-23 13:27:19.714   495   945 D DisplayPowerController: [DAB] updateAutoBrightnessSEC : 120(120.0)    29.0 < 301.0 < 881.0 (0.0)
12-23 13:27:19.714   495   945 D DisplayPowerController: animation target = 100 (PSM:true, AB limit:(-1 ~ -1) MB Limit:(-1 ~ -1) MAdj:(0, (0, 255)))
12-23 13:27:19.724   176   270 E qdmemalloc: heap_msk=40000000 flags=1
12-23 13:27:19.724   176   270 E qdmemalloc:  
12-23 13:27:19.734   495   945 D RampAnimator: Light Animator Finished currentValue=100
12-23 13:27:19.754  1015  1015 D KeyguardViewMediator: handleKeyguardDoneDrawing
12-23 13:27:19.754   495  1112 V KeyguardServiceDelegate: **** SHOWN CALLED ****
12-23 13:27:19.754   495  1112 I WindowManager: Lock screen displayed!
12-23 13:27:19.764   495  1112 D PowerManagerNotifier: [api] WindowManagerPolicy.ScreenOnListener : Received onScreenOn().
12-23 13:27:19.764   495  1112 D PowerManagerService: Screen Readiness Inspection completed: mNestCount=0
12-23 13:27:19.774   176  1100 I SurfaceFlinger: id=333 Removed FlectronBea (10/10)
12-23 13:27:19.774   176   276 I SurfaceFlinger: id=333 Removed FlectronBea (-2/10)
12-23 13:27:19.774   495   945 D DisplayPowerController: animation target = 100 (PSM:true, AB limit:(-1 ~ -1) MB Limit:(-1 ~ -1) MAdj:(0, (0, 255)))
12-23 13:27:19.774   495   945 D DisplayPowerController: !@ElectronBeam exit
12-23 13:27:19.774   495   949 V AlarmManager: waitForAlarm result :8
12-23 13:27:19.774   495   945 D DisplayPowerController: animation target = 100 (PSM:true, AB limit:(-1 ~ -1) MB Limit:(-1 ~ -1) MAdj:(0, (0, 255)))
12-23 13:27:19.774   495   945 D PowerManagerService: [s] mDisplayPowerControllerCallbacks : onStateChanged()
12-23 13:27:19.834   176  5213 E qdmemalloc: heap_msk=3000000 flags=1
12-23 13:27:19.834   176  5213 E qdmemalloc:  
12-23 13:27:19.834   176  5213 E qdmemalloc: heap_msk=40000000 flags=1
12-23 13:27:19.834   176  5213 E qdmemalloc:  
12-23 13:27:19.844  1015  1015 D KeyguardViewMediator: handleKeyguardDoneDrawing
12-23 13:27:19.894   495   949 V AlarmManager: waitForAlarm result :8
12-23 13:27:19.944   495   942 D lights  : led_pattern : 0 +
12-23 13:27:19.944   495   942 D lights  : led_pattern : 0 -
12-23 13:27:19.944   495   495 D LightsService: [api] [SvcLED] turnOff:: id = 3 (uid: 1000 pid: 495) 
12-23 13:27:19.944   495   495 D LightsService: [SvcLED] setSvcLedStateLocked:: SvcLEDState : 0x10 -> 0x0 | SvcLED(id=3) set Off
12-23 13:27:19.944   495   495 D BatteryService: turn off LED
12-23 13:27:19.944   495   942 D LightsService: [SvcLED] Lux failed to be updated in 700ms. -> handleForcedSvcLEDTasK
12-23 13:27:19.944   495   942 D LightsService: [SvcLED]  setSvcLedLightLocked :: Current SvcLED(id=3) maintains its priority right
12-23 13:27:19.984   495   946 I libsuspend: !@[s] autosuspend_earlysuspend_disable : 56
12-23 13:27:19.984   495   495 D STATUSBAR-NotificationService: ACTION_SCREEN_ON
12-23 13:27:19.984   495   495 D LightsService: [api] [SvcLED] turnOff:: id = 4 (uid: 1000 pid: 495) 
12-23 13:27:19.984   495   495 D LightsService: [SvcLED] setSvcLedStateLocked:: SvcLEDState : 0x0 -> 0x0 | SvcLED(id=4) set Off
12-23 13:27:19.984   495   942 D LightsService: [SvcLED] Lux failed to be updated in 700ms. -> handleForcedSvcLEDTasK
12-23 13:27:19.984   495   942 D LightsService: [SvcLED]  setSvcLedLightLocked :: Current SvcLED(id=3) maintains its priority right
12-23 13:27:19.994   179   179 D AudioHardwareALSA: setParameters() screen_state=on
12-23 13:27:19.994   495   495 I SecExternalDisplayIntents_Java: Intent Recieved ..  -android.intent.action.SCREEN_ONBroadCast Map value - 19
12-23 13:27:20.014   495   949 V AlarmManager: waitForAlarm result :8
12-23 13:27:20.044   495   911 D IpRemoteDisplayController: intent received android.intent.action.SCREEN_ON
12-23 13:27:20.044   495   911 D IpRemoteDisplayController: Bridge Server is not available
12-23 13:27:20.064   495  1056 D lights  : lcd : 100 +
12-23 13:27:20.074   495  1056 D lights  : lcd : 100 -
12-23 13:27:20.074  1015  1015 D STATUSBAR-IconMerger: checkOverflow(240), More:false, Req:false Child:2
12-23 13:27:20.084   495   927 I ServiceKeeper: In getseinfo pid = 495 uid = 1000 seinfo= system
12-23 13:27:20.094   495   927 I ServiceKeeper: In getseinfo pid = 495 uid = 1000 seinfo= system
12-23 13:27:20.134   495   949 V AlarmManager: waitForAlarm result :8
12-23 13:27:20.144   495   927 I ServiceKeeper: In getseinfo pid = 495 uid = 1000 seinfo= system
12-23 13:27:20.144   495   927 I ServiceKeeper: In getseinfo pid = 495 uid = 1000 seinfo= system
12-23 13:27:20.154   495   927 I ServiceKeeper: In getseinfo pid = 495 uid = 1000 seinfo= system
12-23 13:27:20.154   495   927 I ServiceKeeper: In getseinfo pid = 495 uid = 1000 seinfo= system
12-23 13:27:20.154   495   927 I ServiceKeeper: In getseinfo pid = 495 uid = 1000 seinfo= system
12-23 13:27:20.154   495   927 I ServiceKeeper: In getseinfo pid = 495 uid = 1000 seinfo= system
12-23 13:27:20.154   495   927 I ServiceKeeper: In getseinfo pid = 495 uid = 1000 seinfo= system
12-23 13:27:20.154   495   927 I ServiceKeeper: In getseinfo pid = 495 uid = 1000 seinfo= system
12-23 13:27:20.154   495   927 I ServiceKeeper: In getseinfo pid = 495 uid = 1000 seinfo= system
12-23 13:27:20.154   495   927 I ServiceKeeper: In getseinfo pid = 495 uid = 1000 seinfo= system
12-23 13:27:20.154   495   927 I ServiceKeeper: In getseinfo pid = 495 uid = 1000 seinfo= system
12-23 13:27:20.154   495   927 I ServiceKeeper: In getseinfo pid = 495 uid = 1000 seinfo= system
12-23 13:27:20.234  1135  1135 W CoverManager: getCoverState : This device is not supported cover
12-23 13:27:20.234  1135  1135 I NfcService: NFC: not supported Device
12-23 13:27:20.254   495   949 V AlarmManager: waitForAlarm result :8
12-23 13:27:20.274   495   948 I libsuspend: !@[s] wait_for_fb_wake : 56 (1, 0) -
12-23 13:27:20.274   495   948 I libsuspend: !@[s] wait_for_fb_sleep : 56 (0, 0) +
12-23 13:27:20.274   495   946 I libsuspend: !@[s] autosuspend_earlysuspend_disable done : 56
12-23 13:27:20.274   495   946 D PowerManagerService-JNI: Excessive delay in autosuspend_disable() while turning screen on: 287ms
12-23 13:27:20.274   176   176 D SurfaceFlinger: Screen acquired, type=0 flinger=0xb8a91598
12-23 13:27:20.274   176   176 D qdhwcomposer: hwc_blank: Unblanking display: 0
12-23 13:27:20.274   176   176 D qdhwcomposer: hwc_blank: Done unblanking display: 0
12-23 13:27:20.274   495   946 D MISC PowerHAL: miscpower_set_interactive: /sys/class/input/input4/enabled
12-23 13:27:20.274  1015  7323 D KeyguardUpdateMonitor: sendKeyguardVisibilityChanged(true)
12-23 13:27:20.274   495   946 D PowerManagerService: Excessive delay in nativeSetAutoSuspend(false): 287ms
12-23 13:27:20.274   495   946 D PowerManagerService: !@[s] unblankAllDisplays() : unblankAllDisplaysFromPowerManager
12-23 13:27:20.284  1015  1015 D KeyguardUpdateMonitor: handleKeyguardVisibilityChanged(1)
12-23 13:27:20.284   495   946 E MISC PowerHAL: sysfs_write : Error opening /sys/class/input/input4/enabled: No such file or directory
12-23 13:27:20.284   495   946 D MISC PowerHAL: miscpower_set_interactive: /sys/class/input/input12/enabled
12-23 13:27:20.284   495   946 E MISC PowerHAL: sysfs_write : Error opening /sys/class/input/input12/enabled: No such file or directory
12-23 13:27:20.294   495   946 I QCOM PowerHAL: Perflock released.
12-23 13:27:20.294   495   946 W System.err: java.io.FileNotFoundException: /sys/class/power_supply/battery/lcd: open failed: ENOENT (No such file or directory)
12-23 13:27:20.294   495   946 W System.err: 	at libcore.io.IoBridge.open(IoBridge.java:409)
12-23 13:27:20.294   495   946 W System.err: 	at java.io.FileOutputStream.<init>(FileOutputStream.java:88)
12-23 13:27:20.294   495   946 W System.err: 	at java.io.FileOutputStream.<init>(FileOutputStream.java:73)
12-23 13:27:20.294   495   946 D PowerManagerService: Excessive delay in wakeUp() or wakeUpFromNative(): 826ms
12-23 13:27:20.294   495   946 D PowerManagerService: SecHardwareInterface.setBatteryADC : true
12-23 13:27:20.305   495   946 W System.err: 	at com.sec.android.hardware.SecHardwareInterface.setBatteryADC(SecHardwareInterface.java:392)
12-23 13:27:20.305   495   946 W System.err: 	at com.android.server.power.PowerManagerService$DisplayBlankerImpl$1.run(PowerManagerService.java:5298)
12-23 13:27:20.305   495   946 W System.err: 	at android.os.Handler.handleCallback(Handler.java:733)
12-23 13:27:20.305   495   946 W System.err: 	at android.os.Handler.dispatchMessage(Handler.java:95)
12-23 13:27:20.305   495   946 W System.err: 	at android.os.Looper.loop(Looper.java:146)
12-23 13:27:20.305   495   946 W System.err: 	at android.os.HandlerThread.run(HandlerThread.java:61)
12-23 13:27:20.305   495   946 W System.err: Caused by: libcore.io.ErrnoException: open failed: ENOENT (No such file or directory)
12-23 13:27:20.305   495   946 W System.err: 	at libcore.io.Posix.open(Native Method)
12-23 13:27:20.315   495   946 W System.err: 	at libcore.io.BlockGuardOs.open(BlockGuardOs.java:110)
12-23 13:27:20.315   495   946 W System.err: 	at libcore.io.IoBridge.open(IoBridge.java:393)
12-23 13:27:20.315   495   946 W System.err: 	... 8 more
12-23 13:27:20.335  1015  1015 W Settings: Setting data_roaming has moved from android.provider.Settings.Secure to android.provider.Settings.Global.
12-23 13:27:20.335  1015  1015 D STATUSBAR-NetworkController: onSignalStrengthsChanged signalStrength=SignalStrength: 99 99 -87 -40 -120 -1 -1 18 -107 -12 4 -1 2147483647 gsm|lte 0x2030 level=2
12-23 13:27:20.335  1015  1015 D STATUSBAR-NetworkController: updateRomaingNotification DataRoaming:false mDataRoamingTypeForVZW : 0
12-23 13:27:20.355  1015  1015 W Settings: Setting data_roaming has moved from android.provider.Settings.Secure to android.provider.Settings.Global.
12-23 13:27:20.355  1015  1015 D STATUSBAR-NetworkController: onSignalStrengthsChanged signalStrength=SignalStrength: 99 99 -87 -40 -120 -1 -1 18 -107 -12 4 -1 2147483647 gsm|lte 0x2030 level=2
12-23 13:27:20.355  1015  1015 D STATUSBAR-NetworkController: updateRomaingNotification DataRoaming:false mDataRoamingTypeForVZW : 0
12-23 13:27:20.365  1135  5104 I NfcService: applyRouting return - 2 
12-23 13:27:20.365   495   927 I ServiceKeeper: In getseinfo pid = 495 uid = 1000 seinfo= system
12-23 13:27:20.365   495   927 I ServiceKeeper: In getseinfo pid = 495 uid = 1000 seinfo= system
12-23 13:27:20.365  1135  1135 E NfcService: callback == null
12-23 13:27:20.365   495   927 I ServiceKeeper: In getseinfo pid = 495 uid = 1000 seinfo= system
12-23 13:27:20.365   495   927 I ServiceKeeper: In getseinfo pid = 495 uid = 1000 seinfo= system
12-23 13:27:20.365   495   927 I ServiceKeeper: In getseinfo pid = 495 uid = 1000 seinfo= system
12-23 13:27:20.365   495   927 I ServiceKeeper: In getseinfo pid = 495 uid = 1000 seinfo= system
12-23 13:27:20.365   495   927 I ServiceKeeper: In getseinfo pid = 495 uid = 1000 seinfo= system
12-23 13:27:20.365   495   927 I ServiceKeeper: In getseinfo pid = 495 uid = 1000 seinfo= system
12-23 13:27:20.365   495   927 I ServiceKeeper: In getseinfo pid = 495 uid = 1000 seinfo= system
12-23 13:27:20.375   495   927 I ServiceKeeper: In getseinfo pid = 495 uid = 1000 seinfo= system
12-23 13:27:20.375   495   927 I ServiceKeeper: In getseinfo pid = 495 uid = 1000 seinfo= system
12-23 13:27:20.375   495   927 I ServiceKeeper: In getseinfo pid = 495 uid = 1000 seinfo= system
12-23 13:27:20.375   495   927 I ServiceKeeper: In getseinfo pid = 495 uid = 1000 seinfo= system
12-23 13:27:20.375   495   927 I ServiceKeeper: In getseinfo pid = 495 uid = 1000 seinfo= system
12-23 13:27:20.375   495   927 I ServiceKeeper: In getseinfo pid = 495 uid = 1000 seinfo= system
12-23 13:27:20.375   495   949 V AlarmManager: waitForAlarm result :8
12-23 13:27:20.385   495   927 I ServiceKeeper: In getseinfo pid = 495 uid = 1000 seinfo= system
12-23 13:27:20.395  2406  2406 D accuweather: [MSC_Accu_Daemon]>>> WCS:95 [0:0] checkDay:true, UtilgetIsDay():true
12-23 13:27:20.405   495  2603 D SSRMv2:TSP:AirViewOnOff: DeviceInfo:: 00010000000
12-23 13:27:20.405   495  2603 D SSRMv2:TSP:AirViewOnOff: SettingsAirViewInfo:: 000000000
12-23 13:27:20.415   495  2603 D SSRMv2:SIOP: SIOP:: AP = 410, Delta = 0
12-23 13:27:20.435   495   495 D PowerManagerService: [PWL] sb release: PowerManagerService.Broadcasts
12-23 13:27:20.495   495   949 V AlarmManager: waitForAlarm result :8
12-23 13:27:20.505   495   927 I ServiceKeeper: In getseinfo pid = 495 uid = 1000 seinfo= system
12-23 13:27:20.515   495   927 I ServiceKeeper: In getseinfo pid = 495 uid = 1000 seinfo= system
12-23 13:27:20.615   495   949 V AlarmManager: waitForAlarm result :8
12-23 13:27:20.625   495   927 I ServiceKeeper: In getseinfo pid = 495 uid = 1000 seinfo= system
12-23 13:27:20.625   495   927 I ServiceKeeper: In getseinfo pid = 495 uid = 1000 seinfo= system
12-23 13:27:20.755   173   173 E SMD     : DCD ON
12-23 13:27:20.765   495   952 I InputReader: Touch event's action is 0x0 (deviceType=0) [pCnt=1, s=0.204 ] when=5643348000000
12-23 13:27:20.765   495   951 I InputDispatcher: Delivering touch to: action: 0x4, toolType: 1
12-23 13:27:20.775   495   951 I InputDispatcher: Delivering touch to: action: 0x0, toolType: 1
12-23 13:27:20.775  1015  1015 D LockPatternUtils: isPcwEnable = 10
12-23 13:27:20.785  1015  1015 I KeyguardEffectViewMain: *** KeyguardEffectView getInstance ***
12-23 13:27:20.785   495   997 D PowerManagerService: [api] [s] userActivity : event: 3 flags: 0 (uid: 10226 pid: 1015)
12-23 13:27:20.795   495   927 I ServiceKeeper: In getseinfo pid = 495 uid = 1000 seinfo= system
12-23 13:27:20.815  1015  1015 D LockPatternUtils: isPcwEnable = 10
12-23 13:27:20.835  1015  1015 D LockPatternUtils: isPcwEnable = 10
12-23 13:27:20.855  1015  1015 D LockPatternUtils: isPcwEnable = 10
12-23 13:27:20.865   199   199 D AT_Distributor: Send Msg [UART > ATD] 1 bytes <>
12-23 13:27:20.885  1015  1015 D LockPatternUtils: isPcwEnable = 10
12-23 13:27:20.905  1015  1015 D LockPatternUtils: isPcwEnable = 10
12-23 13:27:20.915   495  6177 D PowerManagerService: [api] [s] userActivity : event: 3 flags: 0 (uid: 10226 pid: 1015)
12-23 13:27:20.925   495   927 I ServiceKeeper: In getseinfo pid = 495 uid = 1000 seinfo= system
12-23 13:27:20.935  1015  1015 D LockPatternUtils: isPcwEnable = 10
12-23 13:27:20.955  1015  1015 D LockPatternUtils: isPcwEnable = 10
12-23 13:27:20.965   495   949 V AlarmManager: waitForAlarm result :8
12-23 13:27:20.975   495   927 I ServiceKeeper: In getseinfo pid = 495 uid = 1000 seinfo= system
12-23 13:27:20.985   495   927 I ServiceKeeper: In getseinfo pid = 495 uid = 1000 seinfo= system
12-23 13:27:20.995  1015  1015 D LockPatternUtils: isPcwEnable = 10
12-23 13:27:21.015  1015  1015 D LockPatternUtils: isPcwEnable = 10
12-23 13:27:21.045  1015  1015 D LockPatternUtils: isPcwEnable = 10
12-23 13:27:21.065  1015  1015 D LockPatternUtils: isPcwEnable = 10
12-23 13:27:21.095  1015  1015 D LockPatternUtils: isPcwEnable = 10
12-23 13:27:21.125  1015  1015 D LockPatternUtils: isPcwEnable = 10
12-23 13:27:21.135   495   927 I ServiceKeeper: In getseinfo pid = 495 uid = 1000 seinfo= system
12-23 13:27:21.135   495   997 D PowerManagerService: [api] [s] userActivity : event: 3 flags: 0 (uid: 10226 pid: 1015)
12-23 13:27:21.145  1015  1015 D LockPatternUtils: isPcwEnable = 10
12-23 13:27:21.175  1015  1015 D LockPatternUtils: isPcwEnable = 10
12-23 13:27:21.205  1015  1015 D LockPatternUtils: isPcwEnable = 10
12-23 13:27:21.235  1015  1015 D LockPatternUtils: isPcwEnable = 10
12-23 13:27:21.246   495   927 I ServiceKeeper: In getseinfo pid = 495 uid = 1000 seinfo= system
12-23 13:27:21.246   495   505 D PowerManagerService: [api] [s] userActivity : event: 3 flags: 0 (uid: 10226 pid: 1015)
12-23 13:27:21.256  1015  1015 D LockPatternUtils: isPcwEnable = 10
12-23 13:27:21.266   495   949 V AlarmManager: waitForAlarm result :8
12-23 13:27:21.286   495   927 I ServiceKeeper: In getseinfo pid = 495 uid = 1000 seinfo= system
12-23 13:27:21.286   495   927 I ServiceKeeper: In getseinfo pid = 495 uid = 1000 seinfo= system
12-23 13:27:21.296  1015  1015 D LockPatternUtils: isPcwEnable = 10
12-23 13:27:21.296   495   952 I InputReader: Touch event's action is 0x1 (deviceType=0) [pCnt=1, s=] when=5643876063000
12-23 13:27:21.296   495   951 I InputDispatcher: Delivering touch to: action: 0x1, toolType: 1
12-23 13:27:21.316  1015  1015 D LockPatternUtils: isPcwEnable = 10
12-23 13:27:21.326  1015  1015 D LockPatternUtils: isPcwEnable = 10
12-23 13:27:21.336   495   505 D LockSettingsService: maybeUpdateKeystore :keyStore.password
12-23 13:27:21.436  1015  1015 D KeyguardHostView: showNextSecurityScreenOrFinish(true)
12-23 13:27:21.436  1015  1015 D KeyguardViewMediator: keyguardDone(true)
12-23 13:27:21.446  1015  1015 D KeyguardViewMediator: handleKeyguardDone
12-23 13:27:21.456  1015  1015 D KeyguardViewMediator: handleHide
12-23 13:27:21.466   179 24279 V AudioPolicyManagerBase: getOutput() device 2, stream 1, samplingRate 0, format 0, channelMask 3, flags 0
12-23 13:27:21.466   179 24279 V AudioPolicyManagerBase: getOutputsForDevice device 0002 -> 0002
12-23 13:27:21.466   179 24279 V AudioPolicyManagerBase: getOutput() returns output 2
12-23 13:27:21.466   179   450 V AudioPolicyManagerBase: getOutput() device 2, stream 1, samplingRate 0, format 0, channelMask 3, flags 0
12-23 13:27:21.466   179   450 V AudioPolicyManagerBase: getOutputsForDevice device 0002 -> 0002
12-23 13:27:21.466   179   450 V AudioPolicyManagerBase: getOutput() returns output 2
12-23 13:27:21.466   179   480 V AudioPolicyManagerBase: getOutput() device 2, stream 1, samplingRate 44100, format 1, channelMask 1, flags 4
12-23 13:27:21.466   179   480 V AudioPolicyManagerBase: getOutputsForDevice device 0002 -> 0002
12-23 13:27:21.466   179   480 V AudioPolicyManagerBase: getOutput() returns output 2
12-23 13:27:21.476   179   479 V AudioPolicyManagerBase: startOutput() output 2, stream 1, session 133
12-23 13:27:21.476   179   479 V AudioPolicyManagerBase: changeRefCount() stream 1, count 1
12-23 13:27:21.476   179   479 W AudioPolicyManagerBase: stream type [13], return media strategy
12-23 13:27:21.476   179   479 W AudioPolicyManagerBase: stream type [13], return media strategy
12-23 13:27:21.476   179   479 W AudioPolicyManagerBase: stream type [13], return media strategy
12-23 13:27:21.476   179   479 W AudioPolicyManagerBase: stream type [13], return media strategy
12-23 13:27:21.476   179   479 V AudioPolicyManagerBase: getNewDevice() selected device 2
12-23 13:27:21.476   179   479 V AudioPolicyManagerBase: setOutputDevice() output 2 device 0002 force 0 delayMs 0 
12-23 13:27:21.476   179   479 V AudioPolicyManagerBase: setOutputDevice() prevDevice 0002
12-23 13:27:21.476   179   479 V AudioPolicyManagerBase: setOutputDevice() setting same device 0002 or null device for output 2
12-23 13:27:21.476   495   927 I ServiceKeeper: In getseinfo pid = 495 uid = 1000 seinfo= system
12-23 13:27:21.476   179   445 D ALSAModule: s_route: devices 0x2 in mode 0
12-23 13:27:21.476   179   445 D ALSAModule: No valid input device: 0
12-23 13:27:21.476   179   445 D alsa_ucm: snd_use_case_set(): uc_mgr 0xb87827d0 identifier _enadev value Speaker
12-23 13:27:21.476   179   445 D ALSAModule: switchDevice 1: curTxUCMDevice VR Main Mic curRxUCMDevice Speaker
12-23 13:27:21.476   179   445 D ALSAModule: switchDevice 2: curTxUCMDevice VR Main Mic curRxDevDevice Speaker
12-23 13:27:21.476   179   445 D alsa_ucm: snd_use_case_set(): uc_mgr 0xb87827d0 identifier _verb value HiFi
12-23 13:27:21.476   179   445 D alsa_ucm: Set mixer controls for Speaker enable 1
12-23 13:27:21.476   179   445 D alsa_ucm: acdb_id 15 cap 1 enable 1
12-23 13:27:21.476   179   445 D ACDB-LOADER: ACDB -> send_audio_cal, acdb_id = 15, path =  0
12-23 13:27:21.476   179   445 D ACDB-LOADER: ACDB -> send_adm_topology
12-23 13:27:21.476   179   445 D ACDB-LOADER: ACDB -> ACDB_CMD_GET_AUDPROC_COMMON_TOPOLOGY_ID
12-23 13:27:21.476   179   445 D ACDB-LOADER: ACDB -> send_audtable
12-23 13:27:21.476   179   445 D ACDB-LOADER: ACDB -> ACDB_CMD_GET_AUDPROC_COMMON_TABLE
12-23 13:27:21.476   179   445 D ACDB-LOADER: ACDB -> AUDIO_SET_AUDPROC_CAL
12-23 13:27:21.476   179   445 D ACDB-LOADER: ACDB -> send_audvoltable
12-23 13:27:21.476   179   445 D ACDB-LOADER: ACDB -> ACDB_CMD_GET_AUDPROC_GAIN_DEP_VOLTBL_STEP_COPP
12-23 13:27:21.476   179   445 D ACDB-LOADER: ACDB -> AUDIO_SET_AUDPROC_VOL_CAL
12-23 13:27:21.476   179   445 D ACDB-LOADER: ACDB -> send_afe_cal
12-23 13:27:21.476   179   445 D ACDB-LOADER: ACDB -> ACDB_CMD_GET_AFE_COMMON_TABLE
12-23 13:27:21.476   179   445 E ACDB-LOADER: Error: ACDB AFE returned = -8
12-23 13:27:21.476   179   445 D ACDB-LOADER: ACDB -> AUDIO_SET_AFE_CAL
12-23 13:27:21.476   179   445 D alsa_ucm: Setting mixer control: PRI_RX Channels, value: Two
12-23 13:27:21.476   179   445 D alsa_ucm: Setting mixer control: RX5 MIX1 INP1, value: RX1
12-23 13:27:21.486   179   445 D alsa_ucm: Setting mixer control: RX5 MIX1 INP2, value: RX2
12-23 13:27:21.486   495   927 I ServiceKeeper: In getseinfo pid = 495 uid = 1000 seinfo= system
12-23 13:27:21.486   179   445 D alsa_ucm: Setting mixer control: RX6 DSM MUX, value: DSM_INV
12-23 13:27:21.486   179   445 D alsa_ucm: Setting mixer control: LINEOUT2 Volume, value: 100
12-23 13:27:21.486   179   445 D alsa_ucm: Setting mixer control: LINEOUT4 Volume, value: 100
12-23 13:27:21.486   179   445 D alsa_ucm: Setting mixer control: RX5 Digital Volume, value: 65
12-23 13:27:21.486   179   386 V AudioPolicyManagerBase: releaseOutput() 2
12-23 13:27:21.486   179   445 D alsa_ucm: Set mixer controls for HiFi enable 1
12-23 13:27:21.486   179   445 D alsa_ucm: Setting mixer control: PRI_RX Audio Mixer MultiMedia1, value: 1
12-23 13:27:21.486   179   445 D ALSAModule: s_close: handle 0xb87af330 h 0x0
12-23 13:27:21.486   179   445 D ALSAModule: erase handle from mHandleList
12-23 13:27:21.486   179   445 D ALSAModule: s_open: handle 0xb87af330
12-23 13:27:21.486   179   445 D ALSAModule: Device value returned is hw:0,0
12-23 13:27:21.486   179 24279 W AudioFlinger: session id 116 not found for pid 1015
12-23 13:27:21.486   495   927 I ServiceKeeper: In getseinfo pid = 495 uid = 1000 seinfo= system
12-23 13:27:21.486  1015  1015 D KeyguardViewManager: hide()
12-23 13:27:21.486  1015  1015 I KeyguardEffectViewMain: *** KeyguardEffectView getInstance ***
12-23 13:27:21.496  1015  1015 D VisualEffectCircleUnlockEffect: KeyguardEffectViewNone : cleanUp
12-23 13:27:21.496  1015  1015 V KeyguardUpdateMonitor: *** unregister callback for com.android.keyguard.sec.KeyguardEffectViewMain$2@42125968
12-23 13:27:21.496   179   445 D ALSAModule: setHardwareParams: reqBuffSize 2048 channels 2 sampleRate 44100
12-23 13:27:21.496  1149  1149 D Launcher.HomeFragment: onStart
12-23 13:27:21.496   179   445 D ALSAModule: setHardwareParams: buffer_size 16384, period_size 2048, period_cnt 8
12-23 13:27:21.496   179   445 D ALSAModule: start_threshold is 1024
12-23 13:27:21.516  1015 10264 D KeyguardUpdateMonitor: sendKeyguardVisibilityChanged(true)
12-23 13:27:21.526  1015  9288 D KeyguardUpdateMonitor: sendKeyguardVisibilityChanged(true)
12-23 13:27:21.536  1015  1028 D KeyguardUpdateMonitor: sendKeyguardVisibilityChanged(true)
12-23 13:27:21.546  1015  1015 D KeyguardViewMediator: adjustStatusBarLocked: mShowing=false mHidden=false isSecure=true --> flags=0x0
12-23 13:27:21.546   495  1577 D EnterpriseDeviceManager: ContainerId: 0
12-23 13:27:21.546   495  1577 D STATUSBAR-StatusBarManagerService: manageDisableList what=0x0 pkg=com.android.keyguard
12-23 13:27:21.546   495  4439 D StatusBarManagerService: semi p:1149,o:f
12-23 13:27:21.546   495  1163 D StatusBarManagerService: semi p:1149,o:f
12-23 13:27:21.566   495   813 E Sensors : accelHandler -0.085023 0.150886 9.654324
12-23 13:27:21.566   495   949 V AlarmManager: waitForAlarm result :8
12-23 13:27:21.586  1149  1149 E Launcher: Error finding setting, default accessibility to not found: accessibility_enabled
12-23 13:27:21.586  1149  1149 D Launcher.HomeFragment: onResume
12-23 13:27:21.586  1149  1149 D MenuAppsGridFragment: onResume
12-23 13:27:21.586   495   495 D LightsService: [api] [SvcLED] turnOff:: id = 4 (uid: 1000 pid: 495) 
12-23 13:27:21.586   495   495 D LightsService: [SvcLED] setSvcLedStateLocked:: SvcLEDState : 0x0 -> 0x0 | SvcLED(id=4) set Off
12-23 13:27:21.596   495   495 D PalmMotionService: else - mSurfaceTouchSharingData:1 mSettingPalmTouch1
12-23 13:27:21.596  1455  1455 I MultiWindowTrayService: mHomeResumeReceiver : onReceive
12-23 13:27:21.596  1455  1455 I Sally Service: removeWindow window
12-23 13:27:21.596   495   942 D LightsService: [SvcLED] Lux failed to be updated in 700ms. -> handleForcedSvcLEDTasK
12-23 13:27:21.596   495   942 D LightsService: [SvcLED]  setSvcLedLightLocked :: Current SvcLED(id=3) maintains its priority right
12-23 13:27:21.596   495   495 E MotionRecognitionService:   mReceiver.onReceive : ACTION_USER_PRESENT  :: UNLOCK SCREEN
12-23 13:27:21.596   495  2603 D SSRMv2:TSP:AirViewOnOff: DeviceInfo:: 00000000000
12-23 13:27:21.596   495  2603 D SSRMv2:TSP:AirViewOnOff: SettingsAirViewInfo:: 000000000
12-23 13:27:21.596   495  4439 V WindowManager: rotationForOrientationLw(orient=5, last=0); user=0 USER_ROTATION_LOCKED sensorRotation=-1 mLidState=-1 mDockMode=0 mHdmiPlugged=false mAccelerometerDefault=false gripRotationLock=false
12-23 13:27:21.596   495   916 D STATUSBAR-StatusBarManagerService: manageDisableList what=0x0 pkg=WindowManager.LayoutParams
12-23 13:27:21.606   495   916 D EnterpriseDeviceManager: ContainerId: 0
12-23 13:27:21.606  1015  7323 D KeyguardUpdateMonitor: sendKeyguardVisibilityChanged(true)
12-23 13:27:21.606   495   927 I ServiceKeeper: In getseinfo pid = 495 uid = 1000 seinfo= system
12-23 13:27:21.606  1135  1317 I NfcService: applyRouting return - 2 
12-23 13:27:21.606   495   927 I ServiceKeeper: In getseinfo pid = 495 uid = 1000 seinfo= system
12-23 13:27:21.606  1135  1135 E NfcService: callback == null
12-23 13:27:21.606   495   911 D PointerIcon: setMouseIconStyle1 pointerType: 1001iconType:101 flag:0
12-23 13:27:21.606   495   911 D PointerIcon: setMouseCustomIcon IconType is same.101
