12-23 13:54:16.422   179 31560 V AwesomePlayer: notifyListner_l() msg (200-MEDIA_INFO), ext1 (973), ext2 (0)
12-23 13:54:16.422   179 31560 V MediaPlayerService: [59] notify (0xb87eaab0, 200, 973, 0)
12-23 13:54:16.422  1015  9499 V MediaPlayer: message received msg=200, ext1=973, ext2=0
12-23 13:54:16.422  1015  9499 W MediaPlayer: info/warning (973, 0)
12-23 13:54:16.422  1015  9499 V MediaPlayer: callback application
12-23 13:54:16.422  1015  9499 V MediaPlayer: back from callback
12-23 13:54:16.422   179 31560 V AwesomePlayer: notifyListner_l() msg (5-MEDIA_SET_VIDEO_SIZE), ext1 (0), ext2 (0)
12-23 13:54:16.422   179 31560 V MediaPlayerService: [59] notify (0xb87eaab0, 5, 0, 0)
12-23 13:54:16.422  1015  9288 V MediaPlayer: message received msg=5, ext1=0, ext2=0
12-23 13:54:16.422  1015  9288 V MediaPlayer: New video size 0 x 0
12-23 13:54:16.422  1015  9288 V MediaPlayer: callback application
12-23 13:54:16.422  1015  9288 V MediaPlayer: back from callback
12-23 13:54:16.422   179 31560 V AwesomePlayer: notifyListner_l() msg (1-MEDIA_PREPARED), ext1 (0), ext2 (0)
12-23 13:54:16.422   179 31560 V MediaPlayerService: [59] notify (0xb87eaab0, 1, 0, 0)
12-23 13:54:16.422  1015  9103 V MediaPlayer: message received msg=1, ext1=0, ext2=0
12-23 13:54:16.422  1015  9103 V MediaPlayer: prepared
12-23 13:54:16.422  1015  9103 V MediaPlayer: signal application thread
12-23 13:54:16.422  1015  9103 V MediaPlayer: callback application
12-23 13:54:16.422  1015  9103 V MediaPlayer: back from callback
12-23 13:54:16.422  1015 31559 V MediaPlayer: prepare complete - status=0
12-23 13:54:16.422   495  1576 I MediaFocusControl:  AudioFocus  requestAudioFocus() from android.media.AudioManager$42787e38 hint:3
12-23 13:54:16.422  1015 31559 V MediaPlayer-JNI: start
12-23 13:54:16.422  1015 31559 V MediaPlayer: start
12-23 13:54:16.422   179   479 V MediaPlayerService: [59] setLooping(0)
12-23 13:54:16.422   179   479 V StagefrightPlayer: setLooping
12-23 13:54:16.422   179   479 V AwesomePlayer: setLooping (0)
12-23 13:54:16.422   179   480 V MediaPlayerService: [59] setVolume(1.000000, 1.000000)
12-23 13:54:16.422   179   480 V AudioSink: setVolume(1.000000, 1.000000)
12-23 13:54:16.432   179 16779 V MediaPlayerService: [59] setAuxEffectSendLevel(0.000000)
12-23 13:54:16.432   179 16779 V AudioSink: setAuxEffectSendLevel(0.000000)
12-23 13:54:16.432   179   450 V MediaPlayerService: [59] start
12-23 13:54:16.432   179   450 V StagefrightPlayer: setLooping
12-23 13:54:16.432   179   450 V AwesomePlayer: setLooping (0)
12-23 13:54:16.432   179   450 E MediaPlayerService: WFD client is not created 
12-23 13:54:16.432   179   450 V StagefrightPlayer: start
12-23 13:54:16.432   179   450 V AwesomePlayer: play
12-23 13:54:16.432   179   450 V AwesomePlayer: AwesomePlayer::play_l():: This is not a DRM content
12-23 13:54:16.432   179   450 W AwesomePlayer: Trying to create tunnel player mIsTunnelAudio 0,             TunnelPlayer::mTunnelObjectsAlive = 0,            (mAudioPlayer == NULL) 1
12-23 13:54:16.432   179   450 V AwesomePlayer: nchannels 1;LPA will be skipped if nchannels is > 2 or nchannels == 0
12-23 13:54:16.432   179   450 W AudioPolicyManagerBase: stream type [13], return media strategy
12-23 13:54:16.432   179   450 W AudioPolicyManagerBase: stream type [13], return media strategy
12-23 13:54:16.432   179   450 W AudioPolicyManagerBase: stream type [13], return media strategy
12-23 13:54:16.432   179   450 W AudioPolicyManagerBase: stream type [13], return media strategy
12-23 13:54:16.432   179   450 W AudioPolicyManagerBase: stream type [13], return media strategy
12-23 13:54:16.432   179   450 W AudioPolicyManagerBase: stream type [13], return media strategy
12-23 13:54:16.432   179   450 V AudioPolicyManagerBase: getNewDevice() selected device 0
12-23 13:54:16.432   179   450 I AudioPolicyManagerBase: ### curdevice : 2
12-23 13:54:16.432   179   450 E AwesomePlayer: LPAPlayer::Clip duration setting of less than 30sec not supported, defaulting to 60sec
12-23 13:54:16.432   179   450 V AwesomePlayer: LPAPlayer::getObjectsAlive() 0
12-23 13:54:16.432   179   450 V AwesomePlayer: startAudioPlayer_l, sendErrorNotification (0)
12-23 13:54:16.442  1015  1015 V KeyguardUpdateMonitor: handleSetGenerationId(g=79, clear=true)
12-23 13:54:16.442   179 31562 I OMXNodeInstance: OMX_FreeBuffer for buffer header 0xb87d9b68 successful
12-23 13:54:16.442   179 31562 I OMXNodeInstance: OMX_FreeBuffer for buffer header 0xb87d9d78 successful
12-23 13:54:16.442   179 31562 I OMXNodeInstance: OMX_FreeBuffer for buffer header 0xb87d9eb8 successful
12-23 13:54:16.442   179 31562 I OMXNodeInstance: OMX_FreeBuffer for buffer header 0xb8807cc8 successful
12-23 13:54:16.442 31412 31412 D videowall-TranscodeService: service on
12-23 13:54:16.442   179 31562 I OMXCodec: [OMX.google.vorbis.decoder] 0onCmdComplete  mState =  7
12-23 13:54:16.442   179 31562 I OMXCodec: [OMX.google.vorbis.decoder] PORT_DISABLED(1)
12-23 13:54:16.442   179 31562 I OMXCodec: [OMX.google.vorbis.decoder] allocating 4 buffers of size 32768 on output port
12-23 13:54:16.442   179   450 I AudioPlayer:  Audioplayer kKeyAudioPCMFormat:1, 1, 0
12-23 13:54:16.442   179   450 I AudioPlayer:  Audioplayer kKeyAudioPCMFormat read fail(1, 1)
12-23 13:54:16.442   179   450 V AudioSink: open(44100, 1, 0x0, 0x1, 4, 142 0x0)
12-23 13:54:16.442   179   450 V AudioPolicyManagerBase: getOutput() device 2, stream 5, samplingRate 0, format 0, channelMask 3, flags 0
12-23 13:54:16.442   179   450 V AudioPolicyManagerBase: getOutputsForDevice device 0002 -> 0002
12-23 13:54:16.442   179   450 V AudioPolicyManagerBase: getOutput() returns output 2
12-23 13:54:16.442   179   450 V AudioPolicyManagerBase: getOutput() device 2, stream 5, samplingRate 0, format 0, channelMask 3, flags 0
12-23 13:54:16.442   179   450 V AudioPolicyManagerBase: getOutputsForDevice device 0002 -> 0002
12-23 13:54:16.442   179   450 V AudioPolicyManagerBase: getOutput() returns output 2
12-23 13:54:16.442   179   450 V AudioSink: no track available to recycle
12-23 13:54:16.442   179   450 V AudioSink: creating new AudioTrack
12-23 13:54:16.442   179   450 V AudioPolicyManagerBase: getOutput() device 2, stream 5, samplingRate 44100, format 1, channelMask 1, flags 0
12-23 13:54:16.442   179   450 V AudioPolicyManagerBase: getOutputsForDevice device 0002 -> 0002
12-23 13:54:16.442   179   450 V AudioPolicyManagerBase: getOutput() returns output 2
12-23 13:54:16.442 31412 31412 D videowall-TranscodeService: power? : true / screen off : false
12-23 13:54:16.442 31412 31412 D videowall-TranscodeService: releaseTransThread.
12-23 13:54:16.442   179   450 V AudioSink: deleteRecycledTrack
12-23 13:54:16.442   179   450 V AudioSink: setVolume
12-23 13:54:16.442   179   450 V AudioPolicyManagerBase: getOutput() device 2, stream 5, samplingRate 0, format 0, channelMask 3, flags 0
12-23 13:54:16.442   179   450 V AudioPolicyManagerBase: getOutputsForDevice device 0002 -> 0002
12-23 13:54:16.442   179   450 V AudioPolicyManagerBase: getOutput() returns output 2
12-23 13:54:16.442   179   450 V AudioSink: open() DONE status 0
12-23 13:54:16.442   179   450 V AudioSink: start
12-23 13:54:16.442   179   450 V AudioPolicyManagerBase: startOutput() output 2, stream 5, session 142
12-23 13:54:16.442   179   450 V AudioPolicyManagerBase: changeRefCount() stream 5, count 1
12-23 13:54:16.442   179   450 W AudioPolicyManagerBase: stream type [13], return media strategy
12-23 13:54:16.442   179   450 W AudioPolicyManagerBase: stream type [13], return media strategy
12-23 13:54:16.442   179   450 V AudioPolicyManagerBase: getNewDevice() selected device 2
12-23 13:54:16.442   179   450 V AudioPolicyManagerBase: setOutputDevice() output 2 device 0002 force 0 delayMs 0 
12-23 13:54:16.442   179   450 V AudioPolicyManagerBase: setOutputDevice() prevDevice 0002
12-23 13:54:16.442   179   450 V AudioPolicyManagerBase: setOutputDevice() setting same device 0002 or null device for output 2
12-23 13:54:16.442   179   450 V AwesomePlayer: notifyListner_l() msg (6-MEDIA_STARTED), ext1 (0), ext2 (0)
12-23 13:54:16.442   179   450 V MediaPlayerService: [59] notify (0xb87eaab0, 6, 0, 0)
12-23 13:54:16.442  1015  7045 V MediaPlayer: message received msg=6, ext1=0, ext2=0
12-23 13:54:16.442   179   450 V AwesomePlayer: addBatteryData
12-23 13:54:16.442  1015  1015 D BatteryMeterView: onDraw batteryColor : -1
12-23 13:54:16.452  1015 31559 V MediaPlayer-JNI: release
12-23 13:54:16.452  1015 31559 V MediaPlayer: setListener
12-23 13:54:16.452  1015 31559 V MediaPlayer: disconnect
12-23 13:54:16.452  1015  7045 V MediaPlayer: Received MEDIA_STARTED
12-23 13:54:16.452  1015  7045 V MediaPlayer: callback application
12-23 13:54:16.452  1015  7045 V MediaPlayer: back from callback
12-23 13:54:16.452   179 24279 V MediaPlayerService: disconnect(58) from pid 1015
12-23 13:54:16.452   179 24279 V StagefrightPlayer: reset
12-23 13:54:16.452   179 24279 V AwesomePlayer: reset_l()
12-23 13:54:16.452   179 24279 V AwesomePlayer: notifyListner_l() msg (8-MEDIA_STOPPED), ext1 (0), ext2 (0)
12-23 13:54:16.452   179 24279 V AwesomePlayer: cancelPlayerEvents (keepNotifications=0)
12-23 13:54:16.452   179 24279 V AwesomePlayer: mAudioTrackVector clear
12-23 13:54:16.452   179 24279 V AudioSink: stop
12-23 13:54:16.452   179 24279 V AudioSink: flush
12-23 13:54:16.452   179   445 D ALSAModule: s_route: devices 0x2 in mode 0
12-23 13:54:16.452   179   445 D ALSAModule: No valid input device: 0
12-23 13:54:16.452   179   445 D alsa_ucm: snd_use_case_set(): uc_mgr 0xb87827d0 identifier _enadev value Speaker
12-23 13:54:16.452   179   445 D ALSAModule: switchDevice 1: curTxUCMDevice VR Main Mic curRxUCMDevice Speaker
12-23 13:54:16.452   179   445 D ALSAModule: switchDevice 2: curTxUCMDevice VR Main Mic curRxDevDevice Speaker
12-23 13:54:16.452   179   445 D alsa_ucm: snd_use_case_set(): uc_mgr 0xb87827d0 identifier _verb value HiFi
12-23 13:54:16.452   179   445 D alsa_ucm: Set mixer controls for Speaker enable 1
12-23 13:54:16.452   179   445 D alsa_ucm: acdb_id 15 cap 1 enable 1
12-23 13:54:16.452   179   445 D ACDB-LOADER: ACDB -> send_audio_cal, acdb_id = 15, path =  0
12-23 13:54:16.452   179   445 D ACDB-LOADER: ACDB -> send_adm_topology
12-23 13:54:16.452   179   445 D ACDB-LOADER: ACDB -> ACDB_CMD_GET_AUDPROC_COMMON_TOPOLOGY_ID
12-23 13:54:16.452   179   445 D ACDB-LOADER: ACDB -> send_audtable
12-23 13:54:16.452   179   445 D ACDB-LOADER: ACDB -> ACDB_CMD_GET_AUDPROC_COMMON_TABLE
12-23 13:54:16.452   179   445 D ACDB-LOADER: ACDB -> AUDIO_SET_AUDPROC_CAL
12-23 13:54:16.452   179   445 D ACDB-LOADER: ACDB -> send_audvoltable
12-23 13:54:16.452   179   445 D ACDB-LOADER: ACDB -> ACDB_CMD_GET_AUDPROC_GAIN_DEP_VOLTBL_STEP_COPP
12-23 13:54:16.452   179   445 D ACDB-LOADER: ACDB -> AUDIO_SET_AUDPROC_VOL_CAL
12-23 13:54:16.452   179   445 D ACDB-LOADER: ACDB -> send_afe_cal
12-23 13:54:16.452   179   445 D ACDB-LOADER: ACDB -> ACDB_CMD_GET_AFE_COMMON_TABLE
12-23 13:54:16.452   179   445 E ACDB-LOADER: Error: ACDB AFE returned = -8
12-23 13:54:16.452   179   445 D ACDB-LOADER: ACDB -> AUDIO_SET_AFE_CAL
12-23 13:54:16.452   179   445 D alsa_ucm: Setting mixer control: PRI_RX Channels, value: Two
12-23 13:54:16.452   179   445 D alsa_ucm: Setting mixer control: RX5 MIX1 INP1, value: RX1
12-23 13:54:16.452 31438 31452 D PicasaUploaderSyncManager: battery info: true
12-23 13:54:16.452   179 24279 V AudioSink: +++ close
12-23 13:54:16.452   179 31569 W AudioSink: Event underrun
12-23 13:54:16.452   179 31569 D AudioSink: Callback!!!
12-23 13:54:16.452   495   927 I ServiceKeeper: In getseinfo pid = 495 uid = 1000 seinfo= system
12-23 13:54:16.452   179   445 D alsa_ucm: Setting mixer control: RX5 MIX1 INP2, value: RX2
12-23 13:54:16.452   179   386 V AudioPolicyManagerBase: releaseOutput() 2
12-23 13:54:16.452   179   445 D alsa_ucm: Setting mixer control: RX6 DSM MUX, value: DSM_INV
12-23 13:54:16.452   179   445 D alsa_ucm: Setting mixer control: LINEOUT2 Volume, value: 100
12-23 13:54:16.452   179   445 D alsa_ucm: Setting mixer control: LINEOUT4 Volume, value: 100
12-23 13:54:16.452   179   445 D alsa_ucm: Setting mixer control: RX5 Digital Volume, value: 65
12-23 13:54:16.452   179   445 D alsa_ucm: Set mixer controls for HiFi enable 1
12-23 13:54:16.452   179   445 D alsa_ucm: Setting mixer control: PRI_RX Audio Mixer MultiMedia1, value: 1
12-23 13:54:16.452   179   445 D ALSAModule: s_close: handle 0xb87af330 h 0x0
12-23 13:54:16.452   179   445 D ALSAModule: erase handle from mHandleList
12-23 13:54:16.452   179   445 D ALSAModule: s_open: handle 0xb87af330
12-23 13:54:16.452   179   445 D ALSAModule: Device value returned is hw:0,0
12-23 13:54:16.462   179 24279 V AudioSink: --- close
12-23 13:54:16.462   179 24279 I OMXCodec: [OMX.google.vorbis.decoder] stop mState=4
12-23 13:54:16.462   179 24279 I OMXCodec: [OMX.google.vorbis.decoder] stop() sendCommand(0x51, OMX_CommandStateSet, OMX_StateIdle)
12-23 13:54:16.462   179 31434 I OMXCodec: [OMX.google.vorbis.decoder] Now Idle. Component sends idle done Event 
12-23 13:54:16.462   179 31434 I OMXNodeInstance: OMX_FreeBuffer for buffer header 0xb8877798 successful
12-23 13:54:16.462   179 31434 I OMXNodeInstance: OMX_FreeBuffer for buffer header 0xb87d31f0 successful
12-23 13:54:16.462   179 31434 I OMXNodeInstance: OMX_FreeBuffer for buffer header 0xb87d3120 successful
12-23 13:54:16.462   179 31434 I OMXNodeInstance: OMX_FreeBuffer for buffer header 0xb87fb508 successful
12-23 13:54:16.462   179 31434 I OMXNodeInstance: OMX_FreeBuffer for buffer header 0xb87cc4f0 successful
12-23 13:54:16.462   179 31434 I OMXNodeInstance: OMX_FreeBuffer for buffer header 0xb87cc3e8 successful
12-23 13:54:16.462   179 31434 I OMXNodeInstance: OMX_FreeBuffer for buffer header 0xb87f6488 successful
12-23 13:54:16.462   179   445 D ALSAModule: setHardwareParams: reqBuffSize 2048 channels 2 sampleRate 44100
12-23 13:54:16.462   179 31434 I OMXNodeInstance: OMX_FreeBuffer for buffer header 0xb882feb0 successful
12-23 13:54:16.462   179 24279 I OMXCodec: [OMX.google.vorbis.decoder] stopOmxComponent_l() mstate = 1
12-23 13:54:16.462   179 24279 I OMX     : instance freeNode
12-23 13:54:16.462   495   927 I ServiceKeeper: In getseinfo pid = 495 uid = 1000 seinfo= system
12-23 13:54:16.462   495   927 I ServiceKeeper: In getseinfo pid = 495 uid = 1000 seinfo= system
12-23 13:54:16.462   179 24279 I AudioPlayer: reset out
12-23 13:54:16.462   179 24279 V AwesomePlayer: reset_l() mAudioPlayer successfully deleted
12-23 13:54:16.462   179 24279 I SecMediaClock: SecMediaClock destructor
12-23 13:54:16.462   179 24279 V AwesomePlayer: mSecMediaClock clear
12-23 13:54:16.462   179 24279 V StagefrightPlayer: ~StagefrightPlayer
12-23 13:54:16.462   179 24279 V StagefrightPlayer: reset
12-23 13:54:16.462   179 24279 V AwesomePlayer: reset_l()
12-23 13:54:16.462   179 24279 V AwesomePlayer: notifyListner_l() msg (8-MEDIA_STOPPED), ext1 (0), ext2 (0)
12-23 13:54:16.462   179 24279 V AwesomePlayer: cancelPlayerEvents (keepNotifications=0)
12-23 13:54:16.462   179 24279 V AwesomePlayer: mAudioTrackVector clear
12-23 13:54:16.462   179 24279 V AwesomePlayer: reset_l() mAudioPlayer successfully deleted
12-23 13:54:16.462   495   927 I ServiceKeeper: In getseinfo pid = 495 uid = 1000 seinfo= system
12-23 13:54:16.462   179 24279 V AwesomePlayer: mSecMediaClock clear
12-23 13:54:16.462   179 24279 V AwesomePlayer: destructor
12-23 13:54:16.462   495   927 I ServiceKeeper: In getseinfo pid = 495 uid = 1000 seinfo= system
12-23 13:54:16.462   495   927 I ServiceKeeper: In getseinfo pid = 495 uid = 1000 seinfo= system
12-23 13:54:16.462   495   927 I ServiceKeeper: In getseinfo pid = 495 uid = 1000 seinfo= system
12-23 13:54:16.462  1697  1697 I iu.Environment: update battery state; isPlugged? true*
12-23 13:54:16.462   179   445 D ALSAModule: setHardwareParams: buffer_size 16384, period_size 2048, period_cnt 8
12-23 13:54:16.462   179   445 D ALSAModule: start_threshold is 1024
12-23 13:54:16.462   179 24279 V AwesomePlayer: reset_l()
12-23 13:54:16.462   179 24279 V AwesomePlayer: notifyListner_l() msg (8-MEDIA_STOPPED), ext1 (0), ext2 (0)
12-23 13:54:16.462   179 24279 V AwesomePlayer: cancelPlayerEvents (keepNotifications=0)
12-23 13:54:16.462   179 24279 V AwesomePlayer: mAudioTrackVector clear
12-23 13:54:16.462   179 24279 V AwesomePlayer: reset_l() mAudioPlayer successfully deleted
12-23 13:54:16.462   179 24279 V AwesomePlayer: mSecMediaClock clear
12-23 13:54:16.472  1015 31559 V MediaPlayer: destructor
12-23 13:54:16.472   179   179 W AudioFlinger: session id 140 not found for pid 1015
12-23 13:54:16.472   179   179 V MediaPlayerService: Client(58) destructor pid = 1015
12-23 13:54:16.472  1015 31559 V MediaPlayer: disconnect
12-23 13:54:16.472   179   179 V AudioSink: +++ close
12-23 13:54:16.472   179   179 V AudioSink: --- close
12-23 13:54:16.472   179   179 V AudioSink: closeSession
12-23 13:54:16.472   179   179 V MediaPlayerService: disconnect(58) from pid 1015
12-23 13:54:16.472  1015 31559 I MediaPlayer: Don't send intent. msg.arg1 = 0, msg.arg2 = 0
12-23 13:54:16.472  1015 31559 E MediaPlayer: Should have subtitle controller already set
12-23 13:54:16.472   495   927 I ServiceKeeper: In getseinfo pid = 495 uid = 1000 seinfo= system
12-23 13:54:16.472  1015 31559 V MediaPlayer-JNI: getCurrentPosition: 103 (msec)
12-23 13:54:16.472  1015 31559 V MediaPlayer-JNI: isPlaying: 1
12-23 13:54:16.482  1451  1451 I GCoreUlr: Starting service, intent=Intent { act=com.google.android.location.reporting.ACTION_UPDATE_WORLD cmp=com.google.android.gms/com.google.android.location.reporting.service.DispatchingService (has extras) }, extras=Bundle[{receiverAction=android.intent.action.ACTION_POWER_CONNECTED}]
12-23 13:54:16.492  1697  4435 I iu.UploadsManager: num queued entries: 0
12-23 13:54:16.492   179 31569 I AudioTrack: track is underrun status. skip wait time.
12-23 13:54:16.512  1697 31571 I iu.FingerprintManager: Start processing all media
12-23 13:54:16.512   495   927 I ServiceKeeper: In getseinfo pid = 495 uid = 1000 seinfo= system
12-23 13:54:16.512   495   927 I ServiceKeeper: In getseinfo pid = 495 uid = 1000 seinfo= system
12-23 13:54:16.512   495   927 I ServiceKeeper: In getseinfo pid = 495 uid = 1000 seinfo= system
12-23 13:54:16.512   495   927 I ServiceKeeper: In getseinfo pid = 495 uid = 1000 seinfo= system
12-23 13:54:16.512   495   927 I ServiceKeeper: In getseinfo pid = 495 uid = 1000 seinfo= system
12-23 13:54:16.512   495   927 I ServiceKeeper: In getseinfo pid = 495 uid = 1000 seinfo= system
12-23 13:54:16.522  1451  1878 I GCoreUlr: WorldUpdater received intent Intent { act=com.google.android.location.reporting.ACTION_UPDATE_WORLD cmp=com.google.android.gms/com.google.android.location.reporting.service.DispatchingService (has extras) } with receiverAction android.intent.action.ACTION_POWER_CONNECTED
12-23 13:54:16.522   495   949 V AlarmManager: waitForAlarm result :4
12-23 13:54:16.532   495   949 V AlarmManager: waitForAlarm result :4
12-23 13:54:16.542   495   927 I ServiceKeeper: In getseinfo pid = 495 uid = 1000 seinfo= system
12-23 13:54:16.542   495   927 I ServiceKeeper: In getseinfo pid = 495 uid = 1000 seinfo= system
12-23 13:54:16.542   495   927 I ServiceKeeper: In getseinfo pid = 495 uid = 1000 seinfo= system
12-23 13:54:16.542  1697 31571 I iu.FingerprintManager: Start processing media store URI: content://media/external/images/media
12-23 13:54:16.542  1697  4435 I iu.UploadsManager: num updated entries: 0
12-23 13:54:16.612  1697  4435 I iu.SyncManager: NEXT; no task
12-23 13:54:16.632  1697 31571 I iu.FingerprintManager: Start processing media store URI: content://media/external/video/media
12-23 13:54:16.642  1697 31571 I iu.FingerprintManager: Start processing media store URI: content://media/phoneStorage/images/media
12-23 13:54:16.642  1697 31571 I iu.FingerprintManager: Start processing media store URI: content://media/phoneStorage/video/media
12-23 13:54:16.642  1697 31571 I iu.FingerprintManager: Finished generating fingerprints; 0.134 seconds
12-23 13:54:16.642  1697 31571 I iu.FingerprintManager:   numSeen=180 numGenerated=0 numDeleted=0 numFailed=0
12-23 13:54:16.642   495   949 V AlarmManager: waitForAlarm result :12
12-23 13:54:16.652   495   949 V AlarmManager: trigger ELAPSED_REALTIME_WAKEUP or RTC_WAKEUP
12-23 13:54:16.662   495   927 I ServiceKeeper: In getseinfo pid = 495 uid = 1000 seinfo= system
12-23 13:54:16.662   495   927 I ServiceKeeper: In getseinfo pid = 495 uid = 1000 seinfo= system
12-23 13:54:16.662   495   927 I ServiceKeeper: In getseinfo pid = 495 uid = 1000 seinfo= system
12-23 13:54:16.662   495   927 I ServiceKeeper: In getseinfo pid = 495 uid = 1000 seinfo= system
12-23 13:54:16.662   495   922 V UsbDeviceManager: USB UEVENT: {USB_STATE=CONNECTED, SUBSYSTEM=android_usb, DEVPATH=/devices/virtual/android_usb/android0, SEQNUM=8990, ACTION=change}
12-23 13:54:16.672   495   915 D UsbDeviceManager: handleMessage -> MSG_UPDATE_STATE connected = 1,configured = 0
12-23 13:54:16.672   495   915 D UsbDeviceManager: updateUsbNotification : mConnected = true, mConfigured = false, mCurrentFunctions = mass_storage,adb
12-23 13:54:16.682   179 31562 I OMXCodec: [OMX.google.vorbis.decoder] End Of Stream
12-23 13:54:16.682   495   915 D UsbDeviceManager: updateUsbNotification : notify id = 17041212, title = Connected as an installer
12-23 13:54:16.682   495   915 D UsbDeviceManager: sending intent : ACTION_USB_STATE : connected = true, configured = false, functions = mass_storage,adb
12-23 13:54:16.692   495   495 D NotificationService: Sending broadcast with sbn as extra = StatusBarNotification(pkg=android user=UserHandle{-1} id=17041212 tag=null score=10: Notification(pri=1 icon=108080d contentView=android/0x109007f vibrate=null sound=null defaults=0x0 flags=0x2 when=0 ledARGB=0x0 contentIntent=Y deleteIntent=N contentTitle=25 contentText=28 tickerText=25 kind=[null]))
12-23 13:54:16.692   495   495 D RCPManagerService: NotificationReceiver onReceive()
12-23 13:54:16.692   495   495 D RCPManagerService:  NotificationReceiver sbn.getPackageName() android sbn.getUser().getIdentifier() -1
12-23 13:54:16.692   495   495 I ServiceKeeper: In getseinfo pid = 495 uid = 1000 seinfo= system
12-23 13:54:16.692   495   495 D RCPManagerService: getPolicy: Policy checking block entered for Notifications; for user/persona = -1 ; Policy = knox-sanitize-data ; token = 4294967296495
12-23 13:54:16.692   495   495 I ServiceKeeper: In getseinfo pid = 495 uid = 1000 seinfo= system
12-23 13:54:16.692   495   495 D RCPManagerService: getPolicy: policy value returned = false
12-23 13:54:16.692   495   495 D RCPManagerService: going to get the app label for pkg == android
12-23 13:54:16.692   495   495 D RCPManagerService: app label == android
12-23 13:54:16.692   495   495 I ServiceKeeper: In getseinfo pid = 495 uid = 1000 seinfo= system
12-23 13:54:16.692   495   495 D RCPManagerService: getPolicy: Policy checking block entered for Notifications; for user/persona = -1 ; Policy = knox-export-data ; token = 4294967296495
12-23 13:54:16.692   495   495 I ServiceKeeper: In getseinfo pid = 495 uid = 1000 seinfo= system
12-23 13:54:16.692   495   495 D RCPManagerService: getPolicy: policy value returned = true
12-23 13:54:16.692   495   495 D RCPManagerService: Calling User is -1
12-23 13:54:16.692   495   495 D STATUSBAR-StatusBarManagerService: sendNotification(1) - 17041212
12-23 13:54:16.692   495   495 W KiesUsbObserver: getUsbMode() -> sys.usb.config : mass_storage,adb
12-23 13:54:16.692   495   495 W KiesUsbObserver: getUsbMode() -> bCDFS: true
12-23 13:54:16.692   495   495 D UserManagerService: User -1does not exists!!
12-23 13:54:16.702   495   495 D RCPManagerService: userid of SBN ==-1
12-23 13:54:16.702 31457 31457 E MTPRx   : In MtpReceiverandroid.hardware.usb.action.USB_STATE
12-23 13:54:16.702 31457 31457 E MTPRx   : check value of boot_completed is1
12-23 13:54:16.702 31457 31457 E MTPRx   : check booting is completed_sys.boot_completed
12-23 13:54:16.702 31457 31457 E MTPRx   : Sd-Card path/storage/extSdCard
12-23 13:54:16.702 31457 31457 E MTPRx   : Status for mount/Unmount :mounted
12-23 13:54:16.702 31457 31457 E MTPRx   : SDcard is  available
12-23 13:54:16.702 31457 31457 W MTPRx   : value of connected istrue
12-23 13:54:16.702 31457 31457 W MTPRx   : value of configured isfalse
12-23 13:54:16.702 31457 31457 W MTPRx   : value of mtpEnabled isfalse
12-23 13:54:16.702 31457 31457 W MTPRx   : value of ptpEnabled isfalse
12-23 13:54:16.702 31457 31457 E MTPRx   : Received USB_STATE with sdCardLaunch = 0
12-23 13:54:16.702 31457 31457 E MTPRx   : tethering is started and mtp is not running so returning
12-23 13:54:16.702   495   495 E PersonaManagerService: Unable to read user list
12-23 13:54:16.702   495   495 E PersonaManagerService: returning null in  getPersonasForUser
12-23 13:54:16.712  1015  1015 D ProgressBar: setProgressDrawable drawableHeight = 12
12-23 13:54:16.722  1015  1015 D PhoneStatusBar: tick(): knoxCustomManager = android.app.enterprise.knoxcustom.KnoxCustomManager@4250f170
12-23 13:54:16.732   495   813 E Sensors : accelHandler -0.118553 -3.015330 9.581276
12-23 13:54:16.732   495   927 I ServiceKeeper: In getseinfo pid = 495 uid = 1000 seinfo= system
12-23 13:54:16.732  1451 31573 I SensorManagerA: getReportingMode :: sensor.mType = 1
12-23 13:54:16.732   495   927 I ServiceKeeper: In getseinfo pid = 495 uid = 1000 seinfo= system
12-23 13:54:16.732   495   927 I ServiceKeeper: In getseinfo pid = 495 uid = 1000 seinfo= system
12-23 13:54:16.742   495   505 V Sensors : setDelay - sensor Accelerometer (handle 4), rate 10 ms (100.00 Hz)
12-23 13:54:16.742  1451 31573 D SensorManager: registerListener :: 4, MPL accel, 0, 0,  
12-23 13:54:16.742  1015  1015 D ContexualWidgetMonitor: action =com.android.server.NotificationManagerService.NotificationArrived
12-23 13:54:16.742  1015  1015 D ContexualWidgetMonitor: pkg =null
12-23 13:54:16.742  1015  1015 D ContexualWidgetMonitor: mCheckMissedEvent =false
12-23 13:54:16.752   495   813 E Sensors : activatePendingSensors : mEnabled = 10
12-23 13:54:16.752   495   813 E Sensors : requested_sensors(70) from kernel
12-23 13:54:16.752   495   813 I Sensors : Disabled 9 axis sensor fusion
12-23 13:54:16.752   495   927 I ServiceKeeper: In getseinfo pid = 495 uid = 1000 seinfo= system
12-23 13:54:16.752   495   813 I MPL-mldl_cfg_mpu:: inv_mpu_suspend(,,,,7fff) -> 0000
12-23 13:54:16.752   495   813 E Sensors : set fifo rate - divider : 1, delay : 10 ms (100.00 Hz)
12-23 13:54:16.752   495   813 I MPL-fifo: Actual ODR: 100000 mHz
12-23 13:54:16.752   495   922 V UsbDeviceManager: USB UEVENT: {USB_STATE=CONFIGURED, SUBSYSTEM=android_usb, DEVPATH=/devices/virtual/android_usb/android0, SEQNUM=8991, ACTION=change}
12-23 13:54:16.752   495   506 D WifiService: startScan by pid=1451, uid=10021
12-23 13:54:16.752   495  1232 D BatteryService: level:65, scale:100, status:2, health:2, present:true, voltage: 3935, temperature: 337, technology: Li-ion, AC powered:false, USB powered:true, Wireless powered:false, icon:17303549, invalid charger:0, online:4, current avg:-1, charge type:0, power sharing:false
12-23 13:54:16.762   495   813 V Sensors : Starting DMP
12-23 13:54:16.762   495   813 W MPL-9_sup: 9 axis sensor fusion not available - No compass detected.
12-23 13:54:16.762   495   813 I Sensors : Enabled 9 axis sensor fusion
12-23 13:54:16.762 26139 26139 I wpa_supplicant: wlan0: Setting scan request: 0 sec 0 usec
12-23 13:54:16.762  1130  1130 D InCallScreen: ACTION_BATTERY_CHANGED
12-23 13:54:16.762  1130  1130 D InCallScreen: mBatteryLevel : 65
12-23 13:54:16.762  1130  1130 D InCallScreen: mBatteryStatus : 2
12-23 13:54:16.762  1130  1130 D InCallScreen: islowbatterysoundplayed : false
12-23 13:54:16.762  2607  2691 D HeadsetStateMachine: Disconnected process message: 10
12-23 13:54:16.762 26139 26139 I wpa_supplicant: Scan requested (ret=0) - scan timeout 30 seconds
12-23 13:54:16.762   495   495 D BatteryService: Sending ACTION_BATTERY_CHANGED.
12-23 13:54:16.762   495   915 D UsbDeviceManager: handleMessage -> MSG_UPDATE_STATE connected = 1,configured = 1
12-23 13:54:16.762   495   915 D UsbDeviceManager: updateUsbNotification : mConnected = true, mConfigured = true, mCurrentFunctions = mass_storage,adb
12-23 13:54:16.772   495   813 I MPL-mldl_cfg_mpu:: inv_mpu_resume(,,,,0070) -> 0070
12-23 13:54:16.772   495   915 D UsbDeviceManager: sending intent : ACTION_USB_STATE : connected = true, configured = true, functions = mass_storage,adb
12-23 13:54:16.772   495   495 W KiesUsbObserver: getUsbMode() -> sys.usb.config : mass_storage,adb
12-23 13:54:16.772   495   495 W KiesUsbObserver: getUsbMode() -> bCDFS: true
12-23 13:54:16.772   495   495 W KiesUsbObserver: sendMsg ->usbState is1UsbMode is 2000
12-23 13:54:16.772   495  1000 D KiesUsbManager: setCDFSInsert
12-23 13:54:16.772   495  1000 D KiesUsbManager: saveISOToFile ISO setCDFSInsert
12-23 13:54:16.772   495  1000 D KiesUsbManager: KiesUsbManagerHandler -> UsbMode.online
12-23 13:54:16.772   495   495 D KiesUsbManager: startCDFSEjectTimer -> 30 seconds start
12-23 13:54:16.772   495   495 D KiesUsbObserver: startCDFSEjectTimer
12-23 13:54:16.772   495  2603 D UsbManager:  :::: isUsb30Enabled :: return = false from pid = 495
12-23 13:54:16.782  1015  1015 D KeyguardUpdateMonitor: received broadcast android.intent.action.BATTERY_CHANGED
12-23 13:54:16.782 31457 31457 E MTPRx   : In MtpReceiverandroid.hardware.usb.action.USB_STATE
12-23 13:54:16.782 31457 31457 E MTPRx   : check value of boot_completed is1
12-23 13:54:16.782 31457 31457 E MTPRx   : check booting is completed_sys.boot_completed
12-23 13:54:16.782 31457 31457 E MTPRx   : Sd-Card path/storage/extSdCard
12-23 13:54:16.782   495   927 I ServiceKeeper: In getseinfo pid = 495 uid = 1000 seinfo= system
12-23 13:54:16.782  1015  1015 D STATUSBAR-PhoneStatusBar:  mBrightnessEnablebySettings = true mBrightnessEnablebyBattery = true mBrightnessEnablebyDisableFlag = true mPmsBrightnessEnablebySettings = true
12-23 13:54:16.782  1015  1015 D BatteryMeterView: ACTION_BATTERY_CHANGED : level:65 status:2 health:2
12-23 13:54:16.792 31457 31457 E MTPRx   : Status for mount/Unmount :mounted
12-23 13:54:16.792 31457 31457 E MTPRx   : SDcard is  available
12-23 13:54:16.792 31457 31457 W MTPRx   : value of connected istrue
12-23 13:54:16.792 31457 31457 W MTPRx   : value of configured istrue
12-23 13:54:16.792 31457 31457 W MTPRx   : value of mtpEnabled isfalse
12-23 13:54:16.792 31457 31457 W MTPRx   : value of ptpEnabled isfalse
12-23 13:54:16.792 31457 31457 E MTPRx   : Received USB_STATE with sdCardLaunch = 0
12-23 13:54:16.792 31457 31457 E MTPRx   : tethering is started and mtp is not running so returning
12-23 13:54:16.812  1015  1015 D KeyguardUpdateMonitor: handleBatteryUpdate
12-23 13:54:16.812   495   927 I ServiceKeeper: In getseinfo pid = 495 uid = 1000 seinfo= system
12-23 13:54:16.812  1015  1015 D CMASMessage: [update] mShowingCMASText is false
12-23 13:54:16.862  1451  1878 I GCoreUlr: No GCM registration ID
12-23 13:54:16.872   495   997 D EnterpriseDeviceManager: ContainerId: 0
12-23 13:54:16.872   179 31569 I AudioPlayer: getNumFramesPendingPlayout() mNumFramesPlayed (24576), numFramesPlayedOut (22528)
12-23 13:54:16.872   179 31569 V AwesomePlayer: postAudioEOS delayUs (235641)
12-23 13:54:16.872   495   945 D DisplayPowerController: applyLightSensorMeasurementSEC : mIsLockZone = false
12-23 13:54:16.912   495  1112 D EnterpriseDeviceManager: ContainerId: 0
12-23 13:54:16.942   495   949 V AlarmManager: waitForAlarm result :8
12-23 13:54:16.962   495   927 I ServiceKeeper: In getseinfo pid = 495 uid = 1000 seinfo= system
12-23 13:54:16.962   495   927 I ServiceKeeper: In getseinfo pid = 495 uid = 1000 seinfo= system
12-23 13:54:16.982  1451  1878 I GCoreUlr: Ensuring that reporting is active for [account#-1#]
12-23 13:54:16.992  1451  1878 I GCoreUlr: Starting service, intent=Intent { act=com.google.android.location.reporting.ACTION_LOCATION_STATUS cmp=com.google.android.gms/com.google.android.location.reporting.service.DispatchingService (has extras) }, extras=Bundle[{status=LocationStatus[cell status: STATUS_SUCCESSFUL, wifi status: STATUS_SUCCESSFUL, elapsed realtime ns: 15289106974916]}]
12-23 13:54:17.002   495   927 I ServiceKeeper: In getseinfo pid = 495 uid = 1000 seinfo= system
12-23 13:54:17.002   495   927 I ServiceKeeper: In getseinfo pid = 495 uid = 1000 seinfo= system
12-23 13:54:17.112   179 31560 V AwesomePlayer: onCheckAudioStatus
12-23 13:54:17.112   179 31560 V AwesomePlayer: onCheckAudioStatus() set AUDIO_AT_EOS flag
12-23 13:54:17.112   179 31560 V AwesomePlayer: onStreamDone
12-23 13:54:17.112   179 31560 V AwesomePlayer: MEDIA_PLAYBACK_COMPLETE
12-23 13:54:17.112   179 31560 V AwesomePlayer: notifyListner_l() msg (2-MEDIA_PLAYBACK_COMPLETE), ext1 (0), ext2 (0)
12-23 13:54:17.112   179 31560 V MediaPlayerService: [59] notify (0xb87eaab0, 2, 0, 0)
12-23 13:54:17.112   179 31560 V AwesomePlayer: notifyListner_l() msg (7-MEDIA_PAUSED), ext1 (0), ext2 (0)
12-23 13:54:17.112   179 31560 V MediaPlayerService: [59] notify (0xb87eaab0, 7, 0, 0)
12-23 13:54:17.112  1015  8425 V MediaPlayer: message received msg=2, ext1=0, ext2=0
12-23 13:54:17.112  1015  8425 V MediaPlayer: playback complete
12-23 13:54:17.112  1015  8425 V MediaPlayer: callback application
12-23 13:54:17.112   179 31560 V AwesomePlayer: cancelPlayerEvents (keepNotifications=1)
12-23 13:54:17.112   179 31560 V AudioSink: stop
12-23 13:54:17.112  1015  8425 V MediaPlayer: back from callback
12-23 13:54:17.112   179 31560 V AwesomePlayer: addBatteryData
12-23 13:54:17.112  1015  8425 V MediaPlayer: message received msg=7, ext1=0, ext2=0
12-23 13:54:17.112  1015  8425 V MediaPlayer: unrecognized message: (7, 0, 0)
12-23 13:54:17.112  1015  8425 V MediaPlayer: callback application
12-23 13:54:17.112  1015  8425 V MediaPlayer: back from callback
12-23 13:54:17.122   495  1577 I MediaFocusControl:  AudioFocus  abandonAudioFocus() from android.media.AudioManager$42787e38
12-23 13:54:17.152  1015  1015 V KeyguardUpdateMonitor: handleSetGenerationId(g=80, clear=true)
12-23 13:54:17.162  1451  1457 D dalvikvm: GC_CONCURRENT freed 890K, 42% free 10356K/17796K, paused 4ms+5ms, total 58ms
12-23 13:54:17.202   495   927 I ServiceKeeper: In getseinfo pid = 495 uid = 1000 seinfo= system
12-23 13:54:17.243   495   949 V AlarmManager: waitForAlarm result :8
12-23 13:54:17.263   495   927 I ServiceKeeper: In getseinfo pid = 495 uid = 1000 seinfo= system
12-23 13:54:17.263   495   813 E Sensors : accelHandler -0.076641 0.170046 9.709409
12-23 13:54:17.263   495   927 I ServiceKeeper: In getseinfo pid = 495 uid = 1000 seinfo= system
12-23 13:54:17.313   495   927 I ServiceKeeper: In getseinfo pid = 495 uid = 1000 seinfo= system
12-23 13:54:17.313   495   927 I ServiceKeeper: In getseinfo pid = 495 uid = 1000 seinfo= system
12-23 13:54:17.323   179   386 V AudioPolicyManagerBase: stopOutput() output 2, stream 5, session 142
12-23 13:54:17.323   179   386 V AudioPolicyManagerBase: changeRefCount() stream 5, count 0
12-23 13:54:17.323   179   386 W AudioPolicyManagerBase: stream type [13], return media strategy
12-23 13:54:17.323   179   386 W AudioPolicyManagerBase: stream type [13], return media strategy
12-23 13:54:17.323   179   386 W AudioPolicyManagerBase: stream type [13], return media strategy
12-23 13:54:17.323   179   386 W AudioPolicyManagerBase: stream type [13], return media strategy
12-23 13:54:17.323   179   386 W AudioPolicyManagerBase: stream type [13], return media strategy
12-23 13:54:17.323   179   386 W AudioPolicyManagerBase: stream type [13], return media strategy
12-23 13:54:17.323   179   386 V AudioPolicyManagerBase: getNewDevice() selected device 0
12-23 13:54:17.323   179   386 V AudioPolicyManagerBase: setOutputDevice() output 2 device 0000 force 0 delayMs 192 
12-23 13:54:17.323   179   386 V AudioPolicyManagerBase: setOutputDevice() prevDevice 0002
12-23 13:54:17.323   179   386 W AudioPolicyManagerBase: stream type [13], return media strategy
12-23 13:54:17.323   179   386 W AudioPolicyManagerBase: stream type [13], return media strategy
12-23 13:54:17.323   179   386 V AudioPolicyManagerBase: setOutputDevice() setting same device 0000 or null device for output 2
12-23 13:54:17.543   495   912 W ProcessCpuTracker: Skipping unknown process pid 31563
12-23 13:54:17.543   495   949 V AlarmManager: waitForAlarm result :8
12-23 13:54:17.563   495   927 I ServiceKeeper: In getseinfo pid = 495 uid = 1000 seinfo= system
12-23 13:54:17.563   495   912 W ProcessCpuTracker: Skipping unknown process pid 31565
12-23 13:54:17.583   495   912 W ProcessCpuTracker: Skipping unknown process pid 31566
12-23 13:54:17.593   495   927 I ServiceKeeper: In getseinfo pid = 495 uid = 1000 seinfo= system
12-23 13:54:17.763   495   813 E Sensors : accelHandler -0.068258 0.179626 9.723780
12-23 13:54:17.843   495   949 V AlarmManager: waitForAlarm result :8
12-23 13:54:17.883   495   927 I ServiceKeeper: In getseinfo pid = 495 uid = 1000 seinfo= system
12-23 13:54:17.893   495   927 I ServiceKeeper: In getseinfo pid = 495 uid = 1000 seinfo= system
12-23 13:54:18.144   495   949 V AlarmManager: waitForAlarm result :8
12-23 13:54:18.164   495   927 I ServiceKeeper: In getseinfo pid = 495 uid = 1000 seinfo= system
12-23 13:54:18.184   495   927 I ServiceKeeper: In getseinfo pid = 495 uid = 1000 seinfo= system
12-23 13:54:18.264   495   813 E Sensors : accelHandler -0.039518 0.184417 9.753717
12-23 13:54:18.304 28250 31038 I MIT_DBG : PPcontrolPoint start()->run()
12-23 13:54:18.304 28250 31038 I MIT_DBG : inside PPCP search
12-23 13:54:18.314 28250 31030 I MIT_DBG : deviceNotifyReceived()
12-23 13:54:18.454 28250 31031 I MIT_DBG : deviceSearchResponseReceived() SSDPPacket = HTTP/1.1 200 OK
12-23 13:54:18.454 28250 31031 I MIT_DBG : CACHE-CONTROL:max-age=120
12-23 13:54:18.454 28250 31031 I MIT_DBG : DATE: Mon, 01 Apr 2002 08:09:45 GMT
12-23 13:54:18.454 28250 31031 I MIT_DBG : EXT:
12-23 13:54:18.454 28250 31031 I MIT_DBG : LOCATION:http://192.168.0.1:5678/igd.xml
12-23 13:54:18.454 28250 31031 I MIT_DBG : SERVER:Embedded UPnP/1.0
12-23 13:54:18.454 28250 31031 I MIT_DBG : ST:upnp:rootdevice
12-23 13:54:18.454 28250 31031 I MIT_DBG : USN:uuid:upnp-InternetGatewayDevice-1_0-12345678900001::upnp:rootdevice
12-23 13:54:18.454 28250 31031 I MIT_DBG : 
12-23 13:54:18.484   495   949 V AlarmManager: waitForAlarm result :8
12-23 13:54:18.494  1015  1015 W Settings: Setting data_roaming has moved from android.provider.Settings.Secure to android.provider.Settings.Global.
12-23 13:54:18.494  1015  1015 D STATUSBAR-NetworkController: updateRomaingNotification DataRoaming:false mDataRoamingTypeForVZW : 0
12-23 13:54:18.494  1015  1015 D STATUSBAR-NetworkController: refreshSignalCluster - setNWBoosterIndicators(false)
12-23 13:54:18.494  1015  1015 D STATUSBAR-NetworkController: refreshSignalCluster: data=0 bt=false
12-23 13:54:18.514   495   927 I ServiceKeeper: In getseinfo pid = 495 uid = 1000 seinfo= system
12-23 13:54:18.514   495   927 I ServiceKeeper: In getseinfo pid = 495 uid = 1000 seinfo= system
12-23 13:54:18.744   495   949 V AlarmManager: waitForAlarm result :8
12-23 13:54:18.764   495   813 E Sensors : accelHandler -0.002395 0.188009 9.730965
12-23 13:54:18.764   495   927 I ServiceKeeper: In getseinfo pid = 495 uid = 1000 seinfo= system
12-23 13:54:18.774   495   927 I ServiceKeeper: In getseinfo pid = 495 uid = 1000 seinfo= system
12-23 13:54:19.044   495   949 V AlarmManager: waitForAlarm result :8
12-23 13:54:19.064   495   927 I ServiceKeeper: In getseinfo pid = 495 uid = 1000 seinfo= system
12-23 13:54:19.085   495   927 I ServiceKeeper: In getseinfo pid = 495 uid = 1000 seinfo= system
12-23 13:54:19.265   495   813 E Sensors : accelHandler -0.074246 0.210762 9.721384
12-23 13:54:19.355   495   949 V AlarmManager: waitForAlarm result :8
12-23 13:54:19.405   495   927 I ServiceKeeper: In getseinfo pid = 495 uid = 1000 seinfo= system
12-23 13:54:19.405   495   927 I ServiceKeeper: In getseinfo pid = 495 uid = 1000 seinfo= system
12-23 13:54:19.645   495   949 V AlarmManager: waitForAlarm result :8
12-23 13:54:19.705   495   927 I ServiceKeeper: In getseinfo pid = 495 uid = 1000 seinfo= system
12-23 13:54:19.705   495   927 I ServiceKeeper: In getseinfo pid = 495 uid = 1000 seinfo= system
12-23 13:54:19.755  1015  1015 D STATUSBAR-IconMerger: checkOverflow(240), More:false, Req:false Child:2
12-23 13:54:19.765   495   813 E Sensors : accelHandler 0.029938 0.259860 9.710607
12-23 13:54:19.945   495   949 V AlarmManager: waitForAlarm result :8
12-23 13:54:19.955   495   927 I ServiceKeeper: In getseinfo pid = 495 uid = 1000 seinfo= system
12-23 13:54:19.965   495   927 I ServiceKeeper: In getseinfo pid = 495 uid = 1000 seinfo= system
12-23 13:54:20.076   495  1323 V Sensors : setDelay - sensor Accelerometer (handle 4), rate 200 ms (5.00 Hz)
12-23 13:54:20.076  1451 31573 D SensorManager: unregisterListener ::   
12-23 13:54:20.076   495   927 I ServiceKeeper: In getseinfo pid = 495 uid = 1000 seinfo= system
12-23 13:54:20.076   495   813 E Sensors : activatePendingSensors : mEnabled = 10
12-23 13:54:20.076   495   813 E Sensors : requested_sensors(70) from kernel
12-23 13:54:20.076   495   813 I Sensors : Disabled 9 axis sensor fusion
12-23 13:54:20.076   495   813 I MPL-mldl_cfg_mpu:: inv_mpu_suspend(,,,,7fff) -> 0000
12-23 13:54:20.076   495   813 E Sensors : set fifo rate - divider : 39, delay : 200 ms (5.00 Hz)
12-23 13:54:20.076   495   813 I MPL-fifo: Actual ODR: 5000 mHz
12-23 13:54:20.086   495   813 V Sensors : Starting DMP
12-23 13:54:20.086   495   813 W MPL-9_sup: 9 axis sensor fusion not available - No compass detected.
12-23 13:54:20.086   495   813 I Sensors : Enabled 9 axis sensor fusion
12-23 13:54:20.086   495   813 I MPL-mldl_cfg_mpu:: inv_mpu_resume(,,,,0070) -> 0070
12-23 13:54:20.096   495   927 I ServiceKeeper: In getseinfo pid = 495 uid = 1000 seinfo= system
12-23 13:54:20.096   495   927 I ServiceKeeper: In getseinfo pid = 495 uid = 1000 seinfo= system
12-23 13:54:20.096   495   927 I ServiceKeeper: In getseinfo pid = 495 uid = 1000 seinfo= system
12-23 13:54:20.116   495   927 I ServiceKeeper: In getseinfo pid = 495 uid = 1000 seinfo= system
12-23 13:54:20.126   495   927 I ServiceKeeper: In getseinfo pid = 495 uid = 1000 seinfo= system
12-23 13:54:20.136   495   927 I ServiceKeeper: In getseinfo pid = 495 uid = 1000 seinfo= system
12-23 13:54:20.146   495   927 I ServiceKeeper: In getseinfo pid = 495 uid = 1000 seinfo= system
12-23 13:54:20.186   495   927 I ServiceKeeper: In getseinfo pid = 495 uid = 1000 seinfo= system
12-23 13:54:20.186   173   173 E SMD     : DCD ON
12-23 13:54:20.196   179   445 D AudioStreamOutALSA: standby
12-23 13:54:20.196   179   445 D ALSAModule: s_standby: handle 0xb87af330 h 0x0
12-23 13:54:20.196   179   445 E ALSAModule: s_standby handle h 0xb8809f70
12-23 13:54:20.196   495   927 I ServiceKeeper: In getseinfo pid = 495 uid = 1000 seinfo= system
12-23 13:54:20.236   495   949 V AlarmManager: waitForAlarm result :8
12-23 13:54:20.246   495   927 I ServiceKeeper: In getseinfo pid = 495 uid = 1000 seinfo= system
12-23 13:54:20.246   495   927 I ServiceKeeper: In getseinfo pid = 495 uid = 1000 seinfo= system
12-23 13:54:20.296   495   927 I ServiceKeeper: In getseinfo pid = 495 uid = 1000 seinfo= system
12-23 13:54:20.376   179   445 D ALSAModule: checkRunningHandle return false
12-23 13:54:20.376   179   445 D alsa_ucm: snd_use_case_set(): uc_mgr 0xb87827d0 identifier _verb value Inactive
12-23 13:54:20.376   179   445 D alsa_ucm: Set mixer controls for HiFi enable 0
12-23 13:54:20.376   179   445 D alsa_ucm: Setting mixer control: PRI_RX Audio Mixer MultiMedia1, value: 0
12-23 13:54:20.376   179   445 E ALSAModule: Number of modifiers 0
12-23 13:54:20.376   179   445 E ALSAModule: usecase_type is 0
12-23 13:54:20.376   179   445 D alsa_ucm: snd_use_case_set(): uc_mgr 0xb87827d0 identifier _disdev value VR Main Mic
12-23 13:54:20.376   179   445 D alsa_ucm: disdev: device VR Main Mic not enabled, no need to disable
12-23 13:54:20.376   179   445 D alsa_ucm: snd_use_case_set(): uc_mgr 0xb87827d0 identifier _disdev value Speaker
12-23 13:54:20.376   179   445 D alsa_ucm: Set mixer controls for Speaker enable 0
12-23 13:54:20.376   179   445 D alsa_ucm: Setting mixer control: RX5 MIX1 INP1, value: ZERO
12-23 13:54:20.386   179   445 D alsa_ucm: Setting mixer control: RX5 MIX1 INP2, value: ZERO
12-23 13:54:20.386   179   445 D alsa_ucm: Setting mixer control: LINEOUT2 Volume, value: 0
12-23 13:54:20.386   179   445 D alsa_ucm: Setting mixer control: LINEOUT4 Volume, value: 0
12-23 13:54:20.386   179   445 D alsa_ucm: Setting mixer control: RX5 Digital Volume, value: 0
12-23 13:54:20.396   495   927 I ServiceKeeper: In getseinfo pid = 495 uid = 1000 seinfo= system
12-23 13:54:20.416 28250 31031 I MIT_DBG : creating Device = 
12-23 13:54:20.416 28250 31031 I MIT_DBG : creating Device1 = 
12-23 13:54:20.416 28250 31031 I MIT_DBG : inside addDevice(dev), device == null
12-23 13:54:20.426 28250 31031 I MIT_DBG : inside addDevice(dev), device has ServerDevice
12-23 13:54:20.426 28250 31031 I MIT_DBG : deviceSearchResponseReceived() SSDPPacket = HTTP/1.1 200 OK
12-23 13:54:20.426 28250 31031 I MIT_DBG : ST: upnp:rootdevice
12-23 13:54:20.426 28250 31031 I MIT_DBG : EXT: 
12-23 13:54:20.426 28250 31031 I MIT_DBG : USN: uuid:6fece69c-4840-4bd9-91ec-8779b67a00ff::upnp:rootdevice
12-23 13:54:20.426 28250 31031 I MIT_DBG : SERVER: Reciva UPnP/1.0 Radio/1.0 DLNADOC/1.50
12-23 13:54:20.426 28250 31031 I MIT_DBG : CACHE-CONTROL: max-age=1800
12-23 13:54:20.426 28250 31031 I MIT_DBG : LOCATION: http://192.168.0.101:8050/6fece69c-4840-4bd9-91ec-8779b67a00ff/description.xml
12-23 13:54:20.426 28250 31031 I MIT_DBG : 
12-23 13:54:20.466   495  1099 E Watchdog: !@Sync 228
12-23 13:54:20.476 26139 26139 I wpa_supplicant: nl80211: Received scan results (6 BSSes)
12-23 13:54:20.496   495   495 D WifiNotificationController: showOngoingWifiNotification show : true, id : 17303674
12-23 13:54:20.536   495   949 V AlarmManager: waitForAlarm result :8
12-23 13:54:20.546   495   927 I ServiceKeeper: In getseinfo pid = 495 uid = 1000 seinfo= system
12-23 13:54:20.556   495   927 I ServiceKeeper: In getseinfo pid = 495 uid = 1000 seinfo= system
12-23 13:54:20.566   495   927 I ServiceKeeper: In getseinfo pid = 495 uid = 1000 seinfo= system
12-23 13:54:20.576   495   913 D LocationManagerService: Not screening locations
12-23 13:54:20.576   495   927 I ServiceKeeper: In getseinfo pid = 495 uid = 1000 seinfo= system
12-23 13:54:20.576   495   927 I ServiceKeeper: In getseinfo pid = 495 uid = 1000 seinfo= system
12-23 13:54:20.576   495   927 I ServiceKeeper: In getseinfo pid = 495 uid = 1000 seinfo= system
12-23 13:54:20.586   495   927 I ServiceKeeper: In getseinfo pid = 495 uid = 1000 seinfo= system
12-23 13:54:20.586   495   927 I ServiceKeeper: In getseinfo pid = 495 uid = 1000 seinfo= system
12-23 13:54:20.586   495   927 I ServiceKeeper: In getseinfo pid = 495 uid = 1000 seinfo= system
12-23 13:54:20.596   495   927 I ServiceKeeper: In getseinfo pid = 495 uid = 1000 seinfo= system
12-23 13:54:20.596   495   927 I ServiceKeeper: In getseinfo pid = 495 uid = 1000 seinfo= system
12-23 13:54:20.616   495   927 I ServiceKeeper: In getseinfo pid = 495 uid = 1000 seinfo= system
12-23 13:54:20.626   495   927 I ServiceKeeper: In getseinfo pid = 495 uid = 1000 seinfo= system
12-23 13:54:20.626 28250 31031 I MIT_DBG : inside addDevice(dev), device already exist, so updateservices for devUDN=uuid:6fece69c-4840-4bd9-91ec-8779b67a00ff
12-23 13:54:20.626 28250 31031 I MIT_DBG : inside addDevice(dev), device has ServerDevice
12-23 13:54:20.636 28250 31031 I MIT_DBG : deviceSearchResponseReceived() SSDPPacket = HTTP/1.1 200 OK
12-23 13:54:20.636 28250 31031 I MIT_DBG : ST: upnp:rootdevice
12-23 13:54:20.636 28250 31031 I MIT_DBG : EXT: 
12-23 13:54:20.636 28250 31031 I MIT_DBG : USN: uuid:74293533-a15b-49ca-9ebf-8cb48f9d845c::upnp:rootdevice
12-23 13:54:20.636 28250 31031 I MIT_DBG : SERVER: Reciva UPnP/1.0 Radio/1.0 DLNADOC/1.50
12-23 13:54:20.636 28250 31031 I MIT_DBG : CACHE-CONTROL: max-age=1800
12-23 13:54:20.636 28250 31031 I MIT_DBG : LOCATION: http://192.168.0.103:8050/74293533-a15b-49ca-9ebf-8cb48f9d845c/description.xml
12-23 13:54:20.636 28250 31031 I MIT_DBG : 
12-23 13:54:20.636   495   927 I ServiceKeeper: In getseinfo pid = 495 uid = 1000 seinfo= system
12-23 13:54:20.636   495   927 I ServiceKeeper: In getseinfo pid = 495 uid = 1000 seinfo= system
12-23 13:54:20.636   495   927 I ServiceKeeper: In getseinfo pid = 495 uid = 1000 seinfo= system
12-23 13:54:20.636   495   927 I ServiceKeeper: In getseinfo pid = 495 uid = 1000 seinfo= system
12-23 13:54:20.646   495   927 I ServiceKeeper: In getseinfo pid = 495 uid = 1000 seinfo= system
12-23 13:54:20.646   495   927 I ServiceKeeper: In getseinfo pid = 495 uid = 1000 seinfo= system
12-23 13:54:20.646   495   927 I ServiceKeeper: In getseinfo pid = 495 uid = 1000 seinfo= system
12-23 13:54:20.646   495   927 I ServiceKeeper: In getseinfo pid = 495 uid = 1000 seinfo= system
12-23 13:54:20.646   495   927 I ServiceKeeper: In getseinfo pid = 495 uid = 1000 seinfo= system
