12-23 13:38:32.758  1015  1015 D STATUSBAR-IconMerger: checkOverflow(240), More:false, Req:false Child:1
12-23 13:38:35.711   495   506 D BatteryService: level:66, scale:100, status:3, health:2, present:true, voltage: 3963, temperature: 320, technology: Li-ion, AC powered:false, USB powered:false, Wireless powered:false, icon:17303535, invalid charger:0, online:1, current avg:-1, charge type:0, power sharing:false
12-23 13:38:35.711   495   495 D BatteryService: Sending ACTION_BATTERY_CHANGED.
12-23 13:38:35.721  1015  1015 D STATUSBAR-PhoneStatusBar:  mBrightnessEnablebySettings = true mBrightnessEnablebyBattery = true mBrightnessEnablebyDisableFlag = true mPmsBrightnessEnablebySettings = true
12-23 13:38:35.731  1015  1015 D BatteryMeterView: ACTION_BATTERY_CHANGED : level:66 status:3 health:2
12-23 13:38:35.751  1015  1015 D STATUSBAR-IconMerger: checkOverflow(240), More:false, Req:false Child:1
12-23 13:38:42.208   495  1099 E Watchdog: !@Sync 208
12-23 13:38:42.718   495   997 D BatteryService: level:66, scale:100, status:3, health:2, present:true, voltage: 3965, temperature: 318, technology: Li-ion, AC powered:false, USB powered:false, Wireless powered:false, icon:17303535, invalid charger:0, online:1, current avg:-1, charge type:0, power sharing:false
12-23 13:38:42.728   495   495 D BatteryService: Sending ACTION_BATTERY_CHANGED.
12-23 13:38:42.768  1015  1015 D STATUSBAR-PhoneStatusBar:  mBrightnessEnablebySettings = true mBrightnessEnablebyBattery = true mBrightnessEnablebyDisableFlag = true mPmsBrightnessEnablebySettings = true
12-23 13:38:42.768  1015  1015 D BatteryMeterView: ACTION_BATTERY_CHANGED : level:66 status:3 health:2
12-23 13:38:43.198  1015  1015 D STATUSBAR-IconMerger: checkOverflow(240), More:false, Req:false Child:1
12-23 13:38:43.748   495  1206 D BatteryService: level:66, scale:100, status:3, health:2, present:true, voltage: 3963, temperature: 317, technology: Li-ion, AC powered:false, USB powered:false, Wireless powered:false, icon:17303535, invalid charger:0, online:1, current avg:-1, charge type:0, power sharing:false
12-23 13:38:43.748   495   495 D BatteryService: Sending ACTION_BATTERY_CHANGED.
12-23 13:38:44.239  1015  1015 D STATUSBAR-PhoneStatusBar:  mBrightnessEnablebySettings = true mBrightnessEnablebyBattery = true mBrightnessEnablebyDisableFlag = true mPmsBrightnessEnablebySettings = true
12-23 13:38:44.239  1015  1015 D BatteryMeterView: ACTION_BATTERY_CHANGED : level:66 status:3 health:2
12-23 13:38:44.239  1015  1015 D STATUSBAR-IconMerger: checkOverflow(240), More:false, Req:false Child:1
12-23 13:38:44.769   495  1206 D BatteryService: level:66, scale:100, status:3, health:2, present:true, voltage: 3947, temperature: 317, technology: Li-ion, AC powered:false, USB powered:false, Wireless powered:false, icon:17303535, invalid charger:0, online:1, current avg:-1, charge type:0, power sharing:false
12-23 13:38:44.769   495   495 D BatteryService: Sending ACTION_BATTERY_CHANGED.
12-23 13:38:44.799  1015  1015 D STATUSBAR-PhoneStatusBar:  mBrightnessEnablebySettings = true mBrightnessEnablebyBattery = true mBrightnessEnablebyDisableFlag = true mPmsBrightnessEnablebySettings = true
12-23 13:38:44.809  1015  1015 D STATUSBAR-IconMerger: checkOverflow(240), More:false, Req:false Child:1
12-23 13:38:44.829  1015  1015 D BatteryMeterView: ACTION_BATTERY_CHANGED : level:66 status:3 health:2
12-23 13:38:45.738   495  1163 D BatteryService: level:66, scale:100, status:3, health:2, present:true, voltage: 3960, temperature: 317, technology: Li-ion, AC powered:false, USB powered:false, Wireless powered:false, icon:17303535, invalid charger:0, online:1, current avg:-1, charge type:0, power sharing:false
12-23 13:38:45.738   495   495 D BatteryService: Sending ACTION_BATTERY_CHANGED.
12-23 13:38:45.758  1015  1015 D STATUSBAR-PhoneStatusBar:  mBrightnessEnablebySettings = true mBrightnessEnablebyBattery = true mBrightnessEnablebyDisableFlag = true mPmsBrightnessEnablebySettings = true
12-23 13:38:45.758  1015  1015 D BatteryMeterView: ACTION_BATTERY_CHANGED : level:66 status:3 health:2
12-23 13:38:45.778  1015  1015 D STATUSBAR-IconMerger: checkOverflow(240), More:false, Req:false Child:1
12-23 13:38:48.708   495  1535 D BatteryService: level:66, scale:100, status:3, health:2, present:true, voltage: 3963, temperature: 317, technology: Li-ion, AC powered:false, USB powered:false, Wireless powered:false, icon:17303535, invalid charger:0, online:1, current avg:-1, charge type:0, power sharing:false
12-23 13:38:48.708   495   495 D BatteryService: Sending ACTION_BATTERY_CHANGED.
12-23 13:38:48.738  1015  1015 D STATUSBAR-PhoneStatusBar:  mBrightnessEnablebySettings = true mBrightnessEnablebyBattery = true mBrightnessEnablebyDisableFlag = true mPmsBrightnessEnablebySettings = true
12-23 13:38:48.738  1015  1015 D BatteryMeterView: ACTION_BATTERY_CHANGED : level:66 status:3 health:2
12-23 13:38:48.758  1015  1015 D STATUSBAR-IconMerger: checkOverflow(240), More:false, Req:false Child:1
12-23 13:38:52.752   495   945 I PowerManagerService: [PWL] Off : 149s ago
12-23 13:38:52.752   495   945 I PowerManagerService: [PWL]   PowerManagerService.WakeLocks: ref count=1
12-23 13:38:52.752   495   945 I PowerManagerService: [PWL]     mWakeLockSummary : 0x1
12-23 13:38:52.752   495   945 I PowerManagerService: [PWL]       PARTIAL_WAKE_LOCK              'GCM_CONN_ALARM' (uid=10021, pid=1261, ws=null) (elapsedTime=4104)
12-23 13:38:53.093   495   949 V AlarmManager: waitForAlarm result :4
12-23 13:38:53.113   495   949 V AlarmManager: trigger ELAPSED_REALTIME_WAKEUP or RTC_WAKEUP
12-23 13:38:55.708   495  1232 D BatteryService: level:66, scale:100, status:3, health:2, present:true, voltage: 3925, temperature: 316, technology: Li-ion, AC powered:false, USB powered:false, Wireless powered:false, icon:17303535, invalid charger:0, online:1, current avg:-1, charge type:0, power sharing:false
12-23 13:38:55.708   495   495 D BatteryService: Sending ACTION_BATTERY_CHANGED.
12-23 13:38:55.718  1015  1015 D STATUSBAR-PhoneStatusBar:  mBrightnessEnablebySettings = true mBrightnessEnablebyBattery = true mBrightnessEnablebyDisableFlag = true mPmsBrightnessEnablebySettings = true
12-23 13:38:55.738  1015  1015 D STATUSBAR-IconMerger: checkOverflow(240), More:false, Req:false Child:1
12-23 13:38:55.738  1015  1015 D BatteryMeterView: ACTION_BATTERY_CHANGED : level:66 status:3 health:2
12-23 13:39:00.198   495   949 V AlarmManager: waitForAlarm result :8
12-23 13:39:00.278  1622  1622 D KeyguardClockWidgetService: onReceive action=android.intent.action.TIME_TICK
12-23 13:39:00.298   495   495 V AlarmManager: ClockReceiver onReceive() ACTION_TIME_TICK
12-23 13:39:00.348  1015  1015 D STATUSBAR-IconMerger: checkOverflow(240), More:false, Req:false Child:1
12-23 13:39:00.738   495  1576 D BatteryService: level:66, scale:100, status:3, health:2, present:true, voltage: 3958, temperature: 317, technology: Li-ion, AC powered:false, USB powered:false, Wireless powered:false, icon:17303535, invalid charger:0, online:1, current avg:-1, charge type:0, power sharing:false
12-23 13:39:00.738   495   495 D BatteryService: Sending ACTION_BATTERY_CHANGED.
12-23 13:39:00.748  1015  1015 D STATUSBAR-PhoneStatusBar:  mBrightnessEnablebySettings = true mBrightnessEnablebyBattery = true mBrightnessEnablebyDisableFlag = true mPmsBrightnessEnablebySettings = true
12-23 13:39:00.748  1015  1015 D BatteryMeterView: ACTION_BATTERY_CHANGED : level:66 status:3 health:2
12-23 13:39:00.768  1015  1015 D STATUSBAR-IconMerger: checkOverflow(240), More:false, Req:false Child:1
12-23 13:39:03.708   495   997 D BatteryService: level:66, scale:100, status:3, health:2, present:true, voltage: 3961, temperature: 317, technology: Li-ion, AC powered:false, USB powered:false, Wireless powered:false, icon:17303535, invalid charger:0, online:1, current avg:-1, charge type:0, power sharing:false
12-23 13:39:03.708   495   495 D BatteryService: Sending ACTION_BATTERY_CHANGED.
12-23 13:39:03.768  1015  1015 D STATUSBAR-PhoneStatusBar:  mBrightnessEnablebySettings = true mBrightnessEnablebyBattery = true mBrightnessEnablebyDisableFlag = true mPmsBrightnessEnablebySettings = true
12-23 13:39:03.798  1015  1015 D STATUSBAR-IconMerger: checkOverflow(240), More:false, Req:false Child:1
12-23 13:39:04.208  1015  1015 D BatteryMeterView: ACTION_BATTERY_CHANGED : level:66 status:3 health:2
12-23 13:39:04.708   495  1112 D BatteryService: level:66, scale:100, status:3, health:2, present:true, voltage: 3931, temperature: 316, technology: Li-ion, AC powered:false, USB powered:false, Wireless powered:false, icon:17303535, invalid charger:0, online:1, current avg:-1, charge type:0, power sharing:false
12-23 13:39:04.708   495   495 D BatteryService: Sending ACTION_BATTERY_CHANGED.
12-23 13:39:04.728  1015  1015 D STATUSBAR-PhoneStatusBar:  mBrightnessEnablebySettings = true mBrightnessEnablebyBattery = true mBrightnessEnablebyDisableFlag = true mPmsBrightnessEnablebySettings = true
12-23 13:39:04.748  1015  1015 D STATUSBAR-IconMerger: checkOverflow(240), More:false, Req:false Child:1
12-23 13:39:04.748  1015  1015 D BatteryMeterView: ACTION_BATTERY_CHANGED : level:66 status:3 health:2
12-23 13:39:07.708   495   506 D BatteryService: level:66, scale:100, status:3, health:2, present:true, voltage: 3962, temperature: 316, technology: Li-ion, AC powered:false, USB powered:false, Wireless powered:false, icon:17303535, invalid charger:0, online:1, current avg:-1, charge type:0, power sharing:false
12-23 13:39:07.718   495   495 D BatteryService: Sending ACTION_BATTERY_CHANGED.
12-23 13:39:07.748  1015  1015 D STATUSBAR-PhoneStatusBar:  mBrightnessEnablebySettings = true mBrightnessEnablebyBattery = true mBrightnessEnablebyDisableFlag = true mPmsBrightnessEnablebySettings = true
12-23 13:39:07.748  1015  1015 D BatteryMeterView: ACTION_BATTERY_CHANGED : level:66 status:3 health:2
12-23 13:39:07.768  1015  1015 D STATUSBAR-IconMerger: checkOverflow(240), More:false, Req:false Child:1
12-23 13:39:11.728   495  1112 D BatteryService: level:66, scale:100, status:3, health:2, present:true, voltage: 3963, temperature: 315, technology: Li-ion, AC powered:false, USB powered:false, Wireless powered:false, icon:17303535, invalid charger:0, online:1, current avg:-1, charge type:0, power sharing:false
12-23 13:39:11.728   495   495 D BatteryService: Sending ACTION_BATTERY_CHANGED.
12-23 13:39:11.768  1015  1015 D STATUSBAR-PhoneStatusBar:  mBrightnessEnablebySettings = true mBrightnessEnablebyBattery = true mBrightnessEnablebyDisableFlag = true mPmsBrightnessEnablebySettings = true
12-23 13:39:11.768  1015  1015 D BatteryMeterView: ACTION_BATTERY_CHANGED : level:66 status:3 health:2
12-23 13:39:11.788  1015  1015 D STATUSBAR-IconMerger: checkOverflow(240), More:false, Req:false Child:1
12-23 13:39:15.748   495   997 D BatteryService: level:66, scale:100, status:3, health:2, present:true, voltage: 3955, temperature: 315, technology: Li-ion, AC powered:false, USB powered:false, Wireless powered:false, icon:17303535, invalid charger:0, online:1, current avg:-1, charge type:0, power sharing:false
12-23 13:39:15.748   495   495 D BatteryService: Sending ACTION_BATTERY_CHANGED.
12-23 13:39:15.788  1015  1015 D STATUSBAR-PhoneStatusBar:  mBrightnessEnablebySettings = true mBrightnessEnablebyBattery = true mBrightnessEnablebyDisableFlag = true mPmsBrightnessEnablebySettings = true
12-23 13:39:15.788  1015  1015 D BatteryMeterView: ACTION_BATTERY_CHANGED : level:66 status:3 health:2
12-23 13:39:18.198  1015  1015 D STATUSBAR-IconMerger: checkOverflow(240), More:false, Req:false Child:1
12-23 13:39:18.718   495  1170 D BatteryService: level:66, scale:100, status:3, health:2, present:true, voltage: 3963, temperature: 314, technology: Li-ion, AC powered:false, USB powered:false, Wireless powered:false, icon:17303535, invalid charger:0, online:1, current avg:-1, charge type:0, power sharing:false
12-23 13:39:18.718   495   495 D BatteryService: Sending ACTION_BATTERY_CHANGED.
12-23 13:39:18.778  1015  1015 D STATUSBAR-PhoneStatusBar:  mBrightnessEnablebySettings = true mBrightnessEnablebyBattery = true mBrightnessEnablebyDisableFlag = true mPmsBrightnessEnablebySettings = true
12-23 13:39:18.778  1015  1015 D BatteryMeterView: ACTION_BATTERY_CHANGED : level:66 status:3 health:2
12-23 13:39:18.918  1015  1015 D STATUSBAR-IconMerger: checkOverflow(240), More:false, Req:false Child:1
12-23 13:39:24.178   495   949 V AlarmManager: waitForAlarm result :4
12-23 13:39:24.258   495   949 V AlarmManager: trigger ELAPSED_REALTIME_WAKEUP or RTC_WAKEUP
12-23 13:39:24.708   495  1324 D BatteryService: level:66, scale:100, status:3, health:2, present:true, voltage: 3920, temperature: 314, technology: Li-ion, AC powered:false, USB powered:false, Wireless powered:false, icon:17303535, invalid charger:0, online:1, current avg:-1, charge type:0, power sharing:false
12-23 13:39:24.708   495   495 D BatteryService: Sending ACTION_BATTERY_CHANGED.
12-23 13:39:24.718  1015  1015 D STATUSBAR-PhoneStatusBar:  mBrightnessEnablebySettings = true mBrightnessEnablebyBattery = true mBrightnessEnablebyDisableFlag = true mPmsBrightnessEnablebySettings = true
12-23 13:39:24.718  1015  1015 D BatteryMeterView: ACTION_BATTERY_CHANGED : level:66 status:3 health:2
12-23 13:39:24.728  1015  1015 D STATUSBAR-IconMerger: checkOverflow(240), More:false, Req:false Child:1
12-23 13:39:30.458   495   949 V AlarmManager: waitForAlarm result :4
12-23 13:39:30.478   495   949 V AlarmManager: trigger ELAPSED_REALTIME_WAKEUP or RTC_WAKEUP
12-23 13:39:30.538   495   949 V AlarmManager: waitForAlarm result :4
12-23 13:39:30.548   495   949 V AlarmManager: trigger ELAPSED_REALTIME_WAKEUP or RTC_WAKEUP
12-23 13:39:30.608   495  2603 D SSRMv2:SIOP: SIOP:: AP = 320, Delta = -30
12-23 13:39:30.708   495   505 D BatteryService: level:66, scale:100, status:3, health:2, present:true, voltage: 3913, temperature: 315, technology: Li-ion, AC powered:false, USB powered:false, Wireless powered:false, icon:17303535, invalid charger:0, online:1, current avg:-1, charge type:0, power sharing:false
12-23 13:39:30.708   495   495 D BatteryService: Sending ACTION_BATTERY_CHANGED.
12-23 13:39:30.728  1015  1015 D STATUSBAR-PhoneStatusBar:  mBrightnessEnablebySettings = true mBrightnessEnablebyBattery = true mBrightnessEnablebyDisableFlag = true mPmsBrightnessEnablebySettings = true
12-23 13:39:30.728  1015  1015 D BatteryMeterView: ACTION_BATTERY_CHANGED : level:66 status:3 health:2
12-23 13:39:30.738  1015  1015 D STATUSBAR-IconMerger: checkOverflow(240), More:false, Req:false Child:1
12-23 13:39:33.728   495  1112 D BatteryService: level:66, scale:100, status:3, health:2, present:true, voltage: 3958, temperature: 315, technology: Li-ion, AC powered:false, USB powered:false, Wireless powered:false, icon:17303535, invalid charger:0, online:1, current avg:-1, charge type:0, power sharing:false
12-23 13:39:33.728   495   495 D BatteryService: Sending ACTION_BATTERY_CHANGED.
12-23 13:39:33.818  1015  1015 D STATUSBAR-PhoneStatusBar:  mBrightnessEnablebySettings = true mBrightnessEnablebyBattery = true mBrightnessEnablebyDisableFlag = true mPmsBrightnessEnablebySettings = true
12-23 13:39:33.818  1015  1015 D BatteryMeterView: ACTION_BATTERY_CHANGED : level:66 status:3 health:2
12-23 13:39:34.008  1015  1015 D STATUSBAR-IconMerger: checkOverflow(240), More:false, Req:false Child:1
12-23 13:39:36.698   495   997 D BatteryService: level:66, scale:100, status:3, health:2, present:true, voltage: 3937, temperature: 315, technology: Li-ion, AC powered:false, USB powered:false, Wireless powered:false, icon:17303535, invalid charger:0, online:1, current avg:-1, charge type:0, power sharing:false
12-23 13:39:36.708   495   495 D BatteryService: Sending ACTION_BATTERY_CHANGED.
12-23 13:39:36.768  1015  1015 D STATUSBAR-PhoneStatusBar:  mBrightnessEnablebySettings = true mBrightnessEnablebyBattery = true mBrightnessEnablebyDisableFlag = true mPmsBrightnessEnablebySettings = true
12-23 13:39:36.798  1015  1015 D STATUSBAR-IconMerger: checkOverflow(240), More:false, Req:false Child:1
12-23 13:39:41.208  1015  1015 D BatteryMeterView: ACTION_BATTERY_CHANGED : level:66 status:3 health:2
12-23 13:39:41.718   495   997 D BatteryService: level:66, scale:100, status:3, health:2, present:true, voltage: 3961, temperature: 314, technology: Li-ion, AC powered:false, USB powered:false, Wireless powered:false, icon:17303535, invalid charger:0, online:1, current avg:-1, charge type:0, power sharing:false
12-23 13:39:41.718   495   495 D BatteryService: Sending ACTION_BATTERY_CHANGED.
12-23 13:39:41.758  1015  1015 D STATUSBAR-PhoneStatusBar:  mBrightnessEnablebySettings = true mBrightnessEnablebyBattery = true mBrightnessEnablebyDisableFlag = true mPmsBrightnessEnablebySettings = true
12-23 13:39:41.758  1015  1015 D BatteryMeterView: ACTION_BATTERY_CHANGED : level:66 status:3 health:2
12-23 13:39:41.778  1015  1015 D STATUSBAR-IconMerger: checkOverflow(240), More:false, Req:false Child:1
12-23 13:39:45.728   495   506 D BatteryService: level:66, scale:100, status:3, health:2, present:true, voltage: 3956, temperature: 313, technology: Li-ion, AC powered:false, USB powered:false, Wireless powered:false, icon:17303535, invalid charger:0, online:1, current avg:-1, charge type:0, power sharing:false
12-23 13:39:45.728   495   495 D BatteryService: Sending ACTION_BATTERY_CHANGED.
12-23 13:39:45.818  1015  1015 D STATUSBAR-PhoneStatusBar:  mBrightnessEnablebySettings = true mBrightnessEnablebyBattery = true mBrightnessEnablebyDisableFlag = true mPmsBrightnessEnablebySettings = true
12-23 13:39:45.818  1015  1015 D STATUSBAR-IconMerger: checkOverflow(240), More:false, Req:false Child:1
12-23 13:39:48.248  1015  1015 D BatteryMeterView: ACTION_BATTERY_CHANGED : level:66 status:3 health:2
12-23 13:39:48.428   495  1099 E Watchdog: !@Sync 209
12-23 13:39:48.708   495  1163 D BatteryService: level:66, scale:100, status:3, health:2, present:true, voltage: 3946, temperature: 313, technology: Li-ion, AC powered:false, USB powered:false, Wireless powered:false, icon:17303535, invalid charger:0, online:1, current avg:-1, charge type:0, power sharing:false
12-23 13:39:48.708   495   495 D BatteryService: Sending ACTION_BATTERY_CHANGED.
12-23 13:39:48.748  1015  1015 D STATUSBAR-PhoneStatusBar:  mBrightnessEnablebySettings = true mBrightnessEnablebyBattery = true mBrightnessEnablebyDisableFlag = true mPmsBrightnessEnablebySettings = true
12-23 13:39:48.758  1015  1015 D STATUSBAR-IconMerger: checkOverflow(240), More:false, Req:false Child:1
12-23 13:39:48.758  1015  1015 D BatteryMeterView: ACTION_BATTERY_CHANGED : level:66 status:3 health:2
12-23 13:39:54.188   495   949 V AlarmManager: waitForAlarm result :4
12-23 13:39:54.208   495   949 V AlarmManager: trigger ELAPSED_REALTIME_WAKEUP or RTC_WAKEUP
12-23 13:39:54.708   495  1535 D BatteryService: level:66, scale:100, status:3, health:2, present:true, voltage: 3957, temperature: 312, technology: Li-ion, AC powered:false, USB powered:false, Wireless powered:false, icon:17303535, invalid charger:0, online:1, current avg:-1, charge type:0, power sharing:false
12-23 13:39:54.708   495   495 D BatteryService: Sending ACTION_BATTERY_CHANGED.
12-23 13:39:54.738  1015  1015 D STATUSBAR-PhoneStatusBar:  mBrightnessEnablebySettings = true mBrightnessEnablebyBattery = true mBrightnessEnablebyDisableFlag = true mPmsBrightnessEnablebySettings = true
12-23 13:39:54.738  1015  1015 D BatteryMeterView: ACTION_BATTERY_CHANGED : level:66 status:3 health:2
12-23 13:39:54.758  1015  1015 D STATUSBAR-IconMerger: checkOverflow(240), More:false, Req:false Child:1
12-23 13:40:00.178   495   949 V AlarmManager: waitForAlarm result :8
12-23 13:40:00.228  1622  1622 D KeyguardClockWidgetService: onReceive action=android.intent.action.TIME_TICK
12-23 13:40:00.238   495   495 V AlarmManager: ClockReceiver onReceive() ACTION_TIME_TICK
12-23 13:40:00.278  1015  1015 D STATUSBAR-IconMerger: checkOverflow(240), More:false, Req:false Child:1
12-23 13:40:00.708   495  1577 D BatteryService: level:66, scale:100, status:3, health:2, present:true, voltage: 3945, temperature: 311, technology: Li-ion, AC powered:false, USB powered:false, Wireless powered:false, icon:17303535, invalid charger:0, online:1, current avg:-1, charge type:0, power sharing:false
12-23 13:40:00.708   495   495 D BatteryService: Sending ACTION_BATTERY_CHANGED.
12-23 13:40:00.718  1015  1015 D STATUSBAR-PhoneStatusBar:  mBrightnessEnablebySettings = true mBrightnessEnablebyBattery = true mBrightnessEnablebyDisableFlag = true mPmsBrightnessEnablebySettings = true
12-23 13:40:00.718  1015  1015 D BatteryMeterView: ACTION_BATTERY_CHANGED : level:66 status:3 health:2
12-23 13:40:00.738  1015  1015 D STATUSBAR-IconMerger: checkOverflow(240), More:false, Req:false Child:1
12-23 13:40:01.139  1015  1015 D STATUSBAR-NetworkController: onReceive() - CONNECTIVITY_ACTION, INET_CONDITION_ACTION
12-23 13:40:01.139   495   985 D ConnectivityService: handleInetConditionHoldEnd: net=1, condition=0, published condition=0
12-23 13:40:01.149  1015  1015 D STATUSBAR-NetworkController: getUpdateDataNetType() - mDataNetType:13
12-23 13:40:01.149  1015  1015 D STATUSBAR-NetworkController: isCdma(), !isCdmaEri(), mRoamingIconId = 0
12-23 13:40:01.149  1015  1015 D STATUSBAR-NetworkController: updateRomaingNotification DataRoaming:false mDataRoamingTypeForVZW : 0
12-23 13:40:04.762   495   506 D BatteryService: level:66, scale:100, status:3, health:2, present:true, voltage: 3961, temperature: 314, technology: Li-ion, AC powered:false, USB powered:false, Wireless powered:false, icon:17303535, invalid charger:0, online:1, current avg:-1, charge type:0, power sharing:false
12-23 13:40:04.762   495   495 D BatteryService: Sending ACTION_BATTERY_CHANGED.
12-23 13:40:04.792  1015  1015 D STATUSBAR-PhoneStatusBar:  mBrightnessEnablebySettings = true mBrightnessEnablebyBattery = true mBrightnessEnablebyDisableFlag = true mPmsBrightnessEnablebySettings = true
12-23 13:40:04.792  1015  1015 D BatteryMeterView: ACTION_BATTERY_CHANGED : level:66 status:3 health:2
12-23 13:40:04.802  1015  1015 D STATUSBAR-IconMerger: checkOverflow(240), More:false, Req:false Child:1
12-23 13:40:05.813   495   949 V AlarmManager: waitForAlarm result :4
12-23 13:40:05.813   495   985 D ConnectivityService: Sampling interval elapsed, updating statistics ..
12-23 13:40:05.833   495   949 V AlarmManager: trigger ELAPSED_REALTIME_WAKEUP or RTC_WAKEUP
12-23 13:40:05.883   495   985 D ConnectivityService: Done.
12-23 13:40:05.883   495   985 D ConnectivityService: Setting timer for 720seconds
12-23 13:40:12.728   495   506 D BatteryService: level:66, scale:100, status:3, health:2, present:true, voltage: 3961, temperature: 313, technology: Li-ion, AC powered:false, USB powered:false, Wireless powered:false, icon:17303535, invalid charger:0, online:1, current avg:-1, charge type:0, power sharing:false
12-23 13:40:12.728   495   495 D BatteryService: Sending ACTION_BATTERY_CHANGED.
12-23 13:40:12.748  1015  1015 D STATUSBAR-PhoneStatusBar:  mBrightnessEnablebySettings = true mBrightnessEnablebyBattery = true mBrightnessEnablebyDisableFlag = true mPmsBrightnessEnablebySettings = true
12-23 13:40:12.748  1015  1015 D BatteryMeterView: ACTION_BATTERY_CHANGED : level:66 status:3 health:2
12-23 13:40:12.768  1015  1015 D STATUSBAR-IconMerger: checkOverflow(240), More:false, Req:false Child:1
12-23 13:40:14.438   495   985 D ConnectivityService: handleInetConditionHoldEnd: net=1, condition=0, published condition=0
12-23 13:40:14.448  1015  1015 D STATUSBAR-NetworkController: onReceive() - CONNECTIVITY_ACTION, INET_CONDITION_ACTION
12-23 13:40:14.448  1015  1015 D STATUSBAR-NetworkController: getUpdateDataNetType() - mDataNetType:13
12-23 13:40:14.448  1015  1015 D STATUSBAR-NetworkController: isCdma(), !isCdmaEri(), mRoamingIconId = 0
12-23 13:40:14.448  1015  1015 D STATUSBAR-NetworkController: updateRomaingNotification DataRoaming:false mDataRoamingTypeForVZW : 0
12-23 13:40:14.728   495  1232 D BatteryService: level:66, scale:100, status:3, health:2, present:true, voltage: 3961, temperature: 312, technology: Li-ion, AC powered:false, USB powered:false, Wireless powered:false, icon:17303535, invalid charger:0, online:1, current avg:-1, charge type:0, power sharing:false
12-23 13:40:14.728   495   495 D BatteryService: Sending ACTION_BATTERY_CHANGED.
12-23 13:40:14.748  1015  1015 D STATUSBAR-PhoneStatusBar:  mBrightnessEnablebySettings = true mBrightnessEnablebyBattery = true mBrightnessEnablebyDisableFlag = true mPmsBrightnessEnablebySettings = true
12-23 13:40:14.748  1015  1015 D BatteryMeterView: ACTION_BATTERY_CHANGED : level:66 status:3 health:2
12-23 13:40:14.768  1015  1015 D STATUSBAR-IconMerger: checkOverflow(240), More:false, Req:false Child:1
12-23 13:40:15.708   495  1163 D BatteryService: level:66, scale:100, status:3, health:2, present:true, voltage: 3942, temperature: 312, technology: Li-ion, AC powered:false, USB powered:false, Wireless powered:false, icon:17303535, invalid charger:0, online:1, current avg:-1, charge type:0, power sharing:false
12-23 13:40:15.718   495   495 D BatteryService: Sending ACTION_BATTERY_CHANGED.
12-23 13:40:15.728  1015  1015 D STATUSBAR-PhoneStatusBar:  mBrightnessEnablebySettings = true mBrightnessEnablebyBattery = true mBrightnessEnablebyDisableFlag = true mPmsBrightnessEnablebySettings = true
12-23 13:40:15.728  1015  1015 D BatteryMeterView: ACTION_BATTERY_CHANGED : level:66 status:3 health:2
12-23 13:40:15.748  1015  1015 D STATUSBAR-IconMerger: checkOverflow(240), More:false, Req:false Child:1
12-23 13:40:18.738   495   997 D BatteryService: level:66, scale:100, status:3, health:2, present:true, voltage: 3961, temperature: 312, technology: Li-ion, AC powered:false, USB powered:false, Wireless powered:false, icon:17303535, invalid charger:0, online:1, current avg:-1, charge type:0, power sharing:false
12-23 13:40:18.738   495   495 D BatteryService: Sending ACTION_BATTERY_CHANGED.
12-23 13:40:18.758  1015  1015 D STATUSBAR-PhoneStatusBar:  mBrightnessEnablebySettings = true mBrightnessEnablebyBattery = true mBrightnessEnablebyDisableFlag = true mPmsBrightnessEnablebySettings = true
12-23 13:40:18.758  1015  1015 D BatteryMeterView: ACTION_BATTERY_CHANGED : level:66 status:3 health:2
12-23 13:40:18.788  1015  1015 D STATUSBAR-IconMerger: checkOverflow(240), More:false, Req:false Child:1
12-23 13:40:21.248   495   945 I PowerManagerService: [PWL] Off : 238s ago
12-23 13:40:21.708   495   997 D BatteryService: level:66, scale:100, status:3, health:2, present:true, voltage: 3941, temperature: 311, technology: Li-ion, AC powered:false, USB powered:false, Wireless powered:false, icon:17303535, invalid charger:0, online:1, current avg:-1, charge type:0, power sharing:false
12-23 13:40:21.708   495   495 D BatteryService: Sending ACTION_BATTERY_CHANGED.
12-23 13:40:21.728  1015  1015 D STATUSBAR-PhoneStatusBar:  mBrightnessEnablebySettings = true mBrightnessEnablebyBattery = true mBrightnessEnablebyDisableFlag = true mPmsBrightnessEnablebySettings = true
12-23 13:40:21.728  1015  1015 D BatteryMeterView: ACTION_BATTERY_CHANGED : level:66 status:3 health:2
12-23 13:40:21.748  1015  1015 D STATUSBAR-IconMerger: checkOverflow(240), More:false, Req:false Child:1
12-23 13:40:22.859   495  1112 D BatteryService: level:66, scale:100, status:3, health:2, present:true, voltage: 3963, temperature: 311, technology: Li-ion, AC powered:false, USB powered:false, Wireless powered:false, icon:17303535, invalid charger:0, online:1, current avg:-1, charge type:0, power sharing:false
12-23 13:40:22.859   495   495 D BatteryService: Sending ACTION_BATTERY_CHANGED.
12-23 13:40:22.889  1015  1015 D STATUSBAR-PhoneStatusBar:  mBrightnessEnablebySettings = true mBrightnessEnablebyBattery = true mBrightnessEnablebyDisableFlag = true mPmsBrightnessEnablebySettings = true
12-23 13:40:22.889  1015  1015 D BatteryMeterView: ACTION_BATTERY_CHANGED : level:66 status:3 health:2
12-23 13:40:22.909  1015  1015 D STATUSBAR-IconMerger: checkOverflow(240), More:false, Req:false Child:1
12-23 13:40:23.189   495   949 V AlarmManager: waitForAlarm result :4
12-23 13:40:23.209   495   949 V AlarmManager: trigger ELAPSED_REALTIME_WAKEUP or RTC_WAKEUP
12-23 13:40:25.708   495   506 D BatteryService: level:66, scale:100, status:3, health:2, present:true, voltage: 3942, temperature: 311, technology: Li-ion, AC powered:false, USB powered:false, Wireless powered:false, icon:17303535, invalid charger:0, online:1, current avg:-1, charge type:0, power sharing:false
12-23 13:40:25.708   495   495 D BatteryService: Sending ACTION_BATTERY_CHANGED.
12-23 13:40:25.728  1015  1015 D STATUSBAR-PhoneStatusBar:  mBrightnessEnablebySettings = true mBrightnessEnablebyBattery = true mBrightnessEnablebyDisableFlag = true mPmsBrightnessEnablebySettings = true
12-23 13:40:25.728  1015  1015 D BatteryMeterView: ACTION_BATTERY_CHANGED : level:66 status:3 health:2
12-23 13:40:25.738  1015  1015 D STATUSBAR-IconMerger: checkOverflow(240), More:false, Req:false Child:1
12-23 13:40:28.921   495   506 D BatteryService: level:66, scale:100, status:3, health:2, present:true, voltage: 3930, temperature: 312, technology: Li-ion, AC powered:false, USB powered:false, Wireless powered:false, icon:17303535, invalid charger:0, online:1, current avg:-1, charge type:0, power sharing:false
12-23 13:40:28.921   495   495 D BatteryService: Sending ACTION_BATTERY_CHANGED.
12-23 13:40:28.941  1015  1015 D STATUSBAR-PhoneStatusBar:  mBrightnessEnablebySettings = true mBrightnessEnablebyBattery = true mBrightnessEnablebyDisableFlag = true mPmsBrightnessEnablebySettings = true
12-23 13:40:28.961  1015  1015 D STATUSBAR-IconMerger: checkOverflow(240), More:false, Req:false Child:1
12-23 13:40:28.981  1015  1015 D BatteryMeterView: ACTION_BATTERY_CHANGED : level:66 status:3 health:2
12-23 13:40:29.282   495   949 V AlarmManager: waitForAlarm result :4
12-23 13:40:29.302   495   949 V AlarmManager: trigger ELAPSED_REALTIME_WAKEUP or RTC_WAKEUP
12-23 13:40:29.452   495   949 V AlarmManager: waitForAlarm result :4
12-23 13:40:29.532   495   949 V AlarmManager: trigger ELAPSED_REALTIME_WAKEUP or RTC_WAKEUP
12-23 13:40:30.708   495   506 D BatteryService: level:66, scale:100, status:3, health:2, present:true, voltage: 3950, temperature: 313, technology: Li-ion, AC powered:false, USB powered:false, Wireless powered:false, icon:17303535, invalid charger:0, online:1, current avg:-1, charge type:0, power sharing:false
12-23 13:40:30.708   495   495 D BatteryService: Sending ACTION_BATTERY_CHANGED.
12-23 13:40:30.758  1015  1015 D STATUSBAR-PhoneStatusBar:  mBrightnessEnablebySettings = true mBrightnessEnablebyBattery = true mBrightnessEnablebyDisableFlag = true mPmsBrightnessEnablebySettings = true
12-23 13:40:30.758  1015  1015 D BatteryMeterView: ACTION_BATTERY_CHANGED : level:66 status:3 health:2
12-23 13:40:30.778  1015  1015 D STATUSBAR-IconMerger: checkOverflow(240), More:false, Req:false Child:1
12-23 13:40:36.258   495   952 D PowerManagerService: [api] [s] wakeUpFromNative:  (uid: 1000 pid: 495)
12-23 13:40:36.258   495   952 I PowerManagerService: !@[ps] Screen__On :  wakeUpFromNative:  (uid: 1000 pid: 495)
12-23 13:40:36.258   495   952 I PowerManagerService: Waking up from sleep...
12-23 13:40:36.258   495   952 D PowerManagerService: Screen Readiness Inspection requested: mNestCount=1
12-23 13:40:36.258   495   952 D PowerManagerService: [PWL] sb acquire: PowerManagerService.Broadcasts
12-23 13:40:36.258   495   952 D PowerManagerService: [s] WAKEFULNESS_AWAKE
12-23 13:40:36.268   495   952 D PowerManagerService: [s] getScreenOffTimeoutLocked: 30000 -> 10000
12-23 13:40:36.268   495   952 D PowerManagerService: [s] UserActivityState : 0 -> 1
12-23 13:40:36.268   495   952 D PowerManagerService: [PWL] sb acquire: PowerManagerService.Display
12-23 13:40:36.268   495   945 D DisplayPowerController: [DAB] setLightSensorEnabled : registerListener mLightSensor
12-23 13:40:36.358   495  6177 D PowerManagerService: [api] [s] userActivity : event: 3 flags: 0 (uid: 10226 pid: 1015)
12-23 13:40:36.368   495   945 I DisplayPowerController: [DAB] fileWriteInt : /sys/class/backlight/panel/auto_brightness  value : 3
12-23 13:40:36.368   495   945 D DisplayPowerController: [DAB] no lux value from sensor manager
12-23 13:40:36.368   495   945 D DisplayPowerController: animation target = 107 (PSM:true, AB limit:(-1 ~ -1) MB Limit:(-1 ~ -1) MAdj:(0, (0, 255)))
12-23 13:40:36.388  1622  1622 D KeyguardClockWidgetService: onReceive action=android.intent.action.SCREEN_ON
12-23 13:40:36.398  1622  1622 D KeyguardClockWidgetProvider: refreshSingleClock :{Home} Hour = 1, Min = 40
12-23 13:40:36.418  1622  1622 D KeyguardClockWidgetProvider: desc Message = It is 1:40 PM
12-23 13:40:36.418   495   945 D RampAnimator: Light Animator Finished currentValue=107
12-23 13:40:36.438   495  1056 D PowerManagerService: Excessive delay in LCD_Task is start: 63ms
12-23 13:40:36.468   495   945 D DisplayPowerController: [api] [DAB] onSensorChanged : 1st lux : 26.0
12-23 13:40:36.468   495   945 D DisplayPowerController: [DAB] updateAutoBrightnessSEC : 67(67.0)    0.0 < 26.0 < 70.0 (0.0)
12-23 13:40:36.468   495   945 I DisplayPowerController: [DAB] fileWriteInt : /sys/class/backlight/panel/auto_brightness  value : 2
12-23 13:40:36.478   495   945 D DisplayPowerController: animation target = 47 (PSM:true, AB limit:(-1 ~ -1) MB Limit:(-1 ~ -1) MAdj:(0, (0, 255)))
12-23 13:40:36.558   495  1323 I WindowManager: Lock screen displayed!
12-23 13:40:36.558   495  1323 D PowerManagerNotifier: [api] WindowManagerPolicy.ScreenOnListener : Received onScreenOn().
12-23 13:40:36.558   495  1323 D PowerManagerService: Screen Readiness Inspection completed: mNestCount=0
12-23 13:40:36.558   495   945 D DisplayPowerController: animation target = 47 (PSM:true, AB limit:(-1 ~ -1) MB Limit:(-1 ~ -1) MAdj:(0, (0, 255)))
12-23 13:40:36.558   495   945 D DisplayPowerController: !@ElectronBeam exit
12-23 13:40:36.568   495   945 D DisplayPowerController: animation target = 47 (PSM:true, AB limit:(-1 ~ -1) MB Limit:(-1 ~ -1) MAdj:(0, (0, 255)))
12-23 13:40:36.568   495   945 D PowerManagerService: [s] mDisplayPowerControllerCallbacks : onStateChanged()
12-23 13:40:36.598   495   945 D RampAnimator: Light Animator Finished currentValue=47
12-23 13:40:36.668   495   945 D DisplayPowerController: applyLightSensorMeasurementSEC : mIsLockZone = true
12-23 13:40:36.748   495  4439 D BatteryService: level:66, scale:100, status:3, health:2, present:true, voltage: 3850, temperature: 311, technology: Li-ion, AC powered:false, USB powered:false, Wireless powered:false, icon:17303535, invalid charger:0, online:1, current avg:-1, charge type:0, power sharing:false
12-23 13:40:36.758   495   495 D BatteryService: Sending ACTION_BATTERY_CHANGED.
12-23 13:40:36.768  1015  1015 D STATUSBAR-PhoneStatusBar:  mBrightnessEnablebySettings = true mBrightnessEnablebyBattery = true mBrightnessEnablebyDisableFlag = true mPmsBrightnessEnablebySettings = true
12-23 13:40:36.768  1015  1015 D BatteryMeterView: ACTION_BATTERY_CHANGED : level:66 status:3 health:2
12-23 13:40:36.778  1015  1015 D STATUSBAR-IconMerger: checkOverflow(240), More:false, Req:false Child:1
12-23 13:40:36.818   495   495 D STATUSBAR-NotificationService: ACTION_SCREEN_ON
12-23 13:40:36.818   495   495 D LightsService: [api] [SvcLED] turnOff:: id = 4 (uid: 1000 pid: 495) 
12-23 13:40:36.818   495   495 D LightsService: [SvcLED] setSvcLedStateLocked:: SvcLEDState : 0x0 -> 0x0 | SvcLED(id=4) set Off
12-23 13:40:36.818   495   942 D LightsService: [SvcLED] Lux failed to be updated in 700ms. -> handleForcedSvcLEDTasK
12-23 13:40:36.818   495   942 D LightsService: [SvcLED]  setSvcLedLightLocked :: Current SvcLED(id=3) maintains its priority right
12-23 13:40:36.838  1015  1015 D STATUSBAR-NetworkController: onReceive() - RSSI_CHANGED_ACTION, WIFI_STATE, NETWORK_STATE
12-23 13:40:36.838  1015  1015 D STATUSBAR-NetworkController: updateRomaingNotification DataRoaming:false mDataRoamingTypeForVZW : 0
12-23 13:40:36.868   495   945 D DisplayPowerController: applyLightSensorMeasurementSEC : mIsLockZone = false
12-23 13:40:36.878   495   949 V AlarmManager: waitForAlarm result :4
12-23 13:40:36.878  1015  1015 D STATUSBAR-IconMerger: checkOverflow(240), More:false, Req:false Child:1
12-23 13:40:36.928   495   949 V AlarmManager: trigger ELAPSED_REALTIME_WAKEUP or RTC_WAKEUP
12-23 13:40:36.948  1015  1015 D STATUSBAR-NetworkController: onSignalStrengthsChanged signalStrength=SignalStrength: 99 99 -87 -50 -120 -1 -1 18 -107 -16 0 -1 2147483647 gsm|lte 0x2030 level=2
12-23 13:40:36.948  1015  1015 D STATUSBAR-NetworkController: updateRomaingNotification DataRoaming:false mDataRoamingTypeForVZW : 0
12-23 13:40:36.958  1015  1015 D STATUSBAR-NetworkController: onSignalStrengthsChanged signalStrength=SignalStrength: 99 99 -87 -50 -120 -1 -1 18 -107 -16 0 -1 2147483647 gsm|lte 0x2030 level=2
12-23 13:40:36.968  1015  1015 D STATUSBAR-NetworkController: updateRomaingNotification DataRoaming:false mDataRoamingTypeForVZW : 0
12-23 13:40:37.058   495   949 V AlarmManager: waitForAlarm result :4
12-23 13:40:37.068   495   949 V AlarmManager: trigger ELAPSED_REALTIME_WAKEUP or RTC_WAKEUP
12-23 13:40:37.068   495   945 D DisplayPowerController: applyLightSensorMeasurementSEC : mIsLockZone = true
12-23 13:40:37.118   495   949 V AlarmManager: waitForAlarm result :4
12-23 13:40:37.128   495   949 V AlarmManager: trigger ELAPSED_REALTIME_WAKEUP or RTC_WAKEUP
12-23 13:40:37.168   495   949 V AlarmManager: waitForAlarm result :4
12-23 13:40:37.209   495   949 V AlarmManager: trigger ELAPSED_REALTIME_WAKEUP or RTC_WAKEUP
12-23 13:40:37.249   495  2603 D SSRMv2:TSP:AirViewOnOff: DeviceInfo:: 00010000000
12-23 13:40:37.249   495  2603 D SSRMv2:TSP:AirViewOnOff: SettingsAirViewInfo:: 000000000
12-23 13:40:37.269   495  2603 D SSRMv2:SIOP: SIOP:: AP = 310, Delta = -10
12-23 13:40:37.299   495   495 D PowerManagerService: [PWL] sb release: PowerManagerService.Broadcasts
12-23 13:40:37.309   495   505 D WifiService: startScan by pid=1451, uid=10021
12-23 13:40:37.449   495   946 D PowerManagerService: Excessive delay in nativeSetAutoSuspend(false): 281ms
12-23 13:40:37.449   495   946 D PowerManagerService: !@[s] unblankAllDisplays() : unblankAllDisplaysFromPowerManager
12-23 13:40:37.449   495   946 D PowerManagerService: Excessive delay in wakeUp() or wakeUpFromNative(): 1187ms
12-23 13:40:37.449   495   946 D PowerManagerService: SecHardwareInterface.setBatteryADC : true
12-23 13:40:37.539  1015  1015 D STATUSBAR-NetworkController: updateRomaingNotification DataRoaming:false mDataRoamingTypeForVZW : 0
12-23 13:40:37.539  1015  1015 D STATUSBAR-NetworkController: refreshSignalCluster - setNWBoosterIndicators(false)
12-23 13:40:37.539  1015  1015 D STATUSBAR-NetworkController: refreshSignalCluster: data=0 bt=false
12-23 13:40:37.559  1015  1015 D STATUSBAR-IconMerger: checkOverflow(240), More:false, Req:false Child:1
12-23 13:40:37.799   495   949 V AlarmManager: waitForAlarm result :8
12-23 13:40:38.099   495   949 V AlarmManager: waitForAlarm result :8
12-23 13:40:38.330   495   952 V VibratorService: hasVibrator - useVibetonz: true
12-23 13:40:38.330   495   952 W SamsungWindowManager: keyguard - disable key sound
12-23 13:40:38.400   495   949 V AlarmManager: waitForAlarm result :8
12-23 13:40:38.460   495   916 D STATUSBAR-StatusBarManagerService: manageDisableList what=0x2600000 pkg=WindowManager.LayoutParams
12-23 13:40:38.480  1015  1015 D PhoneStatusBar: disable(): knoxCustomManager = android.app.enterprise.knoxcustom.KnoxCustomManager@4250f170
12-23 13:40:38.510  1015  1015 D STATUSBAR-NetworkController: onSignalStrengthsChanged signalStrength=SignalStrength: 99 99 -87 -50 -120 -1 -1 19 -107 -15 -12 -1 2147483647 gsm|lte 0x2030 level=2
12-23 13:40:38.510  1015  1015 D STATUSBAR-NetworkController: updateRomaingNotification DataRoaming:false mDataRoamingTypeForVZW : 0
12-23 13:40:38.560  1015  1015 D STATUSBAR-NetworkController: updateRomaingNotification DataRoaming:false mDataRoamingTypeForVZW : 0
12-23 13:40:38.560  1015  1015 D STATUSBAR-NetworkController: refreshSignalCluster - setNWBoosterIndicators(false)
12-23 13:40:38.560  1015  1015 D STATUSBAR-NetworkController: refreshSignalCluster: data=0 bt=false
12-23 13:40:38.560  1015  1015 D STATUSBAR-IconMerger: checkOverflow(240), More:false, Req:false Child:1
12-23 13:40:38.700   495   949 V AlarmManager: waitForAlarm result :8
12-23 13:40:39.000   495   949 V AlarmManager: waitForAlarm result :8
12-23 13:40:39.301   495   949 V AlarmManager: waitForAlarm result :8
12-23 13:40:39.601   495   949 V AlarmManager: waitForAlarm result :8
12-23 13:40:39.861  1015  1015 D STATUSBAR-NetworkController: onReceive() - RSSI_CHANGED_ACTION, WIFI_STATE, NETWORK_STATE
12-23 13:40:39.861  1015  1015 D STATUSBAR-NetworkController: updateRomaingNotification DataRoaming:false mDataRoamingTypeForVZW : 0
12-23 13:40:39.901   495   949 V AlarmManager: waitForAlarm result :8
12-23 13:40:40.202   495   949 V AlarmManager: waitForAlarm result :8
12-23 13:40:40.502   495   949 V AlarmManager: waitForAlarm result :8
12-23 13:40:40.562  1015  1015 D STATUSBAR-NetworkController: updateRomaingNotification DataRoaming:false mDataRoamingTypeForVZW : 0
12-23 13:40:40.562  1015  1015 D STATUSBAR-NetworkController: refreshSignalCluster - setNWBoosterIndicators(false)
12-23 13:40:40.562  1015  1015 D STATUSBAR-NetworkController: refreshSignalCluster: data=0 bt=false
12-23 13:40:40.562  1015  1015 D STATUSBAR-IconMerger: checkOverflow(240), More:false, Req:false Child:1
12-23 13:40:40.802   495   949 V AlarmManager: waitForAlarm result :8
12-23 13:40:41.012   495   495 D WifiNotificationController: showOngoingWifiNotification show : true, id : 17303674
12-23 13:40:41.072  1015  1015 D STATUSBAR-NetworkController: onSignalStrengthsChanged signalStrength=SignalStrength: 99 99 -87 -50 -120 -1 -1 18 -107 -11 0 -1 2147483647 gsm|lte 0x2030 level=2
12-23 13:40:41.072  1015  1015 D STATUSBAR-NetworkController: updateRomaingNotification DataRoaming:false mDataRoamingTypeForVZW : 0
12-23 13:40:41.103   495   949 V AlarmManager: waitForAlarm result :8
12-23 13:40:41.143   495   949 V AlarmManager: waitForAlarm result :4
12-23 13:40:41.143   495   949 V AlarmManager: trigger ELAPSED_REALTIME_WAKEUP or RTC_WAKEUP
12-23 13:40:41.403   495   949 V AlarmManager: waitForAlarm result :8
12-23 13:40:41.563  1015  1015 D STATUSBAR-NetworkController: updateRomaingNotification DataRoaming:false mDataRoamingTypeForVZW : 0
12-23 13:40:41.563  1015  1015 D STATUSBAR-NetworkController: refreshSignalCluster - setNWBoosterIndicators(false)
12-23 13:40:41.563  1015  1015 D STATUSBAR-NetworkController: refreshSignalCluster: data=0 bt=false
12-23 13:40:41.573  1015  1015 D STATUSBAR-IconMerger: checkOverflow(240), More:false, Req:false Child:1
12-23 13:40:41.703   495   949 V AlarmManager: waitForAlarm result :8
12-23 13:40:41.943   495   985 D ConnectivityService: handleInetConditionHoldEnd: net=1, condition=100, published condition=0
12-23 13:40:41.963  1015  1015 D STATUSBAR-NetworkController: onReceive() - CONNECTIVITY_ACTION, INET_CONDITION_ACTION
12-23 13:40:41.963  1015  1015 D STATUSBAR-NetworkController: getUpdateDataNetType() - mDataNetType:13
12-23 13:40:41.973  1015  1015 D STATUSBAR-NetworkController: isCdma(), !isCdmaEri(), mRoamingIconId = 0
12-23 13:40:41.973  1015  1015 D STATUSBAR-NetworkController: updateRomaingNotification DataRoaming:false mDataRoamingTypeForVZW : 0
12-23 13:40:42.003   495   949 V AlarmManager: waitForAlarm result :8
12-23 13:40:42.304   495   949 V AlarmManager: waitForAlarm result :8
12-23 13:40:42.334   495  1099 E Watchdog: !@Sync 210
12-23 13:40:42.344  1015  1015 D STATUSBAR-NetworkController: onSignalStrengthsChanged signalStrength=SignalStrength: 99 99 -87 -50 -120 -1 -1 18 -107 -16 -10 -1 2147483647 gsm|lte 0x2030 level=2
12-23 13:40:42.344  1015  1015 D STATUSBAR-NetworkController: updateRomaingNotification DataRoaming:false mDataRoamingTypeForVZW : 0
12-23 13:40:42.564  1015  1015 D STATUSBAR-NetworkController: updateRomaingNotification DataRoaming:false mDataRoamingTypeForVZW : 0
12-23 13:40:42.564  1015  1015 D STATUSBAR-NetworkController: refreshSignalCluster - setNWBoosterIndicators(false)
12-23 13:40:42.564  1015  1015 D STATUSBAR-NetworkController: refreshSignalCluster: data=0 bt=false
12-23 13:40:42.584  1015  1015 D STATUSBAR-IconMerger: checkOverflow(240), More:false, Req:false Child:1
12-23 13:40:42.604   495   949 V AlarmManager: waitForAlarm result :8
12-23 13:40:42.904   495   949 V AlarmManager: waitForAlarm result :8
12-23 13:40:42.904  1015  1015 D STATUSBAR-NetworkController: onReceive() - RSSI_CHANGED_ACTION, WIFI_STATE, NETWORK_STATE
12-23 13:40:42.914  1015  1015 D STATUSBAR-NetworkController: updateRomaingNotification DataRoaming:false mDataRoamingTypeForVZW : 0
12-23 13:40:43.205   495   949 V AlarmManager: waitForAlarm result :8
12-23 13:40:43.505   495   949 V AlarmManager: waitForAlarm result :8
12-23 13:40:43.585  1015  1015 D STATUSBAR-NetworkController: updateRomaingNotification DataRoaming:false mDataRoamingTypeForVZW : 0
12-23 13:40:43.585  1015  1015 D STATUSBAR-NetworkController: refreshSignalCluster - setNWBoosterIndicators(false)
12-23 13:40:43.585  1015  1015 D STATUSBAR-NetworkController: refreshSignalCluster: data=0 bt=false
12-23 13:40:43.605  1015  1015 D STATUSBAR-IconMerger: checkOverflow(240), More:false, Req:false Child:1
12-23 13:40:43.805   495   949 V AlarmManager: waitForAlarm result :8
12-23 13:40:44.106   495   949 V AlarmManager: waitForAlarm result :8
12-23 13:40:44.406   495   949 V AlarmManager: waitForAlarm result :8
12-23 13:40:44.606  1015  1015 D STATUSBAR-NetworkController: updateRomaingNotification DataRoaming:false mDataRoamingTypeForVZW : 0
12-23 13:40:44.606  1015  1015 D STATUSBAR-NetworkController: refreshSignalCluster - setNWBoosterIndicators(false)
12-23 13:40:44.606  1015  1015 D STATUSBAR-NetworkController: refreshSignalCluster: data=0 bt=false
12-23 13:40:44.616  1015  1015 D STATUSBAR-IconMerger: checkOverflow(240), More:false, Req:false Child:1
12-23 13:40:44.706   495   949 V AlarmManager: waitForAlarm result :8
12-23 13:40:44.997   495   949 V AlarmManager: waitForAlarm result :8
12-23 13:40:45.307   495   949 V AlarmManager: waitForAlarm result :8
12-23 13:40:45.597   495   949 V AlarmManager: waitForAlarm result :8
12-23 13:40:45.898   495   949 V AlarmManager: waitForAlarm result :8
12-23 13:40:46.178  1015  1015 D STATUSBAR-NetworkController: onSignalStrengthsChanged signalStrength=SignalStrength: 99 99 -87 -50 -120 -1 -1 19 -109 -14 -10 -1 2147483647 gsm|lte 0x2030 level=2
12-23 13:40:46.188  1015  1015 D STATUSBAR-NetworkController: updateRomaingNotification DataRoaming:false mDataRoamingTypeForVZW : 0
12-23 13:40:46.198   495   949 V AlarmManager: waitForAlarm result :8
12-23 13:40:46.358   495   945 D PowerManagerService: [s] UserActivityState : 1 -> 0
12-23 13:40:46.358   495   945 I PowerManagerService: !@[ps] Screen__Off(2) : timeout (0x4)
12-23 13:40:46.358   495   945 I PowerManagerService: Going to sleep due to screen timeout...
12-23 13:40:46.358   495   945 D PowerManagerService: [s] WAKEFULNESS_ASLEEP
12-23 13:40:46.358   495   945 D DisplayPowerController: [DAB] setLightSensorEnabled : unregisterListener mLightSensor
12-23 13:40:46.358   495   945 I DisplayPowerController: [DAB] fileWriteInt : /sys/class/backlight/panel/auto_brightness  value : 0
12-23 13:40:46.388   495   945 D DisplayPowerController: !@ElectronBeam entry
12-23 13:40:46.498   495   949 V AlarmManager: waitForAlarm result :8
12-23 13:40:46.618   495   945 D PowerManagerService: [s] mDisplayPowerControllerCallbacks : onStateChanged()
12-23 13:40:46.618   495   945 D PowerManagerService: [PWL] sb acquire: PowerManagerService.Broadcasts
12-23 13:40:46.628   495   945 D PowerManagerService: [PWL] sb release: PowerManagerService.Display
12-23 13:40:46.708   495   495 D VibratorService: ImmVibe vibratorOff()
12-23 13:40:46.729   495   495 D STATUSBAR-NotificationService: ACTION_SCREEN_OFF
12-23 13:40:46.729   495   495 D LightsService: [api] [SvcLED] turnOff:: id = 4 (uid: 1000 pid: 495) 
12-23 13:40:46.729   495   495 D LightsService: [SvcLED] setSvcLedStateLocked:: SvcLEDState : 0x0 -> 0x0 | SvcLED(id=4) set Off
12-23 13:40:46.729   495   942 D LightsService: [SvcLED] Lux failed to be updated in 700ms. -> handleForcedSvcLEDTasK
12-23 13:40:46.729   495   942 D LightsService: [SvcLED]  setSvcLedLightLocked :: Current SvcLED(id=3) maintains its priority right
12-23 13:40:46.759   495   985 D ConnectivityService: handleInetConditionHoldEnd: net=1, condition=0, published condition=100
12-23 13:40:46.769   495   946 D PowerManagerService: !@[s] blankAllDisplays() : blankAllDisplaysFromPowerManage
12-23 13:40:46.799   495   949 V AlarmManager: waitForAlarm result :12
12-23 13:40:46.809   495   949 V AlarmManager: trigger ELAPSED_REALTIME_WAKEUP or RTC_WAKEUP
12-23 13:40:46.809   495   949 V AlarmManager: trigger ELAPSED_REALTIME_WAKEUP or RTC_WAKEUP
12-23 13:40:46.839  1622  1622 D KeyguardClockWidgetProvider: onReceive action=android.appwidget.action.APPWIDGET_DELETED
12-23 13:40:46.879  1622  1622 D KeyguardClockWidgetProvider: onReceive action=android.appwidget.action.APPWIDGET_DISABLED
12-23 13:40:47.019   495   946 D PowerManagerService: Excessive delay in mDisplayManagerService.blankAllDisplaysFromPowerManager(): 253ms
