--------- beginning of /dev/log/system
12-23 13:42:40.428   495   949 V AlarmManager: waitForAlarm result :4
12-23 13:42:40.448   495   949 V AlarmManager: trigger ELAPSED_REALTIME_WAKEUP or RTC_WAKEUP
12-23 13:42:40.448   495   949 V AlarmManager: trigger ELAPSED_REALTIME_WAKEUP or RTC_WAKEUP
12-23 13:42:40.718   495  1323 D BatteryService: level:66, scale:100, status:3, health:2, present:true, voltage: 3877, temperature: 322, technology: Li-ion, AC powered:false, USB powered:false, Wireless powered:false, icon:17303535, invalid charger:0, online:1, current avg:-1, charge type:0, power sharing:false
12-23 13:42:40.718   495   495 D BatteryService: Sending ACTION_BATTERY_CHANGED.
12-23 13:42:40.728  1015  1015 D STATUSBAR-PhoneStatusBar:  mBrightnessEnablebySettings = true mBrightnessEnablebyBattery = true mBrightnessEnablebyDisableFlag = true mPmsBrightnessEnablebySettings = true
12-23 13:42:40.748  1015  1015 D STATUSBAR-IconMerger: checkOverflow(240), More:false, Req:false Child:1
12-23 13:42:40.748  1015  1015 D BatteryMeterView: ACTION_BATTERY_CHANGED : level:66 status:3 health:2
12-23 13:42:41.128   495   942 D LightsService: [SvcLED] Lux failed to be updated in 700ms. -> handleForcedSvcLEDTasK
12-23 13:42:41.128   495   942 D LightsService: [SvcLED]  setSvcLedLightLocked :: Current SvcLED(id=3) maintains its priority right
12-23 13:42:41.909   495   997 D BatteryService: level:66, scale:100, status:3, health:2, present:true, voltage: 3945, temperature: 322, technology: Li-ion, AC powered:false, USB powered:false, Wireless powered:false, icon:17303535, invalid charger:0, online:1, current avg:-1, charge type:0, power sharing:false
12-23 13:42:41.909   495   495 D BatteryService: Sending ACTION_BATTERY_CHANGED.
12-23 13:42:41.919   495   949 V AlarmManager: waitForAlarm result :4
12-23 13:42:41.939  1015  1015 D STATUSBAR-PhoneStatusBar:  mBrightnessEnablebySettings = true mBrightnessEnablebyBattery = true mBrightnessEnablebyDisableFlag = true mPmsBrightnessEnablebySettings = true
12-23 13:42:41.959  1015  1015 D STATUSBAR-IconMerger: checkOverflow(240), More:false, Req:false Child:1
12-23 13:42:41.979  1015  1015 D BatteryMeterView: ACTION_BATTERY_CHANGED : level:66 status:3 health:2
12-23 13:42:41.979   495   949 V AlarmManager: trigger ELAPSED_REALTIME_WAKEUP or RTC_WAKEUP
12-23 13:42:45.153   495  1099 E Watchdog: !@Sync 214
12-23 13:42:46.708   495   505 D BatteryService: level:66, scale:100, status:3, health:2, present:true, voltage: 3941, temperature: 322, technology: Li-ion, AC powered:false, USB powered:false, Wireless powered:false, icon:17303535, invalid charger:0, online:1, current avg:-1, charge type:0, power sharing:false
12-23 13:42:46.728   495   495 D BatteryService: Sending ACTION_BATTERY_CHANGED.
12-23 13:42:46.818  1015  1015 D STATUSBAR-PhoneStatusBar:  mBrightnessEnablebySettings = true mBrightnessEnablebyBattery = true mBrightnessEnablebyDisableFlag = true mPmsBrightnessEnablebySettings = true
12-23 13:42:46.838  1015  1015 D STATUSBAR-IconMerger: checkOverflow(240), More:false, Req:false Child:1
12-23 13:42:51.188   495   949 V AlarmManager: waitForAlarm result :4
12-23 13:42:51.198  1015  1015 D BatteryMeterView: ACTION_BATTERY_CHANGED : level:66 status:3 health:2
12-23 13:42:51.278   495   949 V AlarmManager: trigger ELAPSED_REALTIME_WAKEUP or RTC_WAKEUP
12-23 13:42:51.288   495   949 V AlarmManager: trigger ELAPSED_REALTIME_WAKEUP or RTC_WAKEUP
12-23 13:42:51.408   495   961 W NetworkStats: getDevSummary: NetworkStats: elapsedRealtime=0
12-23 13:42:51.408   495   961 W NetworkStats: getXtSummary: NetworkStats: elapsedRealtime=2517172382
12-23 13:42:51.418   495   985 D MobileDataStateTracker: default: setPolicyDataEnable(enabled=true)
12-23 13:42:51.458   495   961 W NetworkStats: getDevSummary: NetworkStats: elapsedRealtime=0
12-23 13:42:51.458   495   961 W NetworkStats: getXtSummary: NetworkStats: elapsedRealtime=1777372404
12-23 13:42:51.458   495   961 W NetworkStats:   [0] iface=null uid=-1 set=ALL tag=0x0 rxBytes=119560807 rxPackets=271318 txBytes=47331463 txPackets=294754 operations=0
12-23 13:42:51.458   495  6177 D WifiService: startScan by pid=1451, uid=10021
12-23 13:42:51.698   495  1535 D BatteryService: level:66, scale:100, status:3, health:2, present:true, voltage: 3908, temperature: 321, technology: Li-ion, AC powered:false, USB powered:false, Wireless powered:false, icon:17303535, invalid charger:0, online:1, current avg:-1, charge type:0, power sharing:false
12-23 13:42:51.698   495   495 D BatteryService: Sending ACTION_BATTERY_CHANGED.
12-23 13:42:51.728  1015  1015 D STATUSBAR-PhoneStatusBar:  mBrightnessEnablebySettings = true mBrightnessEnablebyBattery = true mBrightnessEnablebyDisableFlag = true mPmsBrightnessEnablebySettings = true
12-23 13:42:51.748  1015  1015 D STATUSBAR-IconMerger: checkOverflow(240), More:false, Req:false Child:1
12-23 13:42:51.748  1015  1015 D BatteryMeterView: ACTION_BATTERY_CHANGED : level:66 status:3 health:2
12-23 13:42:55.292   495   495 D WifiNotificationController: showOngoingWifiNotification show : true, id : 17303674
12-23 13:43:01.188   495   949 V AlarmManager: waitForAlarm result :8
12-23 13:43:01.258  1622  1622 D KeyguardClockWidgetService: onReceive action=android.intent.action.TIME_TICK
12-23 13:43:01.268   495   495 V AlarmManager: ClockReceiver onReceive() ACTION_TIME_TICK
12-23 13:43:01.308  1015  1015 D STATUSBAR-IconMerger: checkOverflow(240), More:false, Req:false Child:1
12-23 13:43:01.718   495  6177 D BatteryService: level:66, scale:100, status:3, health:2, present:true, voltage: 3925, temperature: 325, technology: Li-ion, AC powered:false, USB powered:false, Wireless powered:false, icon:17303535, invalid charger:0, online:1, current avg:-1, charge type:0, power sharing:false
12-23 13:43:01.718   495   495 D BatteryService: Sending ACTION_BATTERY_CHANGED.
12-23 13:43:01.738  1015  1015 D STATUSBAR-PhoneStatusBar:  mBrightnessEnablebySettings = true mBrightnessEnablebyBattery = true mBrightnessEnablebyDisableFlag = true mPmsBrightnessEnablebySettings = true
12-23 13:43:01.738  1015  1015 D BatteryMeterView: ACTION_BATTERY_CHANGED : level:66 status:3 health:2
12-23 13:43:01.758  1015  1015 D STATUSBAR-IconMerger: checkOverflow(240), More:false, Req:false Child:1
12-23 13:43:03.688   495   997 D BatteryService: level:66, scale:100, status:3, health:2, present:true, voltage: 3943, temperature: 324, technology: Li-ion, AC powered:false, USB powered:false, Wireless powered:false, icon:17303535, invalid charger:0, online:1, current avg:-1, charge type:0, power sharing:false
12-23 13:43:03.688   495   495 D BatteryService: Sending ACTION_BATTERY_CHANGED.
12-23 13:43:03.728  1015  1015 D STATUSBAR-PhoneStatusBar:  mBrightnessEnablebySettings = true mBrightnessEnablebyBattery = true mBrightnessEnablebyDisableFlag = true mPmsBrightnessEnablebySettings = true
12-23 13:43:03.728  1015  1015 D BatteryMeterView: ACTION_BATTERY_CHANGED : level:66 status:3 health:2
12-23 13:43:03.758  1015  1015 D STATUSBAR-IconMerger: checkOverflow(240), More:false, Req:false Child:1
12-23 13:43:04.738   495  1163 D BatteryService: level:66, scale:100, status:3, health:2, present:true, voltage: 3945, temperature: 323, technology: Li-ion, AC powered:false, USB powered:false, Wireless powered:false, icon:17303535, invalid charger:0, online:1, current avg:-1, charge type:0, power sharing:false
12-23 13:43:04.738   495   495 D BatteryService: Sending ACTION_BATTERY_CHANGED.
12-23 13:43:05.212  1015  1015 D STATUSBAR-PhoneStatusBar:  mBrightnessEnablebySettings = true mBrightnessEnablebyBattery = true mBrightnessEnablebyDisableFlag = true mPmsBrightnessEnablebySettings = true
12-23 13:43:05.212  1015  1015 D BatteryMeterView: ACTION_BATTERY_CHANGED : level:66 status:3 health:2
12-23 13:43:05.272  1015  1015 D STATUSBAR-IconMerger: checkOverflow(240), More:false, Req:false Child:1
12-23 13:43:05.743   495  1163 D BatteryService: level:66, scale:100, status:3, health:2, present:true, voltage: 3947, temperature: 323, technology: Li-ion, AC powered:false, USB powered:false, Wireless powered:false, icon:17303535, invalid charger:0, online:1, current avg:-1, charge type:0, power sharing:false
12-23 13:43:05.753   495   495 D BatteryService: Sending ACTION_BATTERY_CHANGED.
12-23 13:43:05.823  1015  1015 D STATUSBAR-PhoneStatusBar:  mBrightnessEnablebySettings = true mBrightnessEnablebyBattery = true mBrightnessEnablebyDisableFlag = true mPmsBrightnessEnablebySettings = true
12-23 13:43:13.208  1015  1015 D STATUSBAR-IconMerger: checkOverflow(240), More:false, Req:false Child:1
12-23 13:43:13.228  1015  1015 D BatteryMeterView: ACTION_BATTERY_CHANGED : level:66 status:3 health:2
12-23 13:43:13.758   495  1163 D BatteryService: level:66, scale:100, status:3, health:2, present:true, voltage: 3938, temperature: 322, technology: Li-ion, AC powered:false, USB powered:false, Wireless powered:false, icon:17303535, invalid charger:0, online:1, current avg:-1, charge type:0, power sharing:false
12-23 13:43:13.758   495   495 D BatteryService: Sending ACTION_BATTERY_CHANGED.
12-23 13:43:13.968  1015  1015 D STATUSBAR-PhoneStatusBar:  mBrightnessEnablebySettings = true mBrightnessEnablebyBattery = true mBrightnessEnablebyDisableFlag = true mPmsBrightnessEnablebySettings = true
12-23 13:43:14.018  1015  1015 D STATUSBAR-IconMerger: checkOverflow(240), More:false, Req:false Child:1
12-23 13:43:14.028  1015  1015 D BatteryMeterView: ACTION_BATTERY_CHANGED : level:66 status:3 health:2
12-23 13:43:14.289   495   945 I PowerManagerService: [PWL] Off : 70s ago
12-23 13:43:16.728   495   506 D BatteryService: level:66, scale:100, status:3, health:2, present:true, voltage: 3947, temperature: 322, technology: Li-ion, AC powered:false, USB powered:false, Wireless powered:false, icon:17303535, invalid charger:0, online:1, current avg:-1, charge type:0, power sharing:false
12-23 13:43:16.728   495   495 D BatteryService: Sending ACTION_BATTERY_CHANGED.
12-23 13:43:16.768  1015  1015 D STATUSBAR-PhoneStatusBar:  mBrightnessEnablebySettings = true mBrightnessEnablebyBattery = true mBrightnessEnablebyDisableFlag = true mPmsBrightnessEnablebySettings = true
12-23 13:43:16.768  1015  1015 D BatteryMeterView: ACTION_BATTERY_CHANGED : level:66 status:3 health:2
12-23 13:43:16.798  1015  1015 D STATUSBAR-IconMerger: checkOverflow(240), More:false, Req:false Child:1
12-23 13:43:18.718   495  1163 D BatteryService: level:66, scale:100, status:3, health:2, present:true, voltage: 3927, temperature: 322, technology: Li-ion, AC powered:false, USB powered:false, Wireless powered:false, icon:17303535, invalid charger:0, online:1, current avg:-1, charge type:0, power sharing:false
12-23 13:43:18.728   495   495 D BatteryService: Sending ACTION_BATTERY_CHANGED.
12-23 13:43:18.738  1015  1015 D STATUSBAR-PhoneStatusBar:  mBrightnessEnablebySettings = true mBrightnessEnablebyBattery = true mBrightnessEnablebyDisableFlag = true mPmsBrightnessEnablebySettings = true
12-23 13:43:18.738  1015  1015 D BatteryMeterView: ACTION_BATTERY_CHANGED : level:66 status:3 health:2
12-23 13:43:18.758  1015  1015 D STATUSBAR-IconMerger: checkOverflow(240), More:false, Req:false Child:1
12-23 13:43:23.188   495   949 V AlarmManager: waitForAlarm result :4
12-23 13:43:23.258   495   949 V AlarmManager: trigger ELAPSED_REALTIME_WAKEUP or RTC_WAKEUP
12-23 13:43:23.708   495  1535 D BatteryService: level:66, scale:100, status:3, health:2, present:true, voltage: 3918, temperature: 322, technology: Li-ion, AC powered:false, USB powered:false, Wireless powered:false, icon:17303535, invalid charger:0, online:1, current avg:-1, charge type:0, power sharing:false
12-23 13:43:23.708   495   495 D BatteryService: Sending ACTION_BATTERY_CHANGED.
12-23 13:43:23.728  1015  1015 D STATUSBAR-PhoneStatusBar:  mBrightnessEnablebySettings = true mBrightnessEnablebyBattery = true mBrightnessEnablebyDisableFlag = true mPmsBrightnessEnablebySettings = true
12-23 13:43:23.728  1015  1015 D BatteryMeterView: ACTION_BATTERY_CHANGED : level:66 status:3 health:2
12-23 13:43:23.748  1015  1015 D STATUSBAR-IconMerger: checkOverflow(240), More:false, Req:false Child:1
12-23 13:43:24.688   495  1112 D BatteryService: level:66, scale:100, status:3, health:2, present:true, voltage: 3938, temperature: 322, technology: Li-ion, AC powered:false, USB powered:false, Wireless powered:false, icon:17303535, invalid charger:0, online:1, current avg:-1, charge type:0, power sharing:false
12-23 13:43:24.688   495   495 D BatteryService: Sending ACTION_BATTERY_CHANGED.
12-23 13:43:24.688  1015  1015 D STATUSBAR-PhoneStatusBar:  mBrightnessEnablebySettings = true mBrightnessEnablebyBattery = true mBrightnessEnablebyDisableFlag = true mPmsBrightnessEnablebySettings = true
12-23 13:43:24.688  1015  1015 D BatteryMeterView: ACTION_BATTERY_CHANGED : level:66 status:3 health:2
12-23 13:43:24.708  1015  1015 D STATUSBAR-IconMerger: checkOverflow(240), More:false, Req:false Child:1
12-23 13:43:25.810   495  1170 D BatteryService: level:66, scale:100, status:3, health:2, present:true, voltage: 3943, temperature: 322, technology: Li-ion, AC powered:false, USB powered:false, Wireless powered:false, icon:17303535, invalid charger:0, online:1, current avg:-1, charge type:0, power sharing:false
12-23 13:43:25.810   495   495 D BatteryService: Sending ACTION_BATTERY_CHANGED.
12-23 13:43:25.840  1015  1015 D STATUSBAR-PhoneStatusBar:  mBrightnessEnablebySettings = true mBrightnessEnablebyBattery = true mBrightnessEnablebyDisableFlag = true mPmsBrightnessEnablebySettings = true
12-23 13:43:25.860  1015  1015 D STATUSBAR-IconMerger: checkOverflow(240), More:false, Req:false Child:1
12-23 13:43:25.870  1015  1015 D BatteryMeterView: ACTION_BATTERY_CHANGED : level:66 status:3 health:2
12-23 13:43:29.901   495   997 D BatteryService: level:66, scale:100, status:3, health:2, present:true, voltage: 3925, temperature: 325, technology: Li-ion, AC powered:false, USB powered:false, Wireless powered:false, icon:17303535, invalid charger:0, online:1, current avg:-1, charge type:0, power sharing:false
12-23 13:43:29.901   495   495 D BatteryService: Sending ACTION_BATTERY_CHANGED.
12-23 13:43:29.941  1015  1015 D STATUSBAR-PhoneStatusBar:  mBrightnessEnablebySettings = true mBrightnessEnablebyBattery = true mBrightnessEnablebyDisableFlag = true mPmsBrightnessEnablebySettings = true
12-23 13:43:29.941  1015  1015 D BatteryMeterView: ACTION_BATTERY_CHANGED : level:66 status:3 health:2
12-23 13:43:29.961  1015  1015 D STATUSBAR-IconMerger: checkOverflow(240), More:false, Req:false Child:1
12-23 13:43:30.161   495  2603 D SSRMv2:SIOP: SIOP:: AP = 330, Delta = -10
12-23 13:43:36.718   495   505 D BatteryService: level:66, scale:100, status:3, health:2, present:true, voltage: 3918, temperature: 325, technology: Li-ion, AC powered:false, USB powered:false, Wireless powered:false, icon:17303535, invalid charger:0, online:1, current avg:-1, charge type:0, power sharing:false
12-23 13:43:36.728   495   495 D BatteryService: Sending ACTION_BATTERY_CHANGED.
12-23 13:43:36.748  1015  1015 D STATUSBAR-PhoneStatusBar:  mBrightnessEnablebySettings = true mBrightnessEnablebyBattery = true mBrightnessEnablebyDisableFlag = true mPmsBrightnessEnablebySettings = true
12-23 13:43:36.768  1015  1015 D STATUSBAR-IconMerger: checkOverflow(240), More:false, Req:false Child:1
12-23 13:43:36.798  1015  1015 D BatteryMeterView: ACTION_BATTERY_CHANGED : level:66 status:3 health:2
12-23 13:43:37.949   495  1112 D BatteryService: level:66, scale:100, status:3, health:2, present:true, voltage: 3927, temperature: 325, technology: Li-ion, AC powered:false, USB powered:false, Wireless powered:false, icon:17303535, invalid charger:0, online:1, current avg:-1, charge type:0, power sharing:false
12-23 13:43:37.949   495   495 D BatteryService: Sending ACTION_BATTERY_CHANGED.
12-23 13:43:37.999  1015  1015 D STATUSBAR-PhoneStatusBar:  mBrightnessEnablebySettings = true mBrightnessEnablebyBattery = true mBrightnessEnablebyDisableFlag = true mPmsBrightnessEnablebySettings = true
12-23 13:43:37.999  1015  1015 D BatteryMeterView: ACTION_BATTERY_CHANGED : level:66 status:3 health:2
12-23 13:43:38.389  1015  1015 D STATUSBAR-IconMerger: checkOverflow(240), More:false, Req:false Child:1
12-23 13:43:38.879   495  1232 D BatteryService: level:66, scale:100, status:3, health:2, present:true, voltage: 3940, temperature: 325, technology: Li-ion, AC powered:false, USB powered:false, Wireless powered:false, icon:17303535, invalid charger:0, online:1, current avg:-1, charge type:0, power sharing:false
12-23 13:43:42.158   495   495 D BatteryService: Sending ACTION_BATTERY_CHANGED.
12-23 13:43:42.208  1015  1015 D STATUSBAR-PhoneStatusBar:  mBrightnessEnablebySettings = true mBrightnessEnablebyBattery = true mBrightnessEnablebyDisableFlag = true mPmsBrightnessEnablebySettings = true
12-23 13:43:42.208  1015  1015 D BatteryMeterView: ACTION_BATTERY_CHANGED : level:66 status:3 health:2
12-23 13:43:42.228  1015  1015 D STATUSBAR-IconMerger: checkOverflow(240), More:false, Req:false Child:1
12-23 13:43:42.708   495  1163 D BatteryService: level:66, scale:100, status:3, health:2, present:true, voltage: 3947, temperature: 324, technology: Li-ion, AC powered:false, USB powered:false, Wireless powered:false, icon:17303535, invalid charger:0, online:1, current avg:-1, charge type:0, power sharing:false
12-23 13:43:42.708   495   495 D BatteryService: Sending ACTION_BATTERY_CHANGED.
12-23 13:43:42.738  1015  1015 D STATUSBAR-PhoneStatusBar:  mBrightnessEnablebySettings = true mBrightnessEnablebyBattery = true mBrightnessEnablebyDisableFlag = true mPmsBrightnessEnablebySettings = true
12-23 13:43:42.738  1015  1015 D BatteryMeterView: ACTION_BATTERY_CHANGED : level:66 status:3 health:2
12-23 13:43:42.768  1015  1015 D STATUSBAR-IconMerger: checkOverflow(240), More:false, Req:false Child:1
12-23 13:43:43.128   495   949 V AlarmManager: waitForAlarm result :4
12-23 13:43:43.158   495   949 V AlarmManager: trigger ELAPSED_REALTIME_WAKEUP or RTC_WAKEUP
12-23 13:43:43.169   495   949 V AlarmManager: trigger ELAPSED_REALTIME_WAKEUP or RTC_WAKEUP
12-23 13:43:43.169   495   949 V AlarmManager: trigger ELAPSED_REALTIME_WAKEUP or RTC_WAKEUP
12-23 13:43:43.499   495   505 D BatteryService: level:66, scale:100, status:3, health:2, present:true, voltage: 3911, temperature: 324, technology: Li-ion, AC powered:false, USB powered:false, Wireless powered:false, icon:17303535, invalid charger:0, online:1, current avg:-1, charge type:0, power sharing:false
12-23 13:43:43.499   495   495 D BatteryService: Sending ACTION_BATTERY_CHANGED.
12-23 13:43:43.749  1015  1015 D STATUSBAR-PhoneStatusBar:  mBrightnessEnablebySettings = true mBrightnessEnablebyBattery = true mBrightnessEnablebyDisableFlag = true mPmsBrightnessEnablebySettings = true
12-23 13:43:43.749  1015  1015 D BatteryMeterView: ACTION_BATTERY_CHANGED : level:66 status:3 health:2
12-23 13:43:43.769  1015  1015 D STATUSBAR-IconMerger: checkOverflow(240), More:false, Req:false Child:1
12-23 13:43:44.250   495  1534 D BatteryService: level:66, scale:100, status:3, health:2, present:true, voltage: 3913, temperature: 324, technology: Li-ion, AC powered:false, USB powered:false, Wireless powered:false, icon:17303535, invalid charger:0, online:1, current avg:-1, charge type:0, power sharing:false
12-23 13:43:44.250   495   495 D BatteryService: Sending ACTION_BATTERY_CHANGED.
12-23 13:43:44.270  1015  1015 D STATUSBAR-PhoneStatusBar:  mBrightnessEnablebySettings = true mBrightnessEnablebyBattery = true mBrightnessEnablebyDisableFlag = true mPmsBrightnessEnablebySettings = true
12-23 13:43:44.270  1015  1015 D BatteryMeterView: ACTION_BATTERY_CHANGED : level:66 status:3 health:2
12-23 13:43:44.290  1015  1015 D STATUSBAR-IconMerger: checkOverflow(240), More:false, Req:false Child:1
12-23 13:43:46.648   495  1099 E Watchdog: !@Sync 215
12-23 13:43:46.738   495  1112 D BatteryService: level:66, scale:100, status:3, health:2, present:true, voltage: 3938, temperature: 324, technology: Li-ion, AC powered:false, USB powered:false, Wireless powered:false, icon:17303535, invalid charger:0, online:1, current avg:-1, charge type:0, power sharing:false
12-23 13:43:46.748   495   495 D BatteryService: Sending ACTION_BATTERY_CHANGED.
12-23 13:43:49.208  1015  1015 D STATUSBAR-PhoneStatusBar:  mBrightnessEnablebySettings = true mBrightnessEnablebyBattery = true mBrightnessEnablebyDisableFlag = true mPmsBrightnessEnablebySettings = true
12-23 13:43:49.208  1015  1015 D STATUSBAR-IconMerger: checkOverflow(240), More:false, Req:false Child:1
12-23 13:43:49.218  1015  1015 D BatteryMeterView: ACTION_BATTERY_CHANGED : level:66 status:3 health:2
12-23 13:43:49.738   495  1232 D BatteryService: level:66, scale:100, status:3, health:2, present:true, voltage: 3948, temperature: 324, technology: Li-ion, AC powered:false, USB powered:false, Wireless powered:false, icon:17303535, invalid charger:0, online:1, current avg:-1, charge type:0, power sharing:false
12-23 13:43:49.738   495   495 D BatteryService: Sending ACTION_BATTERY_CHANGED.
12-23 13:43:51.218  1015  1015 D STATUSBAR-PhoneStatusBar:  mBrightnessEnablebySettings = true mBrightnessEnablebyBattery = true mBrightnessEnablebyDisableFlag = true mPmsBrightnessEnablebySettings = true
12-23 13:43:51.228  1015  1015 D BatteryMeterView: ACTION_BATTERY_CHANGED : level:66 status:3 health:2
12-23 13:43:51.228  1015  1015 D STATUSBAR-IconMerger: checkOverflow(240), More:false, Req:false Child:1
12-23 13:43:51.708   495  1163 D BatteryService: level:66, scale:100, status:3, health:2, present:true, voltage: 3918, temperature: 323, technology: Li-ion, AC powered:false, USB powered:false, Wireless powered:false, icon:17303535, invalid charger:0, online:1, current avg:-1, charge type:0, power sharing:false
12-23 13:43:51.708   495   495 D BatteryService: Sending ACTION_BATTERY_CHANGED.
12-23 13:43:51.748  1015  1015 D STATUSBAR-PhoneStatusBar:  mBrightnessEnablebySettings = true mBrightnessEnablebyBattery = true mBrightnessEnablebyDisableFlag = true mPmsBrightnessEnablebySettings = true
12-23 13:43:51.748  1015  1015 D BatteryMeterView: ACTION_BATTERY_CHANGED : level:66 status:3 health:2
12-23 13:43:51.758  1015  1015 D STATUSBAR-IconMerger: checkOverflow(240), More:false, Req:false Child:1
12-23 13:43:52.469   495   949 V AlarmManager: waitForAlarm result :4
12-23 13:43:52.479   495   949 V AlarmManager: trigger ELAPSED_REALTIME_WAKEUP or RTC_WAKEUP
12-23 13:43:52.489   495   949 V AlarmManager: trigger ELAPSED_REALTIME_WAKEUP or RTC_WAKEUP
12-23 13:43:52.519   495  6177 D WifiService: startScan by pid=1451, uid=10021
12-23 13:43:52.609   495  1534 D BatteryService: level:66, scale:100, status:3, health:2, present:true, voltage: 3895, temperature: 323, technology: Li-ion, AC powered:false, USB powered:false, Wireless powered:false, icon:17303535, invalid charger:0, online:1, current avg:-1, charge type:0, power sharing:false
12-23 13:43:52.619   495   495 D BatteryService: Sending ACTION_BATTERY_CHANGED.
12-23 13:43:52.629  1015  1015 D STATUSBAR-PhoneStatusBar:  mBrightnessEnablebySettings = true mBrightnessEnablebyBattery = true mBrightnessEnablebyDisableFlag = true mPmsBrightnessEnablebySettings = true
12-23 13:43:52.629  1015  1015 D BatteryMeterView: ACTION_BATTERY_CHANGED : level:66 status:3 health:2
12-23 13:43:52.649  1015  1015 D STATUSBAR-IconMerger: checkOverflow(240), More:false, Req:false Child:1
12-23 13:43:53.169   495   952 D PowerManagerService: [api] [s] wakeUpFromNative:  (uid: 1000 pid: 495)
12-23 13:43:53.169   495   952 I PowerManagerService: !@[ps] Screen__On :  wakeUpFromNative:  (uid: 1000 pid: 495)
12-23 13:43:53.169   495   952 I PowerManagerService: Waking up from sleep...
12-23 13:43:53.169   495   952 D PowerManagerService: Screen Readiness Inspection requested: mNestCount=1
12-23 13:43:53.169   495   952 D PowerManagerService: [PWL] sb acquire: PowerManagerService.Broadcasts
12-23 13:43:53.169   495   952 D PowerManagerService: [s] WAKEFULNESS_AWAKE
12-23 13:43:53.169   495   952 D PowerManagerService: [s] getScreenOffTimeoutLocked: 30000 -> 10000
12-23 13:43:53.169   495   952 D PowerManagerService: [s] UserActivityState : 0 -> 1
12-23 13:43:53.169   495   952 D PowerManagerService: [PWL] sb acquire: PowerManagerService.Display
12-23 13:43:53.169   495   945 D DisplayPowerController: [DAB] setLightSensorEnabled : registerListener mLightSensor
12-23 13:43:53.240  1622  1622 D KeyguardClockWidgetService: onReceive action=android.intent.action.SCREEN_ON
12-23 13:43:53.250  1622  1622 D KeyguardClockWidgetProvider: refreshSingleClock :{Home} Hour = 1, Min = 43
12-23 13:43:53.280   495  1206 D PowerManagerService: [api] [s] userActivity : event: 3 flags: 0 (uid: 10226 pid: 1015)
12-23 13:43:53.280   495   945 I DisplayPowerController: [DAB] fileWriteInt : /sys/class/backlight/panel/auto_brightness  value : 2
12-23 13:43:53.280   495   945 D DisplayPowerController: [DAB] no lux value from sensor manager
12-23 13:43:53.280   495   945 D DisplayPowerController: animation target = 57 (PSM:true, AB limit:(-1 ~ -1) MB Limit:(-1 ~ -1) MAdj:(0, (0, 255)))
12-23 13:43:53.300  1622  1622 D KeyguardClockWidgetProvider: desc Message = It is 1:43 PM
12-23 13:43:53.330   495   945 D RampAnimator: Light Animator Finished currentValue=57
12-23 13:43:53.410   495   945 D DisplayPowerController: [api] [DAB] onSensorChanged : 1st lux : 46.0
12-23 13:43:53.410   495   945 D DisplayPowerController: [DAB] updateAutoBrightnessSEC : 78(78.0)    3.0 < 46.0 < 133.0 (0.0)
12-23 13:43:53.420   495   945 D DisplayPowerController: animation target = 58 (PSM:true, AB limit:(-1 ~ -1) MB Limit:(-1 ~ -1) MAdj:(0, (0, 255)))
12-23 13:43:53.430   495   945 D RampAnimator: Light Animator Finished currentValue=58
12-23 13:43:53.570   495  4439 I WindowManager: Lock screen displayed!
12-23 13:43:53.580   495  4439 D PowerManagerNotifier: [api] WindowManagerPolicy.ScreenOnListener : Received onScreenOn().
12-23 13:43:53.580   495  4439 D PowerManagerService: Screen Readiness Inspection completed: mNestCount=0
12-23 13:43:53.580   495   945 D DisplayPowerController: animation target = 58 (PSM:true, AB limit:(-1 ~ -1) MB Limit:(-1 ~ -1) MAdj:(0, (0, 255)))
12-23 13:43:53.580   495   945 D DisplayPowerController: !@ElectronBeam exit
12-23 13:43:53.580   495   945 D DisplayPowerController: animation target = 58 (PSM:true, AB limit:(-1 ~ -1) MB Limit:(-1 ~ -1) MAdj:(0, (0, 255)))
12-23 13:43:53.580   495   945 D PowerManagerService: [s] mDisplayPowerControllerCallbacks : onStateChanged()
12-23 13:43:53.750   495   495 D STATUSBAR-NotificationService: ACTION_SCREEN_ON
12-23 13:43:53.750   495   495 D LightsService: [api] [SvcLED] turnOff:: id = 4 (uid: 1000 pid: 495) 
12-23 13:43:53.750   495   495 D LightsService: [SvcLED] setSvcLedStateLocked:: SvcLEDState : 0x0 -> 0x0 | SvcLED(id=4) set Off
12-23 13:43:53.750   495   942 D LightsService: [SvcLED] Lux failed to be updated in 700ms. -> handleForcedSvcLEDTasK
12-23 13:43:53.750   495   942 D LightsService: [SvcLED]  setSvcLedLightLocked :: Current SvcLED(id=3) maintains its priority right
12-23 13:43:53.760   495  1056 D PowerManagerService: Excessive delay in LCD_Task is start: 476ms
12-23 13:43:53.820  1015  1015 D STATUSBAR-IconMerger: checkOverflow(240), More:false, Req:false Child:1
12-23 13:43:54.000   495  2603 D SSRMv2:TSP:AirViewOnOff: DeviceInfo:: 00010000000
12-23 13:43:54.000   495  2603 D SSRMv2:TSP:AirViewOnOff: SettingsAirViewInfo:: 000000000
12-23 13:43:54.080  1015  1015 D STATUSBAR-NetworkController: onSignalStrengthsChanged signalStrength=SignalStrength: 99 99 -96 -45 -120 -1 -1 17 -111 -14 -20 -1 2147483647 gsm|lte 0x2020 level=2
12-23 13:43:54.080  1015  1015 D STATUSBAR-NetworkController: updateRomaingNotification DataRoaming:false mDataRoamingTypeForVZW : 0
12-23 13:43:54.080  1015  1015 D STATUSBAR-NetworkController: refreshSignalCluster - setNWBoosterIndicators(false)
12-23 13:43:54.080   495  2603 D SSRMv2:SIOP: SIOP:: AP = 330, Delta = 0
12-23 13:43:54.080  1015  1015 D STATUSBAR-NetworkController: refreshSignalCluster: data=0 bt=false
12-23 13:43:54.110  1015  1015 D STATUSBAR-IconMerger: checkOverflow(240), More:false, Req:false Child:1
12-23 13:43:54.170  1015  1015 D STATUSBAR-NetworkController: onSignalStrengthsChanged signalStrength=SignalStrength: 99 99 -96 -45 -120 -1 -1 17 -111 -14 -20 -1 2147483647 gsm|lte 0x2020 level=2
12-23 13:43:54.170  1015  1015 D STATUSBAR-NetworkController: updateRomaingNotification DataRoaming:false mDataRoamingTypeForVZW : 0
12-23 13:43:54.191   495   495 D PowerManagerService: [PWL] sb release: PowerManagerService.Broadcasts
12-23 13:43:54.211   495   949 V AlarmManager: waitForAlarm result :4
12-23 13:43:54.211   495   949 V AlarmManager: trigger ELAPSED_REALTIME_WAKEUP or RTC_WAKEUP
12-23 13:43:54.241   495   949 V AlarmManager: waitForAlarm result :4
12-23 13:43:54.251   495   949 V AlarmManager: trigger ELAPSED_REALTIME_WAKEUP or RTC_WAKEUP
12-23 13:43:54.301   495   946 D PowerManagerService: Excessive delay in nativeSetAutoSuspend(false): 317ms
12-23 13:43:54.301   495   946 D PowerManagerService: !@[s] unblankAllDisplays() : unblankAllDisplaysFromPowerManager
12-23 13:43:54.301   495   946 D PowerManagerService: Excessive delay in wakeUp() or wakeUpFromNative(): 1143ms
12-23 13:43:54.301   495   946 D PowerManagerService: SecHardwareInterface.setBatteryADC : true
12-23 13:43:54.311  1015  1015 D STATUSBAR-NetworkController: updateRomaingNotification DataRoaming:false mDataRoamingTypeForVZW : 0
12-23 13:43:54.311  1015  1015 D STATUSBAR-NetworkController: refreshSignalCluster - setNWBoosterIndicators(false)
12-23 13:43:54.311  1015  1015 D STATUSBAR-NetworkController: refreshSignalCluster: data=0 bt=false
12-23 13:43:54.321  1015  1015 D STATUSBAR-IconMerger: checkOverflow(240), More:false, Req:false Child:1
12-23 13:43:54.711   495   949 V AlarmManager: waitForAlarm result :8
12-23 13:43:54.761   495  1170 D PowerManagerService: [api] [s] userActivity : event: 3 flags: 0 (uid: 10226 pid: 1015)
12-23 13:43:54.871   495   506 D PowerManagerService: [api] [s] userActivity : event: 3 flags: 0 (uid: 10226 pid: 1015)
12-23 13:43:55.001   495   945 D DisplayPowerController: applyLightSensorMeasurementSEC : mIsLockZone = true
12-23 13:43:55.001   495   949 V AlarmManager: waitForAlarm result :8
12-23 13:43:55.021   495  1232 D PowerManagerService: [api] [s] userActivity : event: 3 flags: 0 (uid: 10226 pid: 1015)
12-23 13:43:55.111   495  1206 D PowerManagerService: [api] [s] userActivity : event: 3 flags: 0 (uid: 10226 pid: 1015)
12-23 13:43:55.202   495   945 D DisplayPowerController: applyLightSensorMeasurementSEC : mIsLockZone = false
12-23 13:43:55.302   495   949 V AlarmManager: waitForAlarm result :8
12-23 13:43:55.352   495  1163 D StatusBarManagerService: semi p:1149,o:f
12-23 13:43:55.352   495  6177 D StatusBarManagerService: semi p:1149,o:f
12-23 13:43:55.352   495   506 D STATUSBAR-StatusBarManagerService: manageDisableList what=0x0 pkg=com.android.keyguard
12-23 13:43:55.372   495   495 D LightsService: [api] [SvcLED] turnOff:: id = 4 (uid: 1000 pid: 495) 
12-23 13:43:55.372   495   495 D LightsService: [SvcLED] setSvcLedStateLocked:: SvcLEDState : 0x0 -> 0x0 | SvcLED(id=4) set Off
12-23 13:43:55.372   495   942 D LightsService: [SvcLED] Lux failed to be updated in 700ms. -> handleForcedSvcLEDTasK
12-23 13:43:55.372   495   942 D LightsService: [SvcLED]  setSvcLedLightLocked :: Current SvcLED(id=3) maintains its priority right
12-23 13:43:55.372   495   495 E MotionRecognitionService:   mReceiver.onReceive : ACTION_USER_PRESENT  :: UNLOCK SCREEN
12-23 13:43:55.372   495  2603 D SSRMv2:TSP:AirViewOnOff: DeviceInfo:: 00000000000
12-23 13:43:55.372   495  2603 D SSRMv2:TSP:AirViewOnOff: SettingsAirViewInfo:: 000000000
12-23 13:43:55.392   495   916 D STATUSBAR-StatusBarManagerService: manageDisableList what=0x0 pkg=WindowManager.LayoutParams
12-23 13:43:55.392   495  1323 V WindowManager: rotationForOrientationLw(orient=5, last=0); user=0 USER_ROTATION_LOCKED sensorRotation=-1 mLidState=-1 mDockMode=0 mHdmiPlugged=false mAccelerometerDefault=false gripRotationLock=false
12-23 13:43:55.402   495  1323 D PowerManagerService: [api] setUserActivityTimeoutOverrideFromWindowManagerInternal: timeoutMillis: -1
12-23 13:43:55.402   495  1323 D PowerManagerService: [s] getScreenOffTimeoutLocked: 10000 -> 30000
12-23 13:43:55.402   495  1323 D PowerManagerService: [api] setScreenDimDurationOverrideFromWindowManagerInternal: timeoutMillis: -1
12-23 13:43:55.402   495  1323 D PowerManagerService: [api] setButtonTimeoutOverrideFromWindowManagerInternal: timeoutMillis: -1
12-23 13:43:55.402   495   945 D DisplayPowerController: applyLightSensorMeasurementSEC : mIsLockZone = true
12-23 13:43:55.412  1015  1015 D PhoneStatusBar: disable(): knoxCustomManager = android.app.enterprise.knoxcustom.KnoxCustomManager@4250f170
12-23 13:43:55.422   495  1576 D StatusBarManagerService: tr p:1015,o:f
12-23 13:43:55.472   495  4439 W InputMethodManagerService: Window already focused, ignoring focus gain of: com.android.internal.view.IInputMethodClient$Stub$Proxy@42377490 attribute=android.view.inputmethod.EditorInfo@430630a8, token = android.os.BinderProxy@434d5850
12-23 13:43:55.602   495   949 V AlarmManager: waitForAlarm result :8
12-23 13:43:55.822  1015  1015 V KeyguardDisplayManager: hide
12-23 13:43:55.902   495   949 V AlarmManager: waitForAlarm result :8
12-23 13:43:56.203   495   949 V AlarmManager: waitForAlarm result :8
12-23 13:43:56.283   495   495 D WifiNotificationController: showOngoingWifiNotification show : true, id : 17303674
12-23 13:43:56.503   495   949 V AlarmManager: waitForAlarm result :8
12-23 13:43:56.653  1015  1015 D STATUSBAR-NetworkController: onSignalStrengthsChanged signalStrength=SignalStrength: 99 99 -96 -45 -120 -1 -1 19 -111 -15 -20 -1 2147483647 gsm|lte 0x2020 level=2
12-23 13:43:56.653  1015  1015 D STATUSBAR-NetworkController: updateRomaingNotification DataRoaming:false mDataRoamingTypeForVZW : 0
12-23 13:43:56.803   495   949 V AlarmManager: waitForAlarm result :8
12-23 13:43:56.853  1015  1015 D STATUSBAR-NetworkController: onSignalStrengthsChanged signalStrength=SignalStrength: 99 99 -96 -45 -120 -1 -1 18 -111 -14 -20 -1 2147483647 gsm|lte 0x2020 level=2
12-23 13:43:56.853  1015  1015 D STATUSBAR-NetworkController: updateRomaingNotification DataRoaming:false mDataRoamingTypeForVZW : 0
12-23 13:43:56.883  1015  1015 D STATUSBAR-NetworkController: onSignalStrengthsChanged signalStrength=SignalStrength: 99 99 -96 -45 -120 -1 -1 18 -111 -14 -20 -1 2147483647 gsm|lte 0x2020 level=2
12-23 13:43:56.883  1015  1015 D STATUSBAR-NetworkController: updateRomaingNotification DataRoaming:false mDataRoamingTypeForVZW : 0
12-23 13:43:56.943  1015  1015 D STATUSBAR-NetworkController: onSignalStrengthsChanged signalStrength=SignalStrength: 99 99 -96 -45 -120 -1 -1 18 -111 -14 -20 -1 2147483647 gsm|lte 0x2020 level=2
12-23 13:43:56.943  1015  1015 D STATUSBAR-NetworkController: updateRomaingNotification DataRoaming:false mDataRoamingTypeForVZW : 0
12-23 13:43:57.114   495   949 V AlarmManager: waitForAlarm result :8
12-23 13:43:57.404   495   949 V AlarmManager: waitForAlarm result :8
12-23 13:43:57.704   495   949 V AlarmManager: waitForAlarm result :8
12-23 13:43:57.804   495   945 D DisplayPowerController: applyLightSensorMeasurementSEC : mIsLockZone = false
12-23 13:43:58.005   495   949 V AlarmManager: waitForAlarm result :8
12-23 13:43:58.305   495   949 V AlarmManager: waitForAlarm result :8
12-23 13:43:58.345  1015  1015 D STATUSBAR-NetworkController: updateRomaingNotification DataRoaming:false mDataRoamingTypeForVZW : 0
12-23 13:43:58.345  1015  1015 D STATUSBAR-NetworkController: refreshSignalCluster - setNWBoosterIndicators(false)
12-23 13:43:58.355  1015  1015 D STATUSBAR-NetworkController: refreshSignalCluster: data=0 bt=false
12-23 13:43:58.365  1015  1015 D STATUSBAR-IconMerger: checkOverflow(240), More:false, Req:false Child:1
12-23 13:43:58.605   495   949 V AlarmManager: waitForAlarm result :8
12-23 13:43:58.805   495   945 D DisplayPowerController: applyLightSensorMeasurementSEC : mIsLockZone = true
12-23 13:43:58.906   495   949 V AlarmManager: waitForAlarm result :8
12-23 13:43:59.006   495   945 D DisplayPowerController: applyLightSensorMeasurementSEC : mIsLockZone = false
12-23 13:43:59.206   495   949 V AlarmManager: waitForAlarm result :8
12-23 13:43:59.226  1015  1015 D STATUSBAR-NetworkController: onSignalStrengthsChanged signalStrength=SignalStrength: 99 99 -96 -45 -120 -1 -1 18 -111 -16 -56 -1 2147483647 gsm|lte 0x1020 level=1
12-23 13:43:59.226  1015  1015 D STATUSBAR-NetworkController: updateRomaingNotification DataRoaming:false mDataRoamingTypeForVZW : 0
12-23 13:43:59.226  1015  1015 D STATUSBAR-NetworkController: refreshSignalCluster - setNWBoosterIndicators(false)
12-23 13:43:59.226  1015  1015 D STATUSBAR-NetworkController: refreshSignalCluster: data=0 bt=false
12-23 13:43:59.276  1015  1015 D STATUSBAR-IconMerger: checkOverflow(240), More:false, Req:false Child:1
12-23 13:43:59.506   495   949 V AlarmManager: waitForAlarm result :8
12-23 13:43:59.806   495   949 V AlarmManager: waitForAlarm result :8
12-23 13:43:59.997   495   949 V AlarmManager: waitForAlarm result :8
12-23 13:43:59.997  1622  1622 D KeyguardClockWidgetService: onReceive action=android.intent.action.TIME_TICK
12-23 13:44:00.007   495   495 V AlarmManager: ClockReceiver onReceive() ACTION_TIME_TICK
12-23 13:44:00.017   495   495 V AlarmManager: ___SyncScheduler (v3) ACTIVATED___
12-23 13:44:00.017   495   495 V AlarmManager: <AppSync3 Whitelist>
12-23 13:44:00.017   495   495 V AlarmManager: (AppSync) com.facebook.orca : 900(120)
12-23 13:44:00.017   495   495 V AlarmManager: (AppSync) com.google.android.googlequicksearchbox : 300(300)
12-23 13:44:00.017   495   495 V AlarmManager: (AppSync) com.whatsapp : 600(1100)
12-23 13:44:00.017   495   495 V AlarmManager: (AppSync) com.sec.spp.push : 960(380)
12-23 13:44:00.017   495   495 V AlarmManager: (AppSync) com.sec.spp.push : 3600(3540)
12-23 13:44:00.017   495   495 V AlarmManager: (AppSync) android : 3780(3660)
12-23 13:44:00.017   495   495 V AlarmManager: (AppSync) com.google.android.gms : 480(1100)
12-23 13:44:00.017   495   495 V AlarmManager: (AppSync) com.facebook.katana : 900(120)
12-23 13:44:00.017   495   495 V AlarmManager: (AppSync) ### 8 added ###
12-23 13:44:00.067  1015  1015 D STATUSBAR-IconMerger: checkOverflow(240), More:false, Req:false Child:1
12-23 13:44:00.107   495   949 V AlarmManager: waitForAlarm result :8
12-23 13:44:00.417   495   949 V AlarmManager: waitForAlarm result :8
12-23 13:44:00.417   495   945 D DisplayPowerController: applyLightSensorMeasurementSEC : mIsLockZone = true
12-23 13:44:00.707   495   949 V AlarmManager: waitForAlarm result :8
12-23 13:44:00.998   495   949 V AlarmManager: waitForAlarm result :4
12-23 13:44:01.018   495   949 V AlarmManager: trigger ELAPSED_REALTIME_WAKEUP or RTC_WAKEUP
12-23 13:44:01.028   495   949 V AlarmManager: waitForAlarm result :8
12-23 13:44:01.308   495   949 V AlarmManager: waitForAlarm result :8
12-23 13:44:01.388  1015  1015 D STATUSBAR-NetworkController: updateRomaingNotification DataRoaming:false mDataRoamingTypeForVZW : 0
12-23 13:44:01.388  1015  1015 D STATUSBAR-NetworkController: refreshSignalCluster - setNWBoosterIndicators(false)
12-23 13:44:01.388  1015  1015 D STATUSBAR-NetworkController: refreshSignalCluster: data=0 bt=false
12-23 13:44:01.418  1015  1015 D STATUSBAR-IconMerger: checkOverflow(240), More:false, Req:false Child:1
12-23 13:44:01.608   495   949 V AlarmManager: waitForAlarm result :8
12-23 13:44:01.909   495   949 V AlarmManager: waitForAlarm result :8
12-23 13:44:02.209   495   949 V AlarmManager: waitForAlarm result :8
12-23 13:44:02.509   495   949 V AlarmManager: waitForAlarm result :8
12-23 13:44:02.810   495   949 V AlarmManager: waitForAlarm result :8
12-23 13:44:03.110   495   949 V AlarmManager: waitForAlarm result :8
12-23 13:44:03.390  1015  1015 D STATUSBAR-NetworkController: updateRomaingNotification DataRoaming:false mDataRoamingTypeForVZW : 0
12-23 13:44:03.390  1015  1015 D STATUSBAR-NetworkController: refreshSignalCluster - setNWBoosterIndicators(false)
12-23 13:44:03.390  1015  1015 D STATUSBAR-NetworkController: refreshSignalCluster: data=0 bt=false
12-23 13:44:03.400   495   949 V AlarmManager: waitForAlarm result :8
12-23 13:44:03.430  1015  1015 D STATUSBAR-IconMerger: checkOverflow(240), More:false, Req:false Child:1
12-23 13:44:03.711   495   949 V AlarmManager: waitForAlarm result :8
12-23 13:44:04.011   495   949 V AlarmManager: waitForAlarm result :8
12-23 13:44:04.131   495  2603 D SSRMv2:SIOP: SIOP:: AP = 340, Delta = 10
12-23 13:44:04.311   495   949 V AlarmManager: waitForAlarm result :8
12-23 13:44:04.331  1015  1015 D STATUSBAR-NetworkController: onSignalStrengthsChanged signalStrength=SignalStrength: 99 99 -96 -45 -120 -1 -1 19 -111 -16 -48 -1 2147483647 gsm|lte 0x1020 level=1
12-23 13:44:04.351  1015  1015 D STATUSBAR-NetworkController: updateRomaingNotification DataRoaming:false mDataRoamingTypeForVZW : 0
12-23 13:44:04.431  1015  1015 D STATUSBAR-NetworkController: updateRomaingNotification DataRoaming:false mDataRoamingTypeForVZW : 0
12-23 13:44:04.431  1015  1015 D STATUSBAR-NetworkController: refreshSignalCluster - setNWBoosterIndicators(false)
12-23 13:44:04.431  1015  1015 D STATUSBAR-NetworkController: refreshSignalCluster: data=0 bt=false
12-23 13:44:04.451  1015  1015 D STATUSBAR-IconMerger: checkOverflow(240), More:false, Req:false Child:1
12-23 13:44:04.612   495   949 V AlarmManager: waitForAlarm result :8
12-23 13:44:04.912   495   949 V AlarmManager: waitForAlarm result :8
12-23 13:44:05.202   495   949 V AlarmManager: waitForAlarm result :8
12-23 13:44:05.463  1015  1015 D STATUSBAR-NetworkController: updateRomaingNotification DataRoaming:false mDataRoamingTypeForVZW : 0
12-23 13:44:05.463  1015  1015 D STATUSBAR-NetworkController: refreshSignalCluster - setNWBoosterIndicators(false)
12-23 13:44:05.463  1015  1015 D STATUSBAR-NetworkController: refreshSignalCluster: data=0 bt=false
12-23 13:44:05.483  1015  1015 D STATUSBAR-IconMerger: checkOverflow(240), More:false, Req:false Child:1
12-23 13:44:05.503   495   949 V AlarmManager: waitForAlarm result :8
12-23 13:44:05.613  1015  1015 D STATUSBAR-NetworkController: onSignalStrengthsChanged signalStrength=SignalStrength: 99 99 -96 -45 -120 -1 -1 19 -111 -16 -38 -1 2147483647 gsm|lte 0x1020 level=1
12-23 13:44:05.613  1015  1015 D STATUSBAR-NetworkController: updateRomaingNotification DataRoaming:false mDataRoamingTypeForVZW : 0
12-23 13:44:05.813   495   949 V AlarmManager: waitForAlarm result :8
12-23 13:44:06.113   495   949 V AlarmManager: waitForAlarm result :8
12-23 13:44:06.414   495   949 V AlarmManager: waitForAlarm result :8
12-23 13:44:06.484  1015  1015 D STATUSBAR-NetworkController: updateRomaingNotification DataRoaming:false mDataRoamingTypeForVZW : 0
12-23 13:44:06.484  1015  1015 D STATUSBAR-NetworkController: refreshSignalCluster - setNWBoosterIndicators(false)
12-23 13:44:06.484  1015  1015 D STATUSBAR-NetworkController: refreshSignalCluster: data=0 bt=false
12-23 13:44:06.504  1015  1015 D STATUSBAR-IconMerger: checkOverflow(240), More:false, Req:false Child:1
12-23 13:44:06.714   495   949 V AlarmManager: waitForAlarm result :8
12-23 13:44:06.914  1015  1015 D STATUSBAR-NetworkController: onSignalStrengthsChanged signalStrength=SignalStrength: 99 99 -96 -45 -120 -1 -1 18 -111 -15 -38 -1 2147483647 gsm|lte 0x1020 level=1
12-23 13:44:06.914  1015  1015 D STATUSBAR-NetworkController: updateRomaingNotification DataRoaming:false mDataRoamingTypeForVZW : 0
12-23 13:44:07.014   495   949 V AlarmManager: waitForAlarm result :8
12-23 13:44:07.304   495   949 V AlarmManager: waitForAlarm result :8
12-23 13:44:07.505  1015  1015 D STATUSBAR-NetworkController: updateRomaingNotification DataRoaming:false mDataRoamingTypeForVZW : 0
12-23 13:44:07.505  1015  1015 D STATUSBAR-NetworkController: refreshSignalCluster - setNWBoosterIndicators(false)
12-23 13:44:07.505  1015  1015 D STATUSBAR-NetworkController: refreshSignalCluster: data=0 bt=false
12-23 13:44:07.515  1015  1015 D STATUSBAR-IconMerger: checkOverflow(240), More:false, Req:false Child:1
12-23 13:44:07.605   495   949 V AlarmManager: waitForAlarm result :8
12-23 13:44:07.905   495   949 V AlarmManager: waitForAlarm result :8
12-23 13:44:08.205   495   949 V AlarmManager: waitForAlarm result :8
12-23 13:44:08.506   495   949 V AlarmManager: waitForAlarm result :8
12-23 13:44:08.806   495   949 V AlarmManager: waitForAlarm result :8
12-23 13:44:09.116   495   949 V AlarmManager: waitForAlarm result :8
12-23 13:44:09.407   495   949 V AlarmManager: waitForAlarm result :8
12-23 13:44:09.477   495   949 V AlarmManager: waitForAlarm result :4
12-23 13:44:09.487   495   949 V AlarmManager: trigger ELAPSED_REALTIME_WAKEUP or RTC_WAKEUP
12-23 13:44:09.707   495   949 V AlarmManager: waitForAlarm result :8
12-23 13:44:10.007   495   949 V AlarmManager: waitForAlarm result :8
12-23 13:44:10.308   495   949 V AlarmManager: waitForAlarm result :8
12-23 13:44:10.608   495   949 V AlarmManager: waitForAlarm result :8
12-23 13:44:10.738  1015  1015 D STATUSBAR-NetworkController: onSignalStrengthsChanged signalStrength=SignalStrength: 99 99 -96 -45 -120 -1 -1 19 -111 -17 -38 -1 2147483647 gsm|lte 0x1020 level=1
12-23 13:44:10.738  1015  1015 D STATUSBAR-NetworkController: updateRomaingNotification DataRoaming:false mDataRoamingTypeForVZW : 0
12-23 13:44:10.908   495   949 V AlarmManager: waitForAlarm result :8
12-23 13:44:11.209   495   949 V AlarmManager: waitForAlarm result :8
12-23 13:44:11.509   495   949 V AlarmManager: waitForAlarm result :8
12-23 13:44:11.559  1015  1015 D STATUSBAR-NetworkController: updateRomaingNotification DataRoaming:false mDataRoamingTypeForVZW : 0
12-23 13:44:11.559  1015  1015 D STATUSBAR-NetworkController: refreshSignalCluster - setNWBoosterIndicators(false)
12-23 13:44:11.559  1015  1015 D STATUSBAR-NetworkController: refreshSignalCluster: data=0 bt=false
12-23 13:44:11.579  1015  1015 D STATUSBAR-IconMerger: checkOverflow(240), More:false, Req:false Child:1
12-23 13:44:11.809   495   949 V AlarmManager: waitForAlarm result :8
12-23 13:44:12.030  1015  1015 D STATUSBAR-NetworkController: onSignalStrengthsChanged signalStrength=SignalStrength: 99 99 -96 -45 -120 -1 -1 18 -111 -15 -38 -1 2147483647 gsm|lte 0x1020 level=1
12-23 13:44:12.030  1015  1015 D STATUSBAR-NetworkController: updateRomaingNotification DataRoaming:false mDataRoamingTypeForVZW : 0
12-23 13:44:12.110   495   949 V AlarmManager: waitForAlarm result :8
12-23 13:44:12.410   495   949 V AlarmManager: waitForAlarm result :8
12-23 13:44:12.580  1015  1015 D STATUSBAR-NetworkController: updateRomaingNotification DataRoaming:false mDataRoamingTypeForVZW : 0
12-23 13:44:12.580  1015  1015 D STATUSBAR-NetworkController: refreshSignalCluster - setNWBoosterIndicators(false)
12-23 13:44:12.580  1015  1015 D STATUSBAR-NetworkController: refreshSignalCluster: data=0 bt=false
12-23 13:44:12.620  1015  1015 D STATUSBAR-IconMerger: checkOverflow(240), More:false, Req:false Child:1
12-23 13:44:12.710   495   949 V AlarmManager: waitForAlarm result :8
12-23 13:44:13.011   495   949 V AlarmManager: waitForAlarm result :8
12-23 13:44:13.311   495   949 V AlarmManager: waitForAlarm result :8
12-23 13:44:13.601   495   949 V AlarmManager: waitForAlarm result :8
12-23 13:44:13.611  1015  1015 D STATUSBAR-NetworkController: updateRomaingNotification DataRoaming:false mDataRoamingTypeForVZW : 0
12-23 13:44:13.611  1015  1015 D STATUSBAR-NetworkController: refreshSignalCluster - setNWBoosterIndicators(false)
12-23 13:44:13.611  1015  1015 D STATUSBAR-NetworkController: refreshSignalCluster: data=0 bt=false
12-23 13:44:13.621  1015  1015 D STATUSBAR-IconMerger: checkOverflow(240), More:false, Req:false Child:1
12-23 13:44:13.912   495   949 V AlarmManager: waitForAlarm result :8
12-23 13:44:14.182   495  2603 D SSRMv2:SIOP: SIOP:: AP = 340, Delta = 0
12-23 13:44:14.202   495   949 V AlarmManager: waitForAlarm result :8
12-23 13:44:14.512   495   949 V AlarmManager: waitForAlarm result :8
12-23 13:44:14.813   495   949 V AlarmManager: waitForAlarm result :8
12-23 13:44:15.103   495   949 V AlarmManager: waitForAlarm result :8
12-23 13:44:15.413   495   949 V AlarmManager: waitForAlarm result :8
12-23 13:44:15.623  1015  1015 D STATUSBAR-NetworkController: updateRomaingNotification DataRoaming:false mDataRoamingTypeForVZW : 0
12-23 13:44:15.623  1015  1015 D STATUSBAR-NetworkController: refreshSignalCluster - setNWBoosterIndicators(false)
12-23 13:44:15.623  1015  1015 D STATUSBAR-NetworkController: refreshSignalCluster: data=0 bt=false
12-23 13:44:15.643  1015  1015 D STATUSBAR-IconMerger: checkOverflow(240), More:false, Req:false Child:1
12-23 13:44:15.713   495   949 V AlarmManager: waitForAlarm result :8
12-23 13:44:16.004   495   949 V AlarmManager: waitForAlarm result :8
12-23 13:44:16.314   495   949 V AlarmManager: waitForAlarm result :8
12-23 13:44:16.614   495   949 V AlarmManager: waitForAlarm result :8
12-23 13:44:16.644  1015  1015 D STATUSBAR-NetworkController: updateRomaingNotification DataRoaming:false mDataRoamingTypeForVZW : 0
12-23 13:44:16.644  1015  1015 D STATUSBAR-NetworkController: refreshSignalCluster - setNWBoosterIndicators(false)
