12-23 13:24:11.163  1015  1015 D STATUSBAR-NetworkController: updateRomaingNotification DataRoaming:false mDataRoamingTypeForVZW : 0
12-23 13:24:11.163  1015  1015 D STATUSBAR-NetworkController: refreshSignalCluster - setNWBoosterIndicators(false)
12-23 13:24:11.163  1015  1015 D STATUSBAR-NetworkController: refreshSignalCluster: data=0 bt=false
12-23 13:24:11.193   495   949 V AlarmManager: waitForAlarm result :8
12-23 13:24:11.193  1015  1015 D STATUSBAR-IconMerger: checkOverflow(240), More:false, Req:false Child:2
12-23 13:24:11.423   495  1323 D BatteryService: level:64, scale:100, status:2, health:2, present:true, voltage: 4005, temperature: 365, technology: Li-ion, AC powered:false, USB powered:true, Wireless powered:false, icon:17303549, invalid charger:0, online:4, current avg:-1, charge type:0, power sharing:false
12-23 13:24:11.433   495   495 D BatteryService: Sending ACTION_BATTERY_CHANGED.
12-23 13:24:11.483  1015  1015 D STATUSBAR-PhoneStatusBar:  mBrightnessEnablebySettings = true mBrightnessEnablebyBattery = true mBrightnessEnablebyDisableFlag = true mPmsBrightnessEnablebySettings = true
12-23 13:24:11.483  1015  1015 D BatteryMeterView: ACTION_BATTERY_CHANGED : level:64 status:2 health:2
12-23 13:24:11.493   495   949 V AlarmManager: waitForAlarm result :8
12-23 13:24:11.503  1015  1015 D STATUSBAR-IconMerger: checkOverflow(240), More:false, Req:false Child:2
12-23 13:24:11.533  1015  1015 D STATUSBAR-NetworkController: updateRomaingNotification DataRoaming:false mDataRoamingTypeForVZW : 0
12-23 13:24:11.533  1015  1015 D STATUSBAR-NetworkController: refreshSignalCluster - setNWBoosterIndicators(false)
12-23 13:24:11.533  1015  1015 D STATUSBAR-NetworkController: refreshSignalCluster: data=0 bt=false
12-23 13:24:11.553  1015  1015 D STATUSBAR-IconMerger: checkOverflow(240), More:false, Req:false Child:2
12-23 13:24:11.793   495   949 V AlarmManager: waitForAlarm result :8
12-23 13:24:12.094   495   949 V AlarmManager: waitForAlarm result :8
12-23 13:24:12.394   495   949 V AlarmManager: waitForAlarm result :8
12-23 13:24:12.584   495  6177 D PowerManagerService: [api] [s] userActivity : event: 0 flags: 0 (uid: 1000 pid: 495)
12-23 13:24:12.594   495  6177 D PowerManagerService: [api] release WakeLock flags=0x2000000a tag=WindowManager uid=1000 pid=495 (0x0)
12-23 13:24:12.594   495  6177 D PowerManagerService: [api] applyWakeLockFlagsOnReleaseLocked : userActivityNoUpdateLocked is called : SCREEN_BRIGHT_WAKE_LOCK        'WindowManager' ON_AFTER_RELEASE (uid=1000, pid=495, ws=WorkSource{10271}) (elapsedTime=1970)
12-23 13:24:12.694   495   949 V AlarmManager: waitForAlarm result :8
12-23 13:24:12.995   495   949 V AlarmManager: waitForAlarm result :8
12-23 13:24:13.295   495   949 V AlarmManager: waitForAlarm result :8
12-23 13:24:13.545  1015  1015 D STATUSBAR-NetworkController: updateRomaingNotification DataRoaming:false mDataRoamingTypeForVZW : 0
12-23 13:24:13.545  1015  1015 D STATUSBAR-NetworkController: refreshSignalCluster - setNWBoosterIndicators(false)
12-23 13:24:13.545  1015  1015 D STATUSBAR-NetworkController: refreshSignalCluster: data=0 bt=false
12-23 13:24:13.555  1015  1015 D STATUSBAR-IconMerger: checkOverflow(240), More:false, Req:false Child:2
12-23 13:24:13.595   495   949 V AlarmManager: waitForAlarm result :8
12-23 13:24:13.896   495   949 V AlarmManager: waitForAlarm result :8
12-23 13:24:14.196   495   949 V AlarmManager: waitForAlarm result :8
12-23 13:24:14.496   495   949 V AlarmManager: waitForAlarm result :8
12-23 13:24:14.797   495   949 V AlarmManager: waitForAlarm result :8
12-23 13:24:15.097   495   949 V AlarmManager: waitForAlarm result :8
12-23 13:24:15.387   495   949 V AlarmManager: waitForAlarm result :8
12-23 13:24:15.557  1015  1015 D STATUSBAR-NetworkController: updateRomaingNotification DataRoaming:false mDataRoamingTypeForVZW : 0
12-23 13:24:15.557  1015  1015 D STATUSBAR-NetworkController: refreshSignalCluster - setNWBoosterIndicators(false)
12-23 13:24:15.557  1015  1015 D STATUSBAR-NetworkController: refreshSignalCluster: data=0 bt=false
12-23 13:24:15.567  1015  1015 D STATUSBAR-IconMerger: checkOverflow(240), More:false, Req:false Child:2
12-23 13:24:15.637   495   506 D PowerManagerService: [api] acquire WakeLock flags=0x2000000a tag=WindowManager uid=1000 pid=495
12-23 13:24:15.688   495   949 V AlarmManager: waitForAlarm result :8
12-23 13:24:15.988   495   949 V AlarmManager: waitForAlarm result :8
12-23 13:24:16.288   495   949 V AlarmManager: waitForAlarm result :8
12-23 13:24:16.588   495   949 V AlarmManager: waitForAlarm result :8
12-23 13:24:16.889   495   949 V AlarmManager: waitForAlarm result :8
12-23 13:24:17.189   495   949 V AlarmManager: waitForAlarm result :8
12-23 13:24:17.489   495   949 V AlarmManager: waitForAlarm result :8
12-23 13:24:17.600   495  6177 D PowerManagerService: [api] [s] userActivity : event: 0 flags: 0 (uid: 1000 pid: 495)
12-23 13:24:17.600   495  2603 D SSRMv2:SIOP: SIOP:: AP = 410, Delta = 0
12-23 13:24:17.600   495  6177 D PowerManagerService: [api] release WakeLock flags=0x2000000a tag=WindowManager uid=1000 pid=495 (0x0)
12-23 13:24:17.600   495  6177 D PowerManagerService: [api] applyWakeLockFlagsOnReleaseLocked : userActivityNoUpdateLocked is called : SCREEN_BRIGHT_WAKE_LOCK        'WindowManager' ON_AFTER_RELEASE (uid=1000, pid=495, ws=WorkSource{10271}) (elapsedTime=1966)
12-23 13:24:17.790   495   949 V AlarmManager: waitForAlarm result :8
12-23 13:24:18.090   495   949 V AlarmManager: waitForAlarm result :8
12-23 13:24:18.390   495   949 V AlarmManager: waitForAlarm result :8
12-23 13:24:18.691   495   949 V AlarmManager: waitForAlarm result :8
12-23 13:24:18.991   495   949 V AlarmManager: waitForAlarm result :8
12-23 13:24:19.291   495   949 V AlarmManager: waitForAlarm result :8
12-23 13:24:19.582  1015  1015 D STATUSBAR-NetworkController: updateRomaingNotification DataRoaming:false mDataRoamingTypeForVZW : 0
12-23 13:24:19.582  1015  1015 D STATUSBAR-NetworkController: refreshSignalCluster - setNWBoosterIndicators(false)
12-23 13:24:19.592  1015  1015 D STATUSBAR-NetworkController: refreshSignalCluster: data=0 bt=false
12-23 13:24:19.592   495   949 V AlarmManager: waitForAlarm result :8
12-23 13:24:19.612  1015  1015 D STATUSBAR-IconMerger: checkOverflow(240), More:false, Req:false Child:2
12-23 13:24:19.892   495   949 V AlarmManager: waitForAlarm result :8
12-23 13:24:20.192   495   949 V AlarmManager: waitForAlarm result :8
12-23 13:24:20.493   495   949 V AlarmManager: waitForAlarm result :8
12-23 13:24:20.643   495  1206 D PowerManagerService: [api] acquire WakeLock flags=0x2000000a tag=WindowManager uid=1000 pid=495
12-23 13:24:20.793   495   949 V AlarmManager: waitForAlarm result :8
12-23 13:24:21.093   495   949 V AlarmManager: waitForAlarm result :8
12-23 13:24:21.394   495   949 V AlarmManager: waitForAlarm result :8
12-23 13:24:21.694   495   949 V AlarmManager: waitForAlarm result :8
12-23 13:24:21.994   495   949 V AlarmManager: waitForAlarm result :8
12-23 13:24:22.295   495   949 V AlarmManager: waitForAlarm result :8
12-23 13:24:22.595   495   949 V AlarmManager: waitForAlarm result :8
12-23 13:24:22.615   495   506 D PowerManagerService: [api] [s] userActivity : event: 0 flags: 0 (uid: 1000 pid: 495)
12-23 13:24:22.625   495   506 D PowerManagerService: [api] release WakeLock flags=0x2000000a tag=WindowManager uid=1000 pid=495 (0x0)
12-23 13:24:22.625   495   506 D PowerManagerService: [api] applyWakeLockFlagsOnReleaseLocked : userActivityNoUpdateLocked is called : SCREEN_BRIGHT_WAKE_LOCK        'WindowManager' ON_AFTER_RELEASE (uid=1000, pid=495, ws=WorkSource{10271}) (elapsedTime=1981)
12-23 13:24:22.895   495   949 V AlarmManager: waitForAlarm result :8
12-23 13:24:23.196   495   949 V AlarmManager: waitForAlarm result :8
12-23 13:24:23.496   495   949 V AlarmManager: waitForAlarm result :8
12-23 13:24:23.796   495   949 V AlarmManager: waitForAlarm result :8
12-23 13:24:24.096   495   949 V AlarmManager: waitForAlarm result :8
12-23 13:24:24.387   495   949 V AlarmManager: waitForAlarm result :8
12-23 13:24:24.627  1015  1015 D STATUSBAR-NetworkController: updateRomaingNotification DataRoaming:false mDataRoamingTypeForVZW : 0
12-23 13:24:24.627  1015  1015 D STATUSBAR-NetworkController: refreshSignalCluster - setNWBoosterIndicators(false)
12-23 13:24:24.627  1015  1015 D STATUSBAR-NetworkController: refreshSignalCluster: data=0 bt=false
12-23 13:24:24.637  1015  1015 D STATUSBAR-IconMerger: checkOverflow(240), More:false, Req:false Child:2
12-23 13:24:24.687   495   949 V AlarmManager: waitForAlarm result :8
12-23 13:24:24.997   495   949 V AlarmManager: waitForAlarm result :8
12-23 13:24:25.288   495   949 V AlarmManager: waitForAlarm result :8
12-23 13:24:25.528  1015  1015 D STATUSBAR-NetworkController: onSignalStrengthsChanged signalStrength=SignalStrength: 99 99 -92 -45 -120 -1 -1 16 -111 -16 -36 -1 2147483647 gsm|lte 0x1030 level=1
12-23 13:24:25.538  1015  1015 D STATUSBAR-NetworkController: updateRomaingNotification DataRoaming:false mDataRoamingTypeForVZW : 0
12-23 13:24:25.588   495   949 V AlarmManager: waitForAlarm result :8
12-23 13:24:25.628   495  1324 D PowerManagerService: [api] acquire WakeLock flags=0x2000000a tag=WindowManager uid=1000 pid=495
12-23 13:24:25.638  1015  1015 D STATUSBAR-NetworkController: updateRomaingNotification DataRoaming:false mDataRoamingTypeForVZW : 0
12-23 13:24:25.638  1015  1015 D STATUSBAR-NetworkController: refreshSignalCluster - setNWBoosterIndicators(false)
12-23 13:24:25.638  1015  1015 D STATUSBAR-NetworkController: refreshSignalCluster: data=0 bt=false
12-23 13:24:25.648  1015  1015 D STATUSBAR-IconMerger: checkOverflow(240), More:false, Req:false Child:2
12-23 13:24:25.888   495   949 V AlarmManager: waitForAlarm result :8
12-23 13:24:26.189   495   949 V AlarmManager: waitForAlarm result :8
12-23 13:24:26.489   495   949 V AlarmManager: waitForAlarm result :8
12-23 13:24:26.649  1015  1015 D STATUSBAR-NetworkController: updateRomaingNotification DataRoaming:false mDataRoamingTypeForVZW : 0
12-23 13:24:26.649  1015  1015 D STATUSBAR-NetworkController: refreshSignalCluster - setNWBoosterIndicators(false)
12-23 13:24:26.649  1015  1015 D STATUSBAR-NetworkController: refreshSignalCluster: data=0 bt=false
12-23 13:24:26.679  1015  1015 D STATUSBAR-IconMerger: checkOverflow(240), More:false, Req:false Child:2
12-23 13:24:26.789   495   949 V AlarmManager: waitForAlarm result :8
12-23 13:24:27.090   495   949 V AlarmManager: waitForAlarm result :8
12-23 13:24:27.390   495   949 V AlarmManager: waitForAlarm result :8
12-23 13:24:27.570   495   506 D PowerManagerService: [api] [s] userActivity : event: 0 flags: 0 (uid: 1000 pid: 495)
12-23 13:24:27.570   495   506 D PowerManagerService: [api] release WakeLock flags=0x2000000a tag=WindowManager uid=1000 pid=495 (0x0)
12-23 13:24:27.570   495   506 D PowerManagerService: [api] applyWakeLockFlagsOnReleaseLocked : userActivityNoUpdateLocked is called : SCREEN_BRIGHT_WAKE_LOCK        'WindowManager' ON_AFTER_RELEASE (uid=1000, pid=495, ws=WorkSource{10271}) (elapsedTime=1949)
12-23 13:24:27.670   495  2603 D SSRMv2:SIOP: SIOP:: AP = 400, Delta = -10
12-23 13:24:27.690   495   949 V AlarmManager: waitForAlarm result :8
12-23 13:24:27.991   495   949 V AlarmManager: waitForAlarm result :8
12-23 13:24:28.291   495   949 V AlarmManager: waitForAlarm result :8
12-23 13:24:28.591   495   949 V AlarmManager: waitForAlarm result :8
12-23 13:24:28.691  1015  1015 D STATUSBAR-NetworkController: updateRomaingNotification DataRoaming:false mDataRoamingTypeForVZW : 0
12-23 13:24:28.691  1015  1015 D STATUSBAR-NetworkController: refreshSignalCluster - setNWBoosterIndicators(false)
12-23 13:24:28.691  1015  1015 D STATUSBAR-NetworkController: refreshSignalCluster: data=0 bt=false
12-23 13:24:28.701  1015  1015 D STATUSBAR-IconMerger: checkOverflow(240), More:false, Req:false Child:2
12-23 13:24:28.892   495   949 V AlarmManager: waitForAlarm result :8
12-23 13:24:29.192   495   949 V AlarmManager: waitForAlarm result :8
12-23 13:24:29.492   495   949 V AlarmManager: waitForAlarm result :8
12-23 13:24:29.712  1015  1015 D STATUSBAR-NetworkController: updateRomaingNotification DataRoaming:false mDataRoamingTypeForVZW : 0
12-23 13:24:29.712  1015  1015 D STATUSBAR-NetworkController: refreshSignalCluster - setNWBoosterIndicators(false)
12-23 13:24:29.712  1015  1015 D STATUSBAR-NetworkController: refreshSignalCluster: data=0 bt=false
12-23 13:24:29.732  1015  1015 D STATUSBAR-IconMerger: checkOverflow(240), More:false, Req:false Child:2
12-23 13:24:29.793   495   949 V AlarmManager: waitForAlarm result :8
12-23 13:24:30.093   495   949 V AlarmManager: waitForAlarm result :8
12-23 13:24:30.203   495  1099 E Watchdog: !@Sync 181
12-23 13:24:30.393   495   949 V AlarmManager: waitForAlarm result :8
12-23 13:24:30.623   495  1232 D PowerManagerService: [api] acquire WakeLock flags=0x2000000a tag=WindowManager uid=1000 pid=495
12-23 13:24:30.694   495   949 V AlarmManager: waitForAlarm result :8
12-23 13:24:30.994   495   949 V AlarmManager: waitForAlarm result :8
12-23 13:24:31.294   495   949 V AlarmManager: waitForAlarm result :8
12-23 13:24:31.594   495   949 V AlarmManager: waitForAlarm result :8
12-23 13:24:31.895   495   949 V AlarmManager: waitForAlarm result :8
12-23 13:24:32.195   495   949 V AlarmManager: waitForAlarm result :8
12-23 13:24:32.495   495   949 V AlarmManager: waitForAlarm result :8
12-23 13:24:32.576   495  1576 D PowerManagerService: [api] [s] userActivity : event: 0 flags: 0 (uid: 1000 pid: 495)
12-23 13:24:32.576   495  1576 D PowerManagerService: [api] release WakeLock flags=0x2000000a tag=WindowManager uid=1000 pid=495 (0x0)
12-23 13:24:32.576   495  1576 D PowerManagerService: [api] applyWakeLockFlagsOnReleaseLocked : userActivityNoUpdateLocked is called : SCREEN_BRIGHT_WAKE_LOCK        'WindowManager' ON_AFTER_RELEASE (uid=1000, pid=495, ws=WorkSource{10271}) (elapsedTime=1952)
12-23 13:24:32.796   495   949 V AlarmManager: waitForAlarm result :8
12-23 13:24:33.096   495   949 V AlarmManager: waitForAlarm result :8
12-23 13:24:33.396   495   949 V AlarmManager: waitForAlarm result :8
12-23 13:24:33.687   495   949 V AlarmManager: waitForAlarm result :8
12-23 13:24:33.997   495   949 V AlarmManager: waitForAlarm result :8
12-23 13:24:34.287   495   949 V AlarmManager: waitForAlarm result :8
12-23 13:24:34.598   495   949 V AlarmManager: waitForAlarm result :8
12-23 13:24:34.718  1015  1015 D STATUSBAR-NetworkController: updateRomaingNotification DataRoaming:false mDataRoamingTypeForVZW : 0
12-23 13:24:34.718  1015  1015 D STATUSBAR-NetworkController: refreshSignalCluster - setNWBoosterIndicators(false)
12-23 13:24:34.718  1015  1015 D STATUSBAR-NetworkController: refreshSignalCluster: data=0 bt=false
12-23 13:24:34.738  1015  1015 D STATUSBAR-IconMerger: checkOverflow(240), More:false, Req:false Child:2
12-23 13:24:34.888   495   949 V AlarmManager: waitForAlarm result :8
12-23 13:24:35.198   495   949 V AlarmManager: waitForAlarm result :8
12-23 13:24:35.489   495   949 V AlarmManager: waitForAlarm result :8
12-23 13:24:35.629   495  1324 D PowerManagerService: [api] acquire WakeLock flags=0x2000000a tag=WindowManager uid=1000 pid=495
12-23 13:24:35.719  1015  1015 D STATUSBAR-NetworkController: onSignalStrengthsChanged signalStrength=SignalStrength: 99 99 -92 -45 -120 -1 -1 16 -111 -16 -36 -1 2147483647 gsm|lte 0x1030 level=1
12-23 13:24:35.729  1015  1015 D STATUSBAR-NetworkController: updateRomaingNotification DataRoaming:false mDataRoamingTypeForVZW : 0
12-23 13:24:35.789   495   949 V AlarmManager: waitForAlarm result :8
12-23 13:24:36.089   495   949 V AlarmManager: waitForAlarm result :8
12-23 13:24:36.390   495   949 V AlarmManager: waitForAlarm result :8
12-23 13:24:36.690   495   949 V AlarmManager: waitForAlarm result :8
12-23 13:24:36.740  1015  1015 D STATUSBAR-NetworkController: updateRomaingNotification DataRoaming:false mDataRoamingTypeForVZW : 0
12-23 13:24:36.740  1015  1015 D STATUSBAR-NetworkController: refreshSignalCluster - setNWBoosterIndicators(false)
12-23 13:24:36.740  1015  1015 D STATUSBAR-NetworkController: refreshSignalCluster: data=0 bt=false
12-23 13:24:36.760  1015  1015 D STATUSBAR-IconMerger: checkOverflow(240), More:false, Req:false Child:2
12-23 13:24:36.990   495   949 V AlarmManager: waitForAlarm result :8
12-23 13:24:37.291   495   949 V AlarmManager: waitForAlarm result :8
12-23 13:24:37.591   495   949 V AlarmManager: waitForAlarm result :8
12-23 13:24:37.601   495   506 D PowerManagerService: [api] [s] userActivity : event: 0 flags: 0 (uid: 1000 pid: 495)
12-23 13:24:37.611   495   506 D PowerManagerService: [api] release WakeLock flags=0x2000000a tag=WindowManager uid=1000 pid=495 (0x0)
12-23 13:24:37.621   495   506 D PowerManagerService: [api] applyWakeLockFlagsOnReleaseLocked : userActivityNoUpdateLocked is called : SCREEN_BRIGHT_WAKE_LOCK        'WindowManager' ON_AFTER_RELEASE (uid=1000, pid=495, ws=WorkSource{10271}) (elapsedTime=1990)
12-23 13:24:37.731   495  2603 D SSRMv2:SIOP: SIOP:: AP = 410, Delta = 10
12-23 13:24:37.761  1015  1015 D STATUSBAR-NetworkController: updateRomaingNotification DataRoaming:false mDataRoamingTypeForVZW : 0
12-23 13:24:37.771  1015  1015 D STATUSBAR-NetworkController: refreshSignalCluster - setNWBoosterIndicators(false)
12-23 13:24:37.771  1015  1015 D STATUSBAR-NetworkController: refreshSignalCluster: data=0 bt=false
12-23 13:24:37.791  1015  1015 D STATUSBAR-IconMerger: checkOverflow(240), More:false, Req:false Child:2
12-23 13:24:37.891   495   949 V AlarmManager: waitForAlarm result :8
12-23 13:24:38.192   495   949 V AlarmManager: waitForAlarm result :8
12-23 13:24:38.492   495   949 V AlarmManager: waitForAlarm result :8
12-23 13:24:38.792   495   949 V AlarmManager: waitForAlarm result :4
12-23 13:24:38.792   495   949 V AlarmManager:  next == MAX_VALUE
12-23 13:24:38.832   495   949 V AlarmManager: trigger ELAPSED_REALTIME_WAKEUP or RTC_WAKEUP
12-23 13:24:38.842   495   949 V AlarmManager: trigger ELAPSED_REALTIME_WAKEUP or RTC_WAKEUP
12-23 13:24:38.852   495   949 V AlarmManager: trigger ELAPSED_REALTIME_WAKEUP or RTC_WAKEUP
12-23 13:24:38.872   495   495 V BackupManagerService: Running a backup pass
12-23 13:24:38.882   495  1002 V BackupManagerService: clearing pending backups
12-23 13:24:38.892   495  1002 V PerformBackupTask: Beginning backup of 2 targets
12-23 13:24:38.922   495  1232 D WifiService: startScan by pid=1451, uid=10021
12-23 13:24:38.942   495  1002 D PerformBackupTask: invokeAgentForBackup on @pm@
12-23 13:24:38.962   495  1002 I PerformBackupTask: no backup data written; not calling transport
12-23 13:24:38.972   495  1002 D PerformBackupTask: starting agent for backup of BackupRequest{pkg=android}
12-23 13:24:38.972   495  1002 D BackupManagerService: awaiting agent for ApplicationInfo{42903eb8 android}
12-23 13:24:38.972   495   495 D BackupManagerService: agentConnected pkg=android agent=android.app.backup.BackupAgent$BackupServiceBinder@43e764e8
12-23 13:24:38.972   495  1002 I BackupManagerService: got agent android.app.backup.BackupAgent$BackupServiceBinder@43e764e8
12-23 13:24:38.972   495  1002 D PerformBackupTask: invokeAgentForBackup on android
12-23 13:24:39.092   495   949 V AlarmManager: waitForAlarm result :8
12-23 13:24:39.333  1015  1015 D STATUSBAR-NetworkController: onSignalStrengthsChanged signalStrength=SignalStrength: 99 99 -92 -45 -120 -1 -1 17 -111 -13 -24 -1 2147483647 gsm|lte 0x2030 level=2
12-23 13:24:39.333  1015  1015 D STATUSBAR-NetworkController: updateRomaingNotification DataRoaming:false mDataRoamingTypeForVZW : 0
12-23 13:24:39.333  1015  1015 D STATUSBAR-NetworkController: refreshSignalCluster - setNWBoosterIndicators(false)
12-23 13:24:39.343  1015  1015 D STATUSBAR-NetworkController: refreshSignalCluster: data=0 bt=false
12-23 13:24:39.353  1015  1015 D STATUSBAR-IconMerger: checkOverflow(240), More:false, Req:false Child:2
12-23 13:24:39.393   495   949 V AlarmManager: waitForAlarm result :8
12-23 13:24:39.693   495   949 V AlarmManager: waitForAlarm result :8
12-23 13:24:39.813  1015  1015 D STATUSBAR-NetworkController: updateRomaingNotification DataRoaming:false mDataRoamingTypeForVZW : 0
12-23 13:24:39.813  1015  1015 D STATUSBAR-NetworkController: refreshSignalCluster - setNWBoosterIndicators(false)
12-23 13:24:39.813  1015  1015 D STATUSBAR-NetworkController: refreshSignalCluster: data=0 bt=false
12-23 13:24:39.833  1015  1015 D STATUSBAR-IconMerger: checkOverflow(240), More:false, Req:false Child:2
12-23 13:24:39.993   495   949 V AlarmManager: waitForAlarm result :8
12-23 13:24:40.294   495   949 V AlarmManager: waitForAlarm result :8
12-23 13:24:40.594   495   949 V AlarmManager: waitForAlarm result :8
12-23 13:24:40.614  1015  1015 D STATUSBAR-NetworkController: onSignalStrengthsChanged signalStrength=SignalStrength: 99 99 -92 -45 -120 -1 -1 18 -109 -15 -24 -1 2147483647 gsm|lte 0x2030 level=2
12-23 13:24:40.624  1015  1015 D STATUSBAR-NetworkController: updateRomaingNotification DataRoaming:false mDataRoamingTypeForVZW : 0
12-23 13:24:40.664   495  1323 D PowerManagerService: [api] acquire WakeLock flags=0x2000000a tag=WindowManager uid=1000 pid=495
12-23 13:24:40.834  1015  1015 D STATUSBAR-NetworkController: updateRomaingNotification DataRoaming:false mDataRoamingTypeForVZW : 0
12-23 13:24:40.834  1015  1015 D STATUSBAR-NetworkController: refreshSignalCluster - setNWBoosterIndicators(false)
12-23 13:24:40.834  1015  1015 D STATUSBAR-NetworkController: refreshSignalCluster: data=0 bt=false
12-23 13:24:40.874  1015  1015 D STATUSBAR-IconMerger: checkOverflow(240), More:false, Req:false Child:2
12-23 13:24:40.894   495   949 V AlarmManager: waitForAlarm result :8
12-23 13:24:41.195   495   949 V AlarmManager: waitForAlarm result :8
12-23 13:24:41.495   495   949 V AlarmManager: waitForAlarm result :8
12-23 13:24:41.795   495   949 V AlarmManager: waitForAlarm result :8
12-23 13:24:42.096   495   949 V AlarmManager: waitForAlarm result :8
12-23 13:24:42.396   495   949 V AlarmManager: waitForAlarm result :8
12-23 13:24:42.596   495  1112 D PowerManagerService: [api] [s] userActivity : event: 0 flags: 0 (uid: 1000 pid: 495)
12-23 13:24:42.596   495  1112 D PowerManagerService: [api] release WakeLock flags=0x2000000a tag=WindowManager uid=1000 pid=495 (0x0)
12-23 13:24:42.596   495  1112 D PowerManagerService: [api] applyWakeLockFlagsOnReleaseLocked : userActivityNoUpdateLocked is called : SCREEN_BRIGHT_WAKE_LOCK        'WindowManager' ON_AFTER_RELEASE (uid=1000, pid=495, ws=WorkSource{10271}) (elapsedTime=1928)
12-23 13:24:42.646   495   495 D WifiNotificationController: showOngoingWifiNotification show : true, id : 17303674
12-23 13:24:42.696   495   949 V AlarmManager: waitForAlarm result :8
12-23 13:24:42.987   495   949 V AlarmManager: waitForAlarm result :8
12-23 13:24:43.287   495   949 V AlarmManager: waitForAlarm result :8
12-23 13:24:43.507   495  1576 D BatteryService: level:64, scale:100, status:2, health:2, present:true, voltage: 4023, temperature: 361, technology: Li-ion, AC powered:false, USB powered:true, Wireless powered:false, icon:17303549, invalid charger:0, online:4, current avg:-1, charge type:0, power sharing:false
12-23 13:24:43.507   495   495 D BatteryService: Sending ACTION_BATTERY_CHANGED.
12-23 13:24:43.547  1015  1015 D STATUSBAR-PhoneStatusBar:  mBrightnessEnablebySettings = true mBrightnessEnablebyBattery = true mBrightnessEnablebyDisableFlag = true mPmsBrightnessEnablebySettings = true
12-23 13:24:43.567  1015  1015 D BatteryMeterView: ACTION_BATTERY_CHANGED : level:64 status:2 health:2
12-23 13:24:43.577  1015  1015 D STATUSBAR-IconMerger: checkOverflow(240), More:false, Req:false Child:2
12-23 13:24:43.587   495   949 V AlarmManager: waitForAlarm result :8
12-23 13:24:43.868  1015  1015 D STATUSBAR-NetworkController: updateRomaingNotification DataRoaming:false mDataRoamingTypeForVZW : 0
12-23 13:24:43.868  1015  1015 D STATUSBAR-NetworkController: refreshSignalCluster - setNWBoosterIndicators(false)
12-23 13:24:43.868  1015  1015 D STATUSBAR-NetworkController: refreshSignalCluster: data=0 bt=false
12-23 13:24:43.878  1015  1015 D STATUSBAR-IconMerger: checkOverflow(240), More:false, Req:false Child:2
12-23 13:24:43.888   495   949 V AlarmManager: waitForAlarm result :8
12-23 13:24:44.188   495   949 V AlarmManager: waitForAlarm result :8
12-23 13:24:44.488   495   949 V AlarmManager: waitForAlarm result :8
12-23 13:24:44.508   495  1002 D PerformBackupTask: starting agent for backup of BackupRequest{pkg=com.android.providers.settings}
12-23 13:24:44.518   495  1002 D BackupManagerService: awaiting agent for ApplicationInfo{42581cd0 com.android.providers.settings}
12-23 13:24:44.618   495   495 D BackupManagerService: agentConnected pkg=com.android.providers.settings agent=android.app.backup.BackupAgent$BackupServiceBinder@43032540
12-23 13:24:44.618   495  1002 I BackupManagerService: got agent android.app.backup.BackupAgent$BackupServiceBinder@43032540
12-23 13:24:44.618   495  1002 D PerformBackupTask: invokeAgentForBackup on com.android.providers.settings
12-23 13:24:44.789   495   949 V AlarmManager: waitForAlarm result :8
12-23 13:24:45.009   495  1002 I PerformBackupTask: Backup pass finished.
12-23 13:24:45.089   495   949 V AlarmManager: waitForAlarm result :8
12-23 13:24:45.389   495   949 V AlarmManager: waitForAlarm result :8
12-23 13:24:45.459  1015  1015 D STATUSBAR-NetworkController: onReceive() - RSSI_CHANGED_ACTION, WIFI_STATE, NETWORK_STATE
12-23 13:24:45.459  1015  1015 D STATUSBAR-NetworkController: updateRomaingNotification DataRoaming:false mDataRoamingTypeForVZW : 0
12-23 13:24:45.459  1015  1015 D STATUSBAR-NetworkController: refreshSignalCluster - setNWBoosterIndicators(false)
12-23 13:24:45.459  1015  1015 D STATUSBAR-NetworkController: refreshSignalCluster: data=0 bt=false
12-23 13:24:45.489  1015  1015 D STATUSBAR-IconMerger: checkOverflow(240), More:false, Req:false Child:2
12-23 13:24:45.629   495   997 D PowerManagerService: [api] acquire WakeLock flags=0x2000000a tag=WindowManager uid=1000 pid=495
12-23 13:24:45.690   495   949 V AlarmManager: waitForAlarm result :8
12-23 13:24:45.990   495   949 V AlarmManager: waitForAlarm result :8
12-23 13:24:46.290   495   949 V AlarmManager: waitForAlarm result :8
12-23 13:24:46.590   495   949 V AlarmManager: waitForAlarm result :8
12-23 13:24:46.891   495   949 V AlarmManager: waitForAlarm result :8
12-23 13:24:47.191   495   949 V AlarmManager: waitForAlarm result :8
12-23 13:24:47.491   495   949 V AlarmManager: waitForAlarm result :8
12-23 13:24:47.602   495   506 D PowerManagerService: [api] [s] userActivity : event: 0 flags: 0 (uid: 1000 pid: 495)
12-23 13:24:47.602   495   506 D PowerManagerService: [api] release WakeLock flags=0x2000000a tag=WindowManager uid=1000 pid=495 (0x0)
12-23 13:24:47.602   495   506 D PowerManagerService: [api] applyWakeLockFlagsOnReleaseLocked : userActivityNoUpdateLocked is called : SCREEN_BRIGHT_WAKE_LOCK        'WindowManager' ON_AFTER_RELEASE (uid=1000, pid=495, ws=WorkSource{10271}) (elapsedTime=1977)
12-23 13:24:47.752   495  2603 D SSRMv2:SIOP: SIOP:: AP = 400, Delta = -10
12-23 13:24:47.792   495   949 V AlarmManager: waitForAlarm result :8
12-23 13:24:47.902  1015  1015 D STATUSBAR-NetworkController: updateRomaingNotification DataRoaming:false mDataRoamingTypeForVZW : 0
12-23 13:24:47.902  1015  1015 D STATUSBAR-NetworkController: refreshSignalCluster - setNWBoosterIndicators(false)
12-23 13:24:47.912  1015  1015 D STATUSBAR-NetworkController: refreshSignalCluster: data=0 bt=false
12-23 13:24:47.942  1015  1015 D STATUSBAR-IconMerger: checkOverflow(240), More:false, Req:false Child:2
12-23 13:24:48.092   495   949 V AlarmManager: waitForAlarm result :8
12-23 13:24:48.392   495   949 V AlarmManager: waitForAlarm result :8
12-23 13:24:48.493  1015  1015 D STATUSBAR-NetworkController: onReceive() - RSSI_CHANGED_ACTION, WIFI_STATE, NETWORK_STATE
12-23 13:24:48.493  1015  1015 D STATUSBAR-NetworkController: updateRomaingNotification DataRoaming:false mDataRoamingTypeForVZW : 0
12-23 13:24:48.493  1015  1015 D STATUSBAR-NetworkController: refreshSignalCluster - setNWBoosterIndicators(false)
12-23 13:24:48.493  1015  1015 D STATUSBAR-NetworkController: refreshSignalCluster: data=0 bt=false
12-23 13:24:48.513  1015  1015 D STATUSBAR-IconMerger: checkOverflow(240), More:false, Req:false Child:2
12-23 13:24:48.693   495   949 V AlarmManager: waitForAlarm result :8
12-23 13:24:48.993   495   949 V AlarmManager: waitForAlarm result :8
12-23 13:24:49.293   495   949 V AlarmManager: waitForAlarm result :8
12-23 13:24:49.594   495   949 V AlarmManager: waitForAlarm result :8
12-23 13:24:49.894   495   949 V AlarmManager: waitForAlarm result :8
12-23 13:24:50.194   495   949 V AlarmManager: waitForAlarm result :8
12-23 13:24:50.495   495   949 V AlarmManager: waitForAlarm result :8
12-23 13:24:50.635   495   506 D PowerManagerService: [api] acquire WakeLock flags=0x2000000a tag=WindowManager uid=1000 pid=495
12-23 13:24:50.795   495   949 V AlarmManager: waitForAlarm result :8
12-23 13:24:51.095   495   949 V AlarmManager: waitForAlarm result :8
12-23 13:24:51.396   495   949 V AlarmManager: waitForAlarm result :8
12-23 13:24:51.696   495   949 V AlarmManager: waitForAlarm result :8
12-23 13:24:51.956  1015  1015 D STATUSBAR-NetworkController: updateRomaingNotification DataRoaming:false mDataRoamingTypeForVZW : 0
12-23 13:24:51.956  1015  1015 D STATUSBAR-NetworkController: refreshSignalCluster - setNWBoosterIndicators(false)
12-23 13:24:51.956  1015  1015 D STATUSBAR-NetworkController: refreshSignalCluster: data=0 bt=false
12-23 13:24:51.976  1015  1015 D STATUSBAR-IconMerger: checkOverflow(240), More:false, Req:false Child:2
12-23 13:24:51.996   495   949 V AlarmManager: waitForAlarm result :8
12-23 13:24:52.287   495   949 V AlarmManager: waitForAlarm result :8
12-23 13:24:52.587   495   949 V AlarmManager: waitForAlarm result :8
12-23 13:24:52.627   495  1324 D PowerManagerService: [api] [s] userActivity : event: 0 flags: 0 (uid: 1000 pid: 495)
12-23 13:24:52.637   495  1324 D PowerManagerService: [api] release WakeLock flags=0x2000000a tag=WindowManager uid=1000 pid=495 (0x0)
12-23 13:24:52.637   495  1324 D PowerManagerService: [api] applyWakeLockFlagsOnReleaseLocked : userActivityNoUpdateLocked is called : SCREEN_BRIGHT_WAKE_LOCK        'WindowManager' ON_AFTER_RELEASE (uid=1000, pid=495, ws=WorkSource{10271}) (elapsedTime=2011)
12-23 13:24:52.887   495   949 V AlarmManager: waitForAlarm result :8
12-23 13:24:52.967  1015  1015 D STATUSBAR-NetworkController: updateRomaingNotification DataRoaming:false mDataRoamingTypeForVZW : 0
12-23 13:24:52.967  1015  1015 D STATUSBAR-NetworkController: refreshSignalCluster - setNWBoosterIndicators(false)
12-23 13:24:52.967  1015  1015 D STATUSBAR-NetworkController: refreshSignalCluster: data=0 bt=false
12-23 13:24:52.977  1015  1015 D STATUSBAR-IconMerger: checkOverflow(240), More:false, Req:false Child:2
12-23 13:24:53.188   495   949 V AlarmManager: waitForAlarm result :8
12-23 13:24:53.488   495   949 V AlarmManager: waitForAlarm result :8
12-23 13:24:53.798   495   949 V AlarmManager: waitForAlarm result :8
12-23 13:24:53.978  1015  1015 D STATUSBAR-NetworkController: updateRomaingNotification DataRoaming:false mDataRoamingTypeForVZW : 0
12-23 13:24:53.978  1015  1015 D STATUSBAR-NetworkController: refreshSignalCluster - setNWBoosterIndicators(false)
12-23 13:24:53.978  1015  1015 D STATUSBAR-NetworkController: refreshSignalCluster: data=0 bt=false
12-23 13:24:53.998  1015  1015 D STATUSBAR-IconMerger: checkOverflow(240), More:false, Req:false Child:2
12-23 13:24:54.088   495   949 V AlarmManager: waitForAlarm result :8
12-23 13:24:54.389   495   949 V AlarmManager: waitForAlarm result :8
12-23 13:24:54.689   495   949 V AlarmManager: waitForAlarm result :8
12-23 13:24:54.989   495   949 V AlarmManager: waitForAlarm result :8
12-23 13:24:54.999  1015  1015 D STATUSBAR-NetworkController: updateRomaingNotification DataRoaming:false mDataRoamingTypeForVZW : 0
12-23 13:24:54.999  1015  1015 D STATUSBAR-NetworkController: refreshSignalCluster - setNWBoosterIndicators(false)
12-23 13:24:54.999  1015  1015 D STATUSBAR-NetworkController: refreshSignalCluster: data=0 bt=false
12-23 13:24:55.029  1015  1015 D STATUSBAR-IconMerger: checkOverflow(240), More:false, Req:false Child:2
12-23 13:24:55.290   495   949 V AlarmManager: waitForAlarm result :8
12-23 13:24:55.590   495   949 V AlarmManager: waitForAlarm result :8
12-23 13:24:55.670   495  1232 D PowerManagerService: [api] acquire WakeLock flags=0x2000000a tag=WindowManager uid=1000 pid=495
12-23 13:24:55.890   495   949 V AlarmManager: waitForAlarm result :8
12-23 13:24:56.031  1015  1015 D STATUSBAR-NetworkController: updateRomaingNotification DataRoaming:false mDataRoamingTypeForVZW : 0
12-23 13:24:56.031  1015  1015 D STATUSBAR-NetworkController: refreshSignalCluster - setNWBoosterIndicators(false)
12-23 13:24:56.031  1015  1015 D STATUSBAR-NetworkController: refreshSignalCluster: data=0 bt=false
12-23 13:24:56.041  1015  1015 D STATUSBAR-IconMerger: checkOverflow(240), More:false, Req:false Child:2
12-23 13:24:56.191   495   949 V AlarmManager: waitForAlarm result :8
12-23 13:24:56.491   495   949 V AlarmManager: waitForAlarm result :8
12-23 13:24:56.791   495   949 V AlarmManager: waitForAlarm result :8
12-23 13:24:57.092   495   949 V AlarmManager: waitForAlarm result :8
12-23 13:24:57.392   495   949 V AlarmManager: waitForAlarm result :8
12-23 13:24:57.612   495   997 D PowerManagerService: [api] [s] userActivity : event: 0 flags: 0 (uid: 1000 pid: 495)
12-23 13:24:57.612   495   997 D PowerManagerService: [api] release WakeLock flags=0x2000000a tag=WindowManager uid=1000 pid=495 (0x0)
12-23 13:24:57.612   495   997 D PowerManagerService: [api] applyWakeLockFlagsOnReleaseLocked : userActivityNoUpdateLocked is called : SCREEN_BRIGHT_WAKE_LOCK        'WindowManager' ON_AFTER_RELEASE (uid=1000, pid=495, ws=WorkSource{10271}) (elapsedTime=1941)
12-23 13:24:57.652  1015  1015 D RecentTasksLoader: preloadRecentTasksList
12-23 13:24:57.652  1015  1015 D STATUSBAR-RecentTasksLoader: loadTasksInBackground() mstate:CANCELLED
12-23 13:24:57.652  1015  1015 D STATUSBAR-RecentTasksLoader: loadThumbnailsAndIconsInBackground()
12-23 13:24:57.682  1015 14476 D STATUSBAR-RecentTasksLoader: loadTasksInBackground -doInBackground()
12-23 13:24:57.692   495   949 V AlarmManager: waitForAlarm result :8
12-23 13:24:57.712  1015 17031 D STATUSBAR-RecentTasksLoader: loadThumbnailsAndIconsInBackground-doInBackground()
12-23 13:24:57.943   495   951 D VoIPInterfaceManager: isVoIPRinging()...
12-23 13:24:57.943   495   951 D VoIPInterfaceManager: isVoIPRunningAndDeregi()...
12-23 13:24:57.943   495   951 D VoIPInterfaceManager: Not exist call session
12-23 13:24:57.963   495  2603 D SSRMv2:SIOP: SIOP:: AP = 400, Delta = 0
12-23 13:24:57.963  1015 14476 D STATUSBAR-RecentTasksLoader:     recentTasks.size():7
12-23 13:24:57.973  1015  1015 D RecentTasksLoader: cancelPreloadingRecentTasksList
12-23 13:24:57.973  1015  1015 D STATUSBAR-RecentTasksLoader: cancelLoadingThumbnailsAndIcons()
12-23 13:24:57.973  1015  1015 D STATUSBAR-RecentTasksLoader: mTaskLoader.cancel()
12-23 13:24:57.973  1015  1015 D STATUSBAR-RecentTasksLoader: mThumbnailLoader.cancel()
12-23 13:24:57.973  1015 17031 E STATUSBAR-RecentTasksLoader: InterruptedException
12-23 13:24:57.973  1015 14476 D STATUSBAR-RecentTasksLoader:     isCancelled - break
12-23 13:24:57.993   495   949 V AlarmManager: waitForAlarm result :8
12-23 13:24:58.043  1015  1015 D STATUSBAR-NetworkController: updateRomaingNotification DataRoaming:false mDataRoamingTypeForVZW : 0
12-23 13:24:58.043  1015  1015 D STATUSBAR-NetworkController: refreshSignalCluster - setNWBoosterIndicators(false)
12-23 13:24:58.043  1015  1015 D STATUSBAR-NetworkController: refreshSignalCluster: data=0 bt=false
12-23 13:24:58.053  1015  1015 D STATUSBAR-IconMerger: checkOverflow(240), More:false, Req:false Child:2
12-23 13:24:58.253   495   950 I WindowManager: startDockOrHome
12-23 13:24:58.253   495   950 D PowerManagerService: [api] [s] userActivity : event: 0 flags: 0 (uid: 1000 pid: 495)
12-23 13:24:58.263  1015  1015 D STATUSBAR-AirplaneModeQuickSettingButton: onReceive : android.intent.action.CLOSE_SYSTEM_DIALOGS
12-23 13:24:58.273   495   950 W ActivityManager: mDVFSHelper.acquire()
12-23 13:24:58.293   495   949 V AlarmManager: waitForAlarm result :8
12-23 13:24:58.423   495  1324 V WindowManager: rotationForOrientationLw(orient=5, last=0); user=0 USER_ROTATION_LOCKED sensorRotation=-1 mLidState=-1 mDockMode=0 mHdmiPlugged=false mAccelerometerDefault=false gripRotationLock=false
12-23 13:24:58.463   495   506 D StatusBarManagerService: semi p:1149,o:f
12-23 13:24:58.463   495  6177 D StatusBarManagerService: semi p:1149,o:f
12-23 13:24:58.483   495  2603 D SSRMv2:TSP:AirViewOnOff: DeviceInfo:: 00000000000
12-23 13:24:58.483   495  2603 D SSRMv2:TSP:AirViewOnOff: SettingsAirViewInfo:: 000000000
12-23 13:24:58.523   495   916 D STATUSBAR-StatusBarManagerService: manageDisableList what=0x0 pkg=WindowManager.LayoutParams
12-23 13:24:58.593   495   949 V AlarmManager: waitForAlarm result :8
12-23 13:24:58.603   495   911 D BarController.StatusBar: mState: WINDOW_STATE_SHOWING
12-23 13:24:58.613   495   916 D STATUSBAR-StatusBarManagerService: manageDisableList what=0x0 pkg=WindowManager.LayoutParams
12-23 13:24:58.713   495   949 V AlarmManager: waitForAlarm result :4
12-23 13:24:58.773   495   912 W ActivityManager: mDVFSHelper.release()
12-23 13:24:58.934   495   949 V AlarmManager: waitForAlarm result :8
12-23 13:24:59.054   495   949 V AlarmManager: waitForAlarm result :8
12-23 13:24:59.174   495   949 V AlarmManager: waitForAlarm result :8
12-23 13:24:59.294   495   949 V AlarmManager: waitForAlarm result :8
12-23 13:24:59.414   495   949 V AlarmManager: waitForAlarm result :8
12-23 13:24:59.534   495   949 V AlarmManager: waitForAlarm result :8
12-23 13:24:59.654   495   949 V AlarmManager: waitForAlarm result :8
12-23 13:24:59.775   495   949 V AlarmManager: waitForAlarm result :8
12-23 13:24:59.895   495   949 V AlarmManager: waitForAlarm result :8
12-23 13:24:59.995   495   949 V AlarmManager: waitForAlarm result :8
12-23 13:25:00.005  1622  1622 D KeyguardClockWidgetService: onReceive action=android.intent.action.TIME_TICK
12-23 13:25:00.005   495   495 V AlarmManager: ClockReceiver onReceive() ACTION_TIME_TICK
12-23 13:25:00.035   495   949 V AlarmManager: waitForAlarm result :8
12-23 13:25:00.075  1015  1015 D STATUSBAR-IconMerger: checkOverflow(240), More:false, Req:false Child:2
12-23 13:25:00.135   495   949 V AlarmManager: waitForAlarm result :8
12-23 13:25:00.205   495  1099 E Watchdog: !@Sync 182
12-23 13:25:00.255   495   949 V AlarmManager: waitForAlarm result :8
12-23 13:25:00.375   495   949 V AlarmManager: waitForAlarm result :8
12-23 13:25:00.495   495   949 V AlarmManager: waitForAlarm result :8
12-23 13:25:00.615   495   949 V AlarmManager: waitForAlarm result :8
12-23 13:25:00.736   495   949 V AlarmManager: waitForAlarm result :8
12-23 13:25:00.856   495   949 V AlarmManager: waitForAlarm result :8
12-23 13:25:00.976   495   949 V AlarmManager: waitForAlarm result :8
12-23 13:25:01.076  1015  1015 D STATUSBAR-NetworkController: updateRomaingNotification DataRoaming:false mDataRoamingTypeForVZW : 0
12-23 13:25:01.076  1015  1015 D STATUSBAR-NetworkController: refreshSignalCluster - setNWBoosterIndicators(false)
12-23 13:25:01.076  1015  1015 D STATUSBAR-NetworkController: refreshSignalCluster: data=0 bt=false
12-23 13:25:01.096  1015  1015 D STATUSBAR-IconMerger: checkOverflow(240), More:false, Req:false Child:2
12-23 13:25:01.096   495   949 V AlarmManager: waitForAlarm result :8
12-23 13:25:01.216   495   949 V AlarmManager: waitForAlarm result :8
12-23 13:25:01.336   495   949 V AlarmManager: waitForAlarm result :8
12-23 13:25:01.426  1015  1015 D STATUSBAR-NetworkController: onSignalStrengthsChanged signalStrength=SignalStrength: 99 99 -92 -45 -120 -1 -1 18 -109 -15 -24 -1 2147483647 gsm|lte 0x2030 level=2
12-23 13:25:01.426  1015  1015 D STATUSBAR-NetworkController: updateRomaingNotification DataRoaming:false mDataRoamingTypeForVZW : 0
12-23 13:25:01.456   495   949 V AlarmManager: waitForAlarm result :8
12-23 13:25:01.576   495   949 V AlarmManager: waitForAlarm result :8
12-23 13:25:01.687   495   949 V AlarmManager: waitForAlarm result :8
12-23 13:25:01.807   495   949 V AlarmManager: waitForAlarm result :8
12-23 13:25:01.927   495   949 V AlarmManager: waitForAlarm result :8
12-23 13:25:02.047   495   949 V AlarmManager: waitForAlarm result :8
12-23 13:25:02.167   495   949 V AlarmManager: waitForAlarm result :8
12-23 13:25:02.287   495   949 V AlarmManager: waitForAlarm result :8
12-23 13:25:02.407   495   949 V AlarmManager: waitForAlarm result :8
12-23 13:25:02.527   495   949 V AlarmManager: waitForAlarm result :8
12-23 13:25:02.648   495   949 V AlarmManager: waitForAlarm result :8
12-23 13:25:02.768   495   949 V AlarmManager: waitForAlarm result :8
12-23 13:25:02.888   495   949 V AlarmManager: waitForAlarm result :8
12-23 13:25:03.008   495   949 V AlarmManager: waitForAlarm result :8
12-23 13:25:03.088   495  1577 W ActivityManager: Permission Denial: get/set setting for user asks to run as user -2 but is calling from user 0; this requires android.permission.INTERACT_ACROSS_USERS_FULL
12-23 13:25:03.128   495   949 V AlarmManager: waitForAlarm result :8
12-23 13:25:03.248   495   949 V AlarmManager: waitForAlarm result :8
12-23 13:25:03.368   495   949 V AlarmManager: waitForAlarm result :8
12-23 13:25:03.489   495   949 V AlarmManager: waitForAlarm result :8
12-23 13:25:03.609   495   949 V AlarmManager: waitForAlarm result :8
12-23 13:25:03.659  1015  1015 D STATUSBAR-NetworkController: onSignalStrengthsChanged signalStrength=SignalStrength: 99 99 -88 -65 -120 -1 -1 17 -109 -15 -20 -1 2147483647 gsm|lte 0x2030 level=2
12-23 13:25:03.659  1015  1015 D STATUSBAR-NetworkController: updateRomaingNotification DataRoaming:false mDataRoamingTypeForVZW : 0
12-23 13:25:03.729   495   949 V AlarmManager: waitForAlarm result :8
12-23 13:25:03.849   495   949 V AlarmManager: waitForAlarm result :8
12-23 13:25:03.969   495   949 V AlarmManager: waitForAlarm result :8
12-23 13:25:04.009   495  1232 W ActivityManager: Permission Denial: get/set setting for user asks to run as user -2 but is calling from user 0; this requires android.permission.INTERACT_ACROSS_USERS_FULL
12-23 13:25:04.019   495  1232 W ActivityManager: mDVFSHelper.acquire()
12-23 13:25:04.049   495  1163 V WindowManager: rotationForOrientationLw(orient=-1, last=0); user=0 USER_ROTATION_LOCKED sensorRotation=-1 mLidState=-1 mDockMode=0 mHdmiPlugged=false mAccelerometerDefault=false gripRotationLock=false
12-23 13:25:04.079   495  1112 D StatusBarManagerService: semi p:24400,o:f
12-23 13:25:04.079   495  1232 D StatusBarManagerService: semi p:24400,o:f
12-23 13:25:04.089   495   916 D STATUSBAR-StatusBarManagerService: manageDisableList what=0x0 pkg=WindowManager.LayoutParams
12-23 13:25:04.089   495   949 V AlarmManager: waitForAlarm result :8
12-23 13:25:04.119   495   949 V AlarmManager: waitForAlarm result :4
12-23 13:25:04.139   495   911 D BarController.StatusBar: mState: WINDOW_STATE_HIDING
12-23 13:25:04.149   495   916 D STATUSBAR-StatusBarManagerService: manageDisableList what=0x0 pkg=WindowManager.LayoutParams
12-23 13:25:04.149   495  2603 D SSRMv2:TSP:AirViewOnOff: DeviceInfo:: 00000000000
12-23 13:25:04.149   495  2603 D SSRMv2:TSP:AirViewOnOff: SettingsAirViewInfo:: 000000000
12-23 13:25:04.440   495   949 V AlarmManager: waitForAlarm result :8
12-23 13:25:04.490   495   911 W ActivityManager: mDVFSHelper.release()
12-23 13:25:04.540   495   911 D BarController.StatusBar: mState: WINDOW_STATE_HIDDEN
12-23 13:25:04.800   495   949 V AlarmManager: waitForAlarm result :8
12-23 13:25:04.960 25407 25407 W FileUtils: Failed to chmod(/storage/emulated/0/.d1o1m0o7b1i1le/dont_remove/6c9d3f90697a41b): libcore.io.ErrnoException: chmod failed: EPERM (Operation not permitted)
12-23 13:25:05.030   495   949 V AlarmManager: waitForAlarm result :4
12-23 13:25:05.050   495   949 V AlarmManager: waitForAlarm result :8
12-23 13:25:05.080  1015  1015 D STATUSBAR-NetworkController: updateRomaingNotification DataRoaming:false mDataRoamingTypeForVZW : 0
12-23 13:25:05.080  1015  1015 D STATUSBAR-NetworkController: refreshSignalCluster - setNWBoosterIndicators(false)
12-23 13:25:05.080  1015  1015 D STATUSBAR-NetworkController: refreshSignalCluster: data=0 bt=false
12-23 13:25:05.090  1015  1015 D STATUSBAR-IconMerger: checkOverflow(240), More:false, Req:false Child:2
12-23 13:25:05.350   495   949 V AlarmManager: waitForAlarm result :8
12-23 13:25:05.651   495   949 V AlarmManager: waitForAlarm result :8
12-23 13:25:05.951   495   949 V AlarmManager: waitForAlarm result :8
12-23 13:25:06.101  1015  1015 D STATUSBAR-NetworkController: updateRomaingNotification DataRoaming:false mDataRoamingTypeForVZW : 0
12-23 13:25:06.101  1015  1015 D STATUSBAR-NetworkController: refreshSignalCluster - setNWBoosterIndicators(false)
12-23 13:25:06.101  1015  1015 D STATUSBAR-NetworkController: refreshSignalCluster: data=0 bt=false
12-23 13:25:06.111  1015  1015 D STATUSBAR-IconMerger: checkOverflow(240), More:false, Req:false Child:2
12-23 13:25:06.251   495   949 V AlarmManager: waitForAlarm result :8
12-23 13:25:06.462  1015  1015 D STATUSBAR-NetworkController: onSignalStrengthsChanged signalStrength=SignalStrength: 99 99 -88 -65 -120 -1 -1 17 -109 -15 -20 -1 2147483647 gsm|lte 0x2030 level=2
12-23 13:25:06.462  1015  1015 D STATUSBAR-NetworkController: updateRomaingNotification DataRoaming:false mDataRoamingTypeForVZW : 0
12-23 13:25:06.552   495   949 V AlarmManager: waitForAlarm result :8
12-23 13:25:06.852   495   949 V AlarmManager: waitForAlarm result :8
12-23 13:25:07.112  1015  1015 D STATUSBAR-NetworkController: updateRomaingNotification DataRoaming:false mDataRoamingTypeForVZW : 0
12-23 13:25:07.112  1015  1015 D STATUSBAR-NetworkController: refreshSignalCluster - setNWBoosterIndicators(false)
12-23 13:25:07.112  1015  1015 D STATUSBAR-NetworkController: refreshSignalCluster: data=0 bt=false
12-23 13:25:07.132  1015  1015 D STATUSBAR-IconMerger: checkOverflow(240), More:false, Req:false Child:2
12-23 13:25:07.152   495   949 V AlarmManager: waitForAlarm result :8
12-23 13:25:07.453   495   949 V AlarmManager: waitForAlarm result :8
12-23 13:25:07.483  1015  1015 D STATUSBAR-NetworkController: onSignalStrengthsChanged signalStrength=SignalStrength: 99 99 -88 -65 -120 -1 -1 19 -109 -14 -20 -1 2147483647 gsm|lte 0x2030 level=2
12-23 13:25:07.483  1015  1015 D STATUSBAR-NetworkController: updateRomaingNotification DataRoaming:false mDataRoamingTypeForVZW : 0
12-23 13:25:07.753   495   949 V AlarmManager: waitForAlarm result :8
12-23 13:25:07.993   495  2603 D SSRMv2:SIOP: SIOP:: AP = 410, Delta = 10
12-23 13:25:08.053   495   949 V AlarmManager: waitForAlarm result :8
12-23 13:25:08.143  1015  1015 D STATUSBAR-NetworkController: updateRomaingNotification DataRoaming:false mDataRoamingTypeForVZW : 0
12-23 13:25:08.143  1015  1015 D STATUSBAR-NetworkController: refreshSignalCluster - setNWBoosterIndicators(false)
12-23 13:25:08.143  1015  1015 D STATUSBAR-NetworkController: refreshSignalCluster: data=0 bt=false
12-23 13:25:08.163  1015  1015 D STATUSBAR-IconMerger: checkOverflow(240), More:false, Req:false Child:2
12-23 13:25:08.354   495   949 V AlarmManager: waitForAlarm result :8
12-23 13:25:08.654   495   949 V AlarmManager: waitForAlarm result :8
12-23 13:25:08.954   495   949 V AlarmManager: waitForAlarm result :8
12-23 13:25:09.255   495   949 V AlarmManager: waitForAlarm result :8
12-23 13:25:09.555   495   949 V AlarmManager: waitForAlarm result :8
12-23 13:25:09.855   495   949 V AlarmManager: waitForAlarm result :8
12-23 13:25:10.056  1015  1015 D STATUSBAR-NetworkController: onSignalStrengthsChanged signalStrength=SignalStrength: 99 99 -88 -65 -120 -1 -1 17 -109 -11 -10 -1 2147483647 gsm|lte 0x2030 level=2
12-23 13:25:10.056  1015  1015 D STATUSBAR-NetworkController: updateRomaingNotification DataRoaming:false mDataRoamingTypeForVZW : 0
12-23 13:25:10.156   495   949 V AlarmManager: waitForAlarm result :8
12-23 13:25:10.456   495   949 V AlarmManager: waitForAlarm result :4
12-23 13:25:10.466   495   949 V AlarmManager: trigger ELAPSED_REALTIME_WAKEUP or RTC_WAKEUP
12-23 13:25:10.476   495   949 V AlarmManager: trigger ELAPSED_REALTIME_WAKEUP or RTC_WAKEUP
12-23 13:25:10.756   495   949 V AlarmManager: waitForAlarm result :8
12-23 13:25:11.047   495   949 V AlarmManager: waitForAlarm result :8
12-23 13:25:11.177  1015  1015 D STATUSBAR-NetworkController: updateRomaingNotification DataRoaming:false mDataRoamingTypeForVZW : 0
12-23 13:25:11.177  1015  1015 D STATUSBAR-NetworkController: refreshSignalCluster - setNWBoosterIndicators(false)
12-23 13:25:11.177  1015  1015 D STATUSBAR-NetworkController: refreshSignalCluster: data=0 bt=false
12-23 13:25:11.187  1015  1015 D STATUSBAR-IconMerger: checkOverflow(240), More:false, Req:false Child:2
12-23 13:25:11.347   495   949 V AlarmManager: waitForAlarm result :8
